******************************************************************************
             TMS320C2000 Linker PC v6.4.6                      
******************************************************************************
>> Linked Sat Apr 30 17:13:05 2016

OUTPUT FILE NAME:   <PicoCommander.out>
ENTRY POINT SYMBOL: "_c_int00"  address: 003edb27


MEMORY CONFIGURATION

         name            origin    length      used     unused   attr    fill
----------------------  --------  ---------  --------  --------  ----  --------
PAGE 0:
  RAML0                 00008000   00000800  00000004  000007fc  RWIX
  RAML1                 00008800   00000400  00000000  00000400  RWIX
  OTP                   003d7800   00000400  00000000  00000400  RWIX
  FLASHH                003d8000   00004000  00000000  00004000  RWIX
  FLASHG                003dc000   00004000  00000000  00004000  RWIX
  FLASHF                003e0000   00004000  00000000  00004000  RWIX
  FLASHE                003e4000   00004000  00000000  00004000  RWIX
  FLASHD                003e8000   00004000  00000004  00003ffc  RWIX
  FLASHC                003ec000   00004000  00001c68  00002398  RWIX
  FLASHA                003f4000   00003f80  00003f7c  00000004  RWIX
  CSM_RSVD              003f7f80   00000076  00000000  00000076  RWIX
  BEGIN                 003f7ff6   00000002  00000002  00000000  RWIX
  CSM_PWL_P0            003f7ff8   00000008  00000000  00000008  RWIX
  FPUTABLES             003fd860   000006a0  00000000  000006a0  RWIX
  IQTABLES              003fdf00   00000b50  00000000  00000b50  RWIX
  IQTABLES2             003fea50   0000008c  00000000  0000008c  RWIX
  IQTABLES3             003feadc   000000aa  00000000  000000aa  RWIX
  ROM                   003ff3b0   00000c10  00000000  00000c10  RWIX
  RESET                 003fffc0   00000002  00000000  00000002  RWIX
  VECTORS               003fffc2   0000003e  00000000  0000003e  RWIX

PAGE 1:
  BOOT_RSVD             00000000   00000050  00000000  00000050  RWIX
  RAMM0                 00000050   000003b0  00000300  000000b0  RWIX
  RAMM1                 00000400   00000400  00000000  00000400  RWIX
  DEV_EMU               00000880   00000105  00000004  00000101  RWIX
  SYS_PWR_CTL           00000985   00000003  00000003  00000000  RWIX
  FLASH_REGS            00000a80   00000060  00000008  00000058  RWIX
  CSM                   00000ae0   00000020  00000010  00000010  RWIX
  ADC_RESULT            00000b00   00000020  00000010  00000010  RWIX
  CPU_TIMER0            00000c00   00000008  00000008  00000000  RWIX
  CPU_TIMER1            00000c08   00000008  00000008  00000000  RWIX
  CPU_TIMER2            00000c10   00000008  00000008  00000000  RWIX
  PIE_CTRL              00000ce0   00000020  0000001a  00000006  RWIX
  PIE_VECT              00000d00   00000100  00000100  00000000  RWIX
  DMA                   00001000   00000200  000000e0  00000120  RWIX
  CLA1                  00001400   00000080  00000040  00000040  RWIX
  USB0                  00004000   00001000  00000454  00000bac  RWIX
  McBSPA                00005000   00000040  00000024  0000001c  RWIX
  ECANA                 00006000   00000040  00000034  0000000c  RWIX
  ECANA_LAM             00006040   00000040  00000040  00000000  RWIX
  ECANA_MOTS            00006080   00000040  00000040  00000000  RWIX
  ECANA_MOTO            000060c0   00000040  00000040  00000000  RWIX
  ECANA_MBOX            00006100   00000100  00000100  00000000  RWIX
  COMP1                 00006400   00000020  00000014  0000000c  RWIX
  COMP2                 00006420   00000020  00000014  0000000c  RWIX
  COMP3                 00006440   00000020  00000014  0000000c  RWIX
  EPWM1                 00006800   00000040  00000040  00000000  RWIX
  EPWM2                 00006840   00000040  00000040  00000000  RWIX
  EPWM3                 00006880   00000040  00000040  00000000  RWIX
  EPWM4                 000068c0   00000040  00000040  00000000  RWIX
  EPWM5                 00006900   00000040  00000040  00000000  RWIX
  EPWM6                 00006940   00000040  00000040  00000000  RWIX
  EPWM7                 00006980   00000040  00000040  00000000  RWIX
  EPWM8                 000069c0   00000040  00000040  00000000  RWIX
  ECAP1                 00006a00   00000020  00000020  00000000  RWIX
  ECAP2                 00006a20   00000020  00000020  00000000  RWIX
  ECAP3                 00006a40   00000020  00000020  00000000  RWIX
  HRCAP1                00006ac0   00000020  00000020  00000000  RWIX
  HRCAP2                00006ae0   00000020  00000020  00000000  RWIX
  EQEP1                 00006b00   00000040  00000022  0000001e  RWIX
  EQEP2                 00006b40   00000040  00000022  0000001e  RWIX
  HRCAP3                00006c80   00000020  00000020  00000000  RWIX
  HRCAP4                00006ca0   00000020  00000020  00000000  RWIX
  GPIOCTRL              00006f80   00000040  00000040  00000000  RWIX
  GPIODAT               00006fc0   00000020  00000020  00000000  RWIX
  GPIOINT               00006fe0   00000020  00000020  00000000  RWIX
  SYSTEM                00007010   00000030  00000030  00000000  RWIX
  SPIA                  00007040   00000010  00000010  00000000  RWIX
  SCIA                  00007050   00000010  00000010  00000000  RWIX
  NMIINTRUPT            00007060   00000010  00000010  00000000  RWIX
  XINTRUPT              00007070   00000010  00000010  00000000  RWIX
  ADC                   00007100   00000080  00000050  00000030  RWIX
  SPIB                  00007740   00000010  00000010  00000000  RWIX
  SCIB                  00007750   00000010  00000010  00000000  RWIX
  I2CA                  00007900   00000040  00000022  0000001e  RWIX
  RAML2                 00008c00   00000400  00000000  00000400  RWIX
  RAML3                 00009000   00001000  00000bfe  00000402  RWIX
  RAML4                 0000a000   00002000  00000000  00002000  RWIX
  RAML5                 0000c000   00002000  00000000  00002000  RWIX
  RAML6                 0000e000   00002000  00000000  00002000  RWIX
  RAML7                 00010000   00002000  00000000  00002000  RWIX
  RAML8                 00012000   00002000  00000000  00002000  RWIX
  USB_RAM               00040000   00000800  00000000  00000800  RWIX
  PARTID                003d7e80   00000001  00000001  00000000  RWIX
  FLASHB                003f0000   00004000  00000000  00004000  RWIX
  CSM_PWL               003f7ff8   00000008  00000008  00000000  RWIX


SECTION ALLOCATION MAP

 output                                  attributes/
section   page    origin      length       input sections
--------  ----  ----------  ----------   ----------------
.cinit     0    003f4404    000000ec     
                  003f4404    00000046     usblib.lib : usbhostenum.obj (.cinit)
                  003f444a    00000040                : usbdcdc.obj (.cinit)
                  003f448a    00000017     usb_serial_structs.obj (.cinit)
                  003f44a1    00000015     main.obj (.cinit)
                  003f44b6    0000000e     usblib.lib : usbtick.obj (.cinit)
                  003f44c4    0000000d                : usbmode.obj (.cinit)
                  003f44d1    0000000a     rts2800_fpu32.lib : exit.obj (.cinit)
                  003f44db    00000005                       : _lock.obj (.cinit:__lock)
                  003f44e0    00000005                       : _lock.obj (.cinit:__unlock)
                  003f44e5    00000005     usblib.lib : usbdenum.obj (.cinit)
                  003f44ea    00000004     rts2800_fpu32.lib : errno.obj (.cinit)
                  003f44ee    00000002     --HOLE-- [fill = 0]

.pinit     0    003f4000    00000000     UNINITIALIZED

ramfuncs   0    003e8000    00000004     RUN ADDR = 00008000
                  003e8000    00000004     F2806x_usDelay.obj (ramfuncs)

.text.1    0    003ec000    00001c68     
                  003ec000    00000404     usblib.lib : usbhhub.obj (.text)
                  003ec404    0000039b     F2806x_DefaultIsr.obj (.text:retain)
                  003ec79f    0000028f     driverlib.lib : uart.obj (.text)
                  003eca2e    00000265     usblib.lib : usbbuffer.obj (.text)
                  003ecc93    0000025b                : usbmode.obj (.text)
                  003eceee    00000210                : usbdconfig.obj (.text)
                  003ed0fe    0000019d     driverlib.lib : interrupt.obj (.text)
                  003ed29b    00000157     usblib.lib : usbdcdesc.obj (.text)
                  003ed3f2    00000153                : usbringbuf.obj (.text)
                  003ed545    000000d2                : usbdesc.obj (.text)
                  003ed617    000000b8     rts2800_fpu32.lib : strtoul.obj (.text)
                  003ed6cf    000000b0     sysctl.obj (.text)
                  003ed77f    0000009c     rts2800_fpu32.lib : fd_add.obj (.text)
                  003ed81b    00000094     main.obj (.text:retain)
                  003ed8af    00000090     driverlib.lib : usb_hal.obj (.text:retain)
                  003ed93f    0000008b     rts2800_fpu32.lib : fd_div.obj (.text)
                  003ed9ca    00000088     usblib.lib : usbtick.obj (.text)
                  003eda52    00000083     rts2800_fpu32.lib : fd_mpy.obj (.text)
                  003edad5    00000052     driverlib.lib : usb_hal.obj (.text)
                  003edb27    00000046     rts2800_fpu32.lib : boot.obj (.text)
                  003edb6d    00000028     F2806x_PieCtrl.obj (.text)
                  003edb95    00000028     F2806x_PieVect.obj (.text)
                  003edbbd    0000001b     rts2800_fpu32.lib : fd_toul.obj (.text)
                  003edbd8    00000019                       : args_main.obj (.text)
                  003edbf1    00000019                       : exit.obj (.text)
                  003edc0a    00000016                       : ul_tofd.obj (.text)
                  003edc20    00000012     usblib.lib : usbdhandler.obj (.text)
                  003edc32    0000000e     rts2800_fpu32.lib : fd_sub.obj (.text)
                  003edc40    0000000d     driverlib.lib : interrupt.obj (.text:retain)
                  003edc4d    0000000a     rts2800_fpu32.lib : strcmp.obj (.text)
                  003edc57    00000009                       : _lock.obj (.text)
                  003edc60    00000008     F2806x_CodeStartBranch.obj (.text)

.econst    0    003f4000    00000404     
                  003f4000    00000101     rts2800_fpu32.lib : ctype.obj (.econst:.string:__ctypes_)
                  003f4101    00000001     --HOLE-- [fill = 0]
                  003f4102    00000100     F2806x_PieVect.obj (.econst)
                  003f4202    00000044     usb.obj (.econst:.string)
                  003f4246    00000036     usb_serial_structs.obj (.econst:_g_pui8ConfigString)
                  003f427c    00000030     usblib.lib : usbdcdc.obj (.econst)
                  003f42ac    0000002d     main.obj (.econst:.string)
                  003f42d9    0000002c     usb_serial_structs.obj (.econst:_g_pui8ControlInterfaceString)
                  003f4305    00000024     usb_serial_structs.obj (.econst:_g_pui8ManufacturerString)
                  003f4329    00000001     --HOLE-- [fill = 0]
                  003f432a    00000024     usb_serial_structs.obj (.econst)
                  003f434e    00000023     usblib.lib : usbdcdc.obj (.econst:_g_pui8CDCSerCommInterface)
                  003f4371    00000022     usb_serial_structs.obj (.econst:_g_pui8ProdectString)
                  003f4393    00000001     --HOLE-- [fill = 0]
                  003f4394    0000001a     usblib.lib : usbdenum.obj (.econst:_g_psUSBDStdRequests)
                  003f43ae    00000017                : usbdcdc.obj (.econst:_g_pui8CDCSerDataInterface)
                  003f43c5    00000012     usb_serial_structs.obj (.econst:_g_pui8SerialNumberString)
                  003f43d7    00000001     --HOLE-- [fill = 0]
                  003f43d8    00000010     driverlib.lib : usb_hal.obj (.econst)
                  003f43e8    0000000c     usb_serial_structs.obj (.econst:_g_pui8StringDescriptors)
                  003f43f4    00000008     usblib.lib : usbhhub.obj (.econst)
                  003f43fc    00000004     usb_serial_structs.obj (.econst:_g_pui8LangDescriptor)
                  003f4400    00000002     usblib.lib : usbdcdc.obj (.econst:_g_pCDCCompSerConfigDescriptors)
                  003f4402    00000002                : usbdcdc.obj (.econst:_g_ppCDCSerConfigDescriptors)

.switch    0    003f44f0    0000002a     
                  003f44f0    0000002a     usblib.lib : usbdcdc.obj (.switch:_HandleRequests)

.text.2    0    003f451a    00003a62     
                  003f451a    000015f5     usblib.lib : usbhostenum.obj (.text)
                  003f5b0f    00000e92     usb.obj (.text)
                  003f69a1    00000855     usblib.lib : usbdenum.obj (.text)
                  003f71f6    00000730                : usbdcdc.obj (.text)
                  003f7926    00000580     main.obj (.text)
                  003f7ea6    000000d6     usblib.lib : usbdma.obj (.text)

codestart 
*          0    003f7ff6    00000002     
                  003f7ff6    00000002     F2806x_CodeStartBranch.obj (codestart)

.stack     1    00000050    00000300     UNINITIALIZED
                  00000050    00000300     --HOLE--

DevEmuRegsFile 
*          1    00000880    00000004     UNINITIALIZED
                  00000880    00000004     F2806x_GlobalVariableDefs.obj (DevEmuRegsFile)

SysPwrCtrlRegsFile 
*          1    00000985    00000003     UNINITIALIZED
                  00000985    00000003     F2806x_GlobalVariableDefs.obj (SysPwrCtrlRegsFile)

FlashRegsFile 
*          1    00000a80    00000008     UNINITIALIZED
                  00000a80    00000008     F2806x_GlobalVariableDefs.obj (FlashRegsFile)

CsmRegsFile 
*          1    00000ae0    00000010     UNINITIALIZED
                  00000ae0    00000010     F2806x_GlobalVariableDefs.obj (CsmRegsFile)

AdcResultFile 
*          1    00000b00    00000010     UNINITIALIZED
                  00000b00    00000010     F2806x_GlobalVariableDefs.obj (AdcResultFile)

CpuTimer0RegsFile 
*          1    00000c00    00000008     UNINITIALIZED
                  00000c00    00000008     F2806x_GlobalVariableDefs.obj (CpuTimer0RegsFile)

CpuTimer1RegsFile 
*          1    00000c08    00000008     UNINITIALIZED
                  00000c08    00000008     F2806x_GlobalVariableDefs.obj (CpuTimer1RegsFile)

CpuTimer2RegsFile 
*          1    00000c10    00000008     UNINITIALIZED
                  00000c10    00000008     F2806x_GlobalVariableDefs.obj (CpuTimer2RegsFile)

PieCtrlRegsFile 
*          1    00000ce0    0000001a     UNINITIALIZED
                  00000ce0    0000001a     F2806x_GlobalVariableDefs.obj (PieCtrlRegsFile)

PieVectTableFile 
*          1    00000d00    00000100     UNINITIALIZED
                  00000d00    00000100     F2806x_GlobalVariableDefs.obj (PieVectTableFile)

EmuKeyVar 
*          1    00000d00    00000001     UNINITIALIZED
                  00000d00    00000001     F2806x_GlobalVariableDefs.obj (EmuKeyVar)

EmuBModeVar 
*          1    00000d01    00000001     UNINITIALIZED
                  00000d01    00000001     F2806x_GlobalVariableDefs.obj (EmuBModeVar)

FlashCallbackVar 
*          1    00000d02    00000002     UNINITIALIZED
                  00000d02    00000002     F2806x_GlobalVariableDefs.obj (FlashCallbackVar)

FlashScalingVar 
*          1    00000d04    00000002     UNINITIALIZED
                  00000d04    00000002     F2806x_GlobalVariableDefs.obj (FlashScalingVar)

DmaRegsFile 
*          1    00001000    000000e0     UNINITIALIZED
                  00001000    000000e0     F2806x_GlobalVariableDefs.obj (DmaRegsFile)

Cla1RegsFile 
*          1    00001400    00000040     UNINITIALIZED
                  00001400    00000040     F2806x_GlobalVariableDefs.obj (Cla1RegsFile)

Usb0RegsFile 
*          1    00004000    00000454     UNINITIALIZED
                  00004000    00000454     F2806x_GlobalVariableDefs.obj (Usb0RegsFile)

McbspaRegsFile 
*          1    00005000    00000024     UNINITIALIZED
                  00005000    00000024     F2806x_GlobalVariableDefs.obj (McbspaRegsFile)

ECanaRegsFile 
*          1    00006000    00000034     UNINITIALIZED
                  00006000    00000034     F2806x_GlobalVariableDefs.obj (ECanaRegsFile)

ECanaLAMRegsFile 
*          1    00006040    00000040     UNINITIALIZED
                  00006040    00000040     F2806x_GlobalVariableDefs.obj (ECanaLAMRegsFile)

ECanaMOTSRegsFile 
*          1    00006080    00000040     UNINITIALIZED
                  00006080    00000040     F2806x_GlobalVariableDefs.obj (ECanaMOTSRegsFile)

ECanaMOTORegsFile 
*          1    000060c0    00000040     UNINITIALIZED
                  000060c0    00000040     F2806x_GlobalVariableDefs.obj (ECanaMOTORegsFile)

ECanaMboxesFile 
*          1    00006100    00000100     UNINITIALIZED
                  00006100    00000100     F2806x_GlobalVariableDefs.obj (ECanaMboxesFile)

Comp1RegsFile 
*          1    00006400    00000014     UNINITIALIZED
                  00006400    00000014     F2806x_GlobalVariableDefs.obj (Comp1RegsFile)

Comp2RegsFile 
*          1    00006420    00000014     UNINITIALIZED
                  00006420    00000014     F2806x_GlobalVariableDefs.obj (Comp2RegsFile)

Comp3RegsFile 
*          1    00006440    00000014     UNINITIALIZED
                  00006440    00000014     F2806x_GlobalVariableDefs.obj (Comp3RegsFile)

EPwm1RegsFile 
*          1    00006800    00000040     UNINITIALIZED
                  00006800    00000040     F2806x_GlobalVariableDefs.obj (EPwm1RegsFile)

EPwm2RegsFile 
*          1    00006840    00000040     UNINITIALIZED
                  00006840    00000040     F2806x_GlobalVariableDefs.obj (EPwm2RegsFile)

EPwm3RegsFile 
*          1    00006880    00000040     UNINITIALIZED
                  00006880    00000040     F2806x_GlobalVariableDefs.obj (EPwm3RegsFile)

EPwm4RegsFile 
*          1    000068c0    00000040     UNINITIALIZED
                  000068c0    00000040     F2806x_GlobalVariableDefs.obj (EPwm4RegsFile)

EPwm5RegsFile 
*          1    00006900    00000040     UNINITIALIZED
                  00006900    00000040     F2806x_GlobalVariableDefs.obj (EPwm5RegsFile)

EPwm6RegsFile 
*          1    00006940    00000040     UNINITIALIZED
                  00006940    00000040     F2806x_GlobalVariableDefs.obj (EPwm6RegsFile)

EPwm7RegsFile 
*          1    00006980    00000040     UNINITIALIZED
                  00006980    00000040     F2806x_GlobalVariableDefs.obj (EPwm7RegsFile)

EPwm8RegsFile 
*          1    000069c0    00000040     UNINITIALIZED
                  000069c0    00000040     F2806x_GlobalVariableDefs.obj (EPwm8RegsFile)

ECap1RegsFile 
*          1    00006a00    00000020     UNINITIALIZED
                  00006a00    00000020     F2806x_GlobalVariableDefs.obj (ECap1RegsFile)

ECap2RegsFile 
*          1    00006a20    00000020     UNINITIALIZED
                  00006a20    00000020     F2806x_GlobalVariableDefs.obj (ECap2RegsFile)

ECap3RegsFile 
*          1    00006a40    00000020     UNINITIALIZED
                  00006a40    00000020     F2806x_GlobalVariableDefs.obj (ECap3RegsFile)

HRCap1RegsFile 
*          1    00006ac0    00000020     UNINITIALIZED
                  00006ac0    00000020     F2806x_GlobalVariableDefs.obj (HRCap1RegsFile)

HRCap2RegsFile 
*          1    00006ae0    00000020     UNINITIALIZED
                  00006ae0    00000020     F2806x_GlobalVariableDefs.obj (HRCap2RegsFile)

EQep1RegsFile 
*          1    00006b00    00000022     UNINITIALIZED
                  00006b00    00000022     F2806x_GlobalVariableDefs.obj (EQep1RegsFile)

EQep2RegsFile 
*          1    00006b40    00000022     UNINITIALIZED
                  00006b40    00000022     F2806x_GlobalVariableDefs.obj (EQep2RegsFile)

HRCap3RegsFile 
*          1    00006c80    00000020     UNINITIALIZED
                  00006c80    00000020     F2806x_GlobalVariableDefs.obj (HRCap3RegsFile)

HRCap4RegsFile 
*          1    00006ca0    00000020     UNINITIALIZED
                  00006ca0    00000020     F2806x_GlobalVariableDefs.obj (HRCap4RegsFile)

GpioCtrlRegsFile 
*          1    00006f80    00000040     UNINITIALIZED
                  00006f80    00000040     F2806x_GlobalVariableDefs.obj (GpioCtrlRegsFile)

GpioDataRegsFile 
*          1    00006fc0    00000020     UNINITIALIZED
                  00006fc0    00000020     F2806x_GlobalVariableDefs.obj (GpioDataRegsFile)

GpioIntRegsFile 
*          1    00006fe0    00000020     UNINITIALIZED
                  00006fe0    00000020     F2806x_GlobalVariableDefs.obj (GpioIntRegsFile)

SysCtrlRegsFile 
*          1    00007010    00000030     UNINITIALIZED
                  00007010    00000030     F2806x_GlobalVariableDefs.obj (SysCtrlRegsFile)

SpiaRegsFile 
*          1    00007040    00000010     UNINITIALIZED
                  00007040    00000010     F2806x_GlobalVariableDefs.obj (SpiaRegsFile)

SciaRegsFile 
*          1    00007050    00000010     UNINITIALIZED
                  00007050    00000010     F2806x_GlobalVariableDefs.obj (SciaRegsFile)

NmiIntruptRegsFile 
*          1    00007060    00000010     UNINITIALIZED
                  00007060    00000010     F2806x_GlobalVariableDefs.obj (NmiIntruptRegsFile)

XIntruptRegsFile 
*          1    00007070    00000010     UNINITIALIZED
                  00007070    00000010     F2806x_GlobalVariableDefs.obj (XIntruptRegsFile)

AdcRegsFile 
*          1    00007100    00000050     UNINITIALIZED
                  00007100    00000050     F2806x_GlobalVariableDefs.obj (AdcRegsFile)

SpibRegsFile 
*          1    00007740    00000010     UNINITIALIZED
                  00007740    00000010     F2806x_GlobalVariableDefs.obj (SpibRegsFile)

ScibRegsFile 
*          1    00007750    00000010     UNINITIALIZED
                  00007750    00000010     F2806x_GlobalVariableDefs.obj (ScibRegsFile)

I2caRegsFile 
*          1    00007900    00000022     UNINITIALIZED
                  00007900    00000022     F2806x_GlobalVariableDefs.obj (I2caRegsFile)

.ebss      1    00009000    00000bfe     UNINITIALIZED
                  00009000    00000440     main.obj (.ebss)
                  00009440    0000038e     usblib.lib : usbhostenum.obj (.ebss)
                  000097ce    00000031                : usbdcdc.obj (.ebss)
                  000097ff    00000001     rts2800_fpu32.lib : errno.obj (.ebss)
                  00009800    00000280     usb_serial_structs.obj (.ebss)
                  00009a80    0000008c     usblib.lib : usbdma.obj (.ebss)
                  00009b0c    0000001e                : usbtick.obj (.ebss)
                  00009b2a    0000000a                : usbmode.obj (.ebss)
                  00009b34    00000004     rts2800_fpu32.lib : exit.obj (.ebss)
                  00009b38    00000002                       : _lock.obj (.ebss:__lock)
                  00009b3a    00000002                       : _lock.obj (.ebss:__unlock)
                  00009b3c    00000004     --HOLE--
                  00009b40    00000080     usblib.lib : usbdenum.obj (.ebss)
                  00009bc0    0000003e                : usbhhub.obj (.ebss)

.reset     0    003fffc0    00000002     DSECT
                  003fffc0    00000002     rts2800_fpu32.lib : boot.obj (.reset)

vectors    0    003fffc2    00000000     DSECT

PartIdRegsFile 
*          1    003d7e80    00000001     UNINITIALIZED
                  003d7e80    00000001     F2806x_GlobalVariableDefs.obj (PartIdRegsFile)

CsmPwlFile 
*          1    003f7ff8    00000008     UNINITIALIZED
                  003f7ff8    00000008     F2806x_GlobalVariableDefs.obj (CsmPwlFile)


GLOBAL DATA SYMBOLS: SORTED BY DATA PAGE

address     data page           name
--------    ----------------    ----
00000050       1 (00000040)     __stack

00000880      22 (00000880)     _DevEmuRegs

00000985      26 (00000980)     _SysPwrCtrlRegs

00000a80      2a (00000a80)     _FlashRegs

00000ae0      2b (00000ac0)     _CsmRegs

00000b00      2c (00000b00)     _AdcResult

00000c00      30 (00000c00)     _CpuTimer0Regs
00000c08      30 (00000c00)     _CpuTimer1Regs
00000c10      30 (00000c00)     _CpuTimer2Regs

00000ce0      33 (00000cc0)     _PieCtrlRegs

00000d00      34 (00000d00)     _EmuKey
00000d00      34 (00000d00)     _PieVectTable
00000d01      34 (00000d00)     _EmuBMode
00000d02      34 (00000d00)     _Flash_CallbackPtr
00000d04      34 (00000d00)     _Flash_CPUScaleFactor

00001000      40 (00001000)     _DmaRegs

00001400      50 (00001400)     _Cla1Regs

00004000     100 (00004000)     _Usb0Regs

00005000     140 (00005000)     _McbspaRegs

00006000     180 (00006000)     _ECanaRegs

00006040     181 (00006040)     _ECanaLAMRegs

00006080     182 (00006080)     _ECanaMOTSRegs

000060c0     183 (000060c0)     _ECanaMOTORegs

00006100     184 (00006100)     _ECanaMboxes

00006400     190 (00006400)     _Comp1Regs
00006420     190 (00006400)     _Comp2Regs

00006440     191 (00006440)     _Comp3Regs

00006800     1a0 (00006800)     _EPwm1Regs

00006840     1a1 (00006840)     _EPwm2Regs

00006880     1a2 (00006880)     _EPwm3Regs

000068c0     1a3 (000068c0)     _EPwm4Regs

00006900     1a4 (00006900)     _EPwm5Regs

00006940     1a5 (00006940)     _EPwm6Regs

00006980     1a6 (00006980)     _EPwm7Regs

000069c0     1a7 (000069c0)     _EPwm8Regs

00006a00     1a8 (00006a00)     _ECap1Regs
00006a20     1a8 (00006a00)     _ECap2Regs

00006a40     1a9 (00006a40)     _ECap3Regs

00006ac0     1ab (00006ac0)     _HRCap1Regs
00006ae0     1ab (00006ac0)     _HRCap2Regs

00006b00     1ac (00006b00)     _EQep1Regs

00006b40     1ad (00006b40)     _EQep2Regs

00006c80     1b2 (00006c80)     _HRCap3Regs
00006ca0     1b2 (00006c80)     _HRCap4Regs

00006f80     1be (00006f80)     _GpioCtrlRegs

00006fc0     1bf (00006fc0)     _GpioDataRegs
00006fe0     1bf (00006fc0)     _GpioIntRegs

00007010     1c0 (00007000)     _SysCtrlRegs

00007040     1c1 (00007040)     _SpiaRegs
00007050     1c1 (00007040)     _SciaRegs
00007060     1c1 (00007040)     _NmiIntruptRegs
00007070     1c1 (00007040)     _XIntruptRegs

00007100     1c4 (00007100)     _AdcRegs

00007740     1dd (00007740)     _SpibRegs
00007750     1dd (00007740)     _ScibRegs

00007900     1e4 (00007900)     _I2caRegs

00009001     240 (00009000)     _program_recieved
00009002     240 (00009000)     _program_compiled

000097ce     25f (000097c0)     _g_psCDCSerSections
000097d4     25f (000097c0)     _g_psCDCCompSerSections
000097dc     25f (000097c0)     _g_pui8IADSerDescriptor
000097e4     25f (000097c0)     _g_pui8CDCSerDescriptor
000097ed     25f (000097c0)     _g_pui8CDCSerDeviceDescriptor
000097ff     25f (000097c0)     _errno

00009800     260 (00009800)     _g_pui8TxBufferWorkspace
00009818     260 (00009800)     _g_pui8RxBufferWorkspace

00009840     261 (00009840)     _g_sCDCDevice

00009880     262 (00009880)     _g_pi8USBRxBuffer

00009980     266 (00009980)     _g_pi8USBTxBuffer

00009b0c     26c (00009b00)     _g_bUSBTimerInitialized
00009b0e     26c (00009b00)     _g_ui32CurrentUSBTick
00009b10     26c (00009b00)     _g_ui32USBSOFCount
00009b12     26c (00009b00)     _g_pfnTickHandlers
00009b1e     26c (00009b00)     _g_pvTickInstance
00009b2b     26c (00009b00)     _g_iUSBMode
00009b2c     26c (00009b00)     _g_eOTGModeState
00009b30     26c (00009b00)     _g_ui32PollRate
00009b32     26c (00009b00)     _g_ui32WaitTicks
00009b34     26c (00009b00)     ___TI_cleanup_ptr
00009b36     26c (00009b00)     ___TI_dtors_ptr
00009b38     26c (00009b00)     __lock
00009b3a     26c (00009b00)     __unlock

00009b40     26d (00009b40)     _g_ppsDevInfo
00009b44     26d (00009b40)     _g_psDCDInst

003d7e80    f5fa (003d7e80)     _PartIdRegs

003f4000    fd00 (003f4000)     __ctypes_

003f4102    fd04 (003f4100)     _PieVectTableInit

003f4246    fd09 (003f4240)     _g_pui8ConfigString
003f427c    fd09 (003f4240)     _g_sCDCSerDataInterfaceSection

003f4280    fd0a (003f4280)     _g_sCDCSerCommInterfaceSection
003f4284    fd0a (003f4280)     _g_sCDCCompSerConfigHeader
003f4288    fd0a (003f4280)     _g_sCDCSerConfigHeader
003f428c    fd0a (003f4280)     _g_sIADSerConfigSection
003f4290    fd0a (003f4280)     _g_sCDCSerConfigSection
003f4294    fd0a (003f4280)     _g_sCDCHandlers

003f42d9    fd0b (003f42c0)     _g_pui8ControlInterfaceString

003f4305    fd0c (003f4300)     _g_pui8ManufacturerString
003f432a    fd0c (003f4300)     _g_sTxBuffer
003f433c    fd0c (003f4300)     _g_sRxBuffer

003f434e    fd0d (003f4340)     _g_pui8CDCSerCommInterface
003f4371    fd0d (003f4340)     _g_pui8ProdectString

003f43ae    fd0e (003f4380)     _g_pui8CDCSerDataInterface

003f43c5    fd0f (003f43c0)     _g_pui8SerialNumberString
003f43e8    fd0f (003f43c0)     _g_pui8StringDescriptors
003f43f4    fd0f (003f43c0)     _g_sUSBHubClassDriver
003f43fc    fd0f (003f43c0)     _g_pui8LangDescriptor

003f4400    fd10 (003f4400)     _g_pCDCCompSerConfigDescriptors
003f4402    fd10 (003f4400)     _g_ppCDCSerConfigDescriptors

003f7ff8    fdff (003f7fc0)     _CsmPwl


GLOBAL SYMBOLS: SORTED ALPHABETICALLY BY Name 

page  address   name                                  
----  -------   ----                                  
abs   ffffffff  .text                                 
0     003edbf1  C$$EXIT                               
0     003ed77f  FD$$ADD                               
0     003ed93f  FD$$DIV                               
0     003eda52  FD$$MPY                               
0     003edc32  FD$$SUB                               
0     003edbbd  FD$$TOUL                              
0     003edc0a  UL$$TOFD                              
0     003ec4c2  _ADCINT1_ISR                          
0     003ec4cc  _ADCINT2_ISR                          
0     003ec6d4  _ADCINT3_ISR                          
0     003ec6de  _ADCINT4_ISR                          
0     003ec6e8  _ADCINT5_ISR                          
0     003ec6f2  _ADCINT6_ISR                          
0     003ec6fc  _ADCINT7_ISR                          
0     003ec706  _ADCINT8_ISR                          
0     003ec4ea  _ADCINT9_ISR                          
1     00007100  _AdcRegs                              
1     00000b00  _AdcResult                            
0     003ec710  _CLA1_INT1_ISR                        
0     003ec71a  _CLA1_INT2_ISR                        
0     003ec724  _CLA1_INT3_ISR                        
0     003ec72e  _CLA1_INT4_ISR                        
0     003ec738  _CLA1_INT5_ISR                        
0     003ec742  _CLA1_INT6_ISR                        
0     003ec74c  _CLA1_INT7_ISR                        
0     003ec756  _CLA1_INT8_ISR                        
1     00001400  _Cla1Regs                             
1     00006400  _Comp1Regs                            
1     00006420  _Comp2Regs                            
1     00006440  _Comp3Regs                            
0     003f451a  _ConfigDescAlloc                      
0     003f4568  _ConfigDescFree                       
0     003f7a71  _ControlHandler                       
1     00000c00  _CpuTimer0Regs                        
1     00000c08  _CpuTimer1Regs                        
1     00000c10  _CpuTimer2Regs                        
1     003f7ff8  _CsmPwl                               
1     00000ae0  _CsmRegs                              
0     003ec418  _DATALOG_ISR                          
0     003ec648  _DINTCH1_ISR                          
0     003ec652  _DINTCH2_ISR                          
0     003ec65c  _DINTCH3_ISR                          
0     003ec666  _DINTCH4_ISR                          
0     003ec670  _DINTCH5_ISR                          
0     003ec67a  _DINTCH6_ISR                          
0     00008000  _DSP28x_usDelay                       
1     00000880  _DevEmuRegs                           
1     00001000  _DmaRegs                              
0     003ec6c0  _ECAN0INTA_ISR                        
0     003ec6ca  _ECAN1INTA_ISR                        
0     003ec5a8  _ECAP1_INT_ISR                        
0     003ec5b2  _ECAP2_INT_ISR                        
0     003ec5bc  _ECAP3_INT_ISR                        
1     00006040  _ECanaLAMRegs                         
1     000060c0  _ECanaMOTORegs                        
1     00006080  _ECanaMOTSRegs                        
1     00006100  _ECanaMboxes                          
1     00006000  _ECanaRegs                            
1     00006a00  _ECap1Regs                            
1     00006a20  _ECap2Regs                            
1     00006a40  _ECap3Regs                            
0     003ec77e  _EMPTY_ISR                            
0     003ec42c  _EMUINT_ISR                           
0     003ec558  _EPWM1_INT_ISR                        
0     003ec508  _EPWM1_TZINT_ISR                      
0     003ec562  _EPWM2_INT_ISR                        
0     003ec512  _EPWM2_TZINT_ISR                      
0     003ec56c  _EPWM3_INT_ISR                        
0     003ec51c  _EPWM3_TZINT_ISR                      
0     003ec576  _EPWM4_INT_ISR                        
0     003ec526  _EPWM4_TZINT_ISR                      
0     003ec580  _EPWM5_INT_ISR                        
0     003ec530  _EPWM5_TZINT_ISR                      
0     003ec58a  _EPWM6_INT_ISR                        
0     003ec53a  _EPWM6_TZINT_ISR                      
0     003ec594  _EPWM7_INT_ISR                        
0     003ec544  _EPWM7_TZINT_ISR                      
0     003ec59e  _EPWM8_INT_ISR                        
0     003ec54e  _EPWM8_TZINT_ISR                      
1     00006800  _EPwm1Regs                            
1     00006840  _EPwm2Regs                            
1     00006880  _EPwm3Regs                            
1     000068c0  _EPwm4Regs                            
1     00006900  _EPwm5Regs                            
1     00006940  _EPwm6Regs                            
1     00006980  _EPwm7Regs                            
1     000069c0  _EPwm8Regs                            
0     003ec5da  _EQEP1_INT_ISR                        
0     003ec5e4  _EQEP2_INT_ISR                        
1     00006b00  _EQep1Regs                            
1     00006b40  _EQep2Regs                            
1     00000d01  _EmuBMode                             
1     00000d00  _EmuKey                               
0     003edb8c  _EnableInterrupts                     
1     00000a80  _FlashRegs                            
1     00000d04  _Flash_CPUScaleFactor                 
1     00000d02  _Flash_CallbackPtr                    
1     00006f80  _GpioCtrlRegs                         
1     00006fc0  _GpioDataRegs                         
1     00006fe0  _GpioIntRegs                          
0     003ec5c6  _HRCAP1_INT_ISR                       
0     003ec5d0  _HRCAP2_INT_ISR                       
0     003ec5ee  _HRCAP3_INT_ISR                       
0     003ec5f8  _HRCAP4_INT_ISR                       
1     00006ac0  _HRCap1Regs                           
1     00006ae0  _HRCap2Regs                           
1     00006c80  _HRCap3Regs                           
1     00006ca0  _HRCap4Regs                           
0     003f7b6b  _HexConstant                          
0     003ec684  _I2CINT1A_ISR                         
0     003ec68e  _I2CINT2A_ISR                         
1     00007900  _I2caRegs                             
0     003ec440  _ILLEGAL_ISR                          
0     003ec404  _INT13_ISR                            
0     003ec40e  _INT14_ISR                            
0     003edb6d  _InitPieCtrl                          
0     003edb95  _InitPieVectTable                     
0     003edc40  _IntDefaultHandler                    
0     003ed16b  _IntDisable                           
0     003ed144  _IntEnable                            
0     003ed102  _IntMasterDisable                     
0     003ed0fe  _IntMasterEnable                      
0     003ed106  _IntRegister                          
0     003ed124  _IntUnregister                        
0     003f561c  _InternalUSBHCDSendEvent              
0     003ed9f5  _InternalUSBRegisterTickHandler       
0     003eda25  _InternalUSBStartOfFrameTick          
0     003ed9ca  _InternalUSBTickInit                  
0     003ed9f1  _InternalUSBTickReset                 
0     003ed250  _Interrupt_disable                    
0     003ed206  _Interrupt_enable                     
0     003ec774  _LUF_ISR                              
0     003ec76a  _LVF_ISR                              
0     003ec634  _MRINTA_ISR                           
0     003ec63e  _MXINTA_ISR                           
1     00005000  _McbspaRegs                           
0     003ec436  _NMI_ISR                              
1     00007060  _NmiIntruptRegs                       
0     003ece90  _OTGDeviceDisconnect                  
0     003f7bdd  _OctalAND                             
0     003f7bd0  _OctalShiftLeft                       
0     003f7bd7  _OctalShiftRight                      
0     003ec78b  _PIE_RESERVED                         
1     003d7e80  _PartIdRegs                           
1     00000ce0  _PieCtrlRegs                          
1     00000d00  _PieVectTable                         
0     003f4102  _PieVectTableInit                     
0     003f7318  _ProcessDataFromHost                  
0     003f73a5  _ProcessDataToHost                    
0     003f7376  _ProcessNotificationToHost            
0     003ec422  _RTOSINT_ISR                          
0     003e8004  _RamfuncsLoadEnd                      
abs   00000004  _RamfuncsLoadSize                     
0     003e8000  _RamfuncsLoadStart                    
0     00008000  _RamfuncsRunStart                     
0     003f7ac3  _RxHandler                            
0     003ec698  _SCIRXINTA_ISR                        
0     003ec6ac  _SCIRXINTB_ISR                        
0     003ec6a2  _SCITXINTA_ISR                        
0     003ec6b6  _SCITXINTB_ISR                        
0     003ec60c  _SPIRXINTA_ISR                        
0     003ec620  _SPIRXINTB_ISR                        
0     003ec616  _SPITXINTA_ISR                        
0     003ec62a  _SPITXINTB_ISR                        
1     00007050  _SciaRegs                             
1     00007750  _ScibRegs                             
0     003f7b6f  _SetOutput                            
1     00007040  _SpiaRegs                             
1     00007740  _SpibRegs                             
0     003ed765  _SysCtlClockGet                       
0     003ed752  _SysCtlDelay                          
0     003ed710  _SysCtlPeripheralDisable              
0     003ed6d3  _SysCtlPeripheralEnable               
0     003ed74d  _SysCtlPeripheralPresent              
0     003ed6cf  _SysCtlPeripheralReset                
0     003ed77a  _SysCtlUSBPLLDisable                  
0     003ed76d  _SysCtlUSBPLLEnable                   
0     003f7b39  _SysCtrlInit                          
1     00007010  _SysCtrlRegs                          
1     00000985  _SysPwrCtrlRegs                       
0     003ec4f4  _TINT0_ISR                            
0     003f7abb  _TxHandler                            
0     003ec8ed  _UARTBusy                             
0     003ec8b4  _UARTCharGet                          
0     003ec8a3  _UARTCharGetNonBlocking               
0     003ec8dd  _UARTCharPut                          
0     003ec8ca  _UARTCharPutNonBlocking               
0     003ec889  _UARTCharsAvail                       
0     003ec819  _UARTConfigGetExpClk                  
0     003ec7e2  _UARTConfigSetExpClk                  
0     003ec847  _UARTDisable                          
0     003ec83d  _UARTEnable                           
0     003ec866  _UARTFIFODisable                      
0     003ec85d  _UARTFIFOEnable                       
0     003ec7cc  _UARTFIFOLevelGet                     
0     003ec7b2  _UARTFIFOLevelSet                     
0     003ec9e5  _UARTIntClear                         
0     003ec97f  _UARTIntDisable                       
0     003ec94e  _UARTIntEnable                        
0     003ec9b5  _UARTIntStatus                        
0     003ec7a9  _UARTParityModeGet                    
0     003ec79f  _UARTParityModeSet                    
0     003ec8fa  _UARTRXIntRegister                    
0     003ec926  _UARTRXIntUnregister                  
0     003eca18  _UARTRxErrorClear                     
0     003eca12  _UARTRxErrorGet                       
0     003ec896  _UARTSpaceAvail                       
0     003ec910  _UARTTXIntRegister                    
0     003ec93a  _UARTTXIntUnregister                  
0     003ec87f  _UARTTxIntModeGet                     
0     003ec86f  _UARTTxIntModeSet                     
0     003edc20  _USB0DeviceIntHandler                 
0     003ecce3  _USB0DualModeIntHandler               
0     003f55a1  _USB0HostIntHandler                   
0     003ece11  _USB0OTGModeIntHandler                
0     003ec602  _USB0_INT_ISR                         
0     003ecbf5  _USBBufferCallbackDataSet             
0     003ecc47  _USBBufferDataAvailable               
0     003ecbe5  _USBBufferDataRemoved                 
0     003ecbd2  _USBBufferDataWritten                 
0     003ecc5f  _USBBufferEventCallback               
0     003ecc1e  _USBBufferFlush                       
0     003ecbc4  _USBBufferInfoGet                     
0     003ecb93  _USBBufferInit                        
0     003ecc2a  _USBBufferRead                        
0     003ecc53  _USBBufferSpaceAvailable              
0     003ecbff  _USBBufferWrite                       
0     003ecbad  _USBBufferZeroLengthPacketInsert      
0     003f76d7  _USBDCDCCompositeInit                 
0     003f776f  _USBDCDCInit                          
0     003f7845  _USBDCDCPacketRead                    
0     003f77ff  _USBDCDCPacketWrite                   
0     003f7916  _USBDCDCPowerStatusSet                
0     003f791f  _USBDCDCRemoteWakeupRequest           
0     003f78bd  _USBDCDCRxPacketAvailable             
0     003f78e8  _USBDCDCSerialStateChange             
0     003f77cf  _USBDCDCSetControlCBData              
0     003f77db  _USBDCDCSetRxCBData                   
0     003f77ed  _USBDCDCSetTxCBData                   
0     003f77c2  _USBDCDCTerm                          
0     003f78ad  _USBDCDCTxPacketAvailable             
0     003ed33c  _USBDCDConfigDescGet                  
0     003ed316  _USBDCDConfigDescGetNum               
0     003ed2fc  _USBDCDConfigDescGetSize              
0     003ed3a7  _USBDCDConfigGetInterface             
0     003ed3c0  _USBDCDConfigGetInterfaceEndpoint     
0     003ed382  _USBDCDConfigGetNumAlternateInterfaces
0     003f69a1  _USBDCDDeviceInfoInit                 
0     003f69b1  _USBDCDInit                           
0     003f6a98  _USBDCDPowerStatusSet                 
0     003f6aa5  _USBDCDRemoteWakeupRequest            
0     003f6a62  _USBDCDRequestDataEP0                 
0     003f6a70  _USBDCDSendDataEP0                    
0     003f6a7f  _USBDCDSetDefaultConfiguration        
0     003f6a87  _USBDCDStallEP0                       
0     003f6a2f  _USBDCDTerm                           
0     003edae5  _USBDelay                             
0     003ed56d  _USBDescGet                           
0     003ed5ea  _USBDescGetInterface                  
0     003ed604  _USBDescGetInterfaceEndpoint          
0     003ed545  _USBDescGetNum                        
0     003ed59a  _USBDescGetNumAlternateInterfaces     
0     003f60fb  _USBDevAddrGet                        
0     003f60e8  _USBDevAddrSet                        
0     003f60bb  _USBDevConnect                        
0     003f60d1  _USBDevDisconnect                     
0     003f6269  _USBDevEndpointConfigGet              
0     003f61e0  _USBDevEndpointConfigSet              
0     003f64b1  _USBDevEndpointDataAck                
0     003f5ff2  _USBDevEndpointStall                  
0     003f604d  _USBDevEndpointStallClear             
0     003f5ecc  _USBDevEndpointStatusClear            
0     003f694a  _USBDevMode                           
0     003ecf48  _USBDeviceConfig                      
0     003ed091  _USBDeviceConfigAlternate             
0     003f6b29  _USBDeviceEnumHandler                 
0     003f6bea  _USBDeviceEnumResetHandler            
0     003f715e  _USBDeviceIntHandlerInternal          
0     003f6abb  _USBDeviceResumeTickHandler           
0     003ecd1e  _USBDualModeInit                      
0     003ecd62  _USBDualModeTerm                      
0     003f68ed  _USBEndpointDMAChannel                
0     003f63e6  _USBEndpointDMADisable                
0     003f63ce  _USBEndpointDMAEnable                 
0     003f6400  _USBEndpointDataAvail                 
0     003f6446  _USBEndpointDataGet                   
0     003f653e  _USBEndpointDataPut                   
0     003f6592  _USBEndpointDataSend                  
0     003f5fb2  _USBEndpointDataToggleClear           
0     003f698d  _USBEndpointPacketCountSet            
0     003f5e3d  _USBEndpointStatus                    
0     003f68cd  _USBFIFOAddrGet                       
0     003f6366  _USBFIFOConfigGet                     
0     003f6300  _USBFIFOConfigSet                     
0     003f65eb  _USBFIFOFlush                         
0     003f6898  _USBFrameNumberGet                    
0     003edadd  _USBGPIODisable                       
0     003edad5  _USBGPIOEnable                        
0     003f588e  _USBHCDControlTransfer                
0     003f5a8c  _USBHCDDevAddress                     
0     003f5aa0  _USBHCDDevClass                       
0     003f5a78  _USBHCDDevHubPort                     
0     003f5aea  _USBHCDDevProtocol                    
0     003f5ac5  _USBHCDDevSubClass                    
0     003f45ee  _USBHCDEventDisable                   
0     003f45d9  _USBHCDEventEnable                    
0     003f5920  _USBHCDHubDeviceConnected             
0     003f5978  _USBHCDHubDeviceDisconnected          
0     003f4ef5  _USBHCDInit                           
0     003f56c9  _USBHCDMain                           
0     003f48b7  _USBHCDPipeAlloc                      
0     003f46c3  _USBHCDPipeAllocSize                  
0     003f48c6  _USBHCDPipeConfig                     
0     003f4b6f  _USBHCDPipeDataAck                    
0     003f4ca4  _USBHCDPipeFree                       
0     003f4b8c  _USBHCDPipeRead                       
0     003f4b44  _USBHCDPipeReadNonBlocking            
0     003f4a9d  _USBHCDPipeSchedule                   
0     003f4996  _USBHCDPipeStatus                     
0     003f499b  _USBHCDPipeWrite                      
0     003f4eea  _USBHCDPowerAutomatic                 
0     003f4eb9  _USBHCDPowerConfigGet                 
0     003f4eb1  _USBHCDPowerConfigInit                
0     003f4ec0  _USBHCDPowerConfigSet                 
0     003f4f47  _USBHCDRegisterDrivers                
0     003f4fb4  _USBHCDReset                          
0     003f4fe3  _USBHCDResume                         
0     003f50a3  _USBHCDSetAddress                     
0     003f514c  _USBHCDSetConfig                      
0     003f5170  _USBHCDSetInterface                   
0     003f4fda  _USBHCDSuspend                        
0     003f4f52  _USBHCDTerm                           
0     003ec3f0  _USBHHubClose                         
0     003ec3c0  _USBHHubEnumerationComplete           
0     003ec3d1  _USBHHubEnumerationError              
0     003ec3f9  _USBHHubInit                          
0     003ec2d3  _USBHHubMain                          
0     003ec3e2  _USBHHubOpen                          
0     003f6726  _USBHostAddrGet                       
0     003f66e4  _USBHostAddrSet                       
0     003f519c  _USBHostCheckPipes                    
0     003f610f  _USBHostEndpointConfig                
0     003f64fb  _USBHostEndpointDataAck               
0     003f5f37  _USBHostEndpointDataToggle            
0     003f5e7c  _USBHostEndpointStatusClear           
0     003f67c2  _USBHostHubAddrGet                    
0     003f676a  _USBHostHubAddrSet                    
0     003f5228  _USBHostIntHandlerInternal            
0     003f6933  _USBHostMode                          
0     003f6806  _USBHostPwrConfig                     
0     003f6881  _USBHostPwrDisable                    
0     003f686a  _USBHostPwrEnable                     
0     003f6853  _USBHostPwrFaultDisable               
0     003f683c  _USBHostPwrFaultEnable                
0     003f664f  _USBHostRequestIN                     
0     003f668d  _USBHostRequestINClear                
0     003f66cd  _USBHostRequestStatus                 
0     003f5bb2  _USBHostReset                         
0     003f5bd1  _USBHostResume                        
0     003f5bf2  _USBHostSpeedGet                      
0     003f5b9e  _USBHostSuspend                       
0     003f5c64  _USBIntDisable                        
0     003f5d19  _USBIntDisableControl                 
0     003f5dbd  _USBIntDisableEndpoint                
0     003f5cc0  _USBIntEnable                         
0     003f5d54  _USBIntEnableControl                  
0     003f5ddb  _USBIntEnableEndpoint                 
0     003f5e0f  _USBIntRegister                       
0     003f5c15  _USBIntStatus                         
0     003f5d8c  _USBIntStatusControl                  
0     003f5df7  _USBIntStatusEndpoint                 
0     003f5e27  _USBIntUnregister                     
0     003f7f21  _USBLibDMAInit                        
0     003f68d6  _USBModeGet                           
0     003f699c  _USBNumEndpointsGet                   
0     003ece9e  _USBOTGMain                           
0     003f6961  _USBOTGMode                           
0     003ecd99  _USBOTGModeInit                       
0     003ecd7c  _USBOTGModeTerm                       
0     003ece09  _USBOTGPollRate                       
0     003f68ac  _USBOTGSessionRequest                 
0     003f6978  _USBPHYPowerOff                       
0     003f6982  _USBPHYPowerOn                        
0     003ed4ca  _USBRingBufAdvanceRead                
0     003ed4e1  _USBRingBufAdvanceWrite               
0     003ed47c  _USBRingBufContigFree                 
0     003ed46c  _USBRingBufContigUsed                 
0     003ed42b  _USBRingBufEmpty                      
0     003ed43d  _USBRingBufFlush                      
0     003ed461  _USBRingBufFree                       
0     003ed412  _USBRingBufFull                       
0     003ed536  _USBRingBufInit                       
0     003ed4af  _USBRingBufRead                       
0     003ed49c  _USBRingBufReadOne                    
0     003ed497  _USBRingBufSize                       
0     003ed450  _USBRingBufUsed                       
0     003ed51c  _USBRingBufWrite                      
0     003ed508  _USBRingBufWriteOne                   
0     003ecccd  _USBStackModeSet                      
0     003ed863  _USBUARTRXIntHandler                  
0     003ed81b  _USBUARTTXIntHandler                  
0     003ec4a4  _USER10_ISR                           
0     003ec4ae  _USER11_ISR                           
0     003ec4b8  _USER12_ISR                           
0     003ec44a  _USER1_ISR                            
0     003ec454  _USER2_ISR                            
0     003ec45e  _USER3_ISR                            
0     003ec468  _USER4_ISR                            
0     003ec472  _USER5_ISR                            
0     003ec47c  _USER6_ISR                            
0     003ec486  _USER7_ISR                            
0     003ec490  _USER8_ISR                            
0     003ec49a  _USER9_ISR                            
1     00004000  _Usb0Regs                             
0     003ec4fe  _WAKEINT_ISR                          
0     003ec4d6  _XINT1_ISR                            
0     003ec4e0  _XINT2_ISR                            
0     003ec760  _XINT3_ISR                            
1     00007070  _XIntruptRegs                         
1     00000350  __STACK_END                           
abs   00000300  __STACK_SIZE                          
1     00009b34  ___TI_cleanup_ptr                     
1     00009b36  ___TI_dtors_ptr                       
abs   ffffffff  ___binit__                            
abs   ffffffff  ___c_args__                           
0     003f4404  ___cinit__                            
0     003f7926  ___error__                            
abs   ffffffff  ___etext__                            
abs   ffffffff  ___pinit__                            
abs   ffffffff  ___text__                             
0     003edbd8  __args_main                           
0     003f4000  __ctypes_                             
1     00009b38  __lock                                
0     003edc5f  __nop                                 
0     003edc5b  __register_lock                       
0     003edc57  __register_unlock                     
1     00000050  __stack                               
1     00009b3a  __unlock                              
0     003edbf1  _abort                                
0     003edb27  _c_int00                              
1     000097ff  _errno                                
0     003edbf3  _exit                                 
0     003ed8af  _f28x_USB0DeviceIntHandler            
0     003ed90f  _f28x_USB0DualModeIntHandler          
0     003ed8df  _f28x_USB0HostIntHandler              
1     00009b0c  _g_bUSBTimerInitialized               
1     00009b2c  _g_eOTGModeState                      
1     00009b2b  _g_iUSBMode                           
0     003f4400  _g_pCDCCompSerConfigDescriptors       
1     00009b12  _g_pfnTickHandlers                    
1     00009880  _g_pi8USBRxBuffer                     
1     00009980  _g_pi8USBTxBuffer                     
0     003f4402  _g_ppCDCSerConfigDescriptors          
1     00009b40  _g_ppsDevInfo                         
1     000097d4  _g_psCDCCompSerSections               
1     000097ce  _g_psCDCSerSections                   
1     00009b44  _g_psDCDInst                          
0     003f434e  _g_pui8CDCSerCommInterface            
0     003f43ae  _g_pui8CDCSerDataInterface            
1     000097e4  _g_pui8CDCSerDescriptor               
1     000097ed  _g_pui8CDCSerDeviceDescriptor         
0     003f4246  _g_pui8ConfigString                   
0     003f42d9  _g_pui8ControlInterfaceString         
1     000097dc  _g_pui8IADSerDescriptor               
0     003f43fc  _g_pui8LangDescriptor                 
0     003f4305  _g_pui8ManufacturerString             
0     003f4371  _g_pui8ProdectString                  
1     00009818  _g_pui8RxBufferWorkspace              
0     003f43c5  _g_pui8SerialNumberString             
0     003f43e8  _g_pui8StringDescriptors              
1     00009800  _g_pui8TxBufferWorkspace              
1     00009b1e  _g_pvTickInstance                     
0     003f4284  _g_sCDCCompSerConfigHeader            
1     00009840  _g_sCDCDevice                         
0     003f4294  _g_sCDCHandlers                       
0     003f4280  _g_sCDCSerCommInterfaceSection        
0     003f4288  _g_sCDCSerConfigHeader                
0     003f4290  _g_sCDCSerConfigSection               
0     003f427c  _g_sCDCSerDataInterfaceSection        
0     003f428c  _g_sIADSerConfigSection               
0     003f433c  _g_sRxBuffer                          
0     003f432a  _g_sTxBuffer                          
0     003f43f4  _g_sUSBHubClassDriver                 
1     00009b0e  _g_ui32CurrentUSBTick                 
1     00009b30  _g_ui32PollRate                       
1     00009b10  _g_ui32USBSOFCount                    
1     00009b32  _g_ui32WaitTicks                      
0     003f7be5  _main                                 
1     00009002  _program_compiled                     
1     00009001  _program_recieved                     
0     003ec795  _rsvd_ISR                             
0     003edc4d  _strcmp                               
0     003ed617  _strtoul                              
abs   ffffffff  binit                                 
0     003f4404  cinit                                 
0     003f7ff6  code_start                            
abs   ffffffff  etext                                 
abs   ffffffff  pinit                                 


GLOBAL SYMBOLS: SORTED BY Symbol Address 

page  address   name                                  
----  -------   ----                                  
0     00008000  _DSP28x_usDelay                       
0     00008000  _RamfuncsRunStart                     
0     003e8000  _RamfuncsLoadStart                    
0     003e8004  _RamfuncsLoadEnd                      
0     003ec2d3  _USBHHubMain                          
0     003ec3c0  _USBHHubEnumerationComplete           
0     003ec3d1  _USBHHubEnumerationError              
0     003ec3e2  _USBHHubOpen                          
0     003ec3f0  _USBHHubClose                         
0     003ec3f9  _USBHHubInit                          
0     003ec404  _INT13_ISR                            
0     003ec40e  _INT14_ISR                            
0     003ec418  _DATALOG_ISR                          
0     003ec422  _RTOSINT_ISR                          
0     003ec42c  _EMUINT_ISR                           
0     003ec436  _NMI_ISR                              
0     003ec440  _ILLEGAL_ISR                          
0     003ec44a  _USER1_ISR                            
0     003ec454  _USER2_ISR                            
0     003ec45e  _USER3_ISR                            
0     003ec468  _USER4_ISR                            
0     003ec472  _USER5_ISR                            
0     003ec47c  _USER6_ISR                            
0     003ec486  _USER7_ISR                            
0     003ec490  _USER8_ISR                            
0     003ec49a  _USER9_ISR                            
0     003ec4a4  _USER10_ISR                           
0     003ec4ae  _USER11_ISR                           
0     003ec4b8  _USER12_ISR                           
0     003ec4c2  _ADCINT1_ISR                          
0     003ec4cc  _ADCINT2_ISR                          
0     003ec4d6  _XINT1_ISR                            
0     003ec4e0  _XINT2_ISR                            
0     003ec4ea  _ADCINT9_ISR                          
0     003ec4f4  _TINT0_ISR                            
0     003ec4fe  _WAKEINT_ISR                          
0     003ec508  _EPWM1_TZINT_ISR                      
0     003ec512  _EPWM2_TZINT_ISR                      
0     003ec51c  _EPWM3_TZINT_ISR                      
0     003ec526  _EPWM4_TZINT_ISR                      
0     003ec530  _EPWM5_TZINT_ISR                      
0     003ec53a  _EPWM6_TZINT_ISR                      
0     003ec544  _EPWM7_TZINT_ISR                      
0     003ec54e  _EPWM8_TZINT_ISR                      
0     003ec558  _EPWM1_INT_ISR                        
0     003ec562  _EPWM2_INT_ISR                        
0     003ec56c  _EPWM3_INT_ISR                        
0     003ec576  _EPWM4_INT_ISR                        
0     003ec580  _EPWM5_INT_ISR                        
0     003ec58a  _EPWM6_INT_ISR                        
0     003ec594  _EPWM7_INT_ISR                        
0     003ec59e  _EPWM8_INT_ISR                        
0     003ec5a8  _ECAP1_INT_ISR                        
0     003ec5b2  _ECAP2_INT_ISR                        
0     003ec5bc  _ECAP3_INT_ISR                        
0     003ec5c6  _HRCAP1_INT_ISR                       
0     003ec5d0  _HRCAP2_INT_ISR                       
0     003ec5da  _EQEP1_INT_ISR                        
0     003ec5e4  _EQEP2_INT_ISR                        
0     003ec5ee  _HRCAP3_INT_ISR                       
0     003ec5f8  _HRCAP4_INT_ISR                       
0     003ec602  _USB0_INT_ISR                         
0     003ec60c  _SPIRXINTA_ISR                        
0     003ec616  _SPITXINTA_ISR                        
0     003ec620  _SPIRXINTB_ISR                        
0     003ec62a  _SPITXINTB_ISR                        
0     003ec634  _MRINTA_ISR                           
0     003ec63e  _MXINTA_ISR                           
0     003ec648  _DINTCH1_ISR                          
0     003ec652  _DINTCH2_ISR                          
0     003ec65c  _DINTCH3_ISR                          
0     003ec666  _DINTCH4_ISR                          
0     003ec670  _DINTCH5_ISR                          
0     003ec67a  _DINTCH6_ISR                          
0     003ec684  _I2CINT1A_ISR                         
0     003ec68e  _I2CINT2A_ISR                         
0     003ec698  _SCIRXINTA_ISR                        
0     003ec6a2  _SCITXINTA_ISR                        
0     003ec6ac  _SCIRXINTB_ISR                        
0     003ec6b6  _SCITXINTB_ISR                        
0     003ec6c0  _ECAN0INTA_ISR                        
0     003ec6ca  _ECAN1INTA_ISR                        
0     003ec6d4  _ADCINT3_ISR                          
0     003ec6de  _ADCINT4_ISR                          
0     003ec6e8  _ADCINT5_ISR                          
0     003ec6f2  _ADCINT6_ISR                          
0     003ec6fc  _ADCINT7_ISR                          
0     003ec706  _ADCINT8_ISR                          
0     003ec710  _CLA1_INT1_ISR                        
0     003ec71a  _CLA1_INT2_ISR                        
0     003ec724  _CLA1_INT3_ISR                        
0     003ec72e  _CLA1_INT4_ISR                        
0     003ec738  _CLA1_INT5_ISR                        
0     003ec742  _CLA1_INT6_ISR                        
0     003ec74c  _CLA1_INT7_ISR                        
0     003ec756  _CLA1_INT8_ISR                        
0     003ec760  _XINT3_ISR                            
0     003ec76a  _LVF_ISR                              
0     003ec774  _LUF_ISR                              
0     003ec77e  _EMPTY_ISR                            
0     003ec78b  _PIE_RESERVED                         
0     003ec795  _rsvd_ISR                             
0     003ec79f  _UARTParityModeSet                    
0     003ec7a9  _UARTParityModeGet                    
0     003ec7b2  _UARTFIFOLevelSet                     
0     003ec7cc  _UARTFIFOLevelGet                     
0     003ec7e2  _UARTConfigSetExpClk                  
0     003ec819  _UARTConfigGetExpClk                  
0     003ec83d  _UARTEnable                           
0     003ec847  _UARTDisable                          
0     003ec85d  _UARTFIFOEnable                       
0     003ec866  _UARTFIFODisable                      
0     003ec86f  _UARTTxIntModeSet                     
0     003ec87f  _UARTTxIntModeGet                     
0     003ec889  _UARTCharsAvail                       
0     003ec896  _UARTSpaceAvail                       
0     003ec8a3  _UARTCharGetNonBlocking               
0     003ec8b4  _UARTCharGet                          
0     003ec8ca  _UARTCharPutNonBlocking               
0     003ec8dd  _UARTCharPut                          
0     003ec8ed  _UARTBusy                             
0     003ec8fa  _UARTRXIntRegister                    
0     003ec910  _UARTTXIntRegister                    
0     003ec926  _UARTRXIntUnregister                  
0     003ec93a  _UARTTXIntUnregister                  
0     003ec94e  _UARTIntEnable                        
0     003ec97f  _UARTIntDisable                       
0     003ec9b5  _UARTIntStatus                        
0     003ec9e5  _UARTIntClear                         
0     003eca12  _UARTRxErrorGet                       
0     003eca18  _UARTRxErrorClear                     
0     003ecb93  _USBBufferInit                        
0     003ecbad  _USBBufferZeroLengthPacketInsert      
0     003ecbc4  _USBBufferInfoGet                     
0     003ecbd2  _USBBufferDataWritten                 
0     003ecbe5  _USBBufferDataRemoved                 
0     003ecbf5  _USBBufferCallbackDataSet             
0     003ecbff  _USBBufferWrite                       
0     003ecc1e  _USBBufferFlush                       
0     003ecc2a  _USBBufferRead                        
0     003ecc47  _USBBufferDataAvailable               
0     003ecc53  _USBBufferSpaceAvailable              
0     003ecc5f  _USBBufferEventCallback               
0     003ecccd  _USBStackModeSet                      
0     003ecce3  _USB0DualModeIntHandler               
0     003ecd1e  _USBDualModeInit                      
0     003ecd62  _USBDualModeTerm                      
0     003ecd7c  _USBOTGModeTerm                       
0     003ecd99  _USBOTGModeInit                       
0     003ece09  _USBOTGPollRate                       
0     003ece11  _USB0OTGModeIntHandler                
0     003ece90  _OTGDeviceDisconnect                  
0     003ece9e  _USBOTGMain                           
0     003ecf48  _USBDeviceConfig                      
0     003ed091  _USBDeviceConfigAlternate             
0     003ed0fe  _IntMasterEnable                      
0     003ed102  _IntMasterDisable                     
0     003ed106  _IntRegister                          
0     003ed124  _IntUnregister                        
0     003ed144  _IntEnable                            
0     003ed16b  _IntDisable                           
0     003ed206  _Interrupt_enable                     
0     003ed250  _Interrupt_disable                    
0     003ed2fc  _USBDCDConfigDescGetSize              
0     003ed316  _USBDCDConfigDescGetNum               
0     003ed33c  _USBDCDConfigDescGet                  
0     003ed382  _USBDCDConfigGetNumAlternateInterfaces
0     003ed3a7  _USBDCDConfigGetInterface             
0     003ed3c0  _USBDCDConfigGetInterfaceEndpoint     
0     003ed412  _USBRingBufFull                       
0     003ed42b  _USBRingBufEmpty                      
0     003ed43d  _USBRingBufFlush                      
0     003ed450  _USBRingBufUsed                       
0     003ed461  _USBRingBufFree                       
0     003ed46c  _USBRingBufContigUsed                 
0     003ed47c  _USBRingBufContigFree                 
0     003ed497  _USBRingBufSize                       
0     003ed49c  _USBRingBufReadOne                    
0     003ed4af  _USBRingBufRead                       
0     003ed4ca  _USBRingBufAdvanceRead                
0     003ed4e1  _USBRingBufAdvanceWrite               
0     003ed508  _USBRingBufWriteOne                   
0     003ed51c  _USBRingBufWrite                      
0     003ed536  _USBRingBufInit                       
0     003ed545  _USBDescGetNum                        
0     003ed56d  _USBDescGet                           
0     003ed59a  _USBDescGetNumAlternateInterfaces     
0     003ed5ea  _USBDescGetInterface                  
0     003ed604  _USBDescGetInterfaceEndpoint          
0     003ed617  _strtoul                              
0     003ed6cf  _SysCtlPeripheralReset                
0     003ed6d3  _SysCtlPeripheralEnable               
0     003ed710  _SysCtlPeripheralDisable              
0     003ed74d  _SysCtlPeripheralPresent              
0     003ed752  _SysCtlDelay                          
0     003ed765  _SysCtlClockGet                       
0     003ed76d  _SysCtlUSBPLLEnable                   
0     003ed77a  _SysCtlUSBPLLDisable                  
0     003ed77f  FD$$ADD                               
0     003ed81b  _USBUARTTXIntHandler                  
0     003ed863  _USBUARTRXIntHandler                  
0     003ed8af  _f28x_USB0DeviceIntHandler            
0     003ed8df  _f28x_USB0HostIntHandler              
0     003ed90f  _f28x_USB0DualModeIntHandler          
0     003ed93f  FD$$DIV                               
0     003ed9ca  _InternalUSBTickInit                  
0     003ed9f1  _InternalUSBTickReset                 
0     003ed9f5  _InternalUSBRegisterTickHandler       
0     003eda25  _InternalUSBStartOfFrameTick          
0     003eda52  FD$$MPY                               
0     003edad5  _USBGPIOEnable                        
0     003edadd  _USBGPIODisable                       
0     003edae5  _USBDelay                             
0     003edb27  _c_int00                              
0     003edb6d  _InitPieCtrl                          
0     003edb8c  _EnableInterrupts                     
0     003edb95  _InitPieVectTable                     
0     003edbbd  FD$$TOUL                              
0     003edbd8  __args_main                           
0     003edbf1  C$$EXIT                               
0     003edbf1  _abort                                
0     003edbf3  _exit                                 
0     003edc0a  UL$$TOFD                              
0     003edc20  _USB0DeviceIntHandler                 
0     003edc32  FD$$SUB                               
0     003edc40  _IntDefaultHandler                    
0     003edc4d  _strcmp                               
0     003edc57  __register_unlock                     
0     003edc5b  __register_lock                       
0     003edc5f  __nop                                 
0     003f4000  __ctypes_                             
0     003f4102  _PieVectTableInit                     
0     003f4246  _g_pui8ConfigString                   
0     003f427c  _g_sCDCSerDataInterfaceSection        
0     003f4280  _g_sCDCSerCommInterfaceSection        
0     003f4284  _g_sCDCCompSerConfigHeader            
0     003f4288  _g_sCDCSerConfigHeader                
0     003f428c  _g_sIADSerConfigSection               
0     003f4290  _g_sCDCSerConfigSection               
0     003f4294  _g_sCDCHandlers                       
0     003f42d9  _g_pui8ControlInterfaceString         
0     003f4305  _g_pui8ManufacturerString             
0     003f432a  _g_sTxBuffer                          
0     003f433c  _g_sRxBuffer                          
0     003f434e  _g_pui8CDCSerCommInterface            
0     003f4371  _g_pui8ProdectString                  
0     003f43ae  _g_pui8CDCSerDataInterface            
0     003f43c5  _g_pui8SerialNumberString             
0     003f43e8  _g_pui8StringDescriptors              
0     003f43f4  _g_sUSBHubClassDriver                 
0     003f43fc  _g_pui8LangDescriptor                 
0     003f4400  _g_pCDCCompSerConfigDescriptors       
0     003f4402  _g_ppCDCSerConfigDescriptors          
0     003f4404  ___cinit__                            
0     003f4404  cinit                                 
0     003f451a  _ConfigDescAlloc                      
0     003f4568  _ConfigDescFree                       
0     003f45d9  _USBHCDEventEnable                    
0     003f45ee  _USBHCDEventDisable                   
0     003f46c3  _USBHCDPipeAllocSize                  
0     003f48b7  _USBHCDPipeAlloc                      
0     003f48c6  _USBHCDPipeConfig                     
0     003f4996  _USBHCDPipeStatus                     
0     003f499b  _USBHCDPipeWrite                      
0     003f4a9d  _USBHCDPipeSchedule                   
0     003f4b44  _USBHCDPipeReadNonBlocking            
0     003f4b6f  _USBHCDPipeDataAck                    
0     003f4b8c  _USBHCDPipeRead                       
0     003f4ca4  _USBHCDPipeFree                       
0     003f4eb1  _USBHCDPowerConfigInit                
0     003f4eb9  _USBHCDPowerConfigGet                 
0     003f4ec0  _USBHCDPowerConfigSet                 
0     003f4eea  _USBHCDPowerAutomatic                 
0     003f4ef5  _USBHCDInit                           
0     003f4f47  _USBHCDRegisterDrivers                
0     003f4f52  _USBHCDTerm                           
0     003f4fb4  _USBHCDReset                          
0     003f4fda  _USBHCDSuspend                        
0     003f4fe3  _USBHCDResume                         
0     003f50a3  _USBHCDSetAddress                     
0     003f514c  _USBHCDSetConfig                      
0     003f5170  _USBHCDSetInterface                   
0     003f519c  _USBHostCheckPipes                    
0     003f5228  _USBHostIntHandlerInternal            
0     003f55a1  _USB0HostIntHandler                   
0     003f561c  _InternalUSBHCDSendEvent              
0     003f56c9  _USBHCDMain                           
0     003f588e  _USBHCDControlTransfer                
0     003f5920  _USBHCDHubDeviceConnected             
0     003f5978  _USBHCDHubDeviceDisconnected          
0     003f5a78  _USBHCDDevHubPort                     
0     003f5a8c  _USBHCDDevAddress                     
0     003f5aa0  _USBHCDDevClass                       
0     003f5ac5  _USBHCDDevSubClass                    
0     003f5aea  _USBHCDDevProtocol                    
0     003f5b9e  _USBHostSuspend                       
0     003f5bb2  _USBHostReset                         
0     003f5bd1  _USBHostResume                        
0     003f5bf2  _USBHostSpeedGet                      
0     003f5c15  _USBIntStatus                         
0     003f5c64  _USBIntDisable                        
0     003f5cc0  _USBIntEnable                         
0     003f5d19  _USBIntDisableControl                 
0     003f5d54  _USBIntEnableControl                  
0     003f5d8c  _USBIntStatusControl                  
0     003f5dbd  _USBIntDisableEndpoint                
0     003f5ddb  _USBIntEnableEndpoint                 
0     003f5df7  _USBIntStatusEndpoint                 
0     003f5e0f  _USBIntRegister                       
0     003f5e27  _USBIntUnregister                     
0     003f5e3d  _USBEndpointStatus                    
0     003f5e7c  _USBHostEndpointStatusClear           
0     003f5ecc  _USBDevEndpointStatusClear            
0     003f5f37  _USBHostEndpointDataToggle            
0     003f5fb2  _USBEndpointDataToggleClear           
0     003f5ff2  _USBDevEndpointStall                  
0     003f604d  _USBDevEndpointStallClear             
0     003f60bb  _USBDevConnect                        
0     003f60d1  _USBDevDisconnect                     
0     003f60e8  _USBDevAddrSet                        
0     003f60fb  _USBDevAddrGet                        
0     003f610f  _USBHostEndpointConfig                
0     003f61e0  _USBDevEndpointConfigSet              
0     003f6269  _USBDevEndpointConfigGet              
0     003f6300  _USBFIFOConfigSet                     
0     003f6366  _USBFIFOConfigGet                     
0     003f63ce  _USBEndpointDMAEnable                 
0     003f63e6  _USBEndpointDMADisable                
0     003f6400  _USBEndpointDataAvail                 
0     003f6446  _USBEndpointDataGet                   
0     003f64b1  _USBDevEndpointDataAck                
0     003f64fb  _USBHostEndpointDataAck               
0     003f653e  _USBEndpointDataPut                   
0     003f6592  _USBEndpointDataSend                  
0     003f65eb  _USBFIFOFlush                         
0     003f664f  _USBHostRequestIN                     
0     003f668d  _USBHostRequestINClear                
0     003f66cd  _USBHostRequestStatus                 
0     003f66e4  _USBHostAddrSet                       
0     003f6726  _USBHostAddrGet                       
0     003f676a  _USBHostHubAddrSet                    
0     003f67c2  _USBHostHubAddrGet                    
0     003f6806  _USBHostPwrConfig                     
0     003f683c  _USBHostPwrFaultEnable                
0     003f6853  _USBHostPwrFaultDisable               
0     003f686a  _USBHostPwrEnable                     
0     003f6881  _USBHostPwrDisable                    
0     003f6898  _USBFrameNumberGet                    
0     003f68ac  _USBOTGSessionRequest                 
0     003f68cd  _USBFIFOAddrGet                       
0     003f68d6  _USBModeGet                           
0     003f68ed  _USBEndpointDMAChannel                
0     003f6933  _USBHostMode                          
0     003f694a  _USBDevMode                           
0     003f6961  _USBOTGMode                           
0     003f6978  _USBPHYPowerOff                       
0     003f6982  _USBPHYPowerOn                        
0     003f698d  _USBEndpointPacketCountSet            
0     003f699c  _USBNumEndpointsGet                   
0     003f69a1  _USBDCDDeviceInfoInit                 
0     003f69b1  _USBDCDInit                           
0     003f6a2f  _USBDCDTerm                           
0     003f6a62  _USBDCDRequestDataEP0                 
0     003f6a70  _USBDCDSendDataEP0                    
0     003f6a7f  _USBDCDSetDefaultConfiguration        
0     003f6a87  _USBDCDStallEP0                       
0     003f6a98  _USBDCDPowerStatusSet                 
0     003f6aa5  _USBDCDRemoteWakeupRequest            
0     003f6abb  _USBDeviceResumeTickHandler           
0     003f6b29  _USBDeviceEnumHandler                 
0     003f6bea  _USBDeviceEnumResetHandler            
0     003f715e  _USBDeviceIntHandlerInternal          
0     003f7318  _ProcessDataFromHost                  
0     003f7376  _ProcessNotificationToHost            
0     003f73a5  _ProcessDataToHost                    
0     003f76d7  _USBDCDCCompositeInit                 
0     003f776f  _USBDCDCInit                          
0     003f77c2  _USBDCDCTerm                          
0     003f77cf  _USBDCDCSetControlCBData              
0     003f77db  _USBDCDCSetRxCBData                   
0     003f77ed  _USBDCDCSetTxCBData                   
0     003f77ff  _USBDCDCPacketWrite                   
0     003f7845  _USBDCDCPacketRead                    
0     003f78ad  _USBDCDCTxPacketAvailable             
0     003f78bd  _USBDCDCRxPacketAvailable             
0     003f78e8  _USBDCDCSerialStateChange             
0     003f7916  _USBDCDCPowerStatusSet                
0     003f791f  _USBDCDCRemoteWakeupRequest           
0     003f7926  ___error__                            
0     003f7a71  _ControlHandler                       
0     003f7abb  _TxHandler                            
0     003f7ac3  _RxHandler                            
0     003f7b39  _SysCtrlInit                          
0     003f7b6b  _HexConstant                          
0     003f7b6f  _SetOutput                            
0     003f7bd0  _OctalShiftLeft                       
0     003f7bd7  _OctalShiftRight                      
0     003f7bdd  _OctalAND                             
0     003f7be5  _main                                 
0     003f7f21  _USBLibDMAInit                        
0     003f7ff6  code_start                            
1     00000050  __stack                               
1     00000350  __STACK_END                           
1     00000880  _DevEmuRegs                           
1     00000985  _SysPwrCtrlRegs                       
1     00000a80  _FlashRegs                            
1     00000ae0  _CsmRegs                              
1     00000b00  _AdcResult                            
1     00000c00  _CpuTimer0Regs                        
1     00000c08  _CpuTimer1Regs                        
1     00000c10  _CpuTimer2Regs                        
1     00000ce0  _PieCtrlRegs                          
1     00000d00  _EmuKey                               
1     00000d00  _PieVectTable                         
1     00000d01  _EmuBMode                             
1     00000d02  _Flash_CallbackPtr                    
1     00000d04  _Flash_CPUScaleFactor                 
1     00001000  _DmaRegs                              
1     00001400  _Cla1Regs                             
1     00004000  _Usb0Regs                             
1     00005000  _McbspaRegs                           
1     00006000  _ECanaRegs                            
1     00006040  _ECanaLAMRegs                         
1     00006080  _ECanaMOTSRegs                        
1     000060c0  _ECanaMOTORegs                        
1     00006100  _ECanaMboxes                          
1     00006400  _Comp1Regs                            
1     00006420  _Comp2Regs                            
1     00006440  _Comp3Regs                            
1     00006800  _EPwm1Regs                            
1     00006840  _EPwm2Regs                            
1     00006880  _EPwm3Regs                            
1     000068c0  _EPwm4Regs                            
1     00006900  _EPwm5Regs                            
1     00006940  _EPwm6Regs                            
1     00006980  _EPwm7Regs                            
1     000069c0  _EPwm8Regs                            
1     00006a00  _ECap1Regs                            
1     00006a20  _ECap2Regs                            
1     00006a40  _ECap3Regs                            
1     00006ac0  _HRCap1Regs                           
1     00006ae0  _HRCap2Regs                           
1     00006b00  _EQep1Regs                            
1     00006b40  _EQep2Regs                            
1     00006c80  _HRCap3Regs                           
1     00006ca0  _HRCap4Regs                           
1     00006f80  _GpioCtrlRegs                         
1     00006fc0  _GpioDataRegs                         
1     00006fe0  _GpioIntRegs                          
1     00007010  _SysCtrlRegs                          
1     00007040  _SpiaRegs                             
1     00007050  _SciaRegs                             
1     00007060  _NmiIntruptRegs                       
1     00007070  _XIntruptRegs                         
1     00007100  _AdcRegs                              
1     00007740  _SpibRegs                             
1     00007750  _ScibRegs                             
1     00007900  _I2caRegs                             
1     00009001  _program_recieved                     
1     00009002  _program_compiled                     
1     000097ce  _g_psCDCSerSections                   
1     000097d4  _g_psCDCCompSerSections               
1     000097dc  _g_pui8IADSerDescriptor               
1     000097e4  _g_pui8CDCSerDescriptor               
1     000097ed  _g_pui8CDCSerDeviceDescriptor         
1     000097ff  _errno                                
1     00009800  _g_pui8TxBufferWorkspace              
1     00009818  _g_pui8RxBufferWorkspace              
1     00009840  _g_sCDCDevice                         
1     00009880  _g_pi8USBRxBuffer                     
1     00009980  _g_pi8USBTxBuffer                     
1     00009b0c  _g_bUSBTimerInitialized               
1     00009b0e  _g_ui32CurrentUSBTick                 
1     00009b10  _g_ui32USBSOFCount                    
1     00009b12  _g_pfnTickHandlers                    
1     00009b1e  _g_pvTickInstance                     
1     00009b2b  _g_iUSBMode                           
1     00009b2c  _g_eOTGModeState                      
1     00009b30  _g_ui32PollRate                       
1     00009b32  _g_ui32WaitTicks                      
1     00009b34  ___TI_cleanup_ptr                     
1     00009b36  ___TI_dtors_ptr                       
1     00009b38  __lock                                
1     00009b3a  __unlock                              
1     00009b40  _g_ppsDevInfo                         
1     00009b44  _g_psDCDInst                          
1     003d7e80  _PartIdRegs                           
1     003f7ff8  _CsmPwl                               
abs   00000004  _RamfuncsLoadSize                     
abs   00000300  __STACK_SIZE                          
abs   ffffffff  .text                                 
abs   ffffffff  ___binit__                            
abs   ffffffff  ___c_args__                           
abs   ffffffff  ___etext__                            
abs   ffffffff  ___pinit__                            
abs   ffffffff  ___text__                             
abs   ffffffff  binit                                 
abs   ffffffff  etext                                 
abs   ffffffff  pinit                                 

[499 symbols]
