******************************************************************************
             TMS320C2000 Linker PC v6.4.6                      
******************************************************************************
>> Linked Sat Apr 09 15:02:17 2016

OUTPUT FILE NAME:   <PicoCommander.out>
ENTRY POINT SYMBOL: "_c_int00"  address: 003e124f


MEMORY CONFIGURATION

         name            origin    length      used     unused   attr    fill
----------------------  --------  ---------  --------  --------  ----  --------
PAGE 0:
  RAML0                 00008000   00000800  00000004  000007fc  RWIX
  RAML1                 00008800   00000400  00000000  00000400  RWIX
  OTP                   003d7800   00000400  00000000  00000400  RWIX
  FLASHH                003d8000   00004000  00000000  00004000  RWIX
  FLASHG                003dc000   00004000  00000000  00004000  RWIX
  FLASHF                003e0000   00004000  00001363  00002c9d  RWIX
  FLASHE                003e4000   00004000  00003ffb  00000005  RWIX
  FLASHD                003e8000   00004000  00000004  00003ffc  RWIX
  FLASHC                003ec000   00004000  00000000  00004000  RWIX
  FLASHA                003f4000   00003f80  00000412  00003b6e  RWIX
  CSM_RSVD              003f7f80   00000076  00000000  00000076  RWIX
  BEGIN                 003f7ff6   00000002  00000000  00000002  RWIX
  CSM_PWL_P0            003f7ff8   00000008  00000000  00000008  RWIX
  FPUTABLES             003fd860   000006a0  00000000  000006a0  RWIX
  IQTABLES              003fdf00   00000b50  00000000  00000b50  RWIX
  IQTABLES2             003fea50   0000008c  00000000  0000008c  RWIX
  IQTABLES3             003feadc   000000aa  00000000  000000aa  RWIX
  ROM                   003ff3b0   00000c10  00000000  00000c10  RWIX
  RESET                 003fffc0   00000002  00000000  00000002  RWIX
  VECTORS               003fffc2   0000003e  00000000  0000003e  RWIX

PAGE 1:
  BOOT_RSVD             00000000   00000050  00000000  00000050  RWIX
  RAMM0                 00000050   000003b0  00000300  000000b0  RWIX
  RAMM1                 00000400   00000400  00000000  00000400  RWIX
  DEV_EMU               00000880   00000105  00000004  00000101  RWIX
  SYS_PWR_CTL           00000985   00000003  00000003  00000000  RWIX
  FLASH_REGS            00000a80   00000060  00000008  00000058  RWIX
  CSM                   00000ae0   00000020  00000010  00000010  RWIX
  ADC_RESULT            00000b00   00000020  00000010  00000010  RWIX
  CPU_TIMER0            00000c00   00000008  00000008  00000000  RWIX
  CPU_TIMER1            00000c08   00000008  00000008  00000000  RWIX
  CPU_TIMER2            00000c10   00000008  00000008  00000000  RWIX
  PIE_CTRL              00000ce0   00000020  0000001a  00000006  RWIX
  PIE_VECT              00000d00   00000100  00000100  00000000  RWIX
  DMA                   00001000   00000200  000000e0  00000120  RWIX
  CLA1                  00001400   00000080  00000040  00000040  RWIX
  USB0                  00004000   00001000  00000454  00000bac  RWIX
  McBSPA                00005000   00000040  00000024  0000001c  RWIX
  ECANA                 00006000   00000040  00000034  0000000c  RWIX
  ECANA_LAM             00006040   00000040  00000040  00000000  RWIX
  ECANA_MOTS            00006080   00000040  00000040  00000000  RWIX
  ECANA_MOTO            000060c0   00000040  00000040  00000000  RWIX
  ECANA_MBOX            00006100   00000100  00000100  00000000  RWIX
  COMP1                 00006400   00000020  00000014  0000000c  RWIX
  COMP2                 00006420   00000020  00000014  0000000c  RWIX
  COMP3                 00006440   00000020  00000014  0000000c  RWIX
  EPWM1                 00006800   00000040  00000040  00000000  RWIX
  EPWM2                 00006840   00000040  00000040  00000000  RWIX
  EPWM3                 00006880   00000040  00000040  00000000  RWIX
  EPWM4                 000068c0   00000040  00000040  00000000  RWIX
  EPWM5                 00006900   00000040  00000040  00000000  RWIX
  EPWM6                 00006940   00000040  00000040  00000000  RWIX
  EPWM7                 00006980   00000040  00000040  00000000  RWIX
  EPWM8                 000069c0   00000040  00000040  00000000  RWIX
  ECAP1                 00006a00   00000020  00000020  00000000  RWIX
  ECAP2                 00006a20   00000020  00000020  00000000  RWIX
  ECAP3                 00006a40   00000020  00000020  00000000  RWIX
  HRCAP1                00006ac0   00000020  00000020  00000000  RWIX
  HRCAP2                00006ae0   00000020  00000020  00000000  RWIX
  EQEP1                 00006b00   00000040  00000022  0000001e  RWIX
  EQEP2                 00006b40   00000040  00000022  0000001e  RWIX
  HRCAP3                00006c80   00000020  00000020  00000000  RWIX
  HRCAP4                00006ca0   00000020  00000020  00000000  RWIX
  GPIOCTRL              00006f80   00000040  00000040  00000000  RWIX
  GPIODAT               00006fc0   00000020  00000020  00000000  RWIX
  GPIOINT               00006fe0   00000020  00000020  00000000  RWIX
  SYSTEM                00007010   00000030  00000030  00000000  RWIX
  SPIA                  00007040   00000010  00000010  00000000  RWIX
  SCIA                  00007050   00000010  00000010  00000000  RWIX
  NMIINTRUPT            00007060   00000010  00000010  00000000  RWIX
  XINTRUPT              00007070   00000010  00000010  00000000  RWIX
  ADC                   00007100   00000080  00000050  00000030  RWIX
  SPIB                  00007740   00000010  00000010  00000000  RWIX
  SCIB                  00007750   00000010  00000010  00000000  RWIX
  I2CA                  00007900   00000040  00000022  0000001e  RWIX
  RAML2                 00008c00   00000400  00000000  00000400  RWIX
  RAML3                 00009000   00001000  0000087e  00000782  RWIX
  RAML4                 0000a000   00002000  00000000  00002000  RWIX
  RAML5                 0000c000   00002000  00000000  00002000  RWIX
  RAML6                 0000e000   00002000  00000000  00002000  RWIX
  RAML7                 00010000   00002000  00000000  00002000  RWIX
  RAML8                 00012000   00002000  00000000  00002000  RWIX
  USB_RAM               00040000   00000800  00000000  00000800  RWIX
  PARTID                003d7e80   00000001  00000001  00000000  RWIX
  FLASHB                003f0000   00004000  00000000  00004000  RWIX
  CSM_PWL               003f7ff8   00000008  00000008  00000000  RWIX


SECTION ALLOCATION MAP

 output                                  attributes/
section   page    origin      length       input sections
--------  ----  ----------  ----------   ----------------
.cinit     0    003f4302    000000e6     
                  003f4302    00000046     usblib.lib : usbhostenum.obj (.cinit)
                  003f4348    00000040                : usbdcdc.obj (.cinit)
                  003f4388    00000017     usb_serial_structs.obj (.cinit)
                  003f439f    00000013     main.obj (.cinit)
                  003f43b2    0000000e     usblib.lib : usbtick.obj (.cinit)
                  003f43c0    0000000d                : usbmode.obj (.cinit)
                  003f43cd    0000000a     rts2800_fpu32.lib : exit.obj (.cinit)
                  003f43d7    00000005                       : _lock.obj (.cinit:__lock)
                  003f43dc    00000005                       : _lock.obj (.cinit:__unlock)
                  003f43e1    00000005     usblib.lib : usbdenum.obj (.cinit)
                  003f43e6    00000002     --HOLE-- [fill = 0]

.pinit     0    003f4000    00000000     UNINITIALIZED

.text.1    0    003e0000    00001363     
                  003e0000    0000028f     driverlib.lib : uart.obj (.text)
                  003e028f    00000265     usblib.lib : usbbuffer.obj (.text)
                  003e04f4    0000025b                : usbmode.obj (.text)
                  003e074f    00000210                : usbdconfig.obj (.text)
                  003e095f    0000019d     driverlib.lib : interrupt.obj (.text)
                  003e0afc    00000153     usblib.lib : usbringbuf.obj (.text)
                  003e0c4f    000000d6                : usbdma.obj (.text)
                  003e0d25    000000d2                : usbdesc.obj (.text)
                  003e0df7    000000b0     sysctl.obj (.text)
                  003e0ea7    0000009c     rts2800_fpu32.lib : fd_add.obj (.text)
                  003e0f43    00000094     main.obj (.text:retain)
                  003e0fd7    00000090     driverlib.lib : usb_hal.obj (.text:retain)
                  003e1067    0000008b     rts2800_fpu32.lib : fd_div.obj (.text)
                  003e10f2    00000088     usblib.lib : usbtick.obj (.text)
                  003e117a    00000083     rts2800_fpu32.lib : fd_mpy.obj (.text)
                  003e11fd    00000052     driverlib.lib : usb_hal.obj (.text)
                  003e124f    00000046     rts2800_fpu32.lib : boot.obj (.text)
                  003e1295    00000028     F2806x_PieCtrl.obj (.text)
                  003e12bd    00000028     F2806x_PieVect.obj (.text)
                  003e12e5    00000019     rts2800_fpu32.lib : args_main.obj (.text)
                  003e12fe    00000019                       : exit.obj (.text)
                  003e1317    00000016                       : ul_tofd.obj (.text)
                  003e132d    00000012     usblib.lib : usbdhandler.obj (.text)
                  003e133f    0000000e     rts2800_fpu32.lib : fd_sub.obj (.text)
                  003e134d    0000000d     driverlib.lib : interrupt.obj (.text:retain)
                  003e135a    00000009     rts2800_fpu32.lib : _lock.obj (.text)

.text.2    0    003e4000    00003ffb     
                  003e4000    000015f5     usblib.lib : usbhostenum.obj (.text)
                  003e55f5    00000e92     usb.obj (.text)
                  003e6487    00000855     usblib.lib : usbdenum.obj (.text)
                  003e6cdc    00000730                : usbdcdc.obj (.text)
                  003e740c    00000404                : usbhhub.obj (.text)
                  003e7810    0000039b     F2806x_DefaultIsr.obj (.text:retain)
                  003e7bab    000002de     main.obj (.text)
                  003e7e89    00000157     usblib.lib : usbdcdesc.obj (.text)
                  003e7fe0    0000001b     rts2800_fpu32.lib : fd_toul.obj (.text)

ramfuncs   0    003e8000    00000004     RUN ADDR = 00008000
                  003e8000    00000004     F2806x_usDelay.obj (ramfuncs)

.econst    0    003f4000    00000302     
                  003f4000    00000100     F2806x_PieVect.obj (.econst)
                  003f4100    00000044     usb.obj (.econst:.string)
                  003f4144    00000036     usb_serial_structs.obj (.econst:_g_pui8ConfigString)
                  003f417a    00000030     usblib.lib : usbdcdc.obj (.econst)
                  003f41aa    0000002d     main.obj (.econst:.string)
                  003f41d7    0000002c     usb_serial_structs.obj (.econst:_g_pui8ControlInterfaceString)
                  003f4203    00000024     usb_serial_structs.obj (.econst:_g_pui8ManufacturerString)
                  003f4227    00000001     --HOLE-- [fill = 0]
                  003f4228    00000024     usb_serial_structs.obj (.econst)
                  003f424c    00000023     usblib.lib : usbdcdc.obj (.econst:_g_pui8CDCSerCommInterface)
                  003f426f    00000022     usb_serial_structs.obj (.econst:_g_pui8ProdectString)
                  003f4291    00000001     --HOLE-- [fill = 0]
                  003f4292    0000001a     usblib.lib : usbdenum.obj (.econst:_g_psUSBDStdRequests)
                  003f42ac    00000017                : usbdcdc.obj (.econst:_g_pui8CDCSerDataInterface)
                  003f42c3    00000012     usb_serial_structs.obj (.econst:_g_pui8SerialNumberString)
                  003f42d5    00000001     --HOLE-- [fill = 0]
                  003f42d6    00000010     driverlib.lib : usb_hal.obj (.econst)
                  003f42e6    0000000c     usb_serial_structs.obj (.econst:_g_pui8StringDescriptors)
                  003f42f2    00000008     usblib.lib : usbhhub.obj (.econst)
                  003f42fa    00000004     usb_serial_structs.obj (.econst:_g_pui8LangDescriptor)
                  003f42fe    00000002     usblib.lib : usbdcdc.obj (.econst:_g_pCDCCompSerConfigDescriptors)
                  003f4300    00000002                : usbdcdc.obj (.econst:_g_ppCDCSerConfigDescriptors)

.switch    0    003f43e8    0000002a     
                  003f43e8    0000002a     usblib.lib : usbdcdc.obj (.switch:_HandleRequests)

.stack     1    00000050    00000300     UNINITIALIZED
                  00000050    00000300     --HOLE--

DevEmuRegsFile 
*          1    00000880    00000004     UNINITIALIZED
                  00000880    00000004     F2806x_GlobalVariableDefs.obj (DevEmuRegsFile)

SysPwrCtrlRegsFile 
*          1    00000985    00000003     UNINITIALIZED
                  00000985    00000003     F2806x_GlobalVariableDefs.obj (SysPwrCtrlRegsFile)

FlashRegsFile 
*          1    00000a80    00000008     UNINITIALIZED
                  00000a80    00000008     F2806x_GlobalVariableDefs.obj (FlashRegsFile)

CsmRegsFile 
*          1    00000ae0    00000010     UNINITIALIZED
                  00000ae0    00000010     F2806x_GlobalVariableDefs.obj (CsmRegsFile)

AdcResultFile 
*          1    00000b00    00000010     UNINITIALIZED
                  00000b00    00000010     F2806x_GlobalVariableDefs.obj (AdcResultFile)

CpuTimer0RegsFile 
*          1    00000c00    00000008     UNINITIALIZED
                  00000c00    00000008     F2806x_GlobalVariableDefs.obj (CpuTimer0RegsFile)

CpuTimer1RegsFile 
*          1    00000c08    00000008     UNINITIALIZED
                  00000c08    00000008     F2806x_GlobalVariableDefs.obj (CpuTimer1RegsFile)

CpuTimer2RegsFile 
*          1    00000c10    00000008     UNINITIALIZED
                  00000c10    00000008     F2806x_GlobalVariableDefs.obj (CpuTimer2RegsFile)

PieCtrlRegsFile 
*          1    00000ce0    0000001a     UNINITIALIZED
                  00000ce0    0000001a     F2806x_GlobalVariableDefs.obj (PieCtrlRegsFile)

PieVectTableFile 
*          1    00000d00    00000100     UNINITIALIZED
                  00000d00    00000100     F2806x_GlobalVariableDefs.obj (PieVectTableFile)

EmuKeyVar 
*          1    00000d00    00000001     UNINITIALIZED
                  00000d00    00000001     F2806x_GlobalVariableDefs.obj (EmuKeyVar)

EmuBModeVar 
*          1    00000d01    00000001     UNINITIALIZED
                  00000d01    00000001     F2806x_GlobalVariableDefs.obj (EmuBModeVar)

FlashCallbackVar 
*          1    00000d02    00000002     UNINITIALIZED
                  00000d02    00000002     F2806x_GlobalVariableDefs.obj (FlashCallbackVar)

FlashScalingVar 
*          1    00000d04    00000002     UNINITIALIZED
                  00000d04    00000002     F2806x_GlobalVariableDefs.obj (FlashScalingVar)

DmaRegsFile 
*          1    00001000    000000e0     UNINITIALIZED
                  00001000    000000e0     F2806x_GlobalVariableDefs.obj (DmaRegsFile)

Cla1RegsFile 
*          1    00001400    00000040     UNINITIALIZED
                  00001400    00000040     F2806x_GlobalVariableDefs.obj (Cla1RegsFile)

Usb0RegsFile 
*          1    00004000    00000454     UNINITIALIZED
                  00004000    00000454     F2806x_GlobalVariableDefs.obj (Usb0RegsFile)

McbspaRegsFile 
*          1    00005000    00000024     UNINITIALIZED
                  00005000    00000024     F2806x_GlobalVariableDefs.obj (McbspaRegsFile)

ECanaRegsFile 
*          1    00006000    00000034     UNINITIALIZED
                  00006000    00000034     F2806x_GlobalVariableDefs.obj (ECanaRegsFile)

ECanaLAMRegsFile 
*          1    00006040    00000040     UNINITIALIZED
                  00006040    00000040     F2806x_GlobalVariableDefs.obj (ECanaLAMRegsFile)

ECanaMOTSRegsFile 
*          1    00006080    00000040     UNINITIALIZED
                  00006080    00000040     F2806x_GlobalVariableDefs.obj (ECanaMOTSRegsFile)

ECanaMOTORegsFile 
*          1    000060c0    00000040     UNINITIALIZED
                  000060c0    00000040     F2806x_GlobalVariableDefs.obj (ECanaMOTORegsFile)

ECanaMboxesFile 
*          1    00006100    00000100     UNINITIALIZED
                  00006100    00000100     F2806x_GlobalVariableDefs.obj (ECanaMboxesFile)

Comp1RegsFile 
*          1    00006400    00000014     UNINITIALIZED
                  00006400    00000014     F2806x_GlobalVariableDefs.obj (Comp1RegsFile)

Comp2RegsFile 
*          1    00006420    00000014     UNINITIALIZED
                  00006420    00000014     F2806x_GlobalVariableDefs.obj (Comp2RegsFile)

Comp3RegsFile 
*          1    00006440    00000014     UNINITIALIZED
                  00006440    00000014     F2806x_GlobalVariableDefs.obj (Comp3RegsFile)

EPwm1RegsFile 
*          1    00006800    00000040     UNINITIALIZED
                  00006800    00000040     F2806x_GlobalVariableDefs.obj (EPwm1RegsFile)

EPwm2RegsFile 
*          1    00006840    00000040     UNINITIALIZED
                  00006840    00000040     F2806x_GlobalVariableDefs.obj (EPwm2RegsFile)

EPwm3RegsFile 
*          1    00006880    00000040     UNINITIALIZED
                  00006880    00000040     F2806x_GlobalVariableDefs.obj (EPwm3RegsFile)

EPwm4RegsFile 
*          1    000068c0    00000040     UNINITIALIZED
                  000068c0    00000040     F2806x_GlobalVariableDefs.obj (EPwm4RegsFile)

EPwm5RegsFile 
*          1    00006900    00000040     UNINITIALIZED
                  00006900    00000040     F2806x_GlobalVariableDefs.obj (EPwm5RegsFile)

EPwm6RegsFile 
*          1    00006940    00000040     UNINITIALIZED
                  00006940    00000040     F2806x_GlobalVariableDefs.obj (EPwm6RegsFile)

EPwm7RegsFile 
*          1    00006980    00000040     UNINITIALIZED
                  00006980    00000040     F2806x_GlobalVariableDefs.obj (EPwm7RegsFile)

EPwm8RegsFile 
*          1    000069c0    00000040     UNINITIALIZED
                  000069c0    00000040     F2806x_GlobalVariableDefs.obj (EPwm8RegsFile)

ECap1RegsFile 
*          1    00006a00    00000020     UNINITIALIZED
                  00006a00    00000020     F2806x_GlobalVariableDefs.obj (ECap1RegsFile)

ECap2RegsFile 
*          1    00006a20    00000020     UNINITIALIZED
                  00006a20    00000020     F2806x_GlobalVariableDefs.obj (ECap2RegsFile)

ECap3RegsFile 
*          1    00006a40    00000020     UNINITIALIZED
                  00006a40    00000020     F2806x_GlobalVariableDefs.obj (ECap3RegsFile)

HRCap1RegsFile 
*          1    00006ac0    00000020     UNINITIALIZED
                  00006ac0    00000020     F2806x_GlobalVariableDefs.obj (HRCap1RegsFile)

HRCap2RegsFile 
*          1    00006ae0    00000020     UNINITIALIZED
                  00006ae0    00000020     F2806x_GlobalVariableDefs.obj (HRCap2RegsFile)

EQep1RegsFile 
*          1    00006b00    00000022     UNINITIALIZED
                  00006b00    00000022     F2806x_GlobalVariableDefs.obj (EQep1RegsFile)

EQep2RegsFile 
*          1    00006b40    00000022     UNINITIALIZED
                  00006b40    00000022     F2806x_GlobalVariableDefs.obj (EQep2RegsFile)

HRCap3RegsFile 
*          1    00006c80    00000020     UNINITIALIZED
                  00006c80    00000020     F2806x_GlobalVariableDefs.obj (HRCap3RegsFile)

HRCap4RegsFile 
*          1    00006ca0    00000020     UNINITIALIZED
                  00006ca0    00000020     F2806x_GlobalVariableDefs.obj (HRCap4RegsFile)

GpioCtrlRegsFile 
*          1    00006f80    00000040     UNINITIALIZED
                  00006f80    00000040     F2806x_GlobalVariableDefs.obj (GpioCtrlRegsFile)

GpioDataRegsFile 
*          1    00006fc0    00000020     UNINITIALIZED
                  00006fc0    00000020     F2806x_GlobalVariableDefs.obj (GpioDataRegsFile)

GpioIntRegsFile 
*          1    00006fe0    00000020     UNINITIALIZED
                  00006fe0    00000020     F2806x_GlobalVariableDefs.obj (GpioIntRegsFile)

SysCtrlRegsFile 
*          1    00007010    00000030     UNINITIALIZED
                  00007010    00000030     F2806x_GlobalVariableDefs.obj (SysCtrlRegsFile)

SpiaRegsFile 
*          1    00007040    00000010     UNINITIALIZED
                  00007040    00000010     F2806x_GlobalVariableDefs.obj (SpiaRegsFile)

SciaRegsFile 
*          1    00007050    00000010     UNINITIALIZED
                  00007050    00000010     F2806x_GlobalVariableDefs.obj (SciaRegsFile)

NmiIntruptRegsFile 
*          1    00007060    00000010     UNINITIALIZED
                  00007060    00000010     F2806x_GlobalVariableDefs.obj (NmiIntruptRegsFile)

XIntruptRegsFile 
*          1    00007070    00000010     UNINITIALIZED
                  00007070    00000010     F2806x_GlobalVariableDefs.obj (XIntruptRegsFile)

AdcRegsFile 
*          1    00007100    00000050     UNINITIALIZED
                  00007100    00000050     F2806x_GlobalVariableDefs.obj (AdcRegsFile)

SpibRegsFile 
*          1    00007740    00000010     UNINITIALIZED
                  00007740    00000010     F2806x_GlobalVariableDefs.obj (SpibRegsFile)

ScibRegsFile 
*          1    00007750    00000010     UNINITIALIZED
                  00007750    00000010     F2806x_GlobalVariableDefs.obj (ScibRegsFile)

I2caRegsFile 
*          1    00007900    00000022     UNINITIALIZED
                  00007900    00000022     F2806x_GlobalVariableDefs.obj (I2caRegsFile)

.ebss      1    00009000    0000087e     UNINITIALIZED
                  00009000    0000038e     usblib.lib : usbhostenum.obj (.ebss)
                  0000938e    00000031                : usbdcdc.obj (.ebss)
                  000093bf    00000001     --HOLE--
                  000093c0    00000280     usb_serial_structs.obj (.ebss)
                  00009640    000000c0     main.obj (.ebss)
                  00009700    0000008c     usblib.lib : usbdma.obj (.ebss)
                  0000978c    0000001e                : usbtick.obj (.ebss)
                  000097aa    0000000a                : usbmode.obj (.ebss)
                  000097b4    00000004     rts2800_fpu32.lib : exit.obj (.ebss)
                  000097b8    00000002                       : _lock.obj (.ebss:__lock)
                  000097ba    00000002                       : _lock.obj (.ebss:__unlock)
                  000097bc    00000004     --HOLE--
                  000097c0    00000080     usblib.lib : usbdenum.obj (.ebss)
                  00009840    0000003e                : usbhhub.obj (.ebss)

.reset     0    003fffc0    00000002     DSECT
                  003fffc0    00000002     rts2800_fpu32.lib : boot.obj (.reset)

vectors    0    003fffc2    00000000     DSECT

PartIdRegsFile 
*          1    003d7e80    00000001     UNINITIALIZED
                  003d7e80    00000001     F2806x_GlobalVariableDefs.obj (PartIdRegsFile)

CsmPwlFile 
*          1    003f7ff8    00000008     UNINITIALIZED
                  003f7ff8    00000008     F2806x_GlobalVariableDefs.obj (CsmPwlFile)


GLOBAL DATA SYMBOLS: SORTED BY DATA PAGE

address     data page           name
--------    ----------------    ----
00000050       1 (00000040)     __stack

00000880      22 (00000880)     _DevEmuRegs

00000985      26 (00000980)     _SysPwrCtrlRegs

00000a80      2a (00000a80)     _FlashRegs

00000ae0      2b (00000ac0)     _CsmRegs

00000b00      2c (00000b00)     _AdcResult

00000c00      30 (00000c00)     _CpuTimer0Regs
00000c08      30 (00000c00)     _CpuTimer1Regs
00000c10      30 (00000c00)     _CpuTimer2Regs

00000ce0      33 (00000cc0)     _PieCtrlRegs

00000d00      34 (00000d00)     _EmuKey
00000d00      34 (00000d00)     _PieVectTable
00000d01      34 (00000d00)     _EmuBMode
00000d02      34 (00000d00)     _Flash_CallbackPtr
00000d04      34 (00000d00)     _Flash_CPUScaleFactor

00001000      40 (00001000)     _DmaRegs

00001400      50 (00001400)     _Cla1Regs

00004000     100 (00004000)     _Usb0Regs

00005000     140 (00005000)     _McbspaRegs

00006000     180 (00006000)     _ECanaRegs

00006040     181 (00006040)     _ECanaLAMRegs

00006080     182 (00006080)     _ECanaMOTSRegs

000060c0     183 (000060c0)     _ECanaMOTORegs

00006100     184 (00006100)     _ECanaMboxes

00006400     190 (00006400)     _Comp1Regs
00006420     190 (00006400)     _Comp2Regs

00006440     191 (00006440)     _Comp3Regs

00006800     1a0 (00006800)     _EPwm1Regs

00006840     1a1 (00006840)     _EPwm2Regs

00006880     1a2 (00006880)     _EPwm3Regs

000068c0     1a3 (000068c0)     _EPwm4Regs

00006900     1a4 (00006900)     _EPwm5Regs

00006940     1a5 (00006940)     _EPwm6Regs

00006980     1a6 (00006980)     _EPwm7Regs

000069c0     1a7 (000069c0)     _EPwm8Regs

00006a00     1a8 (00006a00)     _ECap1Regs
00006a20     1a8 (00006a00)     _ECap2Regs

00006a40     1a9 (00006a40)     _ECap3Regs

00006ac0     1ab (00006ac0)     _HRCap1Regs
00006ae0     1ab (00006ac0)     _HRCap2Regs

00006b00     1ac (00006b00)     _EQep1Regs

00006b40     1ad (00006b40)     _EQep2Regs

00006c80     1b2 (00006c80)     _HRCap3Regs
00006ca0     1b2 (00006c80)     _HRCap4Regs

00006f80     1be (00006f80)     _GpioCtrlRegs

00006fc0     1bf (00006fc0)     _GpioDataRegs
00006fe0     1bf (00006fc0)     _GpioIntRegs

00007010     1c0 (00007000)     _SysCtrlRegs

00007040     1c1 (00007040)     _SpiaRegs
00007050     1c1 (00007040)     _SciaRegs
00007060     1c1 (00007040)     _NmiIntruptRegs
00007070     1c1 (00007040)     _XIntruptRegs

00007100     1c4 (00007100)     _AdcRegs

00007740     1dd (00007740)     _SpibRegs
00007750     1dd (00007740)     _ScibRegs

00007900     1e4 (00007900)     _I2caRegs

0000938e     24e (00009380)     _g_psCDCSerSections
00009394     24e (00009380)     _g_psCDCCompSerSections
0000939c     24e (00009380)     _g_pui8IADSerDescriptor
000093a4     24e (00009380)     _g_pui8CDCSerDescriptor
000093ad     24e (00009380)     _g_pui8CDCSerDeviceDescriptor

000093c0     24f (000093c0)     _g_pui8TxBufferWorkspace
000093d8     24f (000093c0)     _g_pui8RxBufferWorkspace

00009400     250 (00009400)     _g_sCDCDevice

00009440     251 (00009440)     _g_pi8USBRxBuffer

00009540     255 (00009540)     _g_pi8USBTxBuffer

00009644     259 (00009640)     _pcStr1
00009646     259 (00009640)     _pcStr2

0000978c     25e (00009780)     _g_bUSBTimerInitialized
0000978e     25e (00009780)     _g_ui32CurrentUSBTick
00009790     25e (00009780)     _g_ui32USBSOFCount
00009792     25e (00009780)     _g_pfnTickHandlers
0000979e     25e (00009780)     _g_pvTickInstance
000097ab     25e (00009780)     _g_iUSBMode
000097ac     25e (00009780)     _g_eOTGModeState
000097b0     25e (00009780)     _g_ui32PollRate
000097b2     25e (00009780)     _g_ui32WaitTicks
000097b4     25e (00009780)     ___TI_cleanup_ptr
000097b6     25e (00009780)     ___TI_dtors_ptr
000097b8     25e (00009780)     __lock
000097ba     25e (00009780)     __unlock

000097c0     25f (000097c0)     _g_ppsDevInfo
000097c4     25f (000097c0)     _g_psDCDInst

003d7e80    f5fa (003d7e80)     _PartIdRegs

003f4000    fd00 (003f4000)     _PieVectTableInit

003f4144    fd05 (003f4140)     _g_pui8ConfigString
003f417a    fd05 (003f4140)     _g_sCDCSerDataInterfaceSection
003f417e    fd05 (003f4140)     _g_sCDCSerCommInterfaceSection

003f4182    fd06 (003f4180)     _g_sCDCCompSerConfigHeader
003f4186    fd06 (003f4180)     _g_sCDCSerConfigHeader
003f418a    fd06 (003f4180)     _g_sIADSerConfigSection
003f418e    fd06 (003f4180)     _g_sCDCSerConfigSection
003f4192    fd06 (003f4180)     _g_sCDCHandlers

003f41d7    fd07 (003f41c0)     _g_pui8ControlInterfaceString

003f4203    fd08 (003f4200)     _g_pui8ManufacturerString
003f4228    fd08 (003f4200)     _g_sTxBuffer
003f423a    fd08 (003f4200)     _g_sRxBuffer

003f424c    fd09 (003f4240)     _g_pui8CDCSerCommInterface
003f426f    fd09 (003f4240)     _g_pui8ProdectString

003f42ac    fd0a (003f4280)     _g_pui8CDCSerDataInterface

003f42c3    fd0b (003f42c0)     _g_pui8SerialNumberString
003f42e6    fd0b (003f42c0)     _g_pui8StringDescriptors
003f42f2    fd0b (003f42c0)     _g_sUSBHubClassDriver
003f42fa    fd0b (003f42c0)     _g_pui8LangDescriptor
003f42fe    fd0b (003f42c0)     _g_pCDCCompSerConfigDescriptors

003f4300    fd0c (003f4300)     _g_ppCDCSerConfigDescriptors

003f7ff8    fdff (003f7fc0)     _CsmPwl


GLOBAL SYMBOLS: SORTED ALPHABETICALLY BY Name 

page  address   name                                  
----  -------   ----                                  
abs   ffffffff  .text                                 
0     003e12fe  C$$EXIT                               
0     003e0ea7  FD$$ADD                               
0     003e1067  FD$$DIV                               
0     003e117a  FD$$MPY                               
0     003e133f  FD$$SUB                               
0     003e7fe0  FD$$TOUL                              
0     003e1317  UL$$TOFD                              
0     003e78ce  _ADCINT1_ISR                          
0     003e78d8  _ADCINT2_ISR                          
0     003e7ae0  _ADCINT3_ISR                          
0     003e7aea  _ADCINT4_ISR                          
0     003e7af4  _ADCINT5_ISR                          
0     003e7afe  _ADCINT6_ISR                          
0     003e7b08  _ADCINT7_ISR                          
0     003e7b12  _ADCINT8_ISR                          
0     003e78f6  _ADCINT9_ISR                          
1     00007100  _AdcRegs                              
1     00000b00  _AdcResult                            
0     003e7b1c  _CLA1_INT1_ISR                        
0     003e7b26  _CLA1_INT2_ISR                        
0     003e7b30  _CLA1_INT3_ISR                        
0     003e7b3a  _CLA1_INT4_ISR                        
0     003e7b44  _CLA1_INT5_ISR                        
0     003e7b4e  _CLA1_INT6_ISR                        
0     003e7b58  _CLA1_INT7_ISR                        
0     003e7b62  _CLA1_INT8_ISR                        
1     00001400  _Cla1Regs                             
1     00006400  _Comp1Regs                            
1     00006420  _Comp2Regs                            
1     00006440  _Comp3Regs                            
0     003e4000  _ConfigDescAlloc                      
0     003e404e  _ConfigDescFree                       
0     003e7cf6  _ControlHandler                       
1     00000c00  _CpuTimer0Regs                        
1     00000c08  _CpuTimer1Regs                        
1     00000c10  _CpuTimer2Regs                        
1     003f7ff8  _CsmPwl                               
1     00000ae0  _CsmRegs                              
0     003e7824  _DATALOG_ISR                          
0     003e7a54  _DINTCH1_ISR                          
0     003e7a5e  _DINTCH2_ISR                          
0     003e7a68  _DINTCH3_ISR                          
0     003e7a72  _DINTCH4_ISR                          
0     003e7a7c  _DINTCH5_ISR                          
0     003e7a86  _DINTCH6_ISR                          
0     00008000  _DSP28x_usDelay                       
1     00000880  _DevEmuRegs                           
1     00001000  _DmaRegs                              
0     003e7acc  _ECAN0INTA_ISR                        
0     003e7ad6  _ECAN1INTA_ISR                        
0     003e79b4  _ECAP1_INT_ISR                        
0     003e79be  _ECAP2_INT_ISR                        
0     003e79c8  _ECAP3_INT_ISR                        
1     00006040  _ECanaLAMRegs                         
1     000060c0  _ECanaMOTORegs                        
1     00006080  _ECanaMOTSRegs                        
1     00006100  _ECanaMboxes                          
1     00006000  _ECanaRegs                            
1     00006a00  _ECap1Regs                            
1     00006a20  _ECap2Regs                            
1     00006a40  _ECap3Regs                            
0     003e7b8a  _EMPTY_ISR                            
0     003e7838  _EMUINT_ISR                           
0     003e7964  _EPWM1_INT_ISR                        
0     003e7914  _EPWM1_TZINT_ISR                      
0     003e796e  _EPWM2_INT_ISR                        
0     003e791e  _EPWM2_TZINT_ISR                      
0     003e7978  _EPWM3_INT_ISR                        
0     003e7928  _EPWM3_TZINT_ISR                      
0     003e7982  _EPWM4_INT_ISR                        
0     003e7932  _EPWM4_TZINT_ISR                      
0     003e798c  _EPWM5_INT_ISR                        
0     003e793c  _EPWM5_TZINT_ISR                      
0     003e7996  _EPWM6_INT_ISR                        
0     003e7946  _EPWM6_TZINT_ISR                      
0     003e79a0  _EPWM7_INT_ISR                        
0     003e7950  _EPWM7_TZINT_ISR                      
0     003e79aa  _EPWM8_INT_ISR                        
0     003e795a  _EPWM8_TZINT_ISR                      
1     00006800  _EPwm1Regs                            
1     00006840  _EPwm2Regs                            
1     00006880  _EPwm3Regs                            
1     000068c0  _EPwm4Regs                            
1     00006900  _EPwm5Regs                            
1     00006940  _EPwm6Regs                            
1     00006980  _EPwm7Regs                            
1     000069c0  _EPwm8Regs                            
0     003e79e6  _EQEP1_INT_ISR                        
0     003e79f0  _EQEP2_INT_ISR                        
1     00006b00  _EQep1Regs                            
1     00006b40  _EQep2Regs                            
1     00000d01  _EmuBMode                             
1     00000d00  _EmuKey                               
0     003e12b4  _EnableInterrupts                     
1     00000a80  _FlashRegs                            
1     00000d04  _Flash_CPUScaleFactor                 
1     00000d02  _Flash_CallbackPtr                    
1     00006f80  _GpioCtrlRegs                         
1     00006fc0  _GpioDataRegs                         
1     00006fe0  _GpioIntRegs                          
0     003e79d2  _HRCAP1_INT_ISR                       
0     003e79dc  _HRCAP2_INT_ISR                       
0     003e79fa  _HRCAP3_INT_ISR                       
0     003e7a04  _HRCAP4_INT_ISR                       
1     00006ac0  _HRCap1Regs                           
1     00006ae0  _HRCap2Regs                           
1     00006c80  _HRCap3Regs                           
1     00006ca0  _HRCap4Regs                           
0     003e7a90  _I2CINT1A_ISR                         
0     003e7a9a  _I2CINT2A_ISR                         
1     00007900  _I2caRegs                             
0     003e784c  _ILLEGAL_ISR                          
0     003e7810  _INT13_ISR                            
0     003e781a  _INT14_ISR                            
0     003e1295  _InitPieCtrl                          
0     003e12bd  _InitPieVectTable                     
0     003e134d  _IntDefaultHandler                    
0     003e09cc  _IntDisable                           
0     003e09a5  _IntEnable                            
0     003e0963  _IntMasterDisable                     
0     003e095f  _IntMasterEnable                      
0     003e0967  _IntRegister                          
0     003e0985  _IntUnregister                        
0     003e5102  _InternalUSBHCDSendEvent              
0     003e111d  _InternalUSBRegisterTickHandler       
0     003e114d  _InternalUSBStartOfFrameTick          
0     003e10f2  _InternalUSBTickInit                  
0     003e1119  _InternalUSBTickReset                 
0     003e0ab1  _Interrupt_disable                    
0     003e0a67  _Interrupt_enable                     
0     003e7b80  _LUF_ISR                              
0     003e7b76  _LVF_ISR                              
0     003e7a40  _MRINTA_ISR                           
0     003e7a4a  _MXINTA_ISR                           
1     00005000  _McbspaRegs                           
0     003e7842  _NMI_ISR                              
1     00007060  _NmiIntruptRegs                       
0     003e06f1  _OTGDeviceDisconnect                  
0     003e7b97  _PIE_RESERVED                         
1     003d7e80  _PartIdRegs                           
1     00000ce0  _PieCtrlRegs                          
1     00000d00  _PieVectTable                         
0     003f4000  _PieVectTableInit                     
0     003e6dfe  _ProcessDataFromHost                  
0     003e6e8b  _ProcessDataToHost                    
0     003e6e5c  _ProcessNotificationToHost            
0     003e782e  _RTOSINT_ISR                          
0     003e8004  _RamfuncsLoadEnd                      
abs   00000004  _RamfuncsLoadSize                     
0     003e8000  _RamfuncsLoadStart                    
0     00008000  _RamfuncsRunStart                     
0     003e7d48  _RxHandler                            
0     003e7aa4  _SCIRXINTA_ISR                        
0     003e7ab8  _SCIRXINTB_ISR                        
0     003e7aae  _SCITXINTA_ISR                        
0     003e7ac2  _SCITXINTB_ISR                        
0     003e7a18  _SPIRXINTA_ISR                        
0     003e7a2c  _SPIRXINTB_ISR                        
0     003e7a22  _SPITXINTA_ISR                        
0     003e7a36  _SPITXINTB_ISR                        
1     00007050  _SciaRegs                             
1     00007750  _ScibRegs                             
1     00007040  _SpiaRegs                             
1     00007740  _SpibRegs                             
0     003e0e8d  _SysCtlClockGet                       
0     003e0e7a  _SysCtlDelay                          
0     003e0e38  _SysCtlPeripheralDisable              
0     003e0dfb  _SysCtlPeripheralEnable               
0     003e0e75  _SysCtlPeripheralPresent              
0     003e0df7  _SysCtlPeripheralReset                
0     003e0ea2  _SysCtlUSBPLLDisable                  
0     003e0e95  _SysCtlUSBPLLEnable                   
0     003e7dcd  _SysCtrlInit                          
1     00007010  _SysCtrlRegs                          
1     00000985  _SysPwrCtrlRegs                       
0     003e7900  _TINT0_ISR                            
0     003e7d40  _TxHandler                            
0     003e014e  _UARTBusy                             
0     003e0115  _UARTCharGet                          
0     003e0104  _UARTCharGetNonBlocking               
0     003e013e  _UARTCharPut                          
0     003e012b  _UARTCharPutNonBlocking               
0     003e00ea  _UARTCharsAvail                       
0     003e007a  _UARTConfigGetExpClk                  
0     003e0043  _UARTConfigSetExpClk                  
0     003e00a8  _UARTDisable                          
0     003e009e  _UARTEnable                           
0     003e00c7  _UARTFIFODisable                      
0     003e00be  _UARTFIFOEnable                       
0     003e002d  _UARTFIFOLevelGet                     
0     003e0013  _UARTFIFOLevelSet                     
0     003e0246  _UARTIntClear                         
0     003e01e0  _UARTIntDisable                       
0     003e01af  _UARTIntEnable                        
0     003e0216  _UARTIntStatus                        
0     003e000a  _UARTParityModeGet                    
0     003e0000  _UARTParityModeSet                    
0     003e015b  _UARTRXIntRegister                    
0     003e0187  _UARTRXIntUnregister                  
0     003e0279  _UARTRxErrorClear                     
0     003e0273  _UARTRxErrorGet                       
0     003e00f7  _UARTSpaceAvail                       
0     003e0171  _UARTTXIntRegister                    
0     003e019b  _UARTTXIntUnregister                  
0     003e00e0  _UARTTxIntModeGet                     
0     003e00d0  _UARTTxIntModeSet                     
0     003e132d  _USB0DeviceIntHandler                 
0     003e0544  _USB0DualModeIntHandler               
0     003e5087  _USB0HostIntHandler                   
0     003e0672  _USB0OTGModeIntHandler                
0     003e7a0e  _USB0_INT_ISR                         
0     003e0456  _USBBufferCallbackDataSet             
0     003e04a8  _USBBufferDataAvailable               
0     003e0446  _USBBufferDataRemoved                 
0     003e0433  _USBBufferDataWritten                 
0     003e04c0  _USBBufferEventCallback               
0     003e047f  _USBBufferFlush                       
0     003e0425  _USBBufferInfoGet                     
0     003e03f4  _USBBufferInit                        
0     003e048b  _USBBufferRead                        
0     003e04b4  _USBBufferSpaceAvailable              
0     003e0460  _USBBufferWrite                       
0     003e040e  _USBBufferZeroLengthPacketInsert      
0     003e71bd  _USBDCDCCompositeInit                 
0     003e7255  _USBDCDCInit                          
0     003e732b  _USBDCDCPacketRead                    
0     003e72e5  _USBDCDCPacketWrite                   
0     003e73fc  _USBDCDCPowerStatusSet                
0     003e7405  _USBDCDCRemoteWakeupRequest           
0     003e73a3  _USBDCDCRxPacketAvailable             
0     003e73ce  _USBDCDCSerialStateChange             
0     003e72b5  _USBDCDCSetControlCBData              
0     003e72c1  _USBDCDCSetRxCBData                   
0     003e72d3  _USBDCDCSetTxCBData                   
0     003e72a8  _USBDCDCTerm                          
0     003e7393  _USBDCDCTxPacketAvailable             
0     003e7f2a  _USBDCDConfigDescGet                  
0     003e7f04  _USBDCDConfigDescGetNum               
0     003e7eea  _USBDCDConfigDescGetSize              
0     003e7f95  _USBDCDConfigGetInterface             
0     003e7fae  _USBDCDConfigGetInterfaceEndpoint     
0     003e7f70  _USBDCDConfigGetNumAlternateInterfaces
0     003e6487  _USBDCDDeviceInfoInit                 
0     003e6497  _USBDCDInit                           
0     003e657e  _USBDCDPowerStatusSet                 
0     003e658b  _USBDCDRemoteWakeupRequest            
0     003e6548  _USBDCDRequestDataEP0                 
0     003e6556  _USBDCDSendDataEP0                    
0     003e6565  _USBDCDSetDefaultConfiguration        
0     003e656d  _USBDCDStallEP0                       
0     003e6515  _USBDCDTerm                           
0     003e120d  _USBDelay                             
0     003e0d4d  _USBDescGet                           
0     003e0dca  _USBDescGetInterface                  
0     003e0de4  _USBDescGetInterfaceEndpoint          
0     003e0d25  _USBDescGetNum                        
0     003e0d7a  _USBDescGetNumAlternateInterfaces     
0     003e5be1  _USBDevAddrGet                        
0     003e5bce  _USBDevAddrSet                        
0     003e5ba1  _USBDevConnect                        
0     003e5bb7  _USBDevDisconnect                     
0     003e5d4f  _USBDevEndpointConfigGet              
0     003e5cc6  _USBDevEndpointConfigSet              
0     003e5f97  _USBDevEndpointDataAck                
0     003e5ad8  _USBDevEndpointStall                  
0     003e5b33  _USBDevEndpointStallClear             
0     003e59b2  _USBDevEndpointStatusClear            
0     003e6430  _USBDevMode                           
0     003e07a9  _USBDeviceConfig                      
0     003e08f2  _USBDeviceConfigAlternate             
0     003e660f  _USBDeviceEnumHandler                 
0     003e66d0  _USBDeviceEnumResetHandler            
0     003e6c44  _USBDeviceIntHandlerInternal          
0     003e65a1  _USBDeviceResumeTickHandler           
0     003e057f  _USBDualModeInit                      
0     003e05c3  _USBDualModeTerm                      
0     003e63d3  _USBEndpointDMAChannel                
0     003e5ecc  _USBEndpointDMADisable                
0     003e5eb4  _USBEndpointDMAEnable                 
0     003e5ee6  _USBEndpointDataAvail                 
0     003e5f2c  _USBEndpointDataGet                   
0     003e6024  _USBEndpointDataPut                   
0     003e6078  _USBEndpointDataSend                  
0     003e5a98  _USBEndpointDataToggleClear           
0     003e6473  _USBEndpointPacketCountSet            
0     003e5923  _USBEndpointStatus                    
0     003e63b3  _USBFIFOAddrGet                       
0     003e5e4c  _USBFIFOConfigGet                     
0     003e5de6  _USBFIFOConfigSet                     
0     003e60d1  _USBFIFOFlush                         
0     003e637e  _USBFrameNumberGet                    
0     003e1205  _USBGPIODisable                       
0     003e11fd  _USBGPIOEnable                        
0     003e5374  _USBHCDControlTransfer                
0     003e5572  _USBHCDDevAddress                     
0     003e5586  _USBHCDDevClass                       
0     003e555e  _USBHCDDevHubPort                     
0     003e55d0  _USBHCDDevProtocol                    
0     003e55ab  _USBHCDDevSubClass                    
0     003e40d4  _USBHCDEventDisable                   
0     003e40bf  _USBHCDEventEnable                    
0     003e5406  _USBHCDHubDeviceConnected             
0     003e545e  _USBHCDHubDeviceDisconnected          
0     003e49db  _USBHCDInit                           
0     003e51af  _USBHCDMain                           
0     003e439d  _USBHCDPipeAlloc                      
0     003e41a9  _USBHCDPipeAllocSize                  
0     003e43ac  _USBHCDPipeConfig                     
0     003e4655  _USBHCDPipeDataAck                    
0     003e478a  _USBHCDPipeFree                       
0     003e4672  _USBHCDPipeRead                       
0     003e462a  _USBHCDPipeReadNonBlocking            
0     003e4583  _USBHCDPipeSchedule                   
0     003e447c  _USBHCDPipeStatus                     
0     003e4481  _USBHCDPipeWrite                      
0     003e49d0  _USBHCDPowerAutomatic                 
0     003e499f  _USBHCDPowerConfigGet                 
0     003e4997  _USBHCDPowerConfigInit                
0     003e49a6  _USBHCDPowerConfigSet                 
0     003e4a2d  _USBHCDRegisterDrivers                
0     003e4a9a  _USBHCDReset                          
0     003e4ac9  _USBHCDResume                         
0     003e4b89  _USBHCDSetAddress                     
0     003e4c32  _USBHCDSetConfig                      
0     003e4c56  _USBHCDSetInterface                   
0     003e4ac0  _USBHCDSuspend                        
0     003e4a38  _USBHCDTerm                           
0     003e77fc  _USBHHubClose                         
0     003e77cc  _USBHHubEnumerationComplete           
0     003e77dd  _USBHHubEnumerationError              
0     003e7805  _USBHHubInit                          
0     003e76df  _USBHHubMain                          
0     003e77ee  _USBHHubOpen                          
0     003e620c  _USBHostAddrGet                       
0     003e61ca  _USBHostAddrSet                       
0     003e4c82  _USBHostCheckPipes                    
0     003e5bf5  _USBHostEndpointConfig                
0     003e5fe1  _USBHostEndpointDataAck               
0     003e5a1d  _USBHostEndpointDataToggle            
0     003e5962  _USBHostEndpointStatusClear           
0     003e62a8  _USBHostHubAddrGet                    
0     003e6250  _USBHostHubAddrSet                    
0     003e4d0e  _USBHostIntHandlerInternal            
0     003e6419  _USBHostMode                          
0     003e62ec  _USBHostPwrConfig                     
0     003e6367  _USBHostPwrDisable                    
0     003e6350  _USBHostPwrEnable                     
0     003e6339  _USBHostPwrFaultDisable               
0     003e6322  _USBHostPwrFaultEnable                
0     003e6135  _USBHostRequestIN                     
0     003e6173  _USBHostRequestINClear                
0     003e61b3  _USBHostRequestStatus                 
0     003e5698  _USBHostReset                         
0     003e56b7  _USBHostResume                        
0     003e56d8  _USBHostSpeedGet                      
0     003e5684  _USBHostSuspend                       
0     003e574a  _USBIntDisable                        
0     003e57ff  _USBIntDisableControl                 
0     003e58a3  _USBIntDisableEndpoint                
0     003e57a6  _USBIntEnable                         
0     003e583a  _USBIntEnableControl                  
0     003e58c1  _USBIntEnableEndpoint                 
0     003e58f5  _USBIntRegister                       
0     003e56fb  _USBIntStatus                         
0     003e5872  _USBIntStatusControl                  
0     003e58dd  _USBIntStatusEndpoint                 
0     003e590d  _USBIntUnregister                     
0     003e0cca  _USBLibDMAInit                        
0     003e63bc  _USBModeGet                           
0     003e6482  _USBNumEndpointsGet                   
0     003e06ff  _USBOTGMain                           
0     003e6447  _USBOTGMode                           
0     003e05fa  _USBOTGModeInit                       
0     003e05dd  _USBOTGModeTerm                       
0     003e066a  _USBOTGPollRate                       
0     003e6392  _USBOTGSessionRequest                 
0     003e645e  _USBPHYPowerOff                       
0     003e6468  _USBPHYPowerOn                        
0     003e0bd4  _USBRingBufAdvanceRead                
0     003e0beb  _USBRingBufAdvanceWrite               
0     003e0b86  _USBRingBufContigFree                 
0     003e0b76  _USBRingBufContigUsed                 
0     003e0b35  _USBRingBufEmpty                      
0     003e0b47  _USBRingBufFlush                      
0     003e0b6b  _USBRingBufFree                       
0     003e0b1c  _USBRingBufFull                       
0     003e0c40  _USBRingBufInit                       
0     003e0bb9  _USBRingBufRead                       
0     003e0ba6  _USBRingBufReadOne                    
0     003e0ba1  _USBRingBufSize                       
0     003e0b5a  _USBRingBufUsed                       
0     003e0c26  _USBRingBufWrite                      
0     003e0c12  _USBRingBufWriteOne                   
0     003e052e  _USBStackModeSet                      
0     003e0f8b  _USBUARTRXIntHandler                  
0     003e0f43  _USBUARTTXIntHandler                  
0     003e78b0  _USER10_ISR                           
0     003e78ba  _USER11_ISR                           
0     003e78c4  _USER12_ISR                           
0     003e7856  _USER1_ISR                            
0     003e7860  _USER2_ISR                            
0     003e786a  _USER3_ISR                            
0     003e7874  _USER4_ISR                            
0     003e787e  _USER5_ISR                            
0     003e7888  _USER6_ISR                            
0     003e7892  _USER7_ISR                            
0     003e789c  _USER8_ISR                            
0     003e78a6  _USER9_ISR                            
1     00004000  _Usb0Regs                             
0     003e790a  _WAKEINT_ISR                          
0     003e78e2  _XINT1_ISR                            
0     003e78ec  _XINT2_ISR                            
0     003e7b6c  _XINT3_ISR                            
1     00007070  _XIntruptRegs                         
1     00000350  __STACK_END                           
abs   00000300  __STACK_SIZE                          
1     000097b4  ___TI_cleanup_ptr                     
1     000097b6  ___TI_dtors_ptr                       
abs   ffffffff  ___binit__                            
abs   ffffffff  ___c_args__                           
0     003f4302  ___cinit__                            
0     003e7bab  ___error__                            
abs   ffffffff  ___etext__                            
abs   ffffffff  ___pinit__                            
abs   ffffffff  ___text__                             
0     003e12e5  __args_main                           
1     000097b8  __lock                                
0     003e1362  __nop                                 
0     003e135e  __register_lock                       
0     003e135a  __register_unlock                     
1     00000050  __stack                               
1     000097ba  __unlock                              
0     003e12fe  _abort                                
0     003e124f  _c_int00                              
0     003e1300  _exit                                 
0     003e0fd7  _f28x_USB0DeviceIntHandler            
0     003e1037  _f28x_USB0DualModeIntHandler          
0     003e1007  _f28x_USB0HostIntHandler              
1     0000978c  _g_bUSBTimerInitialized               
1     000097ac  _g_eOTGModeState                      
1     000097ab  _g_iUSBMode                           
0     003f42fe  _g_pCDCCompSerConfigDescriptors       
1     00009792  _g_pfnTickHandlers                    
1     00009440  _g_pi8USBRxBuffer                     
1     00009540  _g_pi8USBTxBuffer                     
0     003f4300  _g_ppCDCSerConfigDescriptors          
1     000097c0  _g_ppsDevInfo                         
1     00009394  _g_psCDCCompSerSections               
1     0000938e  _g_psCDCSerSections                   
1     000097c4  _g_psDCDInst                          
0     003f424c  _g_pui8CDCSerCommInterface            
0     003f42ac  _g_pui8CDCSerDataInterface            
1     000093a4  _g_pui8CDCSerDescriptor               
1     000093ad  _g_pui8CDCSerDeviceDescriptor         
0     003f4144  _g_pui8ConfigString                   
0     003f41d7  _g_pui8ControlInterfaceString         
1     0000939c  _g_pui8IADSerDescriptor               
0     003f42fa  _g_pui8LangDescriptor                 
0     003f4203  _g_pui8ManufacturerString             
0     003f426f  _g_pui8ProdectString                  
1     000093d8  _g_pui8RxBufferWorkspace              
0     003f42c3  _g_pui8SerialNumberString             
0     003f42e6  _g_pui8StringDescriptors              
1     000093c0  _g_pui8TxBufferWorkspace              
1     0000979e  _g_pvTickInstance                     
0     003f4182  _g_sCDCCompSerConfigHeader            
1     00009400  _g_sCDCDevice                         
0     003f4192  _g_sCDCHandlers                       
0     003f417e  _g_sCDCSerCommInterfaceSection        
0     003f4186  _g_sCDCSerConfigHeader                
0     003f418e  _g_sCDCSerConfigSection               
0     003f417a  _g_sCDCSerDataInterfaceSection        
0     003f418a  _g_sIADSerConfigSection               
0     003f423a  _g_sRxBuffer                          
0     003f4228  _g_sTxBuffer                          
0     003f42f2  _g_sUSBHubClassDriver                 
1     0000978e  _g_ui32CurrentUSBTick                 
1     000097b0  _g_ui32PollRate                       
1     00009790  _g_ui32USBSOFCount                    
1     000097b2  _g_ui32WaitTicks                      
0     003e7dff  _main                                 
1     00009644  _pcStr1                               
1     00009646  _pcStr2                               
0     003e7ba1  _rsvd_ISR                             
abs   ffffffff  binit                                 
0     003f4302  cinit                                 
abs   ffffffff  etext                                 
abs   ffffffff  pinit                                 


GLOBAL SYMBOLS: SORTED BY Symbol Address 

page  address   name                                  
----  -------   ----                                  
0     00008000  _DSP28x_usDelay                       
0     00008000  _RamfuncsRunStart                     
0     003e0000  _UARTParityModeSet                    
0     003e000a  _UARTParityModeGet                    
0     003e0013  _UARTFIFOLevelSet                     
0     003e002d  _UARTFIFOLevelGet                     
0     003e0043  _UARTConfigSetExpClk                  
0     003e007a  _UARTConfigGetExpClk                  
0     003e009e  _UARTEnable                           
0     003e00a8  _UARTDisable                          
0     003e00be  _UARTFIFOEnable                       
0     003e00c7  _UARTFIFODisable                      
0     003e00d0  _UARTTxIntModeSet                     
0     003e00e0  _UARTTxIntModeGet                     
0     003e00ea  _UARTCharsAvail                       
0     003e00f7  _UARTSpaceAvail                       
0     003e0104  _UARTCharGetNonBlocking               
0     003e0115  _UARTCharGet                          
0     003e012b  _UARTCharPutNonBlocking               
0     003e013e  _UARTCharPut                          
0     003e014e  _UARTBusy                             
0     003e015b  _UARTRXIntRegister                    
0     003e0171  _UARTTXIntRegister                    
0     003e0187  _UARTRXIntUnregister                  
0     003e019b  _UARTTXIntUnregister                  
0     003e01af  _UARTIntEnable                        
0     003e01e0  _UARTIntDisable                       
0     003e0216  _UARTIntStatus                        
0     003e0246  _UARTIntClear                         
0     003e0273  _UARTRxErrorGet                       
0     003e0279  _UARTRxErrorClear                     
0     003e03f4  _USBBufferInit                        
0     003e040e  _USBBufferZeroLengthPacketInsert      
0     003e0425  _USBBufferInfoGet                     
0     003e0433  _USBBufferDataWritten                 
0     003e0446  _USBBufferDataRemoved                 
0     003e0456  _USBBufferCallbackDataSet             
0     003e0460  _USBBufferWrite                       
0     003e047f  _USBBufferFlush                       
0     003e048b  _USBBufferRead                        
0     003e04a8  _USBBufferDataAvailable               
0     003e04b4  _USBBufferSpaceAvailable              
0     003e04c0  _USBBufferEventCallback               
0     003e052e  _USBStackModeSet                      
0     003e0544  _USB0DualModeIntHandler               
0     003e057f  _USBDualModeInit                      
0     003e05c3  _USBDualModeTerm                      
0     003e05dd  _USBOTGModeTerm                       
0     003e05fa  _USBOTGModeInit                       
0     003e066a  _USBOTGPollRate                       
0     003e0672  _USB0OTGModeIntHandler                
0     003e06f1  _OTGDeviceDisconnect                  
0     003e06ff  _USBOTGMain                           
0     003e07a9  _USBDeviceConfig                      
0     003e08f2  _USBDeviceConfigAlternate             
0     003e095f  _IntMasterEnable                      
0     003e0963  _IntMasterDisable                     
0     003e0967  _IntRegister                          
0     003e0985  _IntUnregister                        
0     003e09a5  _IntEnable                            
0     003e09cc  _IntDisable                           
0     003e0a67  _Interrupt_enable                     
0     003e0ab1  _Interrupt_disable                    
0     003e0b1c  _USBRingBufFull                       
0     003e0b35  _USBRingBufEmpty                      
0     003e0b47  _USBRingBufFlush                      
0     003e0b5a  _USBRingBufUsed                       
0     003e0b6b  _USBRingBufFree                       
0     003e0b76  _USBRingBufContigUsed                 
0     003e0b86  _USBRingBufContigFree                 
0     003e0ba1  _USBRingBufSize                       
0     003e0ba6  _USBRingBufReadOne                    
0     003e0bb9  _USBRingBufRead                       
0     003e0bd4  _USBRingBufAdvanceRead                
0     003e0beb  _USBRingBufAdvanceWrite               
0     003e0c12  _USBRingBufWriteOne                   
0     003e0c26  _USBRingBufWrite                      
0     003e0c40  _USBRingBufInit                       
0     003e0cca  _USBLibDMAInit                        
0     003e0d25  _USBDescGetNum                        
0     003e0d4d  _USBDescGet                           
0     003e0d7a  _USBDescGetNumAlternateInterfaces     
0     003e0dca  _USBDescGetInterface                  
0     003e0de4  _USBDescGetInterfaceEndpoint          
0     003e0df7  _SysCtlPeripheralReset                
0     003e0dfb  _SysCtlPeripheralEnable               
0     003e0e38  _SysCtlPeripheralDisable              
0     003e0e75  _SysCtlPeripheralPresent              
0     003e0e7a  _SysCtlDelay                          
0     003e0e8d  _SysCtlClockGet                       
0     003e0e95  _SysCtlUSBPLLEnable                   
0     003e0ea2  _SysCtlUSBPLLDisable                  
0     003e0ea7  FD$$ADD                               
0     003e0f43  _USBUARTTXIntHandler                  
0     003e0f8b  _USBUARTRXIntHandler                  
0     003e0fd7  _f28x_USB0DeviceIntHandler            
0     003e1007  _f28x_USB0HostIntHandler              
0     003e1037  _f28x_USB0DualModeIntHandler          
0     003e1067  FD$$DIV                               
0     003e10f2  _InternalUSBTickInit                  
0     003e1119  _InternalUSBTickReset                 
0     003e111d  _InternalUSBRegisterTickHandler       
0     003e114d  _InternalUSBStartOfFrameTick          
0     003e117a  FD$$MPY                               
0     003e11fd  _USBGPIOEnable                        
0     003e1205  _USBGPIODisable                       
0     003e120d  _USBDelay                             
0     003e124f  _c_int00                              
0     003e1295  _InitPieCtrl                          
0     003e12b4  _EnableInterrupts                     
0     003e12bd  _InitPieVectTable                     
0     003e12e5  __args_main                           
0     003e12fe  C$$EXIT                               
0     003e12fe  _abort                                
0     003e1300  _exit                                 
0     003e1317  UL$$TOFD                              
0     003e132d  _USB0DeviceIntHandler                 
0     003e133f  FD$$SUB                               
0     003e134d  _IntDefaultHandler                    
0     003e135a  __register_unlock                     
0     003e135e  __register_lock                       
0     003e1362  __nop                                 
0     003e4000  _ConfigDescAlloc                      
0     003e404e  _ConfigDescFree                       
0     003e40bf  _USBHCDEventEnable                    
0     003e40d4  _USBHCDEventDisable                   
0     003e41a9  _USBHCDPipeAllocSize                  
0     003e439d  _USBHCDPipeAlloc                      
0     003e43ac  _USBHCDPipeConfig                     
0     003e447c  _USBHCDPipeStatus                     
0     003e4481  _USBHCDPipeWrite                      
0     003e4583  _USBHCDPipeSchedule                   
0     003e462a  _USBHCDPipeReadNonBlocking            
0     003e4655  _USBHCDPipeDataAck                    
0     003e4672  _USBHCDPipeRead                       
0     003e478a  _USBHCDPipeFree                       
0     003e4997  _USBHCDPowerConfigInit                
0     003e499f  _USBHCDPowerConfigGet                 
0     003e49a6  _USBHCDPowerConfigSet                 
0     003e49d0  _USBHCDPowerAutomatic                 
0     003e49db  _USBHCDInit                           
0     003e4a2d  _USBHCDRegisterDrivers                
0     003e4a38  _USBHCDTerm                           
0     003e4a9a  _USBHCDReset                          
0     003e4ac0  _USBHCDSuspend                        
0     003e4ac9  _USBHCDResume                         
0     003e4b89  _USBHCDSetAddress                     
0     003e4c32  _USBHCDSetConfig                      
0     003e4c56  _USBHCDSetInterface                   
0     003e4c82  _USBHostCheckPipes                    
0     003e4d0e  _USBHostIntHandlerInternal            
0     003e5087  _USB0HostIntHandler                   
0     003e5102  _InternalUSBHCDSendEvent              
0     003e51af  _USBHCDMain                           
0     003e5374  _USBHCDControlTransfer                
0     003e5406  _USBHCDHubDeviceConnected             
0     003e545e  _USBHCDHubDeviceDisconnected          
0     003e555e  _USBHCDDevHubPort                     
0     003e5572  _USBHCDDevAddress                     
0     003e5586  _USBHCDDevClass                       
0     003e55ab  _USBHCDDevSubClass                    
0     003e55d0  _USBHCDDevProtocol                    
0     003e5684  _USBHostSuspend                       
0     003e5698  _USBHostReset                         
0     003e56b7  _USBHostResume                        
0     003e56d8  _USBHostSpeedGet                      
0     003e56fb  _USBIntStatus                         
0     003e574a  _USBIntDisable                        
0     003e57a6  _USBIntEnable                         
0     003e57ff  _USBIntDisableControl                 
0     003e583a  _USBIntEnableControl                  
0     003e5872  _USBIntStatusControl                  
0     003e58a3  _USBIntDisableEndpoint                
0     003e58c1  _USBIntEnableEndpoint                 
0     003e58dd  _USBIntStatusEndpoint                 
0     003e58f5  _USBIntRegister                       
0     003e590d  _USBIntUnregister                     
0     003e5923  _USBEndpointStatus                    
0     003e5962  _USBHostEndpointStatusClear           
0     003e59b2  _USBDevEndpointStatusClear            
0     003e5a1d  _USBHostEndpointDataToggle            
0     003e5a98  _USBEndpointDataToggleClear           
0     003e5ad8  _USBDevEndpointStall                  
0     003e5b33  _USBDevEndpointStallClear             
0     003e5ba1  _USBDevConnect                        
0     003e5bb7  _USBDevDisconnect                     
0     003e5bce  _USBDevAddrSet                        
0     003e5be1  _USBDevAddrGet                        
0     003e5bf5  _USBHostEndpointConfig                
0     003e5cc6  _USBDevEndpointConfigSet              
0     003e5d4f  _USBDevEndpointConfigGet              
0     003e5de6  _USBFIFOConfigSet                     
0     003e5e4c  _USBFIFOConfigGet                     
0     003e5eb4  _USBEndpointDMAEnable                 
0     003e5ecc  _USBEndpointDMADisable                
0     003e5ee6  _USBEndpointDataAvail                 
0     003e5f2c  _USBEndpointDataGet                   
0     003e5f97  _USBDevEndpointDataAck                
0     003e5fe1  _USBHostEndpointDataAck               
0     003e6024  _USBEndpointDataPut                   
0     003e6078  _USBEndpointDataSend                  
0     003e60d1  _USBFIFOFlush                         
0     003e6135  _USBHostRequestIN                     
0     003e6173  _USBHostRequestINClear                
0     003e61b3  _USBHostRequestStatus                 
0     003e61ca  _USBHostAddrSet                       
0     003e620c  _USBHostAddrGet                       
0     003e6250  _USBHostHubAddrSet                    
0     003e62a8  _USBHostHubAddrGet                    
0     003e62ec  _USBHostPwrConfig                     
0     003e6322  _USBHostPwrFaultEnable                
0     003e6339  _USBHostPwrFaultDisable               
0     003e6350  _USBHostPwrEnable                     
0     003e6367  _USBHostPwrDisable                    
0     003e637e  _USBFrameNumberGet                    
0     003e6392  _USBOTGSessionRequest                 
0     003e63b3  _USBFIFOAddrGet                       
0     003e63bc  _USBModeGet                           
0     003e63d3  _USBEndpointDMAChannel                
0     003e6419  _USBHostMode                          
0     003e6430  _USBDevMode                           
0     003e6447  _USBOTGMode                           
0     003e645e  _USBPHYPowerOff                       
0     003e6468  _USBPHYPowerOn                        
0     003e6473  _USBEndpointPacketCountSet            
0     003e6482  _USBNumEndpointsGet                   
0     003e6487  _USBDCDDeviceInfoInit                 
0     003e6497  _USBDCDInit                           
0     003e6515  _USBDCDTerm                           
0     003e6548  _USBDCDRequestDataEP0                 
0     003e6556  _USBDCDSendDataEP0                    
0     003e6565  _USBDCDSetDefaultConfiguration        
0     003e656d  _USBDCDStallEP0                       
0     003e657e  _USBDCDPowerStatusSet                 
0     003e658b  _USBDCDRemoteWakeupRequest            
0     003e65a1  _USBDeviceResumeTickHandler           
0     003e660f  _USBDeviceEnumHandler                 
0     003e66d0  _USBDeviceEnumResetHandler            
0     003e6c44  _USBDeviceIntHandlerInternal          
0     003e6dfe  _ProcessDataFromHost                  
0     003e6e5c  _ProcessNotificationToHost            
0     003e6e8b  _ProcessDataToHost                    
0     003e71bd  _USBDCDCCompositeInit                 
0     003e7255  _USBDCDCInit                          
0     003e72a8  _USBDCDCTerm                          
0     003e72b5  _USBDCDCSetControlCBData              
0     003e72c1  _USBDCDCSetRxCBData                   
0     003e72d3  _USBDCDCSetTxCBData                   
0     003e72e5  _USBDCDCPacketWrite                   
0     003e732b  _USBDCDCPacketRead                    
0     003e7393  _USBDCDCTxPacketAvailable             
0     003e73a3  _USBDCDCRxPacketAvailable             
0     003e73ce  _USBDCDCSerialStateChange             
0     003e73fc  _USBDCDCPowerStatusSet                
0     003e7405  _USBDCDCRemoteWakeupRequest           
0     003e76df  _USBHHubMain                          
0     003e77cc  _USBHHubEnumerationComplete           
0     003e77dd  _USBHHubEnumerationError              
0     003e77ee  _USBHHubOpen                          
0     003e77fc  _USBHHubClose                         
0     003e7805  _USBHHubInit                          
0     003e7810  _INT13_ISR                            
0     003e781a  _INT14_ISR                            
0     003e7824  _DATALOG_ISR                          
0     003e782e  _RTOSINT_ISR                          
0     003e7838  _EMUINT_ISR                           
0     003e7842  _NMI_ISR                              
0     003e784c  _ILLEGAL_ISR                          
0     003e7856  _USER1_ISR                            
0     003e7860  _USER2_ISR                            
0     003e786a  _USER3_ISR                            
0     003e7874  _USER4_ISR                            
0     003e787e  _USER5_ISR                            
0     003e7888  _USER6_ISR                            
0     003e7892  _USER7_ISR                            
0     003e789c  _USER8_ISR                            
0     003e78a6  _USER9_ISR                            
0     003e78b0  _USER10_ISR                           
0     003e78ba  _USER11_ISR                           
0     003e78c4  _USER12_ISR                           
0     003e78ce  _ADCINT1_ISR                          
0     003e78d8  _ADCINT2_ISR                          
0     003e78e2  _XINT1_ISR                            
0     003e78ec  _XINT2_ISR                            
0     003e78f6  _ADCINT9_ISR                          
0     003e7900  _TINT0_ISR                            
0     003e790a  _WAKEINT_ISR                          
0     003e7914  _EPWM1_TZINT_ISR                      
0     003e791e  _EPWM2_TZINT_ISR                      
0     003e7928  _EPWM3_TZINT_ISR                      
0     003e7932  _EPWM4_TZINT_ISR                      
0     003e793c  _EPWM5_TZINT_ISR                      
0     003e7946  _EPWM6_TZINT_ISR                      
0     003e7950  _EPWM7_TZINT_ISR                      
0     003e795a  _EPWM8_TZINT_ISR                      
0     003e7964  _EPWM1_INT_ISR                        
0     003e796e  _EPWM2_INT_ISR                        
0     003e7978  _EPWM3_INT_ISR                        
0     003e7982  _EPWM4_INT_ISR                        
0     003e798c  _EPWM5_INT_ISR                        
0     003e7996  _EPWM6_INT_ISR                        
0     003e79a0  _EPWM7_INT_ISR                        
0     003e79aa  _EPWM8_INT_ISR                        
0     003e79b4  _ECAP1_INT_ISR                        
0     003e79be  _ECAP2_INT_ISR                        
0     003e79c8  _ECAP3_INT_ISR                        
0     003e79d2  _HRCAP1_INT_ISR                       
0     003e79dc  _HRCAP2_INT_ISR                       
0     003e79e6  _EQEP1_INT_ISR                        
0     003e79f0  _EQEP2_INT_ISR                        
0     003e79fa  _HRCAP3_INT_ISR                       
0     003e7a04  _HRCAP4_INT_ISR                       
0     003e7a0e  _USB0_INT_ISR                         
0     003e7a18  _SPIRXINTA_ISR                        
0     003e7a22  _SPITXINTA_ISR                        
0     003e7a2c  _SPIRXINTB_ISR                        
0     003e7a36  _SPITXINTB_ISR                        
0     003e7a40  _MRINTA_ISR                           
0     003e7a4a  _MXINTA_ISR                           
0     003e7a54  _DINTCH1_ISR                          
0     003e7a5e  _DINTCH2_ISR                          
0     003e7a68  _DINTCH3_ISR                          
0     003e7a72  _DINTCH4_ISR                          
0     003e7a7c  _DINTCH5_ISR                          
0     003e7a86  _DINTCH6_ISR                          
0     003e7a90  _I2CINT1A_ISR                         
0     003e7a9a  _I2CINT2A_ISR                         
0     003e7aa4  _SCIRXINTA_ISR                        
0     003e7aae  _SCITXINTA_ISR                        
0     003e7ab8  _SCIRXINTB_ISR                        
0     003e7ac2  _SCITXINTB_ISR                        
0     003e7acc  _ECAN0INTA_ISR                        
0     003e7ad6  _ECAN1INTA_ISR                        
0     003e7ae0  _ADCINT3_ISR                          
0     003e7aea  _ADCINT4_ISR                          
0     003e7af4  _ADCINT5_ISR                          
0     003e7afe  _ADCINT6_ISR                          
0     003e7b08  _ADCINT7_ISR                          
0     003e7b12  _ADCINT8_ISR                          
0     003e7b1c  _CLA1_INT1_ISR                        
0     003e7b26  _CLA1_INT2_ISR                        
0     003e7b30  _CLA1_INT3_ISR                        
0     003e7b3a  _CLA1_INT4_ISR                        
0     003e7b44  _CLA1_INT5_ISR                        
0     003e7b4e  _CLA1_INT6_ISR                        
0     003e7b58  _CLA1_INT7_ISR                        
0     003e7b62  _CLA1_INT8_ISR                        
0     003e7b6c  _XINT3_ISR                            
0     003e7b76  _LVF_ISR                              
0     003e7b80  _LUF_ISR                              
0     003e7b8a  _EMPTY_ISR                            
0     003e7b97  _PIE_RESERVED                         
0     003e7ba1  _rsvd_ISR                             
0     003e7bab  ___error__                            
0     003e7cf6  _ControlHandler                       
0     003e7d40  _TxHandler                            
0     003e7d48  _RxHandler                            
0     003e7dcd  _SysCtrlInit                          
0     003e7dff  _main                                 
0     003e7eea  _USBDCDConfigDescGetSize              
0     003e7f04  _USBDCDConfigDescGetNum               
0     003e7f2a  _USBDCDConfigDescGet                  
0     003e7f70  _USBDCDConfigGetNumAlternateInterfaces
0     003e7f95  _USBDCDConfigGetInterface             
0     003e7fae  _USBDCDConfigGetInterfaceEndpoint     
0     003e7fe0  FD$$TOUL                              
0     003e8000  _RamfuncsLoadStart                    
0     003e8004  _RamfuncsLoadEnd                      
0     003f4000  _PieVectTableInit                     
0     003f4144  _g_pui8ConfigString                   
0     003f417a  _g_sCDCSerDataInterfaceSection        
0     003f417e  _g_sCDCSerCommInterfaceSection        
0     003f4182  _g_sCDCCompSerConfigHeader            
0     003f4186  _g_sCDCSerConfigHeader                
0     003f418a  _g_sIADSerConfigSection               
0     003f418e  _g_sCDCSerConfigSection               
0     003f4192  _g_sCDCHandlers                       
0     003f41d7  _g_pui8ControlInterfaceString         
0     003f4203  _g_pui8ManufacturerString             
0     003f4228  _g_sTxBuffer                          
0     003f423a  _g_sRxBuffer                          
0     003f424c  _g_pui8CDCSerCommInterface            
0     003f426f  _g_pui8ProdectString                  
0     003f42ac  _g_pui8CDCSerDataInterface            
0     003f42c3  _g_pui8SerialNumberString             
0     003f42e6  _g_pui8StringDescriptors              
0     003f42f2  _g_sUSBHubClassDriver                 
0     003f42fa  _g_pui8LangDescriptor                 
0     003f42fe  _g_pCDCCompSerConfigDescriptors       
0     003f4300  _g_ppCDCSerConfigDescriptors          
0     003f4302  ___cinit__                            
0     003f4302  cinit                                 
1     00000050  __stack                               
1     00000350  __STACK_END                           
1     00000880  _DevEmuRegs                           
1     00000985  _SysPwrCtrlRegs                       
1     00000a80  _FlashRegs                            
1     00000ae0  _CsmRegs                              
1     00000b00  _AdcResult                            
1     00000c00  _CpuTimer0Regs                        
1     00000c08  _CpuTimer1Regs                        
1     00000c10  _CpuTimer2Regs                        
1     00000ce0  _PieCtrlRegs                          
1     00000d00  _EmuKey                               
1     00000d00  _PieVectTable                         
1     00000d01  _EmuBMode                             
1     00000d02  _Flash_CallbackPtr                    
1     00000d04  _Flash_CPUScaleFactor                 
1     00001000  _DmaRegs                              
1     00001400  _Cla1Regs                             
1     00004000  _Usb0Regs                             
1     00005000  _McbspaRegs                           
1     00006000  _ECanaRegs                            
1     00006040  _ECanaLAMRegs                         
1     00006080  _ECanaMOTSRegs                        
1     000060c0  _ECanaMOTORegs                        
1     00006100  _ECanaMboxes                          
1     00006400  _Comp1Regs                            
1     00006420  _Comp2Regs                            
1     00006440  _Comp3Regs                            
1     00006800  _EPwm1Regs                            
1     00006840  _EPwm2Regs                            
1     00006880  _EPwm3Regs                            
1     000068c0  _EPwm4Regs                            
1     00006900  _EPwm5Regs                            
1     00006940  _EPwm6Regs                            
1     00006980  _EPwm7Regs                            
1     000069c0  _EPwm8Regs                            
1     00006a00  _ECap1Regs                            
1     00006a20  _ECap2Regs                            
1     00006a40  _ECap3Regs                            
1     00006ac0  _HRCap1Regs                           
1     00006ae0  _HRCap2Regs                           
1     00006b00  _EQep1Regs                            
1     00006b40  _EQep2Regs                            
1     00006c80  _HRCap3Regs                           
1     00006ca0  _HRCap4Regs                           
1     00006f80  _GpioCtrlRegs                         
1     00006fc0  _GpioDataRegs                         
1     00006fe0  _GpioIntRegs                          
1     00007010  _SysCtrlRegs                          
1     00007040  _SpiaRegs                             
1     00007050  _SciaRegs                             
1     00007060  _NmiIntruptRegs                       
1     00007070  _XIntruptRegs                         
1     00007100  _AdcRegs                              
1     00007740  _SpibRegs                             
1     00007750  _ScibRegs                             
1     00007900  _I2caRegs                             
1     0000938e  _g_psCDCSerSections                   
1     00009394  _g_psCDCCompSerSections               
1     0000939c  _g_pui8IADSerDescriptor               
1     000093a4  _g_pui8CDCSerDescriptor               
1     000093ad  _g_pui8CDCSerDeviceDescriptor         
1     000093c0  _g_pui8TxBufferWorkspace              
1     000093d8  _g_pui8RxBufferWorkspace              
1     00009400  _g_sCDCDevice                         
1     00009440  _g_pi8USBRxBuffer                     
1     00009540  _g_pi8USBTxBuffer                     
1     00009644  _pcStr1                               
1     00009646  _pcStr2                               
1     0000978c  _g_bUSBTimerInitialized               
1     0000978e  _g_ui32CurrentUSBTick                 
1     00009790  _g_ui32USBSOFCount                    
1     00009792  _g_pfnTickHandlers                    
1     0000979e  _g_pvTickInstance                     
1     000097ab  _g_iUSBMode                           
1     000097ac  _g_eOTGModeState                      
1     000097b0  _g_ui32PollRate                       
1     000097b2  _g_ui32WaitTicks                      
1     000097b4  ___TI_cleanup_ptr                     
1     000097b6  ___TI_dtors_ptr                       
1     000097b8  __lock                                
1     000097ba  __unlock                              
1     000097c0  _g_ppsDevInfo                         
1     000097c4  _g_psDCDInst                          
1     003d7e80  _PartIdRegs                           
1     003f7ff8  _CsmPwl                               
abs   00000004  _RamfuncsLoadSize                     
abs   00000300  __STACK_SIZE                          
abs   ffffffff  .text                                 
abs   ffffffff  ___binit__                            
abs   ffffffff  ___c_args__                           
abs   ffffffff  ___etext__                            
abs   ffffffff  ___pinit__                            
abs   ffffffff  ___text__                             
abs   ffffffff  binit                                 
abs   ffffffff  etext                                 
abs   ffffffff  pinit                                 

[489 symbols]
