<?xml version="1.0"?>
<link_info>
   <banner>TMS320C2000 Linker PC v6.4.6</banner>
   <copyright>Copyright (c) 1996-2015 Texas Instruments Incorporated</copyright>
   <link_time>0x57251fe1</link_time>
   <link_errors>0x0</link_errors>
   <output_file>PicoCommander.out</output_file>
   <entry_point>
      <name>_c_int00</name>
      <address>0x3edb27</address>
   </entry_point>
   <input_file_list>
      <input_file id="fl-2">
         <path>.\</path>
         <kind>object</kind>
         <file>F2806x_CodeStartBranch.obj</file>
         <name>F2806x_CodeStartBranch.obj</name>
      </input_file>
      <input_file id="fl-3">
         <path>.\</path>
         <kind>object</kind>
         <file>F2806x_DefaultIsr.obj</file>
         <name>F2806x_DefaultIsr.obj</name>
      </input_file>
      <input_file id="fl-4">
         <path>.\</path>
         <kind>object</kind>
         <file>F2806x_PieCtrl.obj</file>
         <name>F2806x_PieCtrl.obj</name>
      </input_file>
      <input_file id="fl-5">
         <path>.\</path>
         <kind>object</kind>
         <file>F2806x_PieVect.obj</file>
         <name>F2806x_PieVect.obj</name>
      </input_file>
      <input_file id="fl-6">
         <path>.\</path>
         <kind>object</kind>
         <file>F2806x_usDelay.obj</file>
         <name>F2806x_usDelay.obj</name>
      </input_file>
      <input_file id="fl-7">
         <path>.\</path>
         <kind>object</kind>
         <file>main.obj</file>
         <name>main.obj</name>
      </input_file>
      <input_file id="fl-8">
         <path>.\</path>
         <kind>object</kind>
         <file>sysctl.obj</file>
         <name>sysctl.obj</name>
      </input_file>
      <input_file id="fl-9">
         <path>.\</path>
         <kind>object</kind>
         <file>usb.obj</file>
         <name>usb.obj</name>
      </input_file>
      <input_file id="fl-a">
         <path>.\</path>
         <kind>object</kind>
         <file>usb_serial_structs.obj</file>
         <name>usb_serial_structs.obj</name>
      </input_file>
      <input_file id="fl-b">
         <path>.\sys_includes\</path>
         <kind>object</kind>
         <file>F2806x_GlobalVariableDefs.obj</file>
         <name>F2806x_GlobalVariableDefs.obj</name>
      </input_file>
      <input_file id="fl-13">
         <path>C:\ti\controlSUITE\device_support\f2806x\v150\MWare\driverlib\Debug\</path>
         <kind>archive</kind>
         <file>driverlib.lib</file>
         <name>interrupt.obj</name>
      </input_file>
      <input_file id="fl-14">
         <path>C:\ti\controlSUITE\device_support\f2806x\v150\MWare\driverlib\Debug\</path>
         <kind>archive</kind>
         <file>driverlib.lib</file>
         <name>uart.obj</name>
      </input_file>
      <input_file id="fl-15">
         <path>C:\ti\controlSUITE\device_support\f2806x\v150\MWare\driverlib\Debug\</path>
         <kind>archive</kind>
         <file>driverlib.lib</file>
         <name>usb_hal.obj</name>
      </input_file>
      <input_file id="fl-16">
         <path>C:\ti\controlSUITE\device_support\f2806x\v150\MWare\lib\</path>
         <kind>archive</kind>
         <file>usblib.lib</file>
         <name>usbbuffer.obj</name>
      </input_file>
      <input_file id="fl-17">
         <path>C:\ti\controlSUITE\device_support\f2806x\v150\MWare\lib\</path>
         <kind>archive</kind>
         <file>usblib.lib</file>
         <name>usbmode.obj</name>
      </input_file>
      <input_file id="fl-18">
         <path>C:\ti\controlSUITE\device_support\f2806x\v150\MWare\lib\</path>
         <kind>archive</kind>
         <file>usblib.lib</file>
         <name>usbringbuf.obj</name>
      </input_file>
      <input_file id="fl-19">
         <path>C:\ti\controlSUITE\device_support\f2806x\v150\MWare\lib\</path>
         <kind>archive</kind>
         <file>usblib.lib</file>
         <name>usbtick.obj</name>
      </input_file>
      <input_file id="fl-1a">
         <path>C:\ti\controlSUITE\device_support\f2806x\v150\MWare\lib\</path>
         <kind>archive</kind>
         <file>usblib.lib</file>
         <name>usbhostenum.obj</name>
      </input_file>
      <input_file id="fl-1b">
         <path>C:\ti\controlSUITE\device_support\f2806x\v150\MWare\lib\</path>
         <kind>archive</kind>
         <file>usblib.lib</file>
         <name>usbdcdc.obj</name>
      </input_file>
      <input_file id="fl-1c">
         <path>C:\ti\controlSUITE\device_support\f2806x\v150\MWare\lib\</path>
         <kind>archive</kind>
         <file>usblib.lib</file>
         <name>usbdenum.obj</name>
      </input_file>
      <input_file id="fl-1d">
         <path>C:\ti\controlSUITE\device_support\f2806x\v150\MWare\lib\</path>
         <kind>archive</kind>
         <file>usblib.lib</file>
         <name>usbdesc.obj</name>
      </input_file>
      <input_file id="fl-1e">
         <path>C:\ti\controlSUITE\device_support\f2806x\v150\MWare\lib\</path>
         <kind>archive</kind>
         <file>usblib.lib</file>
         <name>usbdhandler.obj</name>
      </input_file>
      <input_file id="fl-1f">
         <path>C:\ti\controlSUITE\device_support\f2806x\v150\MWare\lib\</path>
         <kind>archive</kind>
         <file>usblib.lib</file>
         <name>usbdma.obj</name>
      </input_file>
      <input_file id="fl-20">
         <path>C:\ti\controlSUITE\device_support\f2806x\v150\MWare\lib\</path>
         <kind>archive</kind>
         <file>usblib.lib</file>
         <name>usbhhub.obj</name>
      </input_file>
      <input_file id="fl-21">
         <path>C:\ti\controlSUITE\device_support\f2806x\v150\MWare\lib\</path>
         <kind>archive</kind>
         <file>usblib.lib</file>
         <name>usbdcdesc.obj</name>
      </input_file>
      <input_file id="fl-22">
         <path>C:\ti\controlSUITE\device_support\f2806x\v150\MWare\lib\</path>
         <kind>archive</kind>
         <file>usblib.lib</file>
         <name>usbdconfig.obj</name>
      </input_file>
      <input_file id="fl-28">
         <path>C:\ti\ccsv6\tools\compiler\ti-cgt-c2000_6.4.6\lib\</path>
         <kind>archive</kind>
         <file>rts2800_fpu32.lib</file>
         <name>boot.obj</name>
      </input_file>
      <input_file id="fl-29">
         <path>C:\ti\ccsv6\tools\compiler\ti-cgt-c2000_6.4.6\lib\</path>
         <kind>archive</kind>
         <file>rts2800_fpu32.lib</file>
         <name>exit.obj</name>
      </input_file>
      <input_file id="fl-2a">
         <path>C:\ti\ccsv6\tools\compiler\ti-cgt-c2000_6.4.6\lib\</path>
         <kind>archive</kind>
         <file>rts2800_fpu32.lib</file>
         <name>fd_div.obj</name>
      </input_file>
      <input_file id="fl-2b">
         <path>C:\ti\ccsv6\tools\compiler\ti-cgt-c2000_6.4.6\lib\</path>
         <kind>archive</kind>
         <file>rts2800_fpu32.lib</file>
         <name>fd_mpy.obj</name>
      </input_file>
      <input_file id="fl-2c">
         <path>C:\ti\ccsv6\tools\compiler\ti-cgt-c2000_6.4.6\lib\</path>
         <kind>archive</kind>
         <file>rts2800_fpu32.lib</file>
         <name>fd_sub.obj</name>
      </input_file>
      <input_file id="fl-2d">
         <path>C:\ti\ccsv6\tools\compiler\ti-cgt-c2000_6.4.6\lib\</path>
         <kind>archive</kind>
         <file>rts2800_fpu32.lib</file>
         <name>fd_toul.obj</name>
      </input_file>
      <input_file id="fl-2e">
         <path>C:\ti\ccsv6\tools\compiler\ti-cgt-c2000_6.4.6\lib\</path>
         <kind>archive</kind>
         <file>rts2800_fpu32.lib</file>
         <name>strcmp.obj</name>
      </input_file>
      <input_file id="fl-2f">
         <path>C:\ti\ccsv6\tools\compiler\ti-cgt-c2000_6.4.6\lib\</path>
         <kind>archive</kind>
         <file>rts2800_fpu32.lib</file>
         <name>strtoul.obj</name>
      </input_file>
      <input_file id="fl-30">
         <path>C:\ti\ccsv6\tools\compiler\ti-cgt-c2000_6.4.6\lib\</path>
         <kind>archive</kind>
         <file>rts2800_fpu32.lib</file>
         <name>ul_tofd.obj</name>
      </input_file>
      <input_file id="fl-31">
         <path>C:\ti\ccsv6\tools\compiler\ti-cgt-c2000_6.4.6\lib\</path>
         <kind>archive</kind>
         <file>rts2800_fpu32.lib</file>
         <name>_lock.obj</name>
      </input_file>
      <input_file id="fl-32">
         <path>C:\ti\ccsv6\tools\compiler\ti-cgt-c2000_6.4.6\lib\</path>
         <kind>archive</kind>
         <file>rts2800_fpu32.lib</file>
         <name>args_main.obj</name>
      </input_file>
      <input_file id="fl-33">
         <path>C:\ti\ccsv6\tools\compiler\ti-cgt-c2000_6.4.6\lib\</path>
         <kind>archive</kind>
         <file>rts2800_fpu32.lib</file>
         <name>ctype.obj</name>
      </input_file>
      <input_file id="fl-34">
         <path>C:\ti\ccsv6\tools\compiler\ti-cgt-c2000_6.4.6\lib\</path>
         <kind>archive</kind>
         <file>rts2800_fpu32.lib</file>
         <name>errno.obj</name>
      </input_file>
      <input_file id="fl-35">
         <path>C:\ti\ccsv6\tools\compiler\ti-cgt-c2000_6.4.6\lib\</path>
         <kind>archive</kind>
         <file>rts2800_fpu32.lib</file>
         <name>fd_add.obj</name>
      </input_file>
   </input_file_list>
   <object_component_list>
      <object_component id="oc-ef">
         <name>.cinit</name>
         <load_address>0x3f4404</load_address>
         <run_address>0x3f4404</run_address>
         <size>0x46</size>
         <input_file_ref idref="fl-1a"/>
      </object_component>
      <object_component id="oc-f6">
         <name>.cinit</name>
         <load_address>0x3f444a</load_address>
         <run_address>0x3f444a</run_address>
         <size>0x40</size>
         <input_file_ref idref="fl-1b"/>
      </object_component>
      <object_component id="oc-85">
         <name>.cinit</name>
         <load_address>0x3f448a</load_address>
         <run_address>0x3f448a</run_address>
         <size>0x17</size>
         <input_file_ref idref="fl-a"/>
      </object_component>
      <object_component id="oc-71">
         <name>.cinit</name>
         <load_address>0x3f44a1</load_address>
         <run_address>0x3f44a1</run_address>
         <size>0x15</size>
         <input_file_ref idref="fl-7"/>
      </object_component>
      <object_component id="oc-e8">
         <name>.cinit</name>
         <load_address>0x3f44b6</load_address>
         <run_address>0x3f44b6</run_address>
         <size>0xe</size>
         <input_file_ref idref="fl-19"/>
      </object_component>
      <object_component id="oc-dc">
         <name>.cinit</name>
         <load_address>0x3f44c4</load_address>
         <run_address>0x3f44c4</run_address>
         <size>0xd</size>
         <input_file_ref idref="fl-17"/>
      </object_component>
      <object_component id="oc-12c">
         <name>.cinit</name>
         <load_address>0x3f44d1</load_address>
         <run_address>0x3f44d1</run_address>
         <size>0xa</size>
         <input_file_ref idref="fl-29"/>
      </object_component>
      <object_component id="oc-178">
         <name>.cinit:__lock</name>
         <load_address>0x3f44db</load_address>
         <run_address>0x3f44db</run_address>
         <size>0x5</size>
         <input_file_ref idref="fl-31"/>
      </object_component>
      <object_component id="oc-190">
         <name>.cinit:__unlock</name>
         <load_address>0x3f44e0</load_address>
         <run_address>0x3f44e0</run_address>
         <size>0x5</size>
         <input_file_ref idref="fl-31"/>
      </object_component>
      <object_component id="oc-fe">
         <name>.cinit</name>
         <load_address>0x3f44e5</load_address>
         <run_address>0x3f44e5</run_address>
         <size>0x5</size>
         <input_file_ref idref="fl-1c"/>
      </object_component>
      <object_component id="oc-162">
         <name>.cinit</name>
         <load_address>0x3f44ea</load_address>
         <run_address>0x3f44ea</run_address>
         <size>0x4</size>
         <input_file_ref idref="fl-34"/>
      </object_component>
      <object_component id="oc-176">
         <name>.text</name>
         <load_address>0x3ec000</load_address>
         <run_address>0x3ec000</run_address>
         <size>0x404</size>
         <input_file_ref idref="fl-20"/>
      </object_component>
      <object_component id="oc-5b">
         <name>.text:retain</name>
         <load_address>0x3ec404</load_address>
         <run_address>0x3ec404</run_address>
         <size>0x39b</size>
         <input_file_ref idref="fl-3"/>
      </object_component>
      <object_component id="oc-16c">
         <name>.text</name>
         <load_address>0x3ec79f</load_address>
         <run_address>0x3ec79f</run_address>
         <size>0x28f</size>
         <input_file_ref idref="fl-14"/>
      </object_component>
      <object_component id="oc-16e">
         <name>.text</name>
         <load_address>0x3eca2e</load_address>
         <run_address>0x3eca2e</run_address>
         <size>0x265</size>
         <input_file_ref idref="fl-16"/>
      </object_component>
      <object_component id="oc-173">
         <name>.text</name>
         <load_address>0x3ecc93</load_address>
         <run_address>0x3ecc93</run_address>
         <size>0x25b</size>
         <input_file_ref idref="fl-17"/>
      </object_component>
      <object_component id="oc-194">
         <name>.text</name>
         <load_address>0x3eceee</load_address>
         <run_address>0x3eceee</run_address>
         <size>0x210</size>
         <input_file_ref idref="fl-22"/>
      </object_component>
      <object_component id="oc-179">
         <name>.text</name>
         <load_address>0x3ed0fe</load_address>
         <run_address>0x3ed0fe</run_address>
         <size>0x19d</size>
         <input_file_ref idref="fl-13"/>
      </object_component>
      <object_component id="oc-193">
         <name>.text</name>
         <load_address>0x3ed29b</load_address>
         <run_address>0x3ed29b</run_address>
         <size>0x157</size>
         <input_file_ref idref="fl-21"/>
      </object_component>
      <object_component id="oc-181">
         <name>.text</name>
         <load_address>0x3ed3f2</load_address>
         <run_address>0x3ed3f2</run_address>
         <size>0x153</size>
         <input_file_ref idref="fl-18"/>
      </object_component>
      <object_component id="oc-18e">
         <name>.text</name>
         <load_address>0x3ed545</load_address>
         <run_address>0x3ed545</run_address>
         <size>0xd2</size>
         <input_file_ref idref="fl-1d"/>
      </object_component>
      <object_component id="oc-17f">
         <name>.text</name>
         <load_address>0x3ed617</load_address>
         <run_address>0x3ed617</run_address>
         <size>0xb8</size>
         <input_file_ref idref="fl-2f"/>
      </object_component>
      <object_component id="oc-17a">
         <name>.text</name>
         <load_address>0x3ed6cf</load_address>
         <run_address>0x3ed6cf</run_address>
         <size>0xb0</size>
         <input_file_ref idref="fl-8"/>
      </object_component>
      <object_component id="oc-165">
         <name>.text</name>
         <load_address>0x3ed77f</load_address>
         <run_address>0x3ed77f</run_address>
         <size>0x9c</size>
         <input_file_ref idref="fl-35"/>
      </object_component>
      <object_component id="oc-73">
         <name>.text:retain</name>
         <load_address>0x3ed81b</load_address>
         <run_address>0x3ed81b</run_address>
         <size>0x94</size>
         <input_file_ref idref="fl-7"/>
      </object_component>
      <object_component id="oc-d0">
         <name>.text:retain</name>
         <load_address>0x3ed8af</load_address>
         <run_address>0x3ed8af</run_address>
         <size>0x90</size>
         <input_file_ref idref="fl-15"/>
      </object_component>
      <object_component id="oc-132">
         <name>.text</name>
         <load_address>0x3ed93f</load_address>
         <run_address>0x3ed93f</run_address>
         <size>0x8b</size>
         <input_file_ref idref="fl-2a"/>
      </object_component>
      <object_component id="oc-18c">
         <name>.text</name>
         <load_address>0x3ed9ca</load_address>
         <run_address>0x3ed9ca</run_address>
         <size>0x88</size>
         <input_file_ref idref="fl-19"/>
      </object_component>
      <object_component id="oc-137">
         <name>.text</name>
         <load_address>0x3eda52</load_address>
         <run_address>0x3eda52</run_address>
         <size>0x83</size>
         <input_file_ref idref="fl-2b"/>
      </object_component>
      <object_component id="oc-17d">
         <name>.text</name>
         <load_address>0x3edad5</load_address>
         <run_address>0x3edad5</run_address>
         <size>0x52</size>
         <input_file_ref idref="fl-15"/>
      </object_component>
      <object_component id="oc-53">
         <name>.text</name>
         <load_address>0x3edb27</load_address>
         <run_address>0x3edb27</run_address>
         <size>0x46</size>
         <input_file_ref idref="fl-28"/>
      </object_component>
      <object_component id="oc-17b">
         <name>.text</name>
         <load_address>0x3edb6d</load_address>
         <run_address>0x3edb6d</run_address>
         <size>0x28</size>
         <input_file_ref idref="fl-4"/>
      </object_component>
      <object_component id="oc-17c">
         <name>.text</name>
         <load_address>0x3edb95</load_address>
         <run_address>0x3edb95</run_address>
         <size>0x28</size>
         <input_file_ref idref="fl-5"/>
      </object_component>
      <object_component id="oc-141">
         <name>.text</name>
         <load_address>0x3edbbd</load_address>
         <run_address>0x3edbbd</run_address>
         <size>0x1b</size>
         <input_file_ref idref="fl-2d"/>
      </object_component>
      <object_component id="oc-16a">
         <name>.text</name>
         <load_address>0x3edbd8</load_address>
         <run_address>0x3edbd8</run_address>
         <size>0x19</size>
         <input_file_ref idref="fl-32"/>
      </object_component>
      <object_component id="oc-16b">
         <name>.text</name>
         <load_address>0x3edbf1</load_address>
         <run_address>0x3edbf1</run_address>
         <size>0x19</size>
         <input_file_ref idref="fl-29"/>
      </object_component>
      <object_component id="oc-150">
         <name>.text</name>
         <load_address>0x3edc0a</load_address>
         <run_address>0x3edc0a</run_address>
         <size>0x16</size>
         <input_file_ref idref="fl-30"/>
      </object_component>
      <object_component id="oc-171">
         <name>.text</name>
         <load_address>0x3edc20</load_address>
         <run_address>0x3edc20</run_address>
         <size>0x12</size>
         <input_file_ref idref="fl-1e"/>
      </object_component>
      <object_component id="oc-13c">
         <name>.text</name>
         <load_address>0x3edc32</load_address>
         <run_address>0x3edc32</run_address>
         <size>0xe</size>
         <input_file_ref idref="fl-2c"/>
      </object_component>
      <object_component id="oc-c5">
         <name>.text:retain</name>
         <load_address>0x3edc40</load_address>
         <run_address>0x3edc40</run_address>
         <size>0xd</size>
         <input_file_ref idref="fl-13"/>
      </object_component>
      <object_component id="oc-180">
         <name>.text</name>
         <load_address>0x3edc4d</load_address>
         <run_address>0x3edc4d</run_address>
         <size>0xa</size>
         <input_file_ref idref="fl-2e"/>
      </object_component>
      <object_component id="oc-18f">
         <name>.text</name>
         <load_address>0x3edc57</load_address>
         <run_address>0x3edc57</run_address>
         <size>0x9</size>
         <input_file_ref idref="fl-31"/>
      </object_component>
      <object_component id="oc-54">
         <name>.text</name>
         <load_address>0x3edc60</load_address>
         <run_address>0x3edc60</run_address>
         <size>0x8</size>
         <input_file_ref idref="fl-2"/>
      </object_component>
      <object_component id="oc-172">
         <name>.text</name>
         <load_address>0x3f451a</load_address>
         <run_address>0x3f451a</run_address>
         <size>0x15f5</size>
         <input_file_ref idref="fl-1a"/>
      </object_component>
      <object_component id="oc-17e">
         <name>.text</name>
         <load_address>0x3f5b0f</load_address>
         <run_address>0x3f5b0f</run_address>
         <size>0xe92</size>
         <input_file_ref idref="fl-9"/>
      </object_component>
      <object_component id="oc-188">
         <name>.text</name>
         <load_address>0x3f69a1</load_address>
         <run_address>0x3f69a1</run_address>
         <size>0x855</size>
         <input_file_ref idref="fl-1c"/>
      </object_component>
      <object_component id="oc-170">
         <name>.text</name>
         <load_address>0x3f71f6</load_address>
         <run_address>0x3f71f6</run_address>
         <size>0x730</size>
         <input_file_ref idref="fl-1b"/>
      </object_component>
      <object_component id="oc-16d">
         <name>.text</name>
         <load_address>0x3f7926</load_address>
         <run_address>0x3f7926</run_address>
         <size>0x580</size>
         <input_file_ref idref="fl-7"/>
      </object_component>
      <object_component id="oc-18d">
         <name>.text</name>
         <load_address>0x3f7ea6</load_address>
         <run_address>0x3f7ea6</run_address>
         <size>0xd6</size>
         <input_file_ref idref="fl-1f"/>
      </object_component>
      <object_component id="oc-55">
         <name>codestart</name>
         <load_address>0x3f7ff6</load_address>
         <run_address>0x3f7ff6</run_address>
         <size>0x2</size>
         <input_file_ref idref="fl-2"/>
      </object_component>
      <object_component id="oc-6b">
         <name>ramfuncs</name>
         <load_address>0x3e8000</load_address>
         <run_address>0x8000</run_address>
         <size>0x4</size>
         <input_file_ref idref="fl-6"/>
      </object_component>
      <object_component id="oc-125">
         <name>.stack</name>
         <uninitialized>true</uninitialized>
         <run_address>0x50</run_address>
         <size>0x0</size>
         <input_file_ref idref="fl-28"/>
      </object_component>
      <object_component id="oc-1ef">
         <name>.stack</name>
         <uninitialized>true</uninitialized>
         <run_address>0x50</run_address>
         <size>0x0</size>
      </object_component>
      <object_component id="oc-72">
         <name>.ebss</name>
         <uninitialized>true</uninitialized>
         <run_address>0x9000</run_address>
         <size>0x440</size>
         <input_file_ref idref="fl-7"/>
      </object_component>
      <object_component id="oc-87">
         <name>.ebss</name>
         <uninitialized>true</uninitialized>
         <run_address>0x9800</run_address>
         <size>0x280</size>
         <input_file_ref idref="fl-a"/>
      </object_component>
      <object_component id="oc-dd">
         <name>.ebss</name>
         <uninitialized>true</uninitialized>
         <run_address>0x9b2a</run_address>
         <size>0xa</size>
         <input_file_ref idref="fl-17"/>
      </object_component>
      <object_component id="oc-e9">
         <name>.ebss</name>
         <uninitialized>true</uninitialized>
         <run_address>0x9b0c</run_address>
         <size>0x1e</size>
         <input_file_ref idref="fl-19"/>
      </object_component>
      <object_component id="oc-f0">
         <name>.ebss</name>
         <uninitialized>true</uninitialized>
         <run_address>0x9440</run_address>
         <size>0x38e</size>
         <input_file_ref idref="fl-1a"/>
      </object_component>
      <object_component id="oc-f8">
         <name>.ebss</name>
         <uninitialized>true</uninitialized>
         <run_address>0x97ce</run_address>
         <size>0x31</size>
         <input_file_ref idref="fl-1b"/>
      </object_component>
      <object_component id="oc-ff">
         <name>.ebss</name>
         <uninitialized>true</uninitialized>
         <run_address>0x9b40</run_address>
         <size>0x80</size>
         <input_file_ref idref="fl-1c"/>
      </object_component>
      <object_component id="oc-10f">
         <name>.ebss</name>
         <uninitialized>true</uninitialized>
         <run_address>0x9a80</run_address>
         <size>0x8c</size>
         <input_file_ref idref="fl-1f"/>
      </object_component>
      <object_component id="oc-115">
         <name>.ebss</name>
         <uninitialized>true</uninitialized>
         <run_address>0x9bc0</run_address>
         <size>0x3e</size>
         <input_file_ref idref="fl-20"/>
      </object_component>
      <object_component id="oc-12d">
         <name>.ebss</name>
         <uninitialized>true</uninitialized>
         <run_address>0x9b34</run_address>
         <size>0x4</size>
         <input_file_ref idref="fl-29"/>
      </object_component>
      <object_component id="oc-195">
         <name>.ebss:__unlock</name>
         <uninitialized>true</uninitialized>
         <run_address>0x9b3a</run_address>
         <size>0x2</size>
         <input_file_ref idref="fl-31"/>
      </object_component>
      <object_component id="oc-177">
         <name>.ebss:__lock</name>
         <uninitialized>true</uninitialized>
         <run_address>0x9b38</run_address>
         <size>0x2</size>
         <input_file_ref idref="fl-31"/>
      </object_component>
      <object_component id="oc-163">
         <name>.ebss</name>
         <uninitialized>true</uninitialized>
         <run_address>0x97ff</run_address>
         <size>0x1</size>
         <input_file_ref idref="fl-34"/>
      </object_component>
      <object_component id="oc-191">
         <name>.econst:.string:__ctypes_</name>
         <load_address>0x3f4000</load_address>
         <run_address>0x3f4000</run_address>
         <size>0x101</size>
         <input_file_ref idref="fl-33"/>
      </object_component>
      <object_component id="oc-66">
         <name>.econst</name>
         <load_address>0x3f4102</load_address>
         <run_address>0x3f4102</run_address>
         <size>0x100</size>
         <input_file_ref idref="fl-5"/>
      </object_component>
      <object_component id="oc-7f">
         <name>.econst:.string</name>
         <load_address>0x3f4202</load_address>
         <run_address>0x3f4202</run_address>
         <size>0x44</size>
         <input_file_ref idref="fl-9"/>
      </object_component>
      <object_component id="oc-187">
         <name>.econst:_g_pui8ConfigString</name>
         <load_address>0x3f4246</load_address>
         <run_address>0x3f4246</run_address>
         <size>0x36</size>
         <input_file_ref idref="fl-a"/>
      </object_component>
      <object_component id="oc-f7">
         <name>.econst</name>
         <load_address>0x3f427c</load_address>
         <run_address>0x3f427c</run_address>
         <size>0x30</size>
         <input_file_ref idref="fl-1b"/>
      </object_component>
      <object_component id="oc-74">
         <name>.econst:.string</name>
         <load_address>0x3f42ac</load_address>
         <run_address>0x3f42ac</run_address>
         <size>0x2d</size>
         <input_file_ref idref="fl-7"/>
      </object_component>
      <object_component id="oc-186">
         <name>.econst:_g_pui8ControlInterfaceString</name>
         <load_address>0x3f42d9</load_address>
         <run_address>0x3f42d9</run_address>
         <size>0x2c</size>
         <input_file_ref idref="fl-a"/>
      </object_component>
      <object_component id="oc-183">
         <name>.econst:_g_pui8ManufacturerString</name>
         <load_address>0x3f4305</load_address>
         <run_address>0x3f4305</run_address>
         <size>0x24</size>
         <input_file_ref idref="fl-a"/>
      </object_component>
      <object_component id="oc-86">
         <name>.econst</name>
         <load_address>0x3f432a</load_address>
         <run_address>0x3f432a</run_address>
         <size>0x24</size>
         <input_file_ref idref="fl-a"/>
      </object_component>
      <object_component id="oc-175">
         <name>.econst:_g_pui8CDCSerCommInterface</name>
         <load_address>0x3f434e</load_address>
         <run_address>0x3f434e</run_address>
         <size>0x23</size>
         <input_file_ref idref="fl-1b"/>
      </object_component>
      <object_component id="oc-184">
         <name>.econst:_g_pui8ProdectString</name>
         <load_address>0x3f4371</load_address>
         <run_address>0x3f4371</run_address>
         <size>0x22</size>
         <input_file_ref idref="fl-a"/>
      </object_component>
      <object_component id="oc-192">
         <name>.econst:_g_psUSBDStdRequests</name>
         <load_address>0x3f4394</load_address>
         <run_address>0x3f4394</run_address>
         <size>0x1a</size>
         <input_file_ref idref="fl-1c"/>
      </object_component>
      <object_component id="oc-174">
         <name>.econst:_g_pui8CDCSerDataInterface</name>
         <load_address>0x3f43ae</load_address>
         <run_address>0x3f43ae</run_address>
         <size>0x17</size>
         <input_file_ref idref="fl-1b"/>
      </object_component>
      <object_component id="oc-185">
         <name>.econst:_g_pui8SerialNumberString</name>
         <load_address>0x3f43c5</load_address>
         <run_address>0x3f43c5</run_address>
         <size>0x12</size>
         <input_file_ref idref="fl-a"/>
      </object_component>
      <object_component id="oc-d1">
         <name>.econst</name>
         <load_address>0x3f43d8</load_address>
         <run_address>0x3f43d8</run_address>
         <size>0x10</size>
         <input_file_ref idref="fl-15"/>
      </object_component>
      <object_component id="oc-16f">
         <name>.econst:_g_pui8StringDescriptors</name>
         <load_address>0x3f43e8</load_address>
         <run_address>0x3f43e8</run_address>
         <size>0xc</size>
         <input_file_ref idref="fl-a"/>
      </object_component>
      <object_component id="oc-116">
         <name>.econst</name>
         <load_address>0x3f43f4</load_address>
         <run_address>0x3f43f4</run_address>
         <size>0x8</size>
         <input_file_ref idref="fl-20"/>
      </object_component>
      <object_component id="oc-182">
         <name>.econst:_g_pui8LangDescriptor</name>
         <load_address>0x3f43fc</load_address>
         <run_address>0x3f43fc</run_address>
         <size>0x4</size>
         <input_file_ref idref="fl-a"/>
      </object_component>
      <object_component id="oc-18b">
         <name>.econst:_g_pCDCCompSerConfigDescriptors</name>
         <load_address>0x3f4400</load_address>
         <run_address>0x3f4400</run_address>
         <size>0x2</size>
         <input_file_ref idref="fl-1b"/>
      </object_component>
      <object_component id="oc-18a">
         <name>.econst:_g_ppCDCSerConfigDescriptors</name>
         <load_address>0x3f4402</load_address>
         <run_address>0x3f4402</run_address>
         <size>0x2</size>
         <input_file_ref idref="fl-1b"/>
      </object_component>
      <object_component id="oc-189">
         <name>.switch:_HandleRequests</name>
         <load_address>0x3f44f0</load_address>
         <run_address>0x3f44f0</run_address>
         <size>0x2a</size>
         <input_file_ref idref="fl-1b"/>
      </object_component>
      <object_component id="oc-126">
         <name>.reset</name>
         <load_address>0x3fffc0</load_address>
         <run_address>0x3fffc0</run_address>
         <size>0x2</size>
         <input_file_ref idref="fl-28"/>
      </object_component>
      <object_component id="oc-c0">
         <name>PieVectTableFile</name>
         <uninitialized>true</uninitialized>
         <run_address>0xd00</run_address>
         <size>0x100</size>
         <input_file_ref idref="fl-b"/>
      </object_component>
      <object_component id="oc-8b">
         <name>EmuKeyVar</name>
         <uninitialized>true</uninitialized>
         <run_address>0xd00</run_address>
         <size>0x1</size>
         <input_file_ref idref="fl-b"/>
      </object_component>
      <object_component id="oc-8c">
         <name>EmuBModeVar</name>
         <uninitialized>true</uninitialized>
         <run_address>0xd01</run_address>
         <size>0x1</size>
         <input_file_ref idref="fl-b"/>
      </object_component>
      <object_component id="oc-8d">
         <name>FlashCallbackVar</name>
         <uninitialized>true</uninitialized>
         <run_address>0xd02</run_address>
         <size>0x2</size>
         <input_file_ref idref="fl-b"/>
      </object_component>
      <object_component id="oc-8e">
         <name>FlashScalingVar</name>
         <uninitialized>true</uninitialized>
         <run_address>0xd04</run_address>
         <size>0x2</size>
         <input_file_ref idref="fl-b"/>
      </object_component>
      <object_component id="oc-90">
         <name>DevEmuRegsFile</name>
         <uninitialized>true</uninitialized>
         <run_address>0x880</run_address>
         <size>0x4</size>
         <input_file_ref idref="fl-b"/>
      </object_component>
      <object_component id="oc-8f">
         <name>SysPwrCtrlRegsFile</name>
         <uninitialized>true</uninitialized>
         <run_address>0x985</run_address>
         <size>0x3</size>
         <input_file_ref idref="fl-b"/>
      </object_component>
      <object_component id="oc-91">
         <name>FlashRegsFile</name>
         <uninitialized>true</uninitialized>
         <run_address>0xa80</run_address>
         <size>0x8</size>
         <input_file_ref idref="fl-b"/>
      </object_component>
      <object_component id="oc-9b">
         <name>CsmRegsFile</name>
         <uninitialized>true</uninitialized>
         <run_address>0xae0</run_address>
         <size>0x10</size>
         <input_file_ref idref="fl-b"/>
      </object_component>
      <object_component id="oc-98">
         <name>AdcResultFile</name>
         <uninitialized>true</uninitialized>
         <run_address>0xb00</run_address>
         <size>0x10</size>
         <input_file_ref idref="fl-b"/>
      </object_component>
      <object_component id="oc-92">
         <name>CpuTimer0RegsFile</name>
         <uninitialized>true</uninitialized>
         <run_address>0xc00</run_address>
         <size>0x8</size>
         <input_file_ref idref="fl-b"/>
      </object_component>
      <object_component id="oc-95">
         <name>CpuTimer1RegsFile</name>
         <uninitialized>true</uninitialized>
         <run_address>0xc08</run_address>
         <size>0x8</size>
         <input_file_ref idref="fl-b"/>
      </object_component>
      <object_component id="oc-93">
         <name>CpuTimer2RegsFile</name>
         <uninitialized>true</uninitialized>
         <run_address>0xc10</run_address>
         <size>0x8</size>
         <input_file_ref idref="fl-b"/>
      </object_component>
      <object_component id="oc-a1">
         <name>PieCtrlRegsFile</name>
         <uninitialized>true</uninitialized>
         <run_address>0xce0</run_address>
         <size>0x1a</size>
         <input_file_ref idref="fl-b"/>
      </object_component>
      <object_component id="oc-b6">
         <name>Cla1RegsFile</name>
         <uninitialized>true</uninitialized>
         <run_address>0x1400</run_address>
         <size>0x40</size>
         <input_file_ref idref="fl-b"/>
      </object_component>
      <object_component id="oc-bf">
         <name>DmaRegsFile</name>
         <uninitialized>true</uninitialized>
         <run_address>0x1000</run_address>
         <size>0xe0</size>
         <input_file_ref idref="fl-b"/>
      </object_component>
      <object_component id="oc-b0">
         <name>ECanaRegsFile</name>
         <uninitialized>true</uninitialized>
         <run_address>0x6000</run_address>
         <size>0x34</size>
         <input_file_ref idref="fl-b"/>
      </object_component>
      <object_component id="oc-b4">
         <name>ECanaLAMRegsFile</name>
         <uninitialized>true</uninitialized>
         <run_address>0x6040</run_address>
         <size>0x40</size>
         <input_file_ref idref="fl-b"/>
      </object_component>
      <object_component id="oc-c1">
         <name>ECanaMboxesFile</name>
         <uninitialized>true</uninitialized>
         <run_address>0x6100</run_address>
         <size>0x100</size>
         <input_file_ref idref="fl-b"/>
      </object_component>
      <object_component id="oc-b5">
         <name>ECanaMOTSRegsFile</name>
         <uninitialized>true</uninitialized>
         <run_address>0x6080</run_address>
         <size>0x40</size>
         <input_file_ref idref="fl-b"/>
      </object_component>
      <object_component id="oc-b1">
         <name>ECanaMOTORegsFile</name>
         <uninitialized>true</uninitialized>
         <run_address>0x60c0</run_address>
         <size>0x40</size>
         <input_file_ref idref="fl-b"/>
      </object_component>
      <object_component id="oc-a9">
         <name>ECap1RegsFile</name>
         <uninitialized>true</uninitialized>
         <run_address>0x6a00</run_address>
         <size>0x20</size>
         <input_file_ref idref="fl-b"/>
      </object_component>
      <object_component id="oc-a8">
         <name>ECap2RegsFile</name>
         <uninitialized>true</uninitialized>
         <run_address>0x6a20</run_address>
         <size>0x20</size>
         <input_file_ref idref="fl-b"/>
      </object_component>
      <object_component id="oc-aa">
         <name>ECap3RegsFile</name>
         <uninitialized>true</uninitialized>
         <run_address>0x6a40</run_address>
         <size>0x20</size>
         <input_file_ref idref="fl-b"/>
      </object_component>
      <object_component id="oc-ad">
         <name>EQep1RegsFile</name>
         <uninitialized>true</uninitialized>
         <run_address>0x6b00</run_address>
         <size>0x22</size>
         <input_file_ref idref="fl-b"/>
      </object_component>
      <object_component id="oc-ab">
         <name>EQep2RegsFile</name>
         <uninitialized>true</uninitialized>
         <run_address>0x6b40</run_address>
         <size>0x22</size>
         <input_file_ref idref="fl-b"/>
      </object_component>
      <object_component id="oc-b9">
         <name>GpioCtrlRegsFile</name>
         <uninitialized>true</uninitialized>
         <run_address>0x6f80</run_address>
         <size>0x40</size>
         <input_file_ref idref="fl-b"/>
      </object_component>
      <object_component id="oc-a3">
         <name>GpioDataRegsFile</name>
         <uninitialized>true</uninitialized>
         <run_address>0x6fc0</run_address>
         <size>0x20</size>
         <input_file_ref idref="fl-b"/>
      </object_component>
      <object_component id="oc-a2">
         <name>GpioIntRegsFile</name>
         <uninitialized>true</uninitialized>
         <run_address>0x6fe0</run_address>
         <size>0x20</size>
         <input_file_ref idref="fl-b"/>
      </object_component>
      <object_component id="oc-a6">
         <name>HRCap1RegsFile</name>
         <uninitialized>true</uninitialized>
         <run_address>0x6ac0</run_address>
         <size>0x20</size>
         <input_file_ref idref="fl-b"/>
      </object_component>
      <object_component id="oc-a7">
         <name>HRCap2RegsFile</name>
         <uninitialized>true</uninitialized>
         <run_address>0x6ae0</run_address>
         <size>0x20</size>
         <input_file_ref idref="fl-b"/>
      </object_component>
      <object_component id="oc-a4">
         <name>HRCap3RegsFile</name>
         <uninitialized>true</uninitialized>
         <run_address>0x6c80</run_address>
         <size>0x20</size>
         <input_file_ref idref="fl-b"/>
      </object_component>
      <object_component id="oc-a5">
         <name>HRCap4RegsFile</name>
         <uninitialized>true</uninitialized>
         <run_address>0x6ca0</run_address>
         <size>0x20</size>
         <input_file_ref idref="fl-b"/>
      </object_component>
      <object_component id="oc-af">
         <name>SysCtrlRegsFile</name>
         <uninitialized>true</uninitialized>
         <run_address>0x7010</run_address>
         <size>0x30</size>
         <input_file_ref idref="fl-b"/>
      </object_component>
      <object_component id="oc-97">
         <name>SpiaRegsFile</name>
         <uninitialized>true</uninitialized>
         <run_address>0x7040</run_address>
         <size>0x10</size>
         <input_file_ref idref="fl-b"/>
      </object_component>
      <object_component id="oc-9c">
         <name>SpibRegsFile</name>
         <uninitialized>true</uninitialized>
         <run_address>0x7740</run_address>
         <size>0x10</size>
         <input_file_ref idref="fl-b"/>
      </object_component>
      <object_component id="oc-99">
         <name>SciaRegsFile</name>
         <uninitialized>true</uninitialized>
         <run_address>0x7050</run_address>
         <size>0x10</size>
         <input_file_ref idref="fl-b"/>
      </object_component>
      <object_component id="oc-96">
         <name>ScibRegsFile</name>
         <uninitialized>true</uninitialized>
         <run_address>0x7750</run_address>
         <size>0x10</size>
         <input_file_ref idref="fl-b"/>
      </object_component>
      <object_component id="oc-9a">
         <name>NmiIntruptRegsFile</name>
         <uninitialized>true</uninitialized>
         <run_address>0x7060</run_address>
         <size>0x10</size>
         <input_file_ref idref="fl-b"/>
      </object_component>
      <object_component id="oc-9d">
         <name>XIntruptRegsFile</name>
         <uninitialized>true</uninitialized>
         <run_address>0x7070</run_address>
         <size>0x10</size>
         <input_file_ref idref="fl-b"/>
      </object_component>
      <object_component id="oc-be">
         <name>AdcRegsFile</name>
         <uninitialized>true</uninitialized>
         <run_address>0x7100</run_address>
         <size>0x50</size>
         <input_file_ref idref="fl-b"/>
      </object_component>
      <object_component id="oc-ac">
         <name>I2caRegsFile</name>
         <uninitialized>true</uninitialized>
         <run_address>0x7900</run_address>
         <size>0x22</size>
         <input_file_ref idref="fl-b"/>
      </object_component>
      <object_component id="oc-9f">
         <name>Comp1RegsFile</name>
         <uninitialized>true</uninitialized>
         <run_address>0x6400</run_address>
         <size>0x14</size>
         <input_file_ref idref="fl-b"/>
      </object_component>
      <object_component id="oc-9e">
         <name>Comp2RegsFile</name>
         <uninitialized>true</uninitialized>
         <run_address>0x6420</run_address>
         <size>0x14</size>
         <input_file_ref idref="fl-b"/>
      </object_component>
      <object_component id="oc-a0">
         <name>Comp3RegsFile</name>
         <uninitialized>true</uninitialized>
         <run_address>0x6440</run_address>
         <size>0x14</size>
         <input_file_ref idref="fl-b"/>
      </object_component>
      <object_component id="oc-b3">
         <name>EPwm1RegsFile</name>
         <uninitialized>true</uninitialized>
         <run_address>0x6800</run_address>
         <size>0x40</size>
         <input_file_ref idref="fl-b"/>
      </object_component>
      <object_component id="oc-b2">
         <name>EPwm2RegsFile</name>
         <uninitialized>true</uninitialized>
         <run_address>0x6840</run_address>
         <size>0x40</size>
         <input_file_ref idref="fl-b"/>
      </object_component>
      <object_component id="oc-bd">
         <name>EPwm3RegsFile</name>
         <uninitialized>true</uninitialized>
         <run_address>0x6880</run_address>
         <size>0x40</size>
         <input_file_ref idref="fl-b"/>
      </object_component>
      <object_component id="oc-bb">
         <name>EPwm4RegsFile</name>
         <uninitialized>true</uninitialized>
         <run_address>0x68c0</run_address>
         <size>0x40</size>
         <input_file_ref idref="fl-b"/>
      </object_component>
      <object_component id="oc-bc">
         <name>EPwm5RegsFile</name>
         <uninitialized>true</uninitialized>
         <run_address>0x6900</run_address>
         <size>0x40</size>
         <input_file_ref idref="fl-b"/>
      </object_component>
      <object_component id="oc-b8">
         <name>EPwm6RegsFile</name>
         <uninitialized>true</uninitialized>
         <run_address>0x6940</run_address>
         <size>0x40</size>
         <input_file_ref idref="fl-b"/>
      </object_component>
      <object_component id="oc-b7">
         <name>EPwm7RegsFile</name>
         <uninitialized>true</uninitialized>
         <run_address>0x6980</run_address>
         <size>0x40</size>
         <input_file_ref idref="fl-b"/>
      </object_component>
      <object_component id="oc-ba">
         <name>EPwm8RegsFile</name>
         <uninitialized>true</uninitialized>
         <run_address>0x69c0</run_address>
         <size>0x40</size>
         <input_file_ref idref="fl-b"/>
      </object_component>
      <object_component id="oc-ae">
         <name>McbspaRegsFile</name>
         <uninitialized>true</uninitialized>
         <run_address>0x5000</run_address>
         <size>0x24</size>
         <input_file_ref idref="fl-b"/>
      </object_component>
      <object_component id="oc-c2">
         <name>Usb0RegsFile</name>
         <uninitialized>true</uninitialized>
         <run_address>0x4000</run_address>
         <size>0x454</size>
         <input_file_ref idref="fl-b"/>
      </object_component>
      <object_component id="oc-94">
         <name>CsmPwlFile</name>
         <uninitialized>true</uninitialized>
         <run_address>0x3f7ff8</run_address>
         <size>0x8</size>
         <input_file_ref idref="fl-b"/>
      </object_component>
      <object_component id="oc-8a">
         <name>PartIdRegsFile</name>
         <uninitialized>true</uninitialized>
         <run_address>0x3d7e80</run_address>
         <size>0x1</size>
         <input_file_ref idref="fl-b"/>
      </object_component>
      <object_component id="oc-56">
         <name>.debug_info</name>
         <load_address>0x0</load_address>
         <run_address>0x0</run_address>
         <size>0x1ea</size>
         <input_file_ref idref="fl-2"/>
      </object_component>
      <object_component id="oc-5a">
         <name>.debug_info</name>
         <load_address>0x1ea</load_address>
         <run_address>0x1ea</run_address>
         <size>0x51f7</size>
         <input_file_ref idref="fl-3"/>
      </object_component>
      <object_component id="oc-60">
         <name>.debug_info</name>
         <load_address>0x53e1</load_address>
         <run_address>0x53e1</run_address>
         <size>0xc8e</size>
         <input_file_ref idref="fl-4"/>
      </object_component>
      <object_component id="oc-65">
         <name>.debug_info</name>
         <load_address>0x606f</load_address>
         <run_address>0x606f</run_address>
         <size>0x254e</size>
         <input_file_ref idref="fl-5"/>
      </object_component>
      <object_component id="oc-6c">
         <name>.debug_info</name>
         <load_address>0x85bd</load_address>
         <run_address>0x85bd</run_address>
         <size>0x175</size>
         <input_file_ref idref="fl-6"/>
      </object_component>
      <object_component id="oc-70">
         <name>.debug_info</name>
         <load_address>0x8732</load_address>
         <run_address>0x8732</run_address>
         <size>0x636b</size>
         <input_file_ref idref="fl-7"/>
      </object_component>
      <object_component id="oc-79">
         <name>.debug_info</name>
         <load_address>0xea9d</load_address>
         <run_address>0xea9d</run_address>
         <size>0x20a2</size>
         <input_file_ref idref="fl-8"/>
      </object_component>
      <object_component id="oc-7e">
         <name>.debug_info</name>
         <load_address>0x10b3f</load_address>
         <run_address>0x10b3f</run_address>
         <size>0x5a68</size>
         <input_file_ref idref="fl-9"/>
      </object_component>
      <object_component id="oc-84">
         <name>.debug_info</name>
         <load_address>0x165a7</load_address>
         <run_address>0x165a7</run_address>
         <size>0x16c2</size>
         <input_file_ref idref="fl-a"/>
      </object_component>
      <object_component id="oc-89">
         <name>.debug_info</name>
         <load_address>0x17c69</load_address>
         <run_address>0x17c69</run_address>
         <size>0x1b040</size>
         <input_file_ref idref="fl-b"/>
      </object_component>
      <object_component id="oc-c4">
         <name>.debug_info</name>
         <load_address>0x32ca9</load_address>
         <run_address>0x32ca9</run_address>
         <size>0x20bb</size>
         <input_file_ref idref="fl-13"/>
      </object_component>
      <object_component id="oc-ca">
         <name>.debug_info</name>
         <load_address>0x34d64</load_address>
         <run_address>0x34d64</run_address>
         <size>0x1709</size>
         <input_file_ref idref="fl-14"/>
      </object_component>
      <object_component id="oc-cf">
         <name>.debug_info</name>
         <load_address>0x3646d</load_address>
         <run_address>0x3646d</run_address>
         <size>0x23b8</size>
         <input_file_ref idref="fl-15"/>
      </object_component>
      <object_component id="oc-d6">
         <name>.debug_info</name>
         <load_address>0x38825</load_address>
         <run_address>0x38825</run_address>
         <size>0x2337</size>
         <input_file_ref idref="fl-16"/>
      </object_component>
      <object_component id="oc-db">
         <name>.debug_info</name>
         <load_address>0x3ab5c</load_address>
         <run_address>0x3ab5c</run_address>
         <size>0x26ad</size>
         <input_file_ref idref="fl-17"/>
      </object_component>
      <object_component id="oc-e2">
         <name>.debug_info</name>
         <load_address>0x3d209</load_address>
         <run_address>0x3d209</run_address>
         <size>0x1947</size>
         <input_file_ref idref="fl-18"/>
      </object_component>
      <object_component id="oc-e7">
         <name>.debug_info</name>
         <load_address>0x3eb50</load_address>
         <run_address>0x3eb50</run_address>
         <size>0x8cd</size>
         <input_file_ref idref="fl-19"/>
      </object_component>
      <object_component id="oc-ee">
         <name>.debug_info</name>
         <load_address>0x3f41d</load_address>
         <run_address>0x3f41d</run_address>
         <size>0x80d0</size>
         <input_file_ref idref="fl-1a"/>
      </object_component>
      <object_component id="oc-f5">
         <name>.debug_info</name>
         <load_address>0x474ed</load_address>
         <run_address>0x474ed</run_address>
         <size>0x552f</size>
         <input_file_ref idref="fl-1b"/>
      </object_component>
      <object_component id="oc-fd">
         <name>.debug_info</name>
         <load_address>0x4ca1c</load_address>
         <run_address>0x4ca1c</run_address>
         <size>0x5427</size>
         <input_file_ref idref="fl-1c"/>
      </object_component>
      <object_component id="oc-104">
         <name>.debug_info</name>
         <load_address>0x51e43</load_address>
         <run_address>0x51e43</run_address>
         <size>0x11c1</size>
         <input_file_ref idref="fl-1d"/>
      </object_component>
      <object_component id="oc-109">
         <name>.debug_info</name>
         <load_address>0x53004</load_address>
         <run_address>0x53004</run_address>
         <size>0x557</size>
         <input_file_ref idref="fl-1e"/>
      </object_component>
      <object_component id="oc-10e">
         <name>.debug_info</name>
         <load_address>0x5355b</load_address>
         <run_address>0x5355b</run_address>
         <size>0x1b37</size>
         <input_file_ref idref="fl-1f"/>
      </object_component>
      <object_component id="oc-114">
         <name>.debug_info</name>
         <load_address>0x55092</load_address>
         <run_address>0x55092</run_address>
         <size>0x2da0</size>
         <input_file_ref idref="fl-20"/>
      </object_component>
      <object_component id="oc-11b">
         <name>.debug_info</name>
         <load_address>0x57e32</load_address>
         <run_address>0x57e32</run_address>
         <size>0x16a3</size>
         <input_file_ref idref="fl-21"/>
      </object_component>
      <object_component id="oc-120">
         <name>.debug_info</name>
         <load_address>0x594d5</load_address>
         <run_address>0x594d5</run_address>
         <size>0x1dec</size>
         <input_file_ref idref="fl-22"/>
      </object_component>
      <object_component id="oc-127">
         <name>.debug_info</name>
         <load_address>0x5b2c1</load_address>
         <run_address>0x5b2c1</run_address>
         <size>0x10f</size>
         <input_file_ref idref="fl-28"/>
      </object_component>
      <object_component id="oc-12b">
         <name>.debug_info</name>
         <load_address>0x5b3d0</load_address>
         <run_address>0x5b3d0</run_address>
         <size>0x4b8</size>
         <input_file_ref idref="fl-29"/>
      </object_component>
      <object_component id="oc-133">
         <name>.debug_info</name>
         <load_address>0x5b888</load_address>
         <run_address>0x5b888</run_address>
         <size>0xf1</size>
         <input_file_ref idref="fl-2a"/>
      </object_component>
      <object_component id="oc-138">
         <name>.debug_info</name>
         <load_address>0x5b979</load_address>
         <run_address>0x5b979</run_address>
         <size>0xf1</size>
         <input_file_ref idref="fl-2b"/>
      </object_component>
      <object_component id="oc-13d">
         <name>.debug_info</name>
         <load_address>0x5ba6a</load_address>
         <run_address>0x5ba6a</run_address>
         <size>0xff</size>
         <input_file_ref idref="fl-2c"/>
      </object_component>
      <object_component id="oc-142">
         <name>.debug_info</name>
         <load_address>0x5bb69</load_address>
         <run_address>0x5bb69</run_address>
         <size>0xf4</size>
         <input_file_ref idref="fl-2d"/>
      </object_component>
      <object_component id="oc-146">
         <name>.debug_info</name>
         <load_address>0x5bc5d</load_address>
         <run_address>0x5bc5d</run_address>
         <size>0x4d3</size>
         <input_file_ref idref="fl-2e"/>
      </object_component>
      <object_component id="oc-14b">
         <name>.debug_info</name>
         <load_address>0x5c130</load_address>
         <run_address>0x5c130</run_address>
         <size>0x507</size>
         <input_file_ref idref="fl-2f"/>
      </object_component>
      <object_component id="oc-151">
         <name>.debug_info</name>
         <load_address>0x5c637</load_address>
         <run_address>0x5c637</run_address>
         <size>0xf4</size>
         <input_file_ref idref="fl-30"/>
      </object_component>
      <object_component id="oc-155">
         <name>.debug_info</name>
         <load_address>0x5c72b</load_address>
         <run_address>0x5c72b</run_address>
         <size>0x4e2</size>
         <input_file_ref idref="fl-31"/>
      </object_component>
      <object_component id="oc-15a">
         <name>.debug_info</name>
         <load_address>0x5cc0d</load_address>
         <run_address>0x5cc0d</run_address>
         <size>0x4af</size>
         <input_file_ref idref="fl-32"/>
      </object_component>
      <object_component id="oc-15f">
         <name>.debug_info</name>
         <load_address>0x5d0bc</load_address>
         <run_address>0x5d0bc</run_address>
         <size>0x1bd</size>
         <input_file_ref idref="fl-33"/>
      </object_component>
      <object_component id="oc-161">
         <name>.debug_info</name>
         <load_address>0x5d279</load_address>
         <run_address>0x5d279</run_address>
         <size>0x19c</size>
         <input_file_ref idref="fl-34"/>
      </object_component>
      <object_component id="oc-166">
         <name>.debug_info</name>
         <load_address>0x5d415</load_address>
         <run_address>0x5d415</run_address>
         <size>0xf1</size>
         <input_file_ref idref="fl-35"/>
      </object_component>
      <object_component id="oc-1f2">
         <name>.debug_info</name>
         <load_address>0x5d506</load_address>
         <run_address>0x5d506</run_address>
         <size>0xb2</size>
      </object_component>
      <object_component id="oc-57">
         <name>.debug_line</name>
         <load_address>0x0</load_address>
         <run_address>0x0</run_address>
         <size>0x9f</size>
         <input_file_ref idref="fl-2"/>
      </object_component>
      <object_component id="oc-5d">
         <name>.debug_line</name>
         <load_address>0x9f</load_address>
         <run_address>0x9f</run_address>
         <size>0x96a</size>
         <input_file_ref idref="fl-3"/>
      </object_component>
      <object_component id="oc-62">
         <name>.debug_line</name>
         <load_address>0xa09</load_address>
         <run_address>0xa09</run_address>
         <size>0xc4</size>
         <input_file_ref idref="fl-4"/>
      </object_component>
      <object_component id="oc-68">
         <name>.debug_line</name>
         <load_address>0xacd</load_address>
         <run_address>0xacd</run_address>
         <size>0xa8</size>
         <input_file_ref idref="fl-5"/>
      </object_component>
      <object_component id="oc-6d">
         <name>.debug_line</name>
         <load_address>0xb75</load_address>
         <run_address>0xb75</run_address>
         <size>0x86</size>
         <input_file_ref idref="fl-6"/>
      </object_component>
      <object_component id="oc-76">
         <name>.debug_line</name>
         <load_address>0xbfb</load_address>
         <run_address>0xbfb</run_address>
         <size>0x5c8</size>
         <input_file_ref idref="fl-7"/>
      </object_component>
      <object_component id="oc-7b">
         <name>.debug_line</name>
         <load_address>0x11c3</load_address>
         <run_address>0x11c3</run_address>
         <size>0x170</size>
         <input_file_ref idref="fl-8"/>
      </object_component>
      <object_component id="oc-81">
         <name>.debug_line</name>
         <load_address>0x1333</load_address>
         <run_address>0x1333</run_address>
         <size>0xbcd</size>
         <input_file_ref idref="fl-9"/>
      </object_component>
      <object_component id="oc-c7">
         <name>.debug_line</name>
         <load_address>0x1f00</load_address>
         <run_address>0x1f00</run_address>
         <size>0x1af</size>
         <input_file_ref idref="fl-13"/>
      </object_component>
      <object_component id="oc-cc">
         <name>.debug_line</name>
         <load_address>0x20af</load_address>
         <run_address>0x20af</run_address>
         <size>0x3aa</size>
         <input_file_ref idref="fl-14"/>
      </object_component>
      <object_component id="oc-d3">
         <name>.debug_line</name>
         <load_address>0x2459</load_address>
         <run_address>0x2459</run_address>
         <size>0xd5</size>
         <input_file_ref idref="fl-15"/>
      </object_component>
      <object_component id="oc-d8">
         <name>.debug_line</name>
         <load_address>0x252e</load_address>
         <run_address>0x252e</run_address>
         <size>0x33d</size>
         <input_file_ref idref="fl-16"/>
      </object_component>
      <object_component id="oc-df">
         <name>.debug_line</name>
         <load_address>0x286b</load_address>
         <run_address>0x286b</run_address>
         <size>0x2bb</size>
         <input_file_ref idref="fl-17"/>
      </object_component>
      <object_component id="oc-e4">
         <name>.debug_line</name>
         <load_address>0x2b26</load_address>
         <run_address>0x2b26</run_address>
         <size>0x242</size>
         <input_file_ref idref="fl-18"/>
      </object_component>
      <object_component id="oc-eb">
         <name>.debug_line</name>
         <load_address>0x2d68</load_address>
         <run_address>0x2d68</run_address>
         <size>0xfd</size>
         <input_file_ref idref="fl-19"/>
      </object_component>
      <object_component id="oc-f2">
         <name>.debug_line</name>
         <load_address>0x2e65</load_address>
         <run_address>0x2e65</run_address>
         <size>0x1162</size>
         <input_file_ref idref="fl-1a"/>
      </object_component>
      <object_component id="oc-fa">
         <name>.debug_line</name>
         <load_address>0x3fc7</load_address>
         <run_address>0x3fc7</run_address>
         <size>0x723</size>
         <input_file_ref idref="fl-1b"/>
      </object_component>
      <object_component id="oc-101">
         <name>.debug_line</name>
         <load_address>0x46ea</load_address>
         <run_address>0x46ea</run_address>
         <size>0x8c0</size>
         <input_file_ref idref="fl-1c"/>
      </object_component>
      <object_component id="oc-106">
         <name>.debug_line</name>
         <load_address>0x4faa</load_address>
         <run_address>0x4faa</run_address>
         <size>0x165</size>
         <input_file_ref idref="fl-1d"/>
      </object_component>
      <object_component id="oc-10b">
         <name>.debug_line</name>
         <load_address>0x510f</load_address>
         <run_address>0x510f</run_address>
         <size>0x77</size>
         <input_file_ref idref="fl-1e"/>
      </object_component>
      <object_component id="oc-111">
         <name>.debug_line</name>
         <load_address>0x5186</load_address>
         <run_address>0x5186</run_address>
         <size>0x1f2</size>
         <input_file_ref idref="fl-1f"/>
      </object_component>
      <object_component id="oc-118">
         <name>.debug_line</name>
         <load_address>0x5378</load_address>
         <run_address>0x5378</run_address>
         <size>0x3d2</size>
         <input_file_ref idref="fl-20"/>
      </object_component>
      <object_component id="oc-11d">
         <name>.debug_line</name>
         <load_address>0x574a</load_address>
         <run_address>0x574a</run_address>
         <size>0x1d9</size>
         <input_file_ref idref="fl-21"/>
      </object_component>
      <object_component id="oc-122">
         <name>.debug_line</name>
         <load_address>0x5923</load_address>
         <run_address>0x5923</run_address>
         <size>0x219</size>
         <input_file_ref idref="fl-22"/>
      </object_component>
      <object_component id="oc-128">
         <name>.debug_line</name>
         <load_address>0x5b3c</load_address>
         <run_address>0x5b3c</run_address>
         <size>0x74</size>
         <input_file_ref idref="fl-28"/>
      </object_component>
      <object_component id="oc-12f">
         <name>.debug_line</name>
         <load_address>0x5bb0</load_address>
         <run_address>0x5bb0</run_address>
         <size>0x65</size>
         <input_file_ref idref="fl-29"/>
      </object_component>
      <object_component id="oc-134">
         <name>.debug_line</name>
         <load_address>0x5c15</load_address>
         <run_address>0x5c15</run_address>
         <size>0xb3</size>
         <input_file_ref idref="fl-2a"/>
      </object_component>
      <object_component id="oc-139">
         <name>.debug_line</name>
         <load_address>0x5cc8</load_address>
         <run_address>0x5cc8</run_address>
         <size>0xa2</size>
         <input_file_ref idref="fl-2b"/>
      </object_component>
      <object_component id="oc-13e">
         <name>.debug_line</name>
         <load_address>0x5d6a</load_address>
         <run_address>0x5d6a</run_address>
         <size>0x49</size>
         <input_file_ref idref="fl-2c"/>
      </object_component>
      <object_component id="oc-143">
         <name>.debug_line</name>
         <load_address>0x5db3</load_address>
         <run_address>0x5db3</run_address>
         <size>0x57</size>
         <input_file_ref idref="fl-2d"/>
      </object_component>
      <object_component id="oc-148">
         <name>.debug_line</name>
         <load_address>0x5e0a</load_address>
         <run_address>0x5e0a</run_address>
         <size>0x9d</size>
         <input_file_ref idref="fl-2e"/>
      </object_component>
      <object_component id="oc-14d">
         <name>.debug_line</name>
         <load_address>0x5ea7</load_address>
         <run_address>0x5ea7</run_address>
         <size>0xd2</size>
         <input_file_ref idref="fl-2f"/>
      </object_component>
      <object_component id="oc-152">
         <name>.debug_line</name>
         <load_address>0x5f79</load_address>
         <run_address>0x5f79</run_address>
         <size>0x52</size>
         <input_file_ref idref="fl-30"/>
      </object_component>
      <object_component id="oc-157">
         <name>.debug_line</name>
         <load_address>0x5fcb</load_address>
         <run_address>0x5fcb</run_address>
         <size>0x5e</size>
         <input_file_ref idref="fl-31"/>
      </object_component>
      <object_component id="oc-15c">
         <name>.debug_line</name>
         <load_address>0x6029</load_address>
         <run_address>0x6029</run_address>
         <size>0x59</size>
         <input_file_ref idref="fl-32"/>
      </object_component>
      <object_component id="oc-167">
         <name>.debug_line</name>
         <load_address>0x6082</load_address>
         <run_address>0x6082</run_address>
         <size>0xc4</size>
         <input_file_ref idref="fl-35"/>
      </object_component>
      <object_component id="oc-58">
         <name>.debug_abbrev</name>
         <load_address>0x0</load_address>
         <run_address>0x0</run_address>
         <size>0x21</size>
         <input_file_ref idref="fl-2"/>
      </object_component>
      <object_component id="oc-5e">
         <name>.debug_abbrev</name>
         <load_address>0x21</load_address>
         <run_address>0x21</run_address>
         <size>0xde</size>
         <input_file_ref idref="fl-3"/>
      </object_component>
      <object_component id="oc-63">
         <name>.debug_abbrev</name>
         <load_address>0xff</load_address>
         <run_address>0xff</run_address>
         <size>0xc8</size>
         <input_file_ref idref="fl-4"/>
      </object_component>
      <object_component id="oc-69">
         <name>.debug_abbrev</name>
         <load_address>0x1c7</load_address>
         <run_address>0x1c7</run_address>
         <size>0x116</size>
         <input_file_ref idref="fl-5"/>
      </object_component>
      <object_component id="oc-6e">
         <name>.debug_abbrev</name>
         <load_address>0x2dd</load_address>
         <run_address>0x2dd</run_address>
         <size>0x2f</size>
         <input_file_ref idref="fl-6"/>
      </object_component>
      <object_component id="oc-77">
         <name>.debug_abbrev</name>
         <load_address>0x30c</load_address>
         <run_address>0x30c</run_address>
         <size>0x2fe</size>
         <input_file_ref idref="fl-7"/>
      </object_component>
      <object_component id="oc-7c">
         <name>.debug_abbrev</name>
         <load_address>0x60a</load_address>
         <run_address>0x60a</run_address>
         <size>0x148</size>
         <input_file_ref idref="fl-8"/>
      </object_component>
      <object_component id="oc-82">
         <name>.debug_abbrev</name>
         <load_address>0x752</load_address>
         <run_address>0x752</run_address>
         <size>0x194</size>
         <input_file_ref idref="fl-9"/>
      </object_component>
      <object_component id="oc-88">
         <name>.debug_abbrev</name>
         <load_address>0x8e6</load_address>
         <run_address>0x8e6</run_address>
         <size>0xe2</size>
         <input_file_ref idref="fl-a"/>
      </object_component>
      <object_component id="oc-c3">
         <name>.debug_abbrev</name>
         <load_address>0x9c8</load_address>
         <run_address>0x9c8</run_address>
         <size>0xc4</size>
         <input_file_ref idref="fl-b"/>
      </object_component>
      <object_component id="oc-c8">
         <name>.debug_abbrev</name>
         <load_address>0xa8c</load_address>
         <run_address>0xa8c</run_address>
         <size>0x1cc</size>
         <input_file_ref idref="fl-13"/>
      </object_component>
      <object_component id="oc-cd">
         <name>.debug_abbrev</name>
         <load_address>0xc58</load_address>
         <run_address>0xc58</run_address>
         <size>0x171</size>
         <input_file_ref idref="fl-14"/>
      </object_component>
      <object_component id="oc-d4">
         <name>.debug_abbrev</name>
         <load_address>0xdc9</load_address>
         <run_address>0xdc9</run_address>
         <size>0x155</size>
         <input_file_ref idref="fl-15"/>
      </object_component>
      <object_component id="oc-d9">
         <name>.debug_abbrev</name>
         <load_address>0xf1e</load_address>
         <run_address>0xf1e</run_address>
         <size>0x1b0</size>
         <input_file_ref idref="fl-16"/>
      </object_component>
      <object_component id="oc-e0">
         <name>.debug_abbrev</name>
         <load_address>0x10ce</load_address>
         <run_address>0x10ce</run_address>
         <size>0x201</size>
         <input_file_ref idref="fl-17"/>
      </object_component>
      <object_component id="oc-e5">
         <name>.debug_abbrev</name>
         <load_address>0x12cf</load_address>
         <run_address>0x12cf</run_address>
         <size>0x17f</size>
         <input_file_ref idref="fl-18"/>
      </object_component>
      <object_component id="oc-ec">
         <name>.debug_abbrev</name>
         <load_address>0x144e</load_address>
         <run_address>0x144e</run_address>
         <size>0xff</size>
         <input_file_ref idref="fl-19"/>
      </object_component>
      <object_component id="oc-f3">
         <name>.debug_abbrev</name>
         <load_address>0x154d</load_address>
         <run_address>0x154d</run_address>
         <size>0x1f7</size>
         <input_file_ref idref="fl-1a"/>
      </object_component>
      <object_component id="oc-fb">
         <name>.debug_abbrev</name>
         <load_address>0x1744</load_address>
         <run_address>0x1744</run_address>
         <size>0x1ec</size>
         <input_file_ref idref="fl-1b"/>
      </object_component>
      <object_component id="oc-102">
         <name>.debug_abbrev</name>
         <load_address>0x1930</load_address>
         <run_address>0x1930</run_address>
         <size>0x218</size>
         <input_file_ref idref="fl-1c"/>
      </object_component>
      <object_component id="oc-107">
         <name>.debug_abbrev</name>
         <load_address>0x1b48</load_address>
         <run_address>0x1b48</run_address>
         <size>0x10c</size>
         <input_file_ref idref="fl-1d"/>
      </object_component>
      <object_component id="oc-10c">
         <name>.debug_abbrev</name>
         <load_address>0x1c54</load_address>
         <run_address>0x1c54</run_address>
         <size>0xbc</size>
         <input_file_ref idref="fl-1e"/>
      </object_component>
      <object_component id="oc-112">
         <name>.debug_abbrev</name>
         <load_address>0x1d10</load_address>
         <run_address>0x1d10</run_address>
         <size>0x152</size>
         <input_file_ref idref="fl-1f"/>
      </object_component>
      <object_component id="oc-119">
         <name>.debug_abbrev</name>
         <load_address>0x1e62</load_address>
         <run_address>0x1e62</run_address>
         <size>0x1d3</size>
         <input_file_ref idref="fl-20"/>
      </object_component>
      <object_component id="oc-11e">
         <name>.debug_abbrev</name>
         <load_address>0x2035</load_address>
         <run_address>0x2035</run_address>
         <size>0x15e</size>
         <input_file_ref idref="fl-21"/>
      </object_component>
      <object_component id="oc-123">
         <name>.debug_abbrev</name>
         <load_address>0x2193</load_address>
         <run_address>0x2193</run_address>
         <size>0x1b6</size>
         <input_file_ref idref="fl-22"/>
      </object_component>
      <object_component id="oc-129">
         <name>.debug_abbrev</name>
         <load_address>0x2349</load_address>
         <run_address>0x2349</run_address>
         <size>0x46</size>
         <input_file_ref idref="fl-28"/>
      </object_component>
      <object_component id="oc-130">
         <name>.debug_abbrev</name>
         <load_address>0x238f</load_address>
         <run_address>0x238f</run_address>
         <size>0x117</size>
         <input_file_ref idref="fl-29"/>
      </object_component>
      <object_component id="oc-135">
         <name>.debug_abbrev</name>
         <load_address>0x24a6</load_address>
         <run_address>0x24a6</run_address>
         <size>0x38</size>
         <input_file_ref idref="fl-2a"/>
      </object_component>
      <object_component id="oc-13a">
         <name>.debug_abbrev</name>
         <load_address>0x24de</load_address>
         <run_address>0x24de</run_address>
         <size>0x38</size>
         <input_file_ref idref="fl-2b"/>
      </object_component>
      <object_component id="oc-13f">
         <name>.debug_abbrev</name>
         <load_address>0x2516</load_address>
         <run_address>0x2516</run_address>
         <size>0x46</size>
         <input_file_ref idref="fl-2c"/>
      </object_component>
      <object_component id="oc-144">
         <name>.debug_abbrev</name>
         <load_address>0x255c</load_address>
         <run_address>0x255c</run_address>
         <size>0x38</size>
         <input_file_ref idref="fl-2d"/>
      </object_component>
      <object_component id="oc-149">
         <name>.debug_abbrev</name>
         <load_address>0x2594</load_address>
         <run_address>0x2594</run_address>
         <size>0x9d</size>
         <input_file_ref idref="fl-2e"/>
      </object_component>
      <object_component id="oc-14e">
         <name>.debug_abbrev</name>
         <load_address>0x2631</load_address>
         <run_address>0x2631</run_address>
         <size>0xc1</size>
         <input_file_ref idref="fl-2f"/>
      </object_component>
      <object_component id="oc-153">
         <name>.debug_abbrev</name>
         <load_address>0x26f2</load_address>
         <run_address>0x26f2</run_address>
         <size>0x38</size>
         <input_file_ref idref="fl-30"/>
      </object_component>
      <object_component id="oc-158">
         <name>.debug_abbrev</name>
         <load_address>0x272a</load_address>
         <run_address>0x272a</run_address>
         <size>0xb2</size>
         <input_file_ref idref="fl-31"/>
      </object_component>
      <object_component id="oc-15d">
         <name>.debug_abbrev</name>
         <load_address>0x27dc</load_address>
         <run_address>0x27dc</run_address>
         <size>0xfe</size>
         <input_file_ref idref="fl-32"/>
      </object_component>
      <object_component id="oc-160">
         <name>.debug_abbrev</name>
         <load_address>0x28da</load_address>
         <run_address>0x28da</run_address>
         <size>0x57</size>
         <input_file_ref idref="fl-33"/>
      </object_component>
      <object_component id="oc-164">
         <name>.debug_abbrev</name>
         <load_address>0x2931</load_address>
         <run_address>0x2931</run_address>
         <size>0x31</size>
         <input_file_ref idref="fl-34"/>
      </object_component>
      <object_component id="oc-168">
         <name>.debug_abbrev</name>
         <load_address>0x2962</load_address>
         <run_address>0x2962</run_address>
         <size>0x38</size>
         <input_file_ref idref="fl-35"/>
      </object_component>
      <object_component id="oc-1f3">
         <name>.debug_abbrev</name>
         <load_address>0x299a</load_address>
         <run_address>0x299a</run_address>
         <size>0xf</size>
      </object_component>
      <object_component id="oc-59">
         <name>.debug_aranges</name>
         <load_address>0x0</load_address>
         <run_address>0x0</run_address>
         <size>0x28</size>
         <input_file_ref idref="fl-2"/>
      </object_component>
      <object_component id="oc-5f">
         <name>.debug_aranges</name>
         <load_address>0x28</load_address>
         <run_address>0x28</run_address>
         <size>0x2f8</size>
         <input_file_ref idref="fl-3"/>
      </object_component>
      <object_component id="oc-64">
         <name>.debug_aranges</name>
         <load_address>0x320</load_address>
         <run_address>0x320</run_address>
         <size>0x28</size>
         <input_file_ref idref="fl-4"/>
      </object_component>
      <object_component id="oc-6a">
         <name>.debug_aranges</name>
         <load_address>0x348</load_address>
         <run_address>0x348</run_address>
         <size>0x20</size>
         <input_file_ref idref="fl-5"/>
      </object_component>
      <object_component id="oc-6f">
         <name>.debug_aranges</name>
         <load_address>0x368</load_address>
         <run_address>0x368</run_address>
         <size>0x20</size>
         <input_file_ref idref="fl-6"/>
      </object_component>
      <object_component id="oc-78">
         <name>.debug_aranges</name>
         <load_address>0x388</load_address>
         <run_address>0x388</run_address>
         <size>0xb0</size>
         <input_file_ref idref="fl-7"/>
      </object_component>
      <object_component id="oc-7d">
         <name>.debug_aranges</name>
         <load_address>0x438</load_address>
         <run_address>0x438</run_address>
         <size>0x58</size>
         <input_file_ref idref="fl-8"/>
      </object_component>
      <object_component id="oc-83">
         <name>.debug_aranges</name>
         <load_address>0x490</load_address>
         <run_address>0x490</run_address>
         <size>0x228</size>
         <input_file_ref idref="fl-9"/>
      </object_component>
      <object_component id="oc-c9">
         <name>.debug_aranges</name>
         <load_address>0x6b8</load_address>
         <run_address>0x6b8</run_address>
         <size>0x68</size>
         <input_file_ref idref="fl-13"/>
      </object_component>
      <object_component id="oc-ce">
         <name>.debug_aranges</name>
         <load_address>0x720</load_address>
         <run_address>0x720</run_address>
         <size>0x100</size>
         <input_file_ref idref="fl-14"/>
      </object_component>
      <object_component id="oc-d5">
         <name>.debug_aranges</name>
         <load_address>0x820</load_address>
         <run_address>0x820</run_address>
         <size>0x48</size>
         <input_file_ref idref="fl-15"/>
      </object_component>
      <object_component id="oc-da">
         <name>.debug_aranges</name>
         <load_address>0x868</load_address>
         <run_address>0x868</run_address>
         <size>0xa0</size>
         <input_file_ref idref="fl-16"/>
      </object_component>
      <object_component id="oc-e1">
         <name>.debug_aranges</name>
         <load_address>0x908</load_address>
         <run_address>0x908</run_address>
         <size>0x78</size>
         <input_file_ref idref="fl-17"/>
      </object_component>
      <object_component id="oc-e6">
         <name>.debug_aranges</name>
         <load_address>0x980</load_address>
         <run_address>0x980</run_address>
         <size>0x98</size>
         <input_file_ref idref="fl-18"/>
      </object_component>
      <object_component id="oc-ed">
         <name>.debug_aranges</name>
         <load_address>0xa18</load_address>
         <run_address>0xa18</run_address>
         <size>0x38</size>
         <input_file_ref idref="fl-19"/>
      </object_component>
      <object_component id="oc-f4">
         <name>.debug_aranges</name>
         <load_address>0xa50</load_address>
         <run_address>0xa50</run_address>
         <size>0x1c8</size>
         <input_file_ref idref="fl-1a"/>
      </object_component>
      <object_component id="oc-fc">
         <name>.debug_aranges</name>
[...]
         <value>0x3f5978</value>
         <object_component_ref idref="oc-172"/>
      </symbol>
      <symbol id="sm-74e">
         <name>_USBHCDPowerAutomatic</name>
         <value>0x3f4eea</value>
         <object_component_ref idref="oc-172"/>
      </symbol>
      <symbol id="sm-74f">
         <name>_USBHCDReset</name>
         <value>0x3f4fb4</value>
         <object_component_ref idref="oc-172"/>
      </symbol>
      <symbol id="sm-750">
         <name>_ConfigDescFree</name>
         <value>0x3f4568</value>
         <object_component_ref idref="oc-172"/>
      </symbol>
      <symbol id="sm-751">
         <name>_USBHCDInit</name>
         <value>0x3f4ef5</value>
         <object_component_ref idref="oc-172"/>
      </symbol>
      <symbol id="sm-752">
         <name>_USBHCDResume</name>
         <value>0x3f4fe3</value>
         <object_component_ref idref="oc-172"/>
      </symbol>
      <symbol id="sm-753">
         <name>_USBHCDPipeRead</name>
         <value>0x3f4b8c</value>
         <object_component_ref idref="oc-172"/>
      </symbol>
      <symbol id="sm-754">
         <name>_USBHCDPipeReadNonBlocking</name>
         <value>0x3f4b44</value>
         <object_component_ref idref="oc-172"/>
      </symbol>
      <symbol id="sm-755">
         <name>_USBHCDPipeWrite</name>
         <value>0x3f499b</value>
         <object_component_ref idref="oc-172"/>
      </symbol>
      <symbol id="sm-756">
         <name>_USBHCDMain</name>
         <value>0x3f56c9</value>
         <object_component_ref idref="oc-172"/>
      </symbol>
      <symbol id="sm-757">
         <name>_USBHostIntHandlerInternal</name>
         <value>0x3f5228</value>
         <object_component_ref idref="oc-172"/>
      </symbol>
      <symbol id="sm-758">
         <name>_ConfigDescAlloc</name>
         <value>0x3f451a</value>
         <object_component_ref idref="oc-172"/>
      </symbol>
      <symbol id="sm-759">
         <name>_USBHCDRegisterDrivers</name>
         <value>0x3f4f47</value>
         <object_component_ref idref="oc-172"/>
      </symbol>
      <symbol id="sm-75a">
         <name>_USBHCDSetConfig</name>
         <value>0x3f514c</value>
         <object_component_ref idref="oc-172"/>
      </symbol>
      <symbol id="sm-75b">
         <name>_USBHCDSetInterface</name>
         <value>0x3f5170</value>
         <object_component_ref idref="oc-172"/>
      </symbol>
      <symbol id="sm-75c">
         <name>_InternalUSBHCDSendEvent</name>
         <value>0x3f561c</value>
         <object_component_ref idref="oc-172"/>
      </symbol>
      <symbol id="sm-75d">
         <name>_USBHCDPipeSchedule</name>
         <value>0x3f4a9d</value>
         <object_component_ref idref="oc-172"/>
      </symbol>
      <symbol id="sm-75e">
         <name>_USBHCDDevSubClass</name>
         <value>0x3f5ac5</value>
         <object_component_ref idref="oc-172"/>
      </symbol>
      <symbol id="sm-75f">
         <name>_USBHCDTerm</name>
         <value>0x3f4f52</value>
         <object_component_ref idref="oc-172"/>
      </symbol>
      <symbol id="sm-760">
         <name>_USBHCDPipeConfig</name>
         <value>0x3f48c6</value>
         <object_component_ref idref="oc-172"/>
      </symbol>
      <symbol id="sm-761">
         <name>_USBHCDHubDeviceConnected</name>
         <value>0x3f5920</value>
         <object_component_ref idref="oc-172"/>
      </symbol>
      <symbol id="sm-762">
         <name>_USBHCDPipeFree</name>
         <value>0x3f4ca4</value>
         <object_component_ref idref="oc-172"/>
      </symbol>
      <symbol id="sm-763">
         <name>_USBHCDDevHubPort</name>
         <value>0x3f5a78</value>
         <object_component_ref idref="oc-172"/>
      </symbol>
      <symbol id="sm-764">
         <name>_USBHostCheckPipes</name>
         <value>0x3f519c</value>
         <object_component_ref idref="oc-172"/>
      </symbol>
      <symbol id="sm-765">
         <name>_USBHCDControlTransfer</name>
         <value>0x3f588e</value>
         <object_component_ref idref="oc-172"/>
      </symbol>
      <symbol id="sm-766">
         <name>_USBHCDEventEnable</name>
         <value>0x3f45d9</value>
         <object_component_ref idref="oc-172"/>
      </symbol>
      <symbol id="sm-767">
         <name>_USBHCDPipeAlloc</name>
         <value>0x3f48b7</value>
         <object_component_ref idref="oc-172"/>
      </symbol>
      <symbol id="sm-768">
         <name>_USBHCDDevAddress</name>
         <value>0x3f5a8c</value>
         <object_component_ref idref="oc-172"/>
      </symbol>
      <symbol id="sm-769">
         <name>_USBHCDPowerConfigGet</name>
         <value>0x3f4eb9</value>
         <object_component_ref idref="oc-172"/>
      </symbol>
      <symbol id="sm-7f9">
         <name>_USBDCDCPowerStatusSet</name>
         <value>0x3f7916</value>
         <object_component_ref idref="oc-170"/>
      </symbol>
      <symbol id="sm-7fa">
         <name>_ProcessDataFromHost</name>
         <value>0x3f7318</value>
         <object_component_ref idref="oc-170"/>
      </symbol>
      <symbol id="sm-7fb">
         <name>_g_sCDCSerDataInterfaceSection</name>
         <value>0x3f427c</value>
         <object_component_ref idref="oc-f7"/>
      </symbol>
      <symbol id="sm-7fc">
         <name>_USBDCDCSerialStateChange</name>
         <value>0x3f78e8</value>
         <object_component_ref idref="oc-170"/>
      </symbol>
      <symbol id="sm-7fd">
         <name>_g_pui8CDCSerDescriptor</name>
         <value>0x97e4</value>
         <object_component_ref idref="oc-f8"/>
      </symbol>
      <symbol id="sm-7fe">
         <name>_USBDCDCTerm</name>
         <value>0x3f77c2</value>
         <object_component_ref idref="oc-170"/>
      </symbol>
      <symbol id="sm-7ff">
         <name>_USBDCDCRxPacketAvailable</name>
         <value>0x3f78bd</value>
         <object_component_ref idref="oc-170"/>
      </symbol>
      <symbol id="sm-800">
         <name>_g_psCDCCompSerSections</name>
         <value>0x97d4</value>
         <object_component_ref idref="oc-f8"/>
      </symbol>
      <symbol id="sm-801">
         <name>_g_pui8CDCSerDeviceDescriptor</name>
         <value>0x97ed</value>
         <object_component_ref idref="oc-f8"/>
      </symbol>
      <symbol id="sm-802">
         <name>_g_sIADSerConfigSection</name>
         <value>0x3f428c</value>
         <object_component_ref idref="oc-f7"/>
      </symbol>
      <symbol id="sm-803">
         <name>_g_psCDCSerSections</name>
         <value>0x97ce</value>
         <object_component_ref idref="oc-f8"/>
      </symbol>
      <symbol id="sm-804">
         <name>_USBDCDCPacketRead</name>
         <value>0x3f7845</value>
         <object_component_ref idref="oc-170"/>
      </symbol>
      <symbol id="sm-805">
         <name>_USBDCDCCompositeInit</name>
         <value>0x3f76d7</value>
         <object_component_ref idref="oc-170"/>
      </symbol>
      <symbol id="sm-806">
         <name>_g_pui8CDCSerDataInterface</name>
         <value>0x3f43ae</value>
         <object_component_ref idref="oc-174"/>
      </symbol>
      <symbol id="sm-807">
         <name>_USBDCDCSetRxCBData</name>
         <value>0x3f77db</value>
         <object_component_ref idref="oc-170"/>
      </symbol>
      <symbol id="sm-808">
         <name>_ProcessDataToHost</name>
         <value>0x3f73a5</value>
         <object_component_ref idref="oc-170"/>
      </symbol>
      <symbol id="sm-809">
         <name>_g_sCDCSerConfigHeader</name>
         <value>0x3f4288</value>
         <object_component_ref idref="oc-f7"/>
      </symbol>
      <symbol id="sm-80a">
         <name>_USBDCDCSetControlCBData</name>
         <value>0x3f77cf</value>
         <object_component_ref idref="oc-170"/>
      </symbol>
      <symbol id="sm-80b">
         <name>_g_pui8IADSerDescriptor</name>
         <value>0x97dc</value>
         <object_component_ref idref="oc-f8"/>
      </symbol>
      <symbol id="sm-80c">
         <name>_USBDCDCRemoteWakeupRequest</name>
         <value>0x3f791f</value>
         <object_component_ref idref="oc-170"/>
      </symbol>
      <symbol id="sm-80d">
         <name>_g_ppCDCSerConfigDescriptors</name>
         <value>0x3f4402</value>
         <object_component_ref idref="oc-18a"/>
      </symbol>
      <symbol id="sm-80e">
         <name>_ProcessNotificationToHost</name>
         <value>0x3f7376</value>
         <object_component_ref idref="oc-170"/>
      </symbol>
      <symbol id="sm-80f">
         <name>_USBDCDCPacketWrite</name>
         <value>0x3f77ff</value>
         <object_component_ref idref="oc-170"/>
      </symbol>
      <symbol id="sm-810">
         <name>_g_sCDCSerCommInterfaceSection</name>
         <value>0x3f4280</value>
         <object_component_ref idref="oc-f7"/>
      </symbol>
      <symbol id="sm-811">
         <name>_g_sCDCHandlers</name>
         <value>0x3f4294</value>
         <object_component_ref idref="oc-f7"/>
      </symbol>
      <symbol id="sm-812">
         <name>_USBDCDCInit</name>
         <value>0x3f776f</value>
         <object_component_ref idref="oc-170"/>
      </symbol>
      <symbol id="sm-813">
         <name>_USBDCDCTxPacketAvailable</name>
         <value>0x3f78ad</value>
         <object_component_ref idref="oc-170"/>
      </symbol>
      <symbol id="sm-814">
         <name>_g_pCDCCompSerConfigDescriptors</name>
         <value>0x3f4400</value>
         <object_component_ref idref="oc-18b"/>
      </symbol>
      <symbol id="sm-815">
         <name>_g_sCDCSerConfigSection</name>
         <value>0x3f4290</value>
         <object_component_ref idref="oc-f7"/>
      </symbol>
      <symbol id="sm-816">
         <name>_g_sCDCCompSerConfigHeader</name>
         <value>0x3f4284</value>
         <object_component_ref idref="oc-f7"/>
      </symbol>
      <symbol id="sm-817">
         <name>_g_pui8CDCSerCommInterface</name>
         <value>0x3f434e</value>
         <object_component_ref idref="oc-175"/>
      </symbol>
      <symbol id="sm-818">
         <name>_USBDCDCSetTxCBData</name>
         <value>0x3f77ed</value>
         <object_component_ref idref="oc-170"/>
      </symbol>
      <symbol id="sm-8c0">
         <name>_USBDCDInit</name>
         <value>0x3f69b1</value>
         <object_component_ref idref="oc-188"/>
      </symbol>
      <symbol id="sm-8c1">
         <name>_g_psDCDInst</name>
         <value>0x9b44</value>
         <object_component_ref idref="oc-ff"/>
      </symbol>
      <symbol id="sm-8c2">
         <name>_USBDeviceEnumResetHandler</name>
         <value>0x3f6bea</value>
         <object_component_ref idref="oc-188"/>
      </symbol>
      <symbol id="sm-8c3">
         <name>_USBDCDDeviceInfoInit</name>
         <value>0x3f69a1</value>
         <object_component_ref idref="oc-188"/>
      </symbol>
      <symbol id="sm-8c4">
         <name>_USBDCDStallEP0</name>
         <value>0x3f6a87</value>
         <object_component_ref idref="oc-188"/>
      </symbol>
      <symbol id="sm-8c5">
         <name>_USBDCDTerm</name>
         <value>0x3f6a2f</value>
         <object_component_ref idref="oc-188"/>
      </symbol>
      <symbol id="sm-8c6">
         <name>_USBDCDRequestDataEP0</name>
         <value>0x3f6a62</value>
         <object_component_ref idref="oc-188"/>
      </symbol>
      <symbol id="sm-8c7">
         <name>_USBDeviceIntHandlerInternal</name>
         <value>0x3f715e</value>
         <object_component_ref idref="oc-188"/>
      </symbol>
      <symbol id="sm-8c8">
         <name>_USBDeviceEnumHandler</name>
         <value>0x3f6b29</value>
         <object_component_ref idref="oc-188"/>
      </symbol>
      <symbol id="sm-8c9">
         <name>_g_ppsDevInfo</name>
         <value>0x9b40</value>
         <object_component_ref idref="oc-ff"/>
      </symbol>
      <symbol id="sm-8ca">
         <name>_USBDCDSendDataEP0</name>
         <value>0x3f6a70</value>
         <object_component_ref idref="oc-188"/>
      </symbol>
      <symbol id="sm-8cb">
         <name>_USBDeviceResumeTickHandler</name>
         <value>0x3f6abb</value>
         <object_component_ref idref="oc-188"/>
      </symbol>
      <symbol id="sm-8cc">
         <name>_USBDCDRemoteWakeupRequest</name>
         <value>0x3f6aa5</value>
         <object_component_ref idref="oc-188"/>
      </symbol>
      <symbol id="sm-8cd">
         <name>_USBDCDSetDefaultConfiguration</name>
         <value>0x3f6a7f</value>
         <object_component_ref idref="oc-188"/>
      </symbol>
      <symbol id="sm-8ce">
         <name>_USBDCDPowerStatusSet</name>
         <value>0x3f6a98</value>
         <object_component_ref idref="oc-188"/>
      </symbol>
      <symbol id="sm-8f1">
         <name>_USBDescGetInterfaceEndpoint</name>
         <value>0x3ed604</value>
         <object_component_ref idref="oc-18e"/>
      </symbol>
      <symbol id="sm-8f2">
         <name>_USBDescGet</name>
         <value>0x3ed56d</value>
         <object_component_ref idref="oc-18e"/>
      </symbol>
      <symbol id="sm-8f3">
         <name>_USBDescGetNumAlternateInterfaces</name>
         <value>0x3ed59a</value>
         <object_component_ref idref="oc-18e"/>
      </symbol>
      <symbol id="sm-8f4">
         <name>_USBDescGetNum</name>
         <value>0x3ed545</value>
         <object_component_ref idref="oc-18e"/>
      </symbol>
      <symbol id="sm-8f5">
         <name>_USBDescGetInterface</name>
         <value>0x3ed5ea</value>
         <object_component_ref idref="oc-18e"/>
      </symbol>
      <symbol id="sm-902">
         <name>_USB0DeviceIntHandler</name>
         <value>0x3edc20</value>
         <object_component_ref idref="oc-171"/>
      </symbol>
      <symbol id="sm-925">
         <name>_USBLibDMAInit</name>
         <value>0x3f7f21</value>
         <object_component_ref idref="oc-18d"/>
      </symbol>
      <symbol id="sm-97e">
         <name>_USBHHubInit</name>
         <value>0x3ec3f9</value>
         <object_component_ref idref="oc-176"/>
      </symbol>
      <symbol id="sm-97f">
         <name>_USBHHubOpen</name>
         <value>0x3ec3e2</value>
         <object_component_ref idref="oc-176"/>
      </symbol>
      <symbol id="sm-980">
         <name>_g_sUSBHubClassDriver</name>
         <value>0x3f43f4</value>
         <object_component_ref idref="oc-116"/>
      </symbol>
      <symbol id="sm-981">
         <name>_USBHHubClose</name>
         <value>0x3ec3f0</value>
         <object_component_ref idref="oc-176"/>
      </symbol>
      <symbol id="sm-982">
         <name>_USBHHubMain</name>
         <value>0x3ec2d3</value>
         <object_component_ref idref="oc-176"/>
      </symbol>
      <symbol id="sm-983">
         <name>_USBHHubEnumerationComplete</name>
         <value>0x3ec3c0</value>
         <object_component_ref idref="oc-176"/>
      </symbol>
      <symbol id="sm-984">
         <name>_USBHHubEnumerationError</name>
         <value>0x3ec3d1</value>
         <object_component_ref idref="oc-176"/>
      </symbol>
      <symbol id="sm-9ac">
         <name>_USBDCDConfigGetInterface</name>
         <value>0x3ed3a7</value>
         <object_component_ref idref="oc-193"/>
      </symbol>
      <symbol id="sm-9ad">
         <name>_USBDCDConfigDescGetNum</name>
         <value>0x3ed316</value>
         <object_component_ref idref="oc-193"/>
      </symbol>
      <symbol id="sm-9ae">
         <name>_USBDCDConfigDescGetSize</name>
         <value>0x3ed2fc</value>
         <object_component_ref idref="oc-193"/>
      </symbol>
      <symbol id="sm-9af">
         <name>_USBDCDConfigGetInterfaceEndpoint</name>
         <value>0x3ed3c0</value>
         <object_component_ref idref="oc-193"/>
      </symbol>
      <symbol id="sm-9b0">
         <name>_USBDCDConfigDescGet</name>
         <value>0x3ed33c</value>
         <object_component_ref idref="oc-193"/>
      </symbol>
      <symbol id="sm-9b1">
         <name>_USBDCDConfigGetNumAlternateInterfaces</name>
         <value>0x3ed382</value>
         <object_component_ref idref="oc-193"/>
      </symbol>
      <symbol id="sm-9ea">
         <name>_USBDeviceConfigAlternate</name>
         <value>0x3ed091</value>
         <object_component_ref idref="oc-194"/>
      </symbol>
      <symbol id="sm-9eb">
         <name>_USBDeviceConfig</name>
         <value>0x3ecf48</value>
         <object_component_ref idref="oc-194"/>
      </symbol>
      <symbol id="sm-a04">
         <name>_c_int00</name>
         <value>0x3edb27</value>
         <object_component_ref idref="oc-53"/>
      </symbol>
      <symbol id="sm-a05">
         <name>__stack</name>
         <value>0x50</value>
         <object_component_ref idref="oc-125"/>
      </symbol>
      <symbol id="sm-a19">
         <name>C$$EXIT</name>
         <value>0x3edbf1</value>
         <object_component_ref idref="oc-16b"/>
      </symbol>
      <symbol id="sm-a1a">
         <name>_exit</name>
         <value>0x3edbf3</value>
         <object_component_ref idref="oc-16b"/>
      </symbol>
      <symbol id="sm-a1b">
         <name>___TI_cleanup_ptr</name>
         <value>0x9b34</value>
         <object_component_ref idref="oc-12d"/>
      </symbol>
      <symbol id="sm-a1c">
         <name>_abort</name>
         <value>0x3edbf1</value>
         <object_component_ref idref="oc-16b"/>
      </symbol>
      <symbol id="sm-a1d">
         <name>___TI_dtors_ptr</name>
         <value>0x9b36</value>
         <object_component_ref idref="oc-12d"/>
      </symbol>
      <symbol id="sm-a34">
         <name>FD$$DIV</name>
         <value>0x3ed93f</value>
         <object_component_ref idref="oc-132"/>
      </symbol>
      <symbol id="sm-a46">
         <name>FD$$MPY</name>
         <value>0x3eda52</value>
         <object_component_ref idref="oc-137"/>
      </symbol>
      <symbol id="sm-a52">
         <name>FD$$SUB</name>
         <value>0x3edc32</value>
         <object_component_ref idref="oc-13c"/>
      </symbol>
      <symbol id="sm-a61">
         <name>FD$$TOUL</name>
         <value>0x3edbbd</value>
         <object_component_ref idref="oc-141"/>
      </symbol>
      <symbol id="sm-a70">
         <name>_strcmp</name>
         <value>0x3edc4d</value>
         <object_component_ref idref="oc-180"/>
      </symbol>
      <symbol id="sm-a93">
         <name>_strtoul</name>
         <value>0x3ed617</value>
         <object_component_ref idref="oc-17f"/>
      </symbol>
      <symbol id="sm-aa4">
         <name>UL$$TOFD</name>
         <value>0x3edc0a</value>
         <object_component_ref idref="oc-150"/>
      </symbol>
      <symbol id="sm-ab9">
         <name>__unlock</name>
         <value>0x9b3a</value>
         <object_component_ref idref="oc-195"/>
      </symbol>
      <symbol id="sm-aba">
         <name>__lock</name>
         <value>0x9b38</value>
         <object_component_ref idref="oc-177"/>
      </symbol>
      <symbol id="sm-abb">
         <name>__register_lock</name>
         <value>0x3edc5b</value>
         <object_component_ref idref="oc-18f"/>
      </symbol>
      <symbol id="sm-abc">
         <name>__nop</name>
         <value>0x3edc5f</value>
         <object_component_ref idref="oc-18f"/>
      </symbol>
      <symbol id="sm-abd">
         <name>__register_unlock</name>
         <value>0x3edc57</value>
         <object_component_ref idref="oc-18f"/>
      </symbol>
      <symbol id="sm-acd">
         <name>__args_main</name>
         <value>0x3edbd8</value>
         <object_component_ref idref="oc-16a"/>
      </symbol>
      <symbol id="sm-ad6">
         <name>__ctypes_</name>
         <value>0x3f4000</value>
         <object_component_ref idref="oc-191"/>
      </symbol>
      <symbol id="sm-ae1">
         <name>_errno</name>
         <value>0x97ff</value>
         <object_component_ref idref="oc-163"/>
      </symbol>
      <symbol id="sm-afc">
         <name>FD$$ADD</name>
         <value>0x3ed77f</value>
         <object_component_ref idref="oc-165"/>
      </symbol>
   </symbol_table>
   <title>Link successful</title>
</link_info>
