<?xml version="1.0"?>
<link_info>
   <banner>TMS320C2000 Linker PC v6.4.6</banner>
   <copyright>Copyright (c) 1996-2015 Texas Instruments Incorporated</copyright>
   <link_time>0x572541c6</link_time>
   <link_errors>0x0</link_errors>
   <output_file>PicoCommander.out</output_file>
   <entry_point>
      <name>_c_int00</name>
      <address>0x3ed256</address>
   </entry_point>
   <input_file_list>
      <input_file id="fl-2">
         <path>.\</path>
         <kind>object</kind>
         <file>F2806x_CodeStartBranch.obj</file>
         <name>F2806x_CodeStartBranch.obj</name>
      </input_file>
      <input_file id="fl-3">
         <path>.\</path>
         <kind>object</kind>
         <file>F2806x_DefaultIsr.obj</file>
         <name>F2806x_DefaultIsr.obj</name>
      </input_file>
      <input_file id="fl-4">
         <path>.\</path>
         <kind>object</kind>
         <file>F2806x_PieCtrl.obj</file>
         <name>F2806x_PieCtrl.obj</name>
      </input_file>
      <input_file id="fl-5">
         <path>.\</path>
         <kind>object</kind>
         <file>F2806x_PieVect.obj</file>
         <name>F2806x_PieVect.obj</name>
      </input_file>
      <input_file id="fl-6">
         <path>.\</path>
         <kind>object</kind>
         <file>F2806x_usDelay.obj</file>
         <name>F2806x_usDelay.obj</name>
      </input_file>
      <input_file id="fl-7">
         <path>.\</path>
         <kind>object</kind>
         <file>main.obj</file>
         <name>main.obj</name>
      </input_file>
      <input_file id="fl-8">
         <path>.\</path>
         <kind>object</kind>
         <file>sysctl.obj</file>
         <name>sysctl.obj</name>
      </input_file>
      <input_file id="fl-9">
         <path>.\</path>
         <kind>object</kind>
         <file>usb.obj</file>
         <name>usb.obj</name>
      </input_file>
      <input_file id="fl-a">
         <path>.\</path>
         <kind>object</kind>
         <file>usb_serial_structs.obj</file>
         <name>usb_serial_structs.obj</name>
      </input_file>
      <input_file id="fl-b">
         <path>.\sys_includes\</path>
         <kind>object</kind>
         <file>F2806x_GlobalVariableDefs.obj</file>
         <name>F2806x_GlobalVariableDefs.obj</name>
      </input_file>
      <input_file id="fl-13">
         <path>C:\ti\controlSUITE\device_support\f2806x\v150\MWare\driverlib\Debug\</path>
         <kind>archive</kind>
         <file>driverlib.lib</file>
         <name>interrupt.obj</name>
      </input_file>
      <input_file id="fl-14">
         <path>C:\ti\controlSUITE\device_support\f2806x\v150\MWare\driverlib\Debug\</path>
         <kind>archive</kind>
         <file>driverlib.lib</file>
         <name>uart.obj</name>
      </input_file>
      <input_file id="fl-15">
         <path>C:\ti\controlSUITE\device_support\f2806x\v150\MWare\driverlib\Debug\</path>
         <kind>archive</kind>
         <file>driverlib.lib</file>
         <name>usb_hal.obj</name>
      </input_file>
      <input_file id="fl-16">
         <path>C:\ti\controlSUITE\device_support\f2806x\v150\MWare\lib\</path>
         <kind>archive</kind>
         <file>usblib.lib</file>
         <name>usbbuffer.obj</name>
      </input_file>
      <input_file id="fl-17">
         <path>C:\ti\controlSUITE\device_support\f2806x\v150\MWare\lib\</path>
         <kind>archive</kind>
         <file>usblib.lib</file>
         <name>usbmode.obj</name>
      </input_file>
      <input_file id="fl-18">
         <path>C:\ti\controlSUITE\device_support\f2806x\v150\MWare\lib\</path>
         <kind>archive</kind>
         <file>usblib.lib</file>
         <name>usbringbuf.obj</name>
      </input_file>
      <input_file id="fl-19">
         <path>C:\ti\controlSUITE\device_support\f2806x\v150\MWare\lib\</path>
         <kind>archive</kind>
         <file>usblib.lib</file>
         <name>usbtick.obj</name>
      </input_file>
      <input_file id="fl-1a">
         <path>C:\ti\controlSUITE\device_support\f2806x\v150\MWare\lib\</path>
         <kind>archive</kind>
         <file>usblib.lib</file>
         <name>usbhostenum.obj</name>
      </input_file>
      <input_file id="fl-1b">
         <path>C:\ti\controlSUITE\device_support\f2806x\v150\MWare\lib\</path>
         <kind>archive</kind>
         <file>usblib.lib</file>
         <name>usbdcdc.obj</name>
      </input_file>
      <input_file id="fl-1c">
         <path>C:\ti\controlSUITE\device_support\f2806x\v150\MWare\lib\</path>
         <kind>archive</kind>
         <file>usblib.lib</file>
         <name>usbdenum.obj</name>
      </input_file>
      <input_file id="fl-1d">
         <path>C:\ti\controlSUITE\device_support\f2806x\v150\MWare\lib\</path>
         <kind>archive</kind>
         <file>usblib.lib</file>
         <name>usbdesc.obj</name>
      </input_file>
      <input_file id="fl-1e">
         <path>C:\ti\controlSUITE\device_support\f2806x\v150\MWare\lib\</path>
         <kind>archive</kind>
         <file>usblib.lib</file>
         <name>usbdhandler.obj</name>
      </input_file>
      <input_file id="fl-1f">
         <path>C:\ti\controlSUITE\device_support\f2806x\v150\MWare\lib\</path>
         <kind>archive</kind>
         <file>usblib.lib</file>
         <name>usbdma.obj</name>
      </input_file>
      <input_file id="fl-20">
         <path>C:\ti\controlSUITE\device_support\f2806x\v150\MWare\lib\</path>
         <kind>archive</kind>
         <file>usblib.lib</file>
         <name>usbhhub.obj</name>
      </input_file>
      <input_file id="fl-21">
         <path>C:\ti\controlSUITE\device_support\f2806x\v150\MWare\lib\</path>
         <kind>archive</kind>
         <file>usblib.lib</file>
         <name>usbdcdesc.obj</name>
      </input_file>
      <input_file id="fl-22">
         <path>C:\ti\controlSUITE\device_support\f2806x\v150\MWare\lib\</path>
         <kind>archive</kind>
         <file>usblib.lib</file>
         <name>usbdconfig.obj</name>
      </input_file>
      <input_file id="fl-28">
         <path>C:\ti\ccsv6\tools\compiler\ti-cgt-c2000_6.4.6\lib\</path>
         <kind>archive</kind>
         <file>rts2800_fpu32.lib</file>
         <name>boot.obj</name>
      </input_file>
      <input_file id="fl-29">
         <path>C:\ti\ccsv6\tools\compiler\ti-cgt-c2000_6.4.6\lib\</path>
         <kind>archive</kind>
         <file>rts2800_fpu32.lib</file>
         <name>exit.obj</name>
      </input_file>
      <input_file id="fl-2a">
         <path>C:\ti\ccsv6\tools\compiler\ti-cgt-c2000_6.4.6\lib\</path>
         <kind>archive</kind>
         <file>rts2800_fpu32.lib</file>
         <name>fd_div.obj</name>
      </input_file>
      <input_file id="fl-2b">
         <path>C:\ti\ccsv6\tools\compiler\ti-cgt-c2000_6.4.6\lib\</path>
         <kind>archive</kind>
         <file>rts2800_fpu32.lib</file>
         <name>fd_mpy.obj</name>
      </input_file>
      <input_file id="fl-2c">
         <path>C:\ti\ccsv6\tools\compiler\ti-cgt-c2000_6.4.6\lib\</path>
         <kind>archive</kind>
         <file>rts2800_fpu32.lib</file>
         <name>fd_sub.obj</name>
      </input_file>
      <input_file id="fl-2d">
         <path>C:\ti\ccsv6\tools\compiler\ti-cgt-c2000_6.4.6\lib\</path>
         <kind>archive</kind>
         <file>rts2800_fpu32.lib</file>
         <name>fd_toul.obj</name>
      </input_file>
      <input_file id="fl-2e">
         <path>C:\ti\ccsv6\tools\compiler\ti-cgt-c2000_6.4.6\lib\</path>
         <kind>archive</kind>
         <file>rts2800_fpu32.lib</file>
         <name>strcmp.obj</name>
      </input_file>
      <input_file id="fl-2f">
         <path>C:\ti\ccsv6\tools\compiler\ti-cgt-c2000_6.4.6\lib\</path>
         <kind>archive</kind>
         <file>rts2800_fpu32.lib</file>
         <name>strtoul.obj</name>
      </input_file>
      <input_file id="fl-30">
         <path>C:\ti\ccsv6\tools\compiler\ti-cgt-c2000_6.4.6\lib\</path>
         <kind>archive</kind>
         <file>rts2800_fpu32.lib</file>
         <name>ul_tofd.obj</name>
      </input_file>
      <input_file id="fl-31">
         <path>C:\ti\ccsv6\tools\compiler\ti-cgt-c2000_6.4.6\lib\</path>
         <kind>archive</kind>
         <file>rts2800_fpu32.lib</file>
         <name>_lock.obj</name>
      </input_file>
      <input_file id="fl-32">
         <path>C:\ti\ccsv6\tools\compiler\ti-cgt-c2000_6.4.6\lib\</path>
         <kind>archive</kind>
         <file>rts2800_fpu32.lib</file>
         <name>args_main.obj</name>
      </input_file>
      <input_file id="fl-33">
         <path>C:\ti\ccsv6\tools\compiler\ti-cgt-c2000_6.4.6\lib\</path>
         <kind>archive</kind>
         <file>rts2800_fpu32.lib</file>
         <name>ctype.obj</name>
      </input_file>
      <input_file id="fl-34">
         <path>C:\ti\ccsv6\tools\compiler\ti-cgt-c2000_6.4.6\lib\</path>
         <kind>archive</kind>
         <file>rts2800_fpu32.lib</file>
         <name>errno.obj</name>
      </input_file>
      <input_file id="fl-35">
         <path>C:\ti\ccsv6\tools\compiler\ti-cgt-c2000_6.4.6\lib\</path>
         <kind>archive</kind>
         <file>rts2800_fpu32.lib</file>
         <name>fd_add.obj</name>
      </input_file>
   </input_file_list>
   <object_component_list>
      <object_component id="oc-ee">
         <name>.cinit</name>
         <load_address>0x3f43c0</load_address>
         <run_address>0x3f43c0</run_address>
         <size>0x46</size>
         <input_file_ref idref="fl-1a"/>
      </object_component>
      <object_component id="oc-f5">
         <name>.cinit</name>
         <load_address>0x3f4406</load_address>
         <run_address>0x3f4406</run_address>
         <size>0x40</size>
         <input_file_ref idref="fl-1b"/>
      </object_component>
      <object_component id="oc-84">
         <name>.cinit</name>
         <load_address>0x3f4446</load_address>
         <run_address>0x3f4446</run_address>
         <size>0x17</size>
         <input_file_ref idref="fl-a"/>
      </object_component>
      <object_component id="oc-71">
         <name>.cinit</name>
         <load_address>0x3f445d</load_address>
         <run_address>0x3f445d</run_address>
         <size>0x15</size>
         <input_file_ref idref="fl-7"/>
      </object_component>
      <object_component id="oc-e7">
         <name>.cinit</name>
         <load_address>0x3f4472</load_address>
         <run_address>0x3f4472</run_address>
         <size>0xe</size>
         <input_file_ref idref="fl-19"/>
      </object_component>
      <object_component id="oc-db">
         <name>.cinit</name>
         <load_address>0x3f4480</load_address>
         <run_address>0x3f4480</run_address>
         <size>0xd</size>
         <input_file_ref idref="fl-17"/>
      </object_component>
      <object_component id="oc-12b">
         <name>.cinit</name>
         <load_address>0x3f448d</load_address>
         <run_address>0x3f448d</run_address>
         <size>0xa</size>
         <input_file_ref idref="fl-29"/>
      </object_component>
      <object_component id="oc-177">
         <name>.cinit:__lock</name>
         <load_address>0x3f4497</load_address>
         <run_address>0x3f4497</run_address>
         <size>0x5</size>
         <input_file_ref idref="fl-31"/>
      </object_component>
      <object_component id="oc-18f">
         <name>.cinit:__unlock</name>
         <load_address>0x3f449c</load_address>
         <run_address>0x3f449c</run_address>
         <size>0x5</size>
         <input_file_ref idref="fl-31"/>
      </object_component>
      <object_component id="oc-fd">
         <name>.cinit</name>
         <load_address>0x3f44a1</load_address>
         <run_address>0x3f44a1</run_address>
         <size>0x5</size>
         <input_file_ref idref="fl-1c"/>
      </object_component>
      <object_component id="oc-161">
         <name>.cinit</name>
         <load_address>0x3f44a6</load_address>
         <run_address>0x3f44a6</run_address>
         <size>0x4</size>
         <input_file_ref idref="fl-34"/>
      </object_component>
      <object_component id="oc-16b">
         <name>.text</name>
         <load_address>0x3ec000</load_address>
         <run_address>0x3ec000</run_address>
         <size>0x28f</size>
         <input_file_ref idref="fl-14"/>
      </object_component>
      <object_component id="oc-16d">
         <name>.text</name>
         <load_address>0x3ec28f</load_address>
         <run_address>0x3ec28f</run_address>
         <size>0x265</size>
         <input_file_ref idref="fl-16"/>
      </object_component>
      <object_component id="oc-172">
         <name>.text</name>
         <load_address>0x3ec4f4</load_address>
         <run_address>0x3ec4f4</run_address>
         <size>0x25b</size>
         <input_file_ref idref="fl-17"/>
      </object_component>
      <object_component id="oc-193">
         <name>.text</name>
         <load_address>0x3ec74f</load_address>
         <run_address>0x3ec74f</run_address>
         <size>0x210</size>
         <input_file_ref idref="fl-22"/>
      </object_component>
      <object_component id="oc-192">
         <name>.text</name>
         <load_address>0x3ec95f</load_address>
         <run_address>0x3ec95f</run_address>
         <size>0x157</size>
         <input_file_ref idref="fl-21"/>
      </object_component>
      <object_component id="oc-180">
         <name>.text</name>
         <load_address>0x3ecab6</load_address>
         <run_address>0x3ecab6</run_address>
         <size>0x153</size>
         <input_file_ref idref="fl-18"/>
      </object_component>
      <object_component id="oc-18c">
         <name>.text</name>
         <load_address>0x3ecc09</load_address>
         <run_address>0x3ecc09</run_address>
         <size>0xd6</size>
         <input_file_ref idref="fl-1f"/>
      </object_component>
      <object_component id="oc-18d">
         <name>.text</name>
         <load_address>0x3eccdf</load_address>
         <run_address>0x3eccdf</run_address>
         <size>0xd2</size>
         <input_file_ref idref="fl-1d"/>
      </object_component>
      <object_component id="oc-17f">
         <name>.text</name>
         <load_address>0x3ecdb1</load_address>
         <run_address>0x3ecdb1</run_address>
         <size>0xb8</size>
         <input_file_ref idref="fl-2f"/>
      </object_component>
      <object_component id="oc-164">
         <name>.text</name>
         <load_address>0x3ece69</load_address>
         <run_address>0x3ece69</run_address>
         <size>0x9c</size>
         <input_file_ref idref="fl-35"/>
      </object_component>
      <object_component id="oc-17b">
         <name>.text</name>
         <load_address>0x3ecf05</load_address>
         <run_address>0x3ecf05</run_address>
         <size>0x9b</size>
         <input_file_ref idref="fl-8"/>
      </object_component>
      <object_component id="oc-cf">
         <name>.text:retain</name>
         <load_address>0x3ecfa0</load_address>
         <run_address>0x3ecfa0</run_address>
         <size>0x90</size>
         <input_file_ref idref="fl-15"/>
      </object_component>
      <object_component id="oc-73">
         <name>.text:retain</name>
         <load_address>0x3ed030</load_address>
         <run_address>0x3ed030</run_address>
         <size>0x90</size>
         <input_file_ref idref="fl-7"/>
      </object_component>
      <object_component id="oc-131">
         <name>.text</name>
         <load_address>0x3ed0c0</load_address>
         <run_address>0x3ed0c0</run_address>
         <size>0x8b</size>
         <input_file_ref idref="fl-2a"/>
      </object_component>
      <object_component id="oc-18b">
         <name>.text</name>
         <load_address>0x3ed14b</load_address>
         <run_address>0x3ed14b</run_address>
         <size>0x88</size>
         <input_file_ref idref="fl-19"/>
      </object_component>
      <object_component id="oc-136">
         <name>.text</name>
         <load_address>0x3ed1d3</load_address>
         <run_address>0x3ed1d3</run_address>
         <size>0x83</size>
         <input_file_ref idref="fl-2b"/>
      </object_component>
      <object_component id="oc-53">
         <name>.text</name>
         <load_address>0x3ed256</load_address>
         <run_address>0x3ed256</run_address>
         <size>0x46</size>
         <input_file_ref idref="fl-28"/>
      </object_component>
      <object_component id="oc-179">
         <name>.text</name>
         <load_address>0x3ed29c</load_address>
         <run_address>0x3ed29c</run_address>
         <size>0x28</size>
         <input_file_ref idref="fl-4"/>
      </object_component>
      <object_component id="oc-169">
         <name>.text</name>
         <load_address>0x3ed2c4</load_address>
         <run_address>0x3ed2c4</run_address>
         <size>0x19</size>
         <input_file_ref idref="fl-32"/>
      </object_component>
      <object_component id="oc-16a">
         <name>.text</name>
         <load_address>0x3ed2dd</load_address>
         <run_address>0x3ed2dd</run_address>
         <size>0x19</size>
         <input_file_ref idref="fl-29"/>
      </object_component>
      <object_component id="oc-14f">
         <name>.text</name>
         <load_address>0x3ed2f6</load_address>
         <run_address>0x3ed2f6</run_address>
         <size>0x16</size>
         <input_file_ref idref="fl-30"/>
      </object_component>
      <object_component id="oc-170">
         <name>.text</name>
         <load_address>0x3ed30c</load_address>
         <run_address>0x3ed30c</run_address>
         <size>0x12</size>
         <input_file_ref idref="fl-1e"/>
      </object_component>
      <object_component id="oc-17a">
         <name>.text</name>
         <load_address>0x3ed31e</load_address>
         <run_address>0x3ed31e</run_address>
         <size>0x11</size>
         <input_file_ref idref="fl-5"/>
      </object_component>
      <object_component id="oc-13b">
         <name>.text</name>
         <load_address>0x3ed32f</load_address>
         <run_address>0x3ed32f</run_address>
         <size>0xe</size>
         <input_file_ref idref="fl-2c"/>
      </object_component>
      <object_component id="oc-c4">
         <name>.text:retain</name>
         <load_address>0x3ed33d</load_address>
         <run_address>0x3ed33d</run_address>
         <size>0xd</size>
         <input_file_ref idref="fl-13"/>
      </object_component>
      <object_component id="oc-17e">
         <name>.text</name>
         <load_address>0x3ed34a</load_address>
         <run_address>0x3ed34a</run_address>
         <size>0xa</size>
         <input_file_ref idref="fl-2e"/>
      </object_component>
      <object_component id="oc-18e">
         <name>.text</name>
         <load_address>0x3ed354</load_address>
         <run_address>0x3ed354</run_address>
         <size>0x9</size>
         <input_file_ref idref="fl-31"/>
      </object_component>
      <object_component id="oc-54">
         <name>.text</name>
         <load_address>0x3ed35d</load_address>
         <run_address>0x3ed35d</run_address>
         <size>0x8</size>
         <input_file_ref idref="fl-2"/>
      </object_component>
      <object_component id="oc-171">
         <name>.text</name>
         <load_address>0x3f44d6</load_address>
         <run_address>0x3f44d6</run_address>
         <size>0x15f5</size>
         <input_file_ref idref="fl-1a"/>
      </object_component>
      <object_component id="oc-187">
         <name>.text</name>
         <load_address>0x3f5acb</load_address>
         <run_address>0x3f5acb</run_address>
         <size>0x855</size>
         <input_file_ref idref="fl-1c"/>
      </object_component>
      <object_component id="oc-16f">
         <name>.text</name>
         <load_address>0x3f6320</load_address>
         <run_address>0x3f6320</run_address>
         <size>0x730</size>
         <input_file_ref idref="fl-1b"/>
      </object_component>
      <object_component id="oc-17d">
         <name>.text</name>
         <load_address>0x3f6a50</load_address>
         <run_address>0x3f6a50</run_address>
         <size>0x6ce</size>
         <input_file_ref idref="fl-9"/>
      </object_component>
      <object_component id="oc-16c">
         <name>.text</name>
         <load_address>0x3f711e</load_address>
         <run_address>0x3f711e</run_address>
         <size>0x4b7</size>
         <input_file_ref idref="fl-7"/>
      </object_component>
      <object_component id="oc-175">
         <name>.text</name>
         <load_address>0x3f75d5</load_address>
         <run_address>0x3f75d5</run_address>
         <size>0x404</size>
         <input_file_ref idref="fl-20"/>
      </object_component>
      <object_component id="oc-5b">
         <name>.text:retain</name>
         <load_address>0x3f79d9</load_address>
         <run_address>0x3f79d9</run_address>
         <size>0x39b</size>
         <input_file_ref idref="fl-3"/>
      </object_component>
      <object_component id="oc-178">
         <name>.text</name>
         <load_address>0x3f7d74</load_address>
         <run_address>0x3f7d74</run_address>
         <size>0x19d</size>
         <input_file_ref idref="fl-13"/>
      </object_component>
      <object_component id="oc-17c">
         <name>.text</name>
         <load_address>0x3f7f11</load_address>
         <run_address>0x3f7f11</run_address>
         <size>0x52</size>
         <input_file_ref idref="fl-15"/>
      </object_component>
      <object_component id="oc-140">
         <name>.text</name>
         <load_address>0x3f7f63</load_address>
         <run_address>0x3f7f63</run_address>
         <size>0x1b</size>
         <input_file_ref idref="fl-2d"/>
      </object_component>
      <object_component id="oc-55">
         <name>codestart</name>
         <load_address>0x3f7ff6</load_address>
         <run_address>0x3f7ff6</run_address>
         <size>0x2</size>
         <input_file_ref idref="fl-2"/>
      </object_component>
      <object_component id="oc-6b">
         <name>ramfuncs</name>
         <load_address>0x3e8000</load_address>
         <run_address>0x8000</run_address>
         <size>0x4</size>
         <input_file_ref idref="fl-6"/>
      </object_component>
      <object_component id="oc-124">
         <name>.stack</name>
         <uninitialized>true</uninitialized>
         <run_address>0x50</run_address>
         <size>0x0</size>
         <input_file_ref idref="fl-28"/>
      </object_component>
      <object_component id="oc-1ee">
         <name>.stack</name>
         <uninitialized>true</uninitialized>
         <run_address>0x50</run_address>
         <size>0x0</size>
      </object_component>
      <object_component id="oc-72">
         <name>.ebss</name>
         <uninitialized>true</uninitialized>
         <run_address>0x9000</run_address>
         <size>0x440</size>
         <input_file_ref idref="fl-7"/>
      </object_component>
      <object_component id="oc-86">
         <name>.ebss</name>
         <uninitialized>true</uninitialized>
         <run_address>0x9800</run_address>
         <size>0x280</size>
         <input_file_ref idref="fl-a"/>
      </object_component>
      <object_component id="oc-dc">
         <name>.ebss</name>
         <uninitialized>true</uninitialized>
         <run_address>0x9b2a</run_address>
         <size>0xa</size>
         <input_file_ref idref="fl-17"/>
      </object_component>
      <object_component id="oc-e8">
         <name>.ebss</name>
         <uninitialized>true</uninitialized>
         <run_address>0x9b0c</run_address>
         <size>0x1e</size>
         <input_file_ref idref="fl-19"/>
      </object_component>
      <object_component id="oc-ef">
         <name>.ebss</name>
         <uninitialized>true</uninitialized>
         <run_address>0x9440</run_address>
         <size>0x38e</size>
         <input_file_ref idref="fl-1a"/>
      </object_component>
      <object_component id="oc-f7">
         <name>.ebss</name>
         <uninitialized>true</uninitialized>
         <run_address>0x97ce</run_address>
         <size>0x31</size>
         <input_file_ref idref="fl-1b"/>
      </object_component>
      <object_component id="oc-fe">
         <name>.ebss</name>
         <uninitialized>true</uninitialized>
         <run_address>0x9b40</run_address>
         <size>0x80</size>
         <input_file_ref idref="fl-1c"/>
      </object_component>
      <object_component id="oc-10e">
         <name>.ebss</name>
         <uninitialized>true</uninitialized>
         <run_address>0x9a80</run_address>
         <size>0x8c</size>
         <input_file_ref idref="fl-1f"/>
      </object_component>
      <object_component id="oc-114">
         <name>.ebss</name>
         <uninitialized>true</uninitialized>
         <run_address>0x9bc0</run_address>
         <size>0x3e</size>
         <input_file_ref idref="fl-20"/>
      </object_component>
      <object_component id="oc-12c">
         <name>.ebss</name>
         <uninitialized>true</uninitialized>
         <run_address>0x9b34</run_address>
         <size>0x4</size>
         <input_file_ref idref="fl-29"/>
      </object_component>
      <object_component id="oc-194">
         <name>.ebss:__unlock</name>
         <uninitialized>true</uninitialized>
         <run_address>0x9b3a</run_address>
         <size>0x2</size>
         <input_file_ref idref="fl-31"/>
      </object_component>
      <object_component id="oc-176">
         <name>.ebss:__lock</name>
         <uninitialized>true</uninitialized>
         <run_address>0x9b38</run_address>
         <size>0x2</size>
         <input_file_ref idref="fl-31"/>
      </object_component>
      <object_component id="oc-162">
         <name>.ebss</name>
         <uninitialized>true</uninitialized>
         <run_address>0x97ff</run_address>
         <size>0x1</size>
         <input_file_ref idref="fl-34"/>
      </object_component>
      <object_component id="oc-190">
         <name>.econst:.string:__ctypes_</name>
         <load_address>0x3f4000</load_address>
         <run_address>0x3f4000</run_address>
         <size>0x101</size>
         <input_file_ref idref="fl-33"/>
      </object_component>
      <object_component id="oc-66">
         <name>.econst</name>
         <load_address>0x3f4102</load_address>
         <run_address>0x3f4102</run_address>
         <size>0x100</size>
         <input_file_ref idref="fl-5"/>
      </object_component>
      <object_component id="oc-186">
         <name>.econst:_g_pui8ConfigString</name>
         <load_address>0x3f4202</load_address>
         <run_address>0x3f4202</run_address>
         <size>0x36</size>
         <input_file_ref idref="fl-a"/>
      </object_component>
      <object_component id="oc-f6">
         <name>.econst</name>
         <load_address>0x3f4238</load_address>
         <run_address>0x3f4238</run_address>
         <size>0x30</size>
         <input_file_ref idref="fl-1b"/>
      </object_component>
      <object_component id="oc-74">
         <name>.econst:.string</name>
         <load_address>0x3f4268</load_address>
         <run_address>0x3f4268</run_address>
         <size>0x2d</size>
         <input_file_ref idref="fl-7"/>
      </object_component>
      <object_component id="oc-185">
         <name>.econst:_g_pui8ControlInterfaceString</name>
         <load_address>0x3f4295</load_address>
         <run_address>0x3f4295</run_address>
         <size>0x2c</size>
         <input_file_ref idref="fl-a"/>
      </object_component>
      <object_component id="oc-182">
         <name>.econst:_g_pui8ManufacturerString</name>
         <load_address>0x3f42c1</load_address>
         <run_address>0x3f42c1</run_address>
         <size>0x24</size>
         <input_file_ref idref="fl-a"/>
      </object_component>
      <object_component id="oc-85">
         <name>.econst</name>
         <load_address>0x3f42e6</load_address>
         <run_address>0x3f42e6</run_address>
         <size>0x24</size>
         <input_file_ref idref="fl-a"/>
      </object_component>
      <object_component id="oc-174">
         <name>.econst:_g_pui8CDCSerCommInterface</name>
         <load_address>0x3f430a</load_address>
         <run_address>0x3f430a</run_address>
         <size>0x23</size>
         <input_file_ref idref="fl-1b"/>
      </object_component>
      <object_component id="oc-183">
         <name>.econst:_g_pui8ProdectString</name>
         <load_address>0x3f432d</load_address>
         <run_address>0x3f432d</run_address>
         <size>0x22</size>
         <input_file_ref idref="fl-a"/>
      </object_component>
      <object_component id="oc-191">
         <name>.econst:_g_psUSBDStdRequests</name>
         <load_address>0x3f4350</load_address>
         <run_address>0x3f4350</run_address>
         <size>0x1a</size>
         <input_file_ref idref="fl-1c"/>
      </object_component>
      <object_component id="oc-173">
         <name>.econst:_g_pui8CDCSerDataInterface</name>
         <load_address>0x3f436a</load_address>
         <run_address>0x3f436a</run_address>
         <size>0x17</size>
         <input_file_ref idref="fl-1b"/>
      </object_component>
      <object_component id="oc-184">
         <name>.econst:_g_pui8SerialNumberString</name>
         <load_address>0x3f4381</load_address>
         <run_address>0x3f4381</run_address>
         <size>0x12</size>
         <input_file_ref idref="fl-a"/>
      </object_component>
      <object_component id="oc-d0">
         <name>.econst</name>
         <load_address>0x3f4394</load_address>
         <run_address>0x3f4394</run_address>
         <size>0x10</size>
         <input_file_ref idref="fl-15"/>
      </object_component>
      <object_component id="oc-16e">
         <name>.econst:_g_pui8StringDescriptors</name>
         <load_address>0x3f43a4</load_address>
         <run_address>0x3f43a4</run_address>
         <size>0xc</size>
         <input_file_ref idref="fl-a"/>
      </object_component>
      <object_component id="oc-115">
         <name>.econst</name>
         <load_address>0x3f43b0</load_address>
         <run_address>0x3f43b0</run_address>
         <size>0x8</size>
         <input_file_ref idref="fl-20"/>
      </object_component>
      <object_component id="oc-181">
         <name>.econst:_g_pui8LangDescriptor</name>
         <load_address>0x3f43b8</load_address>
         <run_address>0x3f43b8</run_address>
         <size>0x4</size>
         <input_file_ref idref="fl-a"/>
      </object_component>
      <object_component id="oc-18a">
         <name>.econst:_g_pCDCCompSerConfigDescriptors</name>
         <load_address>0x3f43bc</load_address>
         <run_address>0x3f43bc</run_address>
         <size>0x2</size>
         <input_file_ref idref="fl-1b"/>
      </object_component>
      <object_component id="oc-189">
         <name>.econst:_g_ppCDCSerConfigDescriptors</name>
         <load_address>0x3f43be</load_address>
         <run_address>0x3f43be</run_address>
         <size>0x2</size>
         <input_file_ref idref="fl-1b"/>
      </object_component>
      <object_component id="oc-188">
         <name>.switch:_HandleRequests</name>
         <load_address>0x3f44ac</load_address>
         <run_address>0x3f44ac</run_address>
         <size>0x2a</size>
         <input_file_ref idref="fl-1b"/>
      </object_component>
      <object_component id="oc-125">
         <name>.reset</name>
         <load_address>0x3fffc0</load_address>
         <run_address>0x3fffc0</run_address>
         <size>0x2</size>
         <input_file_ref idref="fl-28"/>
      </object_component>
      <object_component id="oc-bf">
         <name>PieVectTableFile</name>
         <uninitialized>true</uninitialized>
         <run_address>0xd00</run_address>
         <size>0x100</size>
         <input_file_ref idref="fl-b"/>
      </object_component>
      <object_component id="oc-8a">
         <name>EmuKeyVar</name>
         <uninitialized>true</uninitialized>
         <run_address>0xd00</run_address>
         <size>0x1</size>
         <input_file_ref idref="fl-b"/>
      </object_component>
      <object_component id="oc-8b">
         <name>EmuBModeVar</name>
         <uninitialized>true</uninitialized>
         <run_address>0xd01</run_address>
         <size>0x1</size>
         <input_file_ref idref="fl-b"/>
      </object_component>
      <object_component id="oc-8c">
         <name>FlashCallbackVar</name>
         <uninitialized>true</uninitialized>
         <run_address>0xd02</run_address>
         <size>0x2</size>
         <input_file_ref idref="fl-b"/>
      </object_component>
      <object_component id="oc-8d">
         <name>FlashScalingVar</name>
         <uninitialized>true</uninitialized>
         <run_address>0xd04</run_address>
         <size>0x2</size>
         <input_file_ref idref="fl-b"/>
      </object_component>
      <object_component id="oc-8f">
         <name>DevEmuRegsFile</name>
         <uninitialized>true</uninitialized>
         <run_address>0x880</run_address>
         <size>0x4</size>
         <input_file_ref idref="fl-b"/>
      </object_component>
      <object_component id="oc-8e">
         <name>SysPwrCtrlRegsFile</name>
         <uninitialized>true</uninitialized>
         <run_address>0x985</run_address>
         <size>0x3</size>
         <input_file_ref idref="fl-b"/>
      </object_component>
      <object_component id="oc-90">
         <name>FlashRegsFile</name>
         <uninitialized>true</uninitialized>
         <run_address>0xa80</run_address>
         <size>0x8</size>
         <input_file_ref idref="fl-b"/>
      </object_component>
      <object_component id="oc-9a">
         <name>CsmRegsFile</name>
         <uninitialized>true</uninitialized>
         <run_address>0xae0</run_address>
         <size>0x10</size>
         <input_file_ref idref="fl-b"/>
      </object_component>
      <object_component id="oc-97">
         <name>AdcResultFile</name>
         <uninitialized>true</uninitialized>
         <run_address>0xb00</run_address>
         <size>0x10</size>
         <input_file_ref idref="fl-b"/>
      </object_component>
      <object_component id="oc-91">
         <name>CpuTimer0RegsFile</name>
         <uninitialized>true</uninitialized>
         <run_address>0xc00</run_address>
         <size>0x8</size>
         <input_file_ref idref="fl-b"/>
      </object_component>
      <object_component id="oc-94">
         <name>CpuTimer1RegsFile</name>
         <uninitialized>true</uninitialized>
         <run_address>0xc08</run_address>
         <size>0x8</size>
         <input_file_ref idref="fl-b"/>
      </object_component>
      <object_component id="oc-92">
         <name>CpuTimer2RegsFile</name>
         <uninitialized>true</uninitialized>
         <run_address>0xc10</run_address>
         <size>0x8</size>
         <input_file_ref idref="fl-b"/>
      </object_component>
      <object_component id="oc-a0">
         <name>PieCtrlRegsFile</name>
         <uninitialized>true</uninitialized>
         <run_address>0xce0</run_address>
         <size>0x1a</size>
         <input_file_ref idref="fl-b"/>
      </object_component>
      <object_component id="oc-b5">
         <name>Cla1RegsFile</name>
         <uninitialized>true</uninitialized>
         <run_address>0x1400</run_address>
         <size>0x40</size>
         <input_file_ref idref="fl-b"/>
      </object_component>
      <object_component id="oc-be">
         <name>DmaRegsFile</name>
         <uninitialized>true</uninitialized>
         <run_address>0x1000</run_address>
         <size>0xe0</size>
         <input_file_ref idref="fl-b"/>
      </object_component>
      <object_component id="oc-af">
         <name>ECanaRegsFile</name>
         <uninitialized>true</uninitialized>
         <run_address>0x6000</run_address>
         <size>0x34</size>
         <input_file_ref idref="fl-b"/>
      </object_component>
      <object_component id="oc-b3">
         <name>ECanaLAMRegsFile</name>
         <uninitialized>true</uninitialized>
         <run_address>0x6040</run_address>
         <size>0x40</size>
         <input_file_ref idref="fl-b"/>
      </object_component>
      <object_component id="oc-c0">
         <name>ECanaMboxesFile</name>
         <uninitialized>true</uninitialized>
         <run_address>0x6100</run_address>
         <size>0x100</size>
         <input_file_ref idref="fl-b"/>
      </object_component>
      <object_component id="oc-b4">
         <name>ECanaMOTSRegsFile</name>
         <uninitialized>true</uninitialized>
         <run_address>0x6080</run_address>
         <size>0x40</size>
         <input_file_ref idref="fl-b"/>
      </object_component>
      <object_component id="oc-b0">
         <name>ECanaMOTORegsFile</name>
         <uninitialized>true</uninitialized>
         <run_address>0x60c0</run_address>
         <size>0x40</size>
         <input_file_ref idref="fl-b"/>
      </object_component>
      <object_component id="oc-a8">
         <name>ECap1RegsFile</name>
         <uninitialized>true</uninitialized>
         <run_address>0x6a00</run_address>
         <size>0x20</size>
         <input_file_ref idref="fl-b"/>
      </object_component>
      <object_component id="oc-a7">
         <name>ECap2RegsFile</name>
         <uninitialized>true</uninitialized>
         <run_address>0x6a20</run_address>
         <size>0x20</size>
         <input_file_ref idref="fl-b"/>
      </object_component>
      <object_component id="oc-a9">
         <name>ECap3RegsFile</name>
         <uninitialized>true</uninitialized>
         <run_address>0x6a40</run_address>
         <size>0x20</size>
         <input_file_ref idref="fl-b"/>
      </object_component>
      <object_component id="oc-ac">
         <name>EQep1RegsFile</name>
         <uninitialized>true</uninitialized>
         <run_address>0x6b00</run_address>
         <size>0x22</size>
         <input_file_ref idref="fl-b"/>
      </object_component>
      <object_component id="oc-aa">
         <name>EQep2RegsFile</name>
         <uninitialized>true</uninitialized>
         <run_address>0x6b40</run_address>
         <size>0x22</size>
         <input_file_ref idref="fl-b"/>
      </object_component>
      <object_component id="oc-b8">
         <name>GpioCtrlRegsFile</name>
         <uninitialized>true</uninitialized>
         <run_address>0x6f80</run_address>
         <size>0x40</size>
         <input_file_ref idref="fl-b"/>
      </object_component>
      <object_component id="oc-a2">
         <name>GpioDataRegsFile</name>
         <uninitialized>true</uninitialized>
         <run_address>0x6fc0</run_address>
         <size>0x20</size>
         <input_file_ref idref="fl-b"/>
      </object_component>
      <object_component id="oc-a1">
         <name>GpioIntRegsFile</name>
         <uninitialized>true</uninitialized>
         <run_address>0x6fe0</run_address>
         <size>0x20</size>
         <input_file_ref idref="fl-b"/>
      </object_component>
      <object_component id="oc-a5">
         <name>HRCap1RegsFile</name>
         <uninitialized>true</uninitialized>
         <run_address>0x6ac0</run_address>
         <size>0x20</size>
         <input_file_ref idref="fl-b"/>
      </object_component>
      <object_component id="oc-a6">
         <name>HRCap2RegsFile</name>
         <uninitialized>true</uninitialized>
         <run_address>0x6ae0</run_address>
         <size>0x20</size>
         <input_file_ref idref="fl-b"/>
      </object_component>
      <object_component id="oc-a3">
         <name>HRCap3RegsFile</name>
         <uninitialized>true</uninitialized>
         <run_address>0x6c80</run_address>
         <size>0x20</size>
         <input_file_ref idref="fl-b"/>
      </object_component>
      <object_component id="oc-a4">
         <name>HRCap4RegsFile</name>
         <uninitialized>true</uninitialized>
         <run_address>0x6ca0</run_address>
         <size>0x20</size>
         <input_file_ref idref="fl-b"/>
      </object_component>
      <object_component id="oc-ae">
         <name>SysCtrlRegsFile</name>
         <uninitialized>true</uninitialized>
         <run_address>0x7010</run_address>
         <size>0x30</size>
         <input_file_ref idref="fl-b"/>
      </object_component>
      <object_component id="oc-96">
         <name>SpiaRegsFile</name>
         <uninitialized>true</uninitialized>
         <run_address>0x7040</run_address>
         <size>0x10</size>
         <input_file_ref idref="fl-b"/>
      </object_component>
      <object_component id="oc-9b">
         <name>SpibRegsFile</name>
         <uninitialized>true</uninitialized>
         <run_address>0x7740</run_address>
         <size>0x10</size>
         <input_file_ref idref="fl-b"/>
      </object_component>
      <object_component id="oc-98">
         <name>SciaRegsFile</name>
         <uninitialized>true</uninitialized>
         <run_address>0x7050</run_address>
         <size>0x10</size>
         <input_file_ref idref="fl-b"/>
      </object_component>
      <object_component id="oc-95">
         <name>ScibRegsFile</name>
         <uninitialized>true</uninitialized>
         <run_address>0x7750</run_address>
         <size>0x10</size>
         <input_file_ref idref="fl-b"/>
      </object_component>
      <object_component id="oc-99">
         <name>NmiIntruptRegsFile</name>
         <uninitialized>true</uninitialized>
         <run_address>0x7060</run_address>
         <size>0x10</size>
         <input_file_ref idref="fl-b"/>
      </object_component>
      <object_component id="oc-9c">
         <name>XIntruptRegsFile</name>
         <uninitialized>true</uninitialized>
         <run_address>0x7070</run_address>
         <size>0x10</size>
         <input_file_ref idref="fl-b"/>
      </object_component>
      <object_component id="oc-bd">
         <name>AdcRegsFile</name>
         <uninitialized>true</uninitialized>
         <run_address>0x7100</run_address>
         <size>0x50</size>
         <input_file_ref idref="fl-b"/>
      </object_component>
      <object_component id="oc-ab">
         <name>I2caRegsFile</name>
         <uninitialized>true</uninitialized>
         <run_address>0x7900</run_address>
         <size>0x22</size>
         <input_file_ref idref="fl-b"/>
      </object_component>
      <object_component id="oc-9e">
         <name>Comp1RegsFile</name>
         <uninitialized>true</uninitialized>
         <run_address>0x6400</run_address>
         <size>0x14</size>
         <input_file_ref idref="fl-b"/>
      </object_component>
      <object_component id="oc-9d">
         <name>Comp2RegsFile</name>
         <uninitialized>true</uninitialized>
         <run_address>0x6420</run_address>
         <size>0x14</size>
         <input_file_ref idref="fl-b"/>
      </object_component>
      <object_component id="oc-9f">
         <name>Comp3RegsFile</name>
         <uninitialized>true</uninitialized>
         <run_address>0x6440</run_address>
         <size>0x14</size>
         <input_file_ref idref="fl-b"/>
      </object_component>
      <object_component id="oc-b2">
         <name>EPwm1RegsFile</name>
         <uninitialized>true</uninitialized>
         <run_address>0x6800</run_address>
         <size>0x40</size>
         <input_file_ref idref="fl-b"/>
      </object_component>
      <object_component id="oc-b1">
         <name>EPwm2RegsFile</name>
         <uninitialized>true</uninitialized>
         <run_address>0x6840</run_address>
         <size>0x40</size>
         <input_file_ref idref="fl-b"/>
      </object_component>
      <object_component id="oc-bc">
         <name>EPwm3RegsFile</name>
         <uninitialized>true</uninitialized>
         <run_address>0x6880</run_address>
         <size>0x40</size>
         <input_file_ref idref="fl-b"/>
      </object_component>
      <object_component id="oc-ba">
         <name>EPwm4RegsFile</name>
         <uninitialized>true</uninitialized>
         <run_address>0x68c0</run_address>
         <size>0x40</size>
         <input_file_ref idref="fl-b"/>
      </object_component>
      <object_component id="oc-bb">
         <name>EPwm5RegsFile</name>
         <uninitialized>true</uninitialized>
         <run_address>0x6900</run_address>
         <size>0x40</size>
         <input_file_ref idref="fl-b"/>
      </object_component>
      <object_component id="oc-b7">
         <name>EPwm6RegsFile</name>
         <uninitialized>true</uninitialized>
         <run_address>0x6940</run_address>
         <size>0x40</size>
         <input_file_ref idref="fl-b"/>
      </object_component>
      <object_component id="oc-b6">
         <name>EPwm7RegsFile</name>
         <uninitialized>true</uninitialized>
         <run_address>0x6980</run_address>
         <size>0x40</size>
         <input_file_ref idref="fl-b"/>
      </object_component>
      <object_component id="oc-b9">
         <name>EPwm8RegsFile</name>
         <uninitialized>true</uninitialized>
         <run_address>0x69c0</run_address>
         <size>0x40</size>
         <input_file_ref idref="fl-b"/>
      </object_component>
      <object_component id="oc-ad">
         <name>McbspaRegsFile</name>
         <uninitialized>true</uninitialized>
         <run_address>0x5000</run_address>
         <size>0x24</size>
         <input_file_ref idref="fl-b"/>
      </object_component>
      <object_component id="oc-c1">
         <name>Usb0RegsFile</name>
         <uninitialized>true</uninitialized>
         <run_address>0x4000</run_address>
         <size>0x454</size>
         <input_file_ref idref="fl-b"/>
      </object_component>
      <object_component id="oc-93">
         <name>CsmPwlFile</name>
         <uninitialized>true</uninitialized>
         <run_address>0x3f7ff8</run_address>
         <size>0x8</size>
         <input_file_ref idref="fl-b"/>
      </object_component>
      <object_component id="oc-89">
         <name>PartIdRegsFile</name>
         <uninitialized>true</uninitialized>
         <run_address>0x3d7e80</run_address>
         <size>0x1</size>
         <input_file_ref idref="fl-b"/>
      </object_component>
      <object_component id="oc-56">
         <name>.debug_info</name>
         <load_address>0x0</load_address>
         <run_address>0x0</run_address>
         <size>0x1ec</size>
         <input_file_ref idref="fl-2"/>
      </object_component>
      <object_component id="oc-5a">
         <name>.debug_info</name>
         <load_address>0x1ec</load_address>
         <run_address>0x1ec</run_address>
         <size>0x51f9</size>
         <input_file_ref idref="fl-3"/>
      </object_component>
      <object_component id="oc-60">
         <name>.debug_info</name>
         <load_address>0x53e5</load_address>
         <run_address>0x53e5</run_address>
         <size>0xc90</size>
         <input_file_ref idref="fl-4"/>
      </object_component>
      <object_component id="oc-65">
         <name>.debug_info</name>
         <load_address>0x6075</load_address>
         <run_address>0x6075</run_address>
         <size>0x2541</size>
         <input_file_ref idref="fl-5"/>
      </object_component>
      <object_component id="oc-6c">
         <name>.debug_info</name>
         <load_address>0x85b6</load_address>
         <run_address>0x85b6</run_address>
         <size>0x177</size>
         <input_file_ref idref="fl-6"/>
      </object_component>
      <object_component id="oc-70">
         <name>.debug_info</name>
         <load_address>0x872d</load_address>
         <run_address>0x872d</run_address>
         <size>0x5feb</size>
         <input_file_ref idref="fl-7"/>
      </object_component>
      <object_component id="oc-79">
         <name>.debug_info</name>
         <load_address>0xe718</load_address>
         <run_address>0xe718</run_address>
         <size>0x2039</size>
         <input_file_ref idref="fl-8"/>
      </object_component>
      <object_component id="oc-7e">
         <name>.debug_info</name>
         <load_address>0x10751</load_address>
         <run_address>0x10751</run_address>
         <size>0x5a86</size>
         <input_file_ref idref="fl-9"/>
      </object_component>
      <object_component id="oc-83">
         <name>.debug_info</name>
         <load_address>0x161d7</load_address>
         <run_address>0x161d7</run_address>
         <size>0x16c4</size>
         <input_file_ref idref="fl-a"/>
      </object_component>
      <object_component id="oc-88">
         <name>.debug_info</name>
         <load_address>0x1789b</load_address>
         <run_address>0x1789b</run_address>
         <size>0x1b042</size>
         <input_file_ref idref="fl-b"/>
      </object_component>
      <object_component id="oc-c3">
         <name>.debug_info</name>
         <load_address>0x328dd</load_address>
         <run_address>0x328dd</run_address>
         <size>0x20bb</size>
         <input_file_ref idref="fl-13"/>
      </object_component>
      <object_component id="oc-c9">
         <name>.debug_info</name>
         <load_address>0x34998</load_address>
         <run_address>0x34998</run_address>
         <size>0x1709</size>
         <input_file_ref idref="fl-14"/>
      </object_component>
      <object_component id="oc-ce">
         <name>.debug_info</name>
         <load_address>0x360a1</load_address>
         <run_address>0x360a1</run_address>
         <size>0x23b8</size>
         <input_file_ref idref="fl-15"/>
      </object_component>
      <object_component id="oc-d5">
         <name>.debug_info</name>
         <load_address>0x38459</load_address>
         <run_address>0x38459</run_address>
         <size>0x2337</size>
         <input_file_ref idref="fl-16"/>
      </object_component>
      <object_component id="oc-da">
         <name>.debug_info</name>
         <load_address>0x3a790</load_address>
         <run_address>0x3a790</run_address>
         <size>0x26ad</size>
         <input_file_ref idref="fl-17"/>
      </object_component>
      <object_component id="oc-e1">
         <name>.debug_info</name>
         <load_address>0x3ce3d</load_address>
         <run_address>0x3ce3d</run_address>
         <size>0x1947</size>
         <input_file_ref idref="fl-18"/>
      </object_component>
      <object_component id="oc-e6">
         <name>.debug_info</name>
         <load_address>0x3e784</load_address>
         <run_address>0x3e784</run_address>
         <size>0x8cd</size>
         <input_file_ref idref="fl-19"/>
      </object_component>
      <object_component id="oc-ed">
         <name>.debug_info</name>
         <load_address>0x3f051</load_address>
         <run_address>0x3f051</run_address>
         <size>0x80d0</size>
         <input_file_ref idref="fl-1a"/>
      </object_component>
      <object_component id="oc-f4">
         <name>.debug_info</name>
         <load_address>0x47121</load_address>
         <run_address>0x47121</run_address>
         <size>0x552f</size>
         <input_file_ref idref="fl-1b"/>
      </object_component>
      <object_component id="oc-fc">
         <name>.debug_info</name>
         <load_address>0x4c650</load_address>
         <run_address>0x4c650</run_address>
         <size>0x5427</size>
         <input_file_ref idref="fl-1c"/>
      </object_component>
      <object_component id="oc-103">
         <name>.debug_info</name>
         <load_address>0x51a77</load_address>
         <run_address>0x51a77</run_address>
         <size>0x11c1</size>
         <input_file_ref idref="fl-1d"/>
      </object_component>
      <object_component id="oc-108">
         <name>.debug_info</name>
         <load_address>0x52c38</load_address>
         <run_address>0x52c38</run_address>
         <size>0x557</size>
         <input_file_ref idref="fl-1e"/>
      </object_component>
      <object_component id="oc-10d">
         <name>.debug_info</name>
         <load_address>0x5318f</load_address>
         <run_address>0x5318f</run_address>
         <size>0x1b37</size>
         <input_file_ref idref="fl-1f"/>
      </object_component>
      <object_component id="oc-113">
         <name>.debug_info</name>
         <load_address>0x54cc6</load_address>
         <run_address>0x54cc6</run_address>
         <size>0x2da0</size>
         <input_file_ref idref="fl-20"/>
      </object_component>
      <object_component id="oc-11a">
         <name>.debug_info</name>
         <load_address>0x57a66</load_address>
         <run_address>0x57a66</run_address>
         <size>0x16a3</size>
         <input_file_ref idref="fl-21"/>
      </object_component>
      <object_component id="oc-11f">
         <name>.debug_info</name>
         <load_address>0x59109</load_address>
         <run_address>0x59109</run_address>
         <size>0x1dec</size>
         <input_file_ref idref="fl-22"/>
      </object_component>
      <object_component id="oc-126">
         <name>.debug_info</name>
         <load_address>0x5aef5</load_address>
         <run_address>0x5aef5</run_address>
         <size>0x10f</size>
         <input_file_ref idref="fl-28"/>
      </object_component>
      <object_component id="oc-12a">
         <name>.debug_info</name>
         <load_address>0x5b004</load_address>
         <run_address>0x5b004</run_address>
         <size>0x4b8</size>
         <input_file_ref idref="fl-29"/>
      </object_component>
      <object_component id="oc-132">
         <name>.debug_info</name>
         <load_address>0x5b4bc</load_address>
         <run_address>0x5b4bc</run_address>
         <size>0xf1</size>
         <input_file_ref idref="fl-2a"/>
      </object_component>
      <object_component id="oc-137">
         <name>.debug_info</name>
         <load_address>0x5b5ad</load_address>
         <run_address>0x5b5ad</run_address>
         <size>0xf1</size>
         <input_file_ref idref="fl-2b"/>
      </object_component>
      <object_component id="oc-13c">
         <name>.debug_info</name>
         <load_address>0x5b69e</load_address>
         <run_address>0x5b69e</run_address>
         <size>0xff</size>
         <input_file_ref idref="fl-2c"/>
      </object_component>
      <object_component id="oc-141">
         <name>.debug_info</name>
         <load_address>0x5b79d</load_address>
         <run_address>0x5b79d</run_address>
         <size>0xf4</size>
         <input_file_ref idref="fl-2d"/>
      </object_component>
      <object_component id="oc-145">
         <name>.debug_info</name>
         <load_address>0x5b891</load_address>
         <run_address>0x5b891</run_address>
         <size>0x4d3</size>
         <input_file_ref idref="fl-2e"/>
      </object_component>
      <object_component id="oc-14a">
         <name>.debug_info</name>
         <load_address>0x5bd64</load_address>
         <run_address>0x5bd64</run_address>
         <size>0x507</size>
         <input_file_ref idref="fl-2f"/>
      </object_component>
      <object_component id="oc-150">
         <name>.debug_info</name>
         <load_address>0x5c26b</load_address>
         <run_address>0x5c26b</run_address>
         <size>0xf4</size>
         <input_file_ref idref="fl-30"/>
      </object_component>
      <object_component id="oc-154">
         <name>.debug_info</name>
         <load_address>0x5c35f</load_address>
         <run_address>0x5c35f</run_address>
         <size>0x4e2</size>
         <input_file_ref idref="fl-31"/>
      </object_component>
      <object_component id="oc-159">
         <name>.debug_info</name>
         <load_address>0x5c841</load_address>
         <run_address>0x5c841</run_address>
         <size>0x4af</size>
         <input_file_ref idref="fl-32"/>
      </object_component>
      <object_component id="oc-15e">
         <name>.debug_info</name>
         <load_address>0x5ccf0</load_address>
         <run_address>0x5ccf0</run_address>
         <size>0x1bd</size>
         <input_file_ref idref="fl-33"/>
      </object_component>
      <object_component id="oc-160">
         <name>.debug_info</name>
         <load_address>0x5cead</load_address>
         <run_address>0x5cead</run_address>
         <size>0x19c</size>
         <input_file_ref idref="fl-34"/>
      </object_component>
      <object_component id="oc-165">
         <name>.debug_info</name>
         <load_address>0x5d049</load_address>
         <run_address>0x5d049</run_address>
         <size>0xf1</size>
         <input_file_ref idref="fl-35"/>
      </object_component>
      <object_component id="oc-1f1">
         <name>.debug_info</name>
         <load_address>0x5d13a</load_address>
         <run_address>0x5d13a</run_address>
         <size>0xb4</size>
      </object_component>
      <object_component id="oc-57">
         <name>.debug_line</name>
         <load_address>0x0</load_address>
         <run_address>0x0</run_address>
         <size>0x9f</size>
         <input_file_ref idref="fl-2"/>
      </object_component>
      <object_component id="oc-5d">
         <name>.debug_line</name>
         <load_address>0x9f</load_address>
         <run_address>0x9f</run_address>
         <size>0x858</size>
         <input_file_ref idref="fl-3"/>
      </object_component>
      <object_component id="oc-62">
         <name>.debug_line</name>
         <load_address>0x8f7</load_address>
         <run_address>0x8f7</run_address>
         <size>0xba</size>
         <input_file_ref idref="fl-4"/>
      </object_component>
      <object_component id="oc-68">
         <name>.debug_line</name>
         <load_address>0x9b1</load_address>
         <run_address>0x9b1</run_address>
         <size>0x94</size>
         <input_file_ref idref="fl-5"/>
      </object_component>
      <object_component id="oc-6d">
         <name>.debug_line</name>
         <load_address>0xa45</load_address>
         <run_address>0xa45</run_address>
         <size>0x86</size>
         <input_file_ref idref="fl-6"/>
      </object_component>
      <object_component id="oc-76">
         <name>.debug_line</name>
         <load_address>0xacb</load_address>
         <run_address>0xacb</run_address>
         <size>0x58d</size>
         <input_file_ref idref="fl-7"/>
      </object_component>
      <object_component id="oc-7b">
         <name>.debug_line</name>
         <load_address>0x1058</load_address>
         <run_address>0x1058</run_address>
         <size>0x152</size>
         <input_file_ref idref="fl-8"/>
      </object_component>
      <object_component id="oc-80">
         <name>.debug_line</name>
         <load_address>0x11aa</load_address>
         <run_address>0x11aa</run_address>
         <size>0xaa0</size>
         <input_file_ref idref="fl-9"/>
      </object_component>
      <object_component id="oc-c6">
         <name>.debug_line</name>
         <load_address>0x1c4a</load_address>
         <run_address>0x1c4a</run_address>
         <size>0x1af</size>
         <input_file_ref idref="fl-13"/>
      </object_component>
      <object_component id="oc-cb">
         <name>.debug_line</name>
         <load_address>0x1df9</load_address>
         <run_address>0x1df9</run_address>
         <size>0x3aa</size>
         <input_file_ref idref="fl-14"/>
      </object_component>
      <object_component id="oc-d2">
         <name>.debug_line</name>
         <load_address>0x21a3</load_address>
         <run_address>0x21a3</run_address>
         <size>0xd5</size>
         <input_file_ref idref="fl-15"/>
      </object_component>
      <object_component id="oc-d7">
         <name>.debug_line</name>
         <load_address>0x2278</load_address>
         <run_address>0x2278</run_address>
         <size>0x33d</size>
         <input_file_ref idref="fl-16"/>
      </object_component>
      <object_component id="oc-de">
         <name>.debug_line</name>
         <load_address>0x25b5</load_address>
         <run_address>0x25b5</run_address>
         <size>0x2bb</size>
         <input_file_ref idref="fl-17"/>
      </object_component>
      <object_component id="oc-e3">
         <name>.debug_line</name>
         <load_address>0x2870</load_address>
         <run_address>0x2870</run_address>
         <size>0x242</size>
         <input_file_ref idref="fl-18"/>
      </object_component>
      <object_component id="oc-ea">
         <name>.debug_line</name>
         <load_address>0x2ab2</load_address>
         <run_address>0x2ab2</run_address>
         <size>0xfd</size>
         <input_file_ref idref="fl-19"/>
      </object_component>
      <object_component id="oc-f1">
         <name>.debug_line</name>
         <load_address>0x2baf</load_address>
         <run_address>0x2baf</run_address>
         <size>0x1162</size>
         <input_file_ref idref="fl-1a"/>
      </object_component>
      <object_component id="oc-f9">
         <name>.debug_line</name>
         <load_address>0x3d11</load_address>
         <run_address>0x3d11</run_address>
         <size>0x723</size>
         <input_file_ref idref="fl-1b"/>
      </object_component>
      <object_component id="oc-100">
         <name>.debug_line</name>
         <load_address>0x4434</load_address>
         <run_address>0x4434</run_address>
         <size>0x8c0</size>
         <input_file_ref idref="fl-1c"/>
      </object_component>
      <object_component id="oc-105">
         <name>.debug_line</name>
         <load_address>0x4cf4</load_address>
         <run_address>0x4cf4</run_address>
         <size>0x165</size>
         <input_file_ref idref="fl-1d"/>
      </object_component>
      <object_component id="oc-10a">
         <name>.debug_line</name>
         <load_address>0x4e59</load_address>
         <run_address>0x4e59</run_address>
         <size>0x77</size>
         <input_file_ref idref="fl-1e"/>
      </object_component>
      <object_component id="oc-110">
         <name>.debug_line</name>
         <load_address>0x4ed0</load_address>
         <run_address>0x4ed0</run_address>
         <size>0x1f2</size>
         <input_file_ref idref="fl-1f"/>
      </object_component>
      <object_component id="oc-117">
         <name>.debug_line</name>
         <load_address>0x50c2</load_address>
         <run_address>0x50c2</run_address>
         <size>0x3d2</size>
         <input_file_ref idref="fl-20"/>
      </object_component>
      <object_component id="oc-11c">
         <name>.debug_line</name>
         <load_address>0x5494</load_address>
         <run_address>0x5494</run_address>
         <size>0x1d9</size>
         <input_file_ref idref="fl-21"/>
      </object_component>
      <object_component id="oc-121">
         <name>.debug_line</name>
         <load_address>0x566d</load_address>
         <run_address>0x566d</run_address>
         <size>0x219</size>
         <input_file_ref idref="fl-22"/>
      </object_component>
      <object_component id="oc-127">
         <name>.debug_line</name>
         <load_address>0x5886</load_address>
         <run_address>0x5886</run_address>
         <size>0x74</size>
         <input_file_ref idref="fl-28"/>
      </object_component>
      <object_component id="oc-12e">
         <name>.debug_line</name>
         <load_address>0x58fa</load_address>
         <run_address>0x58fa</run_address>
         <size>0x65</size>
         <input_file_ref idref="fl-29"/>
      </object_component>
      <object_component id="oc-133">
         <name>.debug_line</name>
         <load_address>0x595f</load_address>
         <run_address>0x595f</run_address>
         <size>0xb3</size>
         <input_file_ref idref="fl-2a"/>
      </object_component>
      <object_component id="oc-138">
         <name>.debug_line</name>
         <load_address>0x5a12</load_address>
         <run_address>0x5a12</run_address>
         <size>0xa2</size>
         <input_file_ref idref="fl-2b"/>
      </object_component>
      <object_component id="oc-13d">
         <name>.debug_line</name>
         <load_address>0x5ab4</load_address>
         <run_address>0x5ab4</run_address>
         <size>0x49</size>
         <input_file_ref idref="fl-2c"/>
      </object_component>
      <object_component id="oc-142">
         <name>.debug_line</name>
         <load_address>0x5afd</load_address>
         <run_address>0x5afd</run_address>
         <size>0x57</size>
         <input_file_ref idref="fl-2d"/>
      </object_component>
      <object_component id="oc-147">
         <name>.debug_line</name>
         <load_address>0x5b54</load_address>
         <run_address>0x5b54</run_address>
         <size>0x9d</size>
         <input_file_ref idref="fl-2e"/>
      </object_component>
      <object_component id="oc-14c">
         <name>.debug_line</name>
         <load_address>0x5bf1</load_address>
         <run_address>0x5bf1</run_address>
         <size>0xd2</size>
         <input_file_ref idref="fl-2f"/>
      </object_component>
      <object_component id="oc-151">
         <name>.debug_line</name>
         <load_address>0x5cc3</load_address>
         <run_address>0x5cc3</run_address>
         <size>0x52</size>
         <input_file_ref idref="fl-30"/>
      </object_component>
      <object_component id="oc-156">
         <name>.debug_line</name>
         <load_address>0x5d15</load_address>
         <run_address>0x5d15</run_address>
         <size>0x5e</size>
         <input_file_ref idref="fl-31"/>
      </object_component>
      <object_component id="oc-15b">
         <name>.debug_line</name>
         <load_address>0x5d73</load_address>
         <run_address>0x5d73</run_address>
         <size>0x59</size>
         <input_file_ref idref="fl-32"/>
      </object_component>
      <object_component id="oc-166">
         <name>.debug_line</name>
         <load_address>0x5dcc</load_address>
         <run_address>0x5dcc</run_address>
         <size>0xc4</size>
         <input_file_ref idref="fl-35"/>
      </object_component>
      <object_component id="oc-58">
         <name>.debug_abbrev</name>
         <load_address>0x0</load_address>
         <run_address>0x0</run_address>
         <size>0x21</size>
         <input_file_ref idref="fl-2"/>
      </object_component>
      <object_component id="oc-5e">
         <name>.debug_abbrev</name>
         <load_address>0x21</load_address>
         <run_address>0x21</run_address>
         <size>0xde</size>
         <input_file_ref idref="fl-3"/>
      </object_component>
      <object_component id="oc-63">
         <name>.debug_abbrev</name>
         <load_address>0xff</load_address>
         <run_address>0xff</run_address>
         <size>0xc8</size>
         <input_file_ref idref="fl-4"/>
      </object_component>
      <object_component id="oc-69">
         <name>.debug_abbrev</name>
         <load_address>0x1c7</load_address>
         <run_address>0x1c7</run_address>
         <size>0x116</size>
         <input_file_ref idref="fl-5"/>
      </object_component>
      <object_component id="oc-6e">
         <name>.debug_abbrev</name>
         <load_address>0x2dd</load_address>
         <run_address>0x2dd</run_address>
         <size>0x2f</size>
         <input_file_ref idref="fl-6"/>
      </object_component>
      <object_component id="oc-77">
         <name>.debug_abbrev</name>
         <load_address>0x30c</load_address>
         <run_address>0x30c</run_address>
         <size>0x2de</size>
         <input_file_ref idref="fl-7"/>
      </object_component>
      <object_component id="oc-7c">
         <name>.debug_abbrev</name>
         <load_address>0x5ea</load_address>
         <run_address>0x5ea</run_address>
         <size>0x14f</size>
         <input_file_ref idref="fl-8"/>
      </object_component>
      <object_component id="oc-81">
         <name>.debug_abbrev</name>
         <load_address>0x739</load_address>
         <run_address>0x739</run_address>
         <size>0x1a4</size>
         <input_file_ref idref="fl-9"/>
      </object_component>
      <object_component id="oc-87">
         <name>.debug_abbrev</name>
         <load_address>0x8dd</load_address>
         <run_address>0x8dd</run_address>
         <size>0xe2</size>
         <input_file_ref idref="fl-a"/>
      </object_component>
      <object_component id="oc-c2">
         <name>.debug_abbrev</name>
         <load_address>0x9bf</load_address>
         <run_address>0x9bf</run_address>
         <size>0xc4</size>
         <input_file_ref idref="fl-b"/>
      </object_component>
      <object_component id="oc-c7">
         <name>.debug_abbrev</name>
         <load_address>0xa83</load_address>
         <run_address>0xa83</run_address>
         <size>0x1cc</size>
         <input_file_ref idref="fl-13"/>
      </object_component>
      <object_component id="oc-cc">
         <name>.debug_abbrev</name>
         <load_address>0xc4f</load_address>
         <run_address>0xc4f</run_address>
         <size>0x171</size>
         <input_file_ref idref="fl-14"/>
      </object_component>
      <object_component id="oc-d3">
         <name>.debug_abbrev</name>
         <load_address>0xdc0</load_address>
         <run_address>0xdc0</run_address>
         <size>0x155</size>
         <input_file_ref idref="fl-15"/>
      </object_component>
      <object_component id="oc-d8">
         <name>.debug_abbrev</name>
         <load_address>0xf15</load_address>
         <run_address>0xf15</run_address>
         <size>0x1b0</size>
         <input_file_ref idref="fl-16"/>
      </object_component>
      <object_component id="oc-df">
         <name>.debug_abbrev</name>
         <load_address>0x10c5</load_address>
         <run_address>0x10c5</run_address>
         <size>0x201</size>
         <input_file_ref idref="fl-17"/>
      </object_component>
      <object_component id="oc-e4">
         <name>.debug_abbrev</name>
         <load_address>0x12c6</load_address>
         <run_address>0x12c6</run_address>
         <size>0x17f</size>
         <input_file_ref idref="fl-18"/>
      </object_component>
      <object_component id="oc-eb">
         <name>.debug_abbrev</name>
         <load_address>0x1445</load_address>
         <run_address>0x1445</run_address>
         <size>0xff</size>
         <input_file_ref idref="fl-19"/>
      </object_component>
      <object_component id="oc-f2">
         <name>.debug_abbrev</name>
         <load_address>0x1544</load_address>
         <run_address>0x1544</run_address>
         <size>0x1f7</size>
         <input_file_ref idref="fl-1a"/>
      </object_component>
      <object_component id="oc-fa">
         <name>.debug_abbrev</name>
         <load_address>0x173b</load_address>
         <run_address>0x173b</run_address>
         <size>0x1ec</size>
         <input_file_ref idref="fl-1b"/>
      </object_component>
      <object_component id="oc-101">
         <name>.debug_abbrev</name>
         <load_address>0x1927</load_address>
         <run_address>0x1927</run_address>
         <size>0x218</size>
         <input_file_ref idref="fl-1c"/>
      </object_component>
      <object_component id="oc-106">
         <name>.debug_abbrev</name>
         <load_address>0x1b3f</load_address>
         <run_address>0x1b3f</run_address>
         <size>0x10c</size>
         <input_file_ref idref="fl-1d"/>
      </object_component>
      <object_component id="oc-10b">
         <name>.debug_abbrev</name>
         <load_address>0x1c4b</load_address>
         <run_address>0x1c4b</run_address>
         <size>0xbc</size>
         <input_file_ref idref="fl-1e"/>
      </object_component>
      <object_component id="oc-111">
         <name>.debug_abbrev</name>
         <load_address>0x1d07</load_address>
         <run_address>0x1d07</run_address>
         <size>0x152</size>
         <input_file_ref idref="fl-1f"/>
      </object_component>
      <object_component id="oc-118">
         <name>.debug_abbrev</name>
         <load_address>0x1e59</load_address>
         <run_address>0x1e59</run_address>
         <size>0x1d3</size>
         <input_file_ref idref="fl-20"/>
      </object_component>
      <object_component id="oc-11d">
         <name>.debug_abbrev</name>
         <load_address>0x202c</load_address>
         <run_address>0x202c</run_address>
         <size>0x15e</size>
         <input_file_ref idref="fl-21"/>
      </object_component>
      <object_component id="oc-122">
         <name>.debug_abbrev</name>
         <load_address>0x218a</load_address>
         <run_address>0x218a</run_address>
         <size>0x1b6</size>
         <input_file_ref idref="fl-22"/>
      </object_component>
      <object_component id="oc-128">
         <name>.debug_abbrev</name>
         <load_address>0x2340</load_address>
         <run_address>0x2340</run_address>
         <size>0x46</size>
         <input_file_ref idref="fl-28"/>
      </object_component>
      <object_component id="oc-12f">
         <name>.debug_abbrev</name>
         <load_address>0x2386</load_address>
         <run_address>0x2386</run_address>
         <size>0x117</size>
         <input_file_ref idref="fl-29"/>
      </object_component>
      <object_component id="oc-134">
         <name>.debug_abbrev</name>
         <load_address>0x249d</load_address>
         <run_address>0x249d</run_address>
         <size>0x38</size>
         <input_file_ref idref="fl-2a"/>
      </object_component>
      <object_component id="oc-139">
         <name>.debug_abbrev</name>
         <load_address>0x24d5</load_address>
         <run_address>0x24d5</run_address>
         <size>0x38</size>
         <input_file_ref idref="fl-2b"/>
      </object_component>
      <object_component id="oc-13e">
         <name>.debug_abbrev</name>
         <load_address>0x250d</load_address>
         <run_address>0x250d</run_address>
         <size>0x46</size>
         <input_file_ref idref="fl-2c"/>
      </object_component>
      <object_component id="oc-143">
         <name>.debug_abbrev</name>
         <load_address>0x2553</load_address>
         <run_address>0x2553</run_address>
         <size>0x38</size>
         <input_file_ref idref="fl-2d"/>
      </object_component>
      <object_component id="oc-148">
         <name>.debug_abbrev</name>
         <load_address>0x258b</load_address>
         <run_address>0x258b</run_address>
         <size>0x9d</size>
         <input_file_ref idref="fl-2e"/>
      </object_component>
      <object_component id="oc-14d">
         <name>.debug_abbrev</name>
         <load_address>0x2628</load_address>
         <run_address>0x2628</run_address>
         <size>0xc1</size>
         <input_file_ref idref="fl-2f"/>
      </object_component>
      <object_component id="oc-152">
         <name>.debug_abbrev</name>
         <load_address>0x26e9</load_address>
         <run_address>0x26e9</run_address>
         <size>0x38</size>
         <input_file_ref idref="fl-30"/>
      </object_component>
      <object_component id="oc-157">
         <name>.debug_abbrev</name>
         <load_address>0x2721</load_address>
         <run_address>0x2721</run_address>
         <size>0xb2</size>
         <input_file_ref idref="fl-31"/>
      </object_component>
      <object_component id="oc-15c">
         <name>.debug_abbrev</name>
         <load_address>0x27d3</load_address>
         <run_address>0x27d3</run_address>
         <size>0xfe</size>
         <input_file_ref idref="fl-32"/>
      </object_component>
      <object_component id="oc-15f">
         <name>.debug_abbrev</name>
         <load_address>0x28d1</load_address>
         <run_address>0x28d1</run_address>
         <size>0x57</size>
         <input_file_ref idref="fl-33"/>
      </object_component>
      <object_component id="oc-163">
         <name>.debug_abbrev</name>
         <load_address>0x2928</load_address>
         <run_address>0x2928</run_address>
         <size>0x31</size>
         <input_file_ref idref="fl-34"/>
      </object_component>
      <object_component id="oc-167">
         <name>.debug_abbrev</name>
         <load_address>0x2959</load_address>
         <run_address>0x2959</run_address>
         <size>0x38</size>
         <input_file_ref idref="fl-35"/>
      </object_component>
      <object_component id="oc-1f2">
         <name>.debug_abbrev</name>
         <load_address>0x2991</load_address>
         <run_address>0x2991</run_address>
         <size>0xf</size>
      </object_component>
      <object_component id="oc-59">
         <name>.debug_aranges</name>
         <load_address>0x0</load_address>
         <run_address>0x0</run_address>
         <size>0x28</size>
         <input_file_ref idref="fl-2"/>
      </object_component>
      <object_component id="oc-5f">
         <name>.debug_aranges</name>
         <load_address>0x28</load_address>
         <run_address>0x28</run_address>
         <size>0x2f8</size>
         <input_file_ref idref="fl-3"/>
      </object_component>
      <object_component id="oc-64">
         <name>.debug_aranges</name>
         <load_address>0x320</load_address>
         <run_address>0x320</run_address>
         <size>0x28</size>
         <input_file_ref idref="fl-4"/>
      </object_component>
      <object_component id="oc-6a">
         <name>.debug_aranges</name>
         <load_address>0x348</load_address>
         <run_address>0x348</run_address>
         <size>0x20</size>
         <input_file_ref idref="fl-5"/>
      </object_component>
      <object_component id="oc-6f">
         <name>.debug_aranges</name>
         <load_address>0x368</load_address>
         <run_address>0x368</run_address>
         <size>0x20</size>
         <input_file_ref idref="fl-6"/>
      </object_component>
      <object_component id="oc-78">
         <name>.debug_aranges</name>
         <load_address>0x388</load_address>
         <run_address>0x388</run_address>
         <size>0xa0</size>
         <input_file_ref idref="fl-7"/>
      </object_component>
      <object_component id="oc-7d">
         <name>.debug_aranges</name>
         <load_address>0x428</load_address>
         <run_address>0x428</run_address>
         <size>0x58</size>
         <input_file_ref idref="fl-8"/>
      </object_component>
      <object_component id="oc-82">
         <name>.debug_aranges</name>
         <load_address>0x480</load_address>
         <run_address>0x480</run_address>
         <size>0x228</size>
         <input_file_ref idref="fl-9"/>
      </object_component>
      <object_component id="oc-c8">
         <name>.debug_aranges</name>
         <load_address>0x6a8</load_address>
         <run_address>0x6a8</run_address>
         <size>0x68</size>
         <input_file_ref idref="fl-13"/>
      </object_component>
      <object_component id="oc-cd">
         <name>.debug_aranges</name>
         <load_address>0x710</load_address>
         <run_address>0x710</run_address>
         <size>0x100</size>
         <input_file_ref idref="fl-14"/>
      </object_component>
      <object_component id="oc-d4">
         <name>.debug_aranges</name>
         <load_address>0x810</load_address>
         <run_address>0x810</run_address>
         <size>0x48</size>
         <input_file_ref idref="fl-15"/>
      </object_component>
      <object_component id="oc-d9">
         <name>.debug_aranges</name>
         <load_address>0x858</load_address>
         <run_address>0x858</run_address>
         <size>0xa0</size>
         <input_file_ref idref="fl-16"/>
      </object_component>
      <object_component id="oc-e0">
         <name>.debug_aranges</name>
         <load_address>0x8f8</load_address>
         <run_address>0x8f8</run_address>
         <size>0x78</size>
         <input_file_ref idref="fl-17"/>
      </object_component>
      <object_component id="oc-e5">
         <name>.debug_aranges</name>
         <load_address>0x970</load_address>
         <run_address>0x970</run_address>
         <size>0x98</size>
         <input_file_ref idref="fl-18"/>
      </object_component>
      <object_component id="oc-ec">
         <name>.debug_aranges</name>
         <load_address>0xa08</load_address>
         <run_address>0xa08</run_address>
         <size>0x38</size>
         <input_file_ref idref="fl-19"/>
      </object_component>
      <object_component id="oc-f3">
         <name>.debug_aranges</name>
         <load_address>0xa40</load_address>
         <run_address>0xa40</run_address>
         <size>0x1c8</size>
         <input_file_ref idref="fl-1a"/>
      </object_component>
      <object_component id="oc-fb">
         <name>.debug_aranges</name>
         <load_address>0xc08</load_address>
         <run_address>0xc08</run_address>
         <size>0x128</size>
         <input_file_ref idref="fl-1b"/>
      </object_component>
      <object_component id="oc-102">
         <name>.debug_aranges</name>
[...]
         <value>0x3f5934</value>
         <object_component_ref idref="oc-171"/>
      </symbol>
      <symbol id="sm-6d3">
         <name>_USBHCDPowerAutomatic</name>
         <value>0x3f4ea6</value>
         <object_component_ref idref="oc-171"/>
      </symbol>
      <symbol id="sm-6d4">
         <name>_USBHCDReset</name>
         <value>0x3f4f70</value>
         <object_component_ref idref="oc-171"/>
      </symbol>
      <symbol id="sm-6d5">
         <name>_ConfigDescFree</name>
         <value>0x3f4524</value>
         <object_component_ref idref="oc-171"/>
      </symbol>
      <symbol id="sm-6d6">
         <name>_USBHCDInit</name>
         <value>0x3f4eb1</value>
         <object_component_ref idref="oc-171"/>
      </symbol>
      <symbol id="sm-6d7">
         <name>_USBHCDResume</name>
         <value>0x3f4f9f</value>
         <object_component_ref idref="oc-171"/>
      </symbol>
      <symbol id="sm-6d8">
         <name>_USBHCDPipeRead</name>
         <value>0x3f4b48</value>
         <object_component_ref idref="oc-171"/>
      </symbol>
      <symbol id="sm-6d9">
         <name>_USBHCDPipeReadNonBlocking</name>
         <value>0x3f4b00</value>
         <object_component_ref idref="oc-171"/>
      </symbol>
      <symbol id="sm-6da">
         <name>_USBHCDPipeWrite</name>
         <value>0x3f4957</value>
         <object_component_ref idref="oc-171"/>
      </symbol>
      <symbol id="sm-6db">
         <name>_USBHCDMain</name>
         <value>0x3f5685</value>
         <object_component_ref idref="oc-171"/>
      </symbol>
      <symbol id="sm-6dc">
         <name>_USBHostIntHandlerInternal</name>
         <value>0x3f51e4</value>
         <object_component_ref idref="oc-171"/>
      </symbol>
      <symbol id="sm-6dd">
         <name>_ConfigDescAlloc</name>
         <value>0x3f44d6</value>
         <object_component_ref idref="oc-171"/>
      </symbol>
      <symbol id="sm-6de">
         <name>_USBHCDRegisterDrivers</name>
         <value>0x3f4f03</value>
         <object_component_ref idref="oc-171"/>
      </symbol>
      <symbol id="sm-6df">
         <name>_USBHCDSetConfig</name>
         <value>0x3f5108</value>
         <object_component_ref idref="oc-171"/>
      </symbol>
      <symbol id="sm-6e0">
         <name>_USBHCDSetInterface</name>
         <value>0x3f512c</value>
         <object_component_ref idref="oc-171"/>
      </symbol>
      <symbol id="sm-6e1">
         <name>_InternalUSBHCDSendEvent</name>
         <value>0x3f55d8</value>
         <object_component_ref idref="oc-171"/>
      </symbol>
      <symbol id="sm-6e2">
         <name>_USBHCDPipeSchedule</name>
         <value>0x3f4a59</value>
         <object_component_ref idref="oc-171"/>
      </symbol>
      <symbol id="sm-6e3">
         <name>_USBHCDDevSubClass</name>
         <value>0x3f5a81</value>
         <object_component_ref idref="oc-171"/>
      </symbol>
      <symbol id="sm-6e4">
         <name>_USBHCDTerm</name>
         <value>0x3f4f0e</value>
         <object_component_ref idref="oc-171"/>
      </symbol>
      <symbol id="sm-6e5">
         <name>_USBHCDPipeConfig</name>
         <value>0x3f4882</value>
         <object_component_ref idref="oc-171"/>
      </symbol>
      <symbol id="sm-6e6">
         <name>_USBHCDHubDeviceConnected</name>
         <value>0x3f58dc</value>
         <object_component_ref idref="oc-171"/>
      </symbol>
      <symbol id="sm-6e7">
         <name>_USBHCDPipeFree</name>
         <value>0x3f4c60</value>
         <object_component_ref idref="oc-171"/>
      </symbol>
      <symbol id="sm-6e8">
         <name>_USBHCDDevHubPort</name>
         <value>0x3f5a34</value>
         <object_component_ref idref="oc-171"/>
      </symbol>
      <symbol id="sm-6e9">
         <name>_USBHostCheckPipes</name>
         <value>0x3f5158</value>
         <object_component_ref idref="oc-171"/>
      </symbol>
      <symbol id="sm-6ea">
         <name>_USBHCDControlTransfer</name>
         <value>0x3f584a</value>
         <object_component_ref idref="oc-171"/>
      </symbol>
      <symbol id="sm-6eb">
         <name>_USBHCDEventEnable</name>
         <value>0x3f4595</value>
         <object_component_ref idref="oc-171"/>
      </symbol>
      <symbol id="sm-6ec">
         <name>_USBHCDPipeAlloc</name>
         <value>0x3f4873</value>
         <object_component_ref idref="oc-171"/>
      </symbol>
      <symbol id="sm-6ed">
         <name>_USBHCDDevAddress</name>
         <value>0x3f5a48</value>
         <object_component_ref idref="oc-171"/>
      </symbol>
      <symbol id="sm-6ee">
         <name>_USBHCDPowerConfigGet</name>
         <value>0x3f4e75</value>
         <object_component_ref idref="oc-171"/>
      </symbol>
      <symbol id="sm-77e">
         <name>_USBDCDCPowerStatusSet</name>
         <value>0x3f6a40</value>
         <object_component_ref idref="oc-16f"/>
      </symbol>
      <symbol id="sm-77f">
         <name>_ProcessDataFromHost</name>
         <value>0x3f6442</value>
         <object_component_ref idref="oc-16f"/>
      </symbol>
      <symbol id="sm-780">
         <name>_g_sCDCSerDataInterfaceSection</name>
         <value>0x3f4238</value>
         <object_component_ref idref="oc-f6"/>
      </symbol>
      <symbol id="sm-781">
         <name>_USBDCDCSerialStateChange</name>
         <value>0x3f6a12</value>
         <object_component_ref idref="oc-16f"/>
      </symbol>
      <symbol id="sm-782">
         <name>_g_pui8CDCSerDescriptor</name>
         <value>0x97e4</value>
         <object_component_ref idref="oc-f7"/>
      </symbol>
      <symbol id="sm-783">
         <name>_USBDCDCTerm</name>
         <value>0x3f68ec</value>
         <object_component_ref idref="oc-16f"/>
      </symbol>
      <symbol id="sm-784">
         <name>_USBDCDCRxPacketAvailable</name>
         <value>0x3f69e7</value>
         <object_component_ref idref="oc-16f"/>
      </symbol>
      <symbol id="sm-785">
         <name>_g_psCDCCompSerSections</name>
         <value>0x97d4</value>
         <object_component_ref idref="oc-f7"/>
      </symbol>
      <symbol id="sm-786">
         <name>_g_pui8CDCSerDeviceDescriptor</name>
         <value>0x97ed</value>
         <object_component_ref idref="oc-f7"/>
      </symbol>
      <symbol id="sm-787">
         <name>_g_sIADSerConfigSection</name>
         <value>0x3f4248</value>
         <object_component_ref idref="oc-f6"/>
      </symbol>
      <symbol id="sm-788">
         <name>_g_psCDCSerSections</name>
         <value>0x97ce</value>
         <object_component_ref idref="oc-f7"/>
      </symbol>
      <symbol id="sm-789">
         <name>_USBDCDCPacketRead</name>
         <value>0x3f696f</value>
         <object_component_ref idref="oc-16f"/>
      </symbol>
      <symbol id="sm-78a">
         <name>_USBDCDCCompositeInit</name>
         <value>0x3f6801</value>
         <object_component_ref idref="oc-16f"/>
      </symbol>
      <symbol id="sm-78b">
         <name>_g_pui8CDCSerDataInterface</name>
         <value>0x3f436a</value>
         <object_component_ref idref="oc-173"/>
      </symbol>
      <symbol id="sm-78c">
         <name>_USBDCDCSetRxCBData</name>
         <value>0x3f6905</value>
         <object_component_ref idref="oc-16f"/>
      </symbol>
      <symbol id="sm-78d">
         <name>_ProcessDataToHost</name>
         <value>0x3f64cf</value>
         <object_component_ref idref="oc-16f"/>
      </symbol>
      <symbol id="sm-78e">
         <name>_g_sCDCSerConfigHeader</name>
         <value>0x3f4244</value>
         <object_component_ref idref="oc-f6"/>
      </symbol>
      <symbol id="sm-78f">
         <name>_USBDCDCSetControlCBData</name>
         <value>0x3f68f9</value>
         <object_component_ref idref="oc-16f"/>
      </symbol>
      <symbol id="sm-790">
         <name>_g_pui8IADSerDescriptor</name>
         <value>0x97dc</value>
         <object_component_ref idref="oc-f7"/>
      </symbol>
      <symbol id="sm-791">
         <name>_USBDCDCRemoteWakeupRequest</name>
         <value>0x3f6a49</value>
         <object_component_ref idref="oc-16f"/>
      </symbol>
      <symbol id="sm-792">
         <name>_g_ppCDCSerConfigDescriptors</name>
         <value>0x3f43be</value>
         <object_component_ref idref="oc-189"/>
      </symbol>
      <symbol id="sm-793">
         <name>_ProcessNotificationToHost</name>
         <value>0x3f64a0</value>
         <object_component_ref idref="oc-16f"/>
      </symbol>
      <symbol id="sm-794">
         <name>_USBDCDCPacketWrite</name>
         <value>0x3f6929</value>
         <object_component_ref idref="oc-16f"/>
      </symbol>
      <symbol id="sm-795">
         <name>_g_sCDCSerCommInterfaceSection</name>
         <value>0x3f423c</value>
         <object_component_ref idref="oc-f6"/>
      </symbol>
      <symbol id="sm-796">
         <name>_g_sCDCHandlers</name>
         <value>0x3f4250</value>
         <object_component_ref idref="oc-f6"/>
      </symbol>
      <symbol id="sm-797">
         <name>_USBDCDCInit</name>
         <value>0x3f6899</value>
         <object_component_ref idref="oc-16f"/>
      </symbol>
      <symbol id="sm-798">
         <name>_USBDCDCTxPacketAvailable</name>
         <value>0x3f69d7</value>
         <object_component_ref idref="oc-16f"/>
      </symbol>
      <symbol id="sm-799">
         <name>_g_pCDCCompSerConfigDescriptors</name>
         <value>0x3f43bc</value>
         <object_component_ref idref="oc-18a"/>
      </symbol>
      <symbol id="sm-79a">
         <name>_g_sCDCSerConfigSection</name>
         <value>0x3f424c</value>
         <object_component_ref idref="oc-f6"/>
      </symbol>
      <symbol id="sm-79b">
         <name>_g_sCDCCompSerConfigHeader</name>
         <value>0x3f4240</value>
         <object_component_ref idref="oc-f6"/>
      </symbol>
      <symbol id="sm-79c">
         <name>_g_pui8CDCSerCommInterface</name>
         <value>0x3f430a</value>
         <object_component_ref idref="oc-174"/>
      </symbol>
      <symbol id="sm-79d">
         <name>_USBDCDCSetTxCBData</name>
         <value>0x3f6917</value>
         <object_component_ref idref="oc-16f"/>
      </symbol>
      <symbol id="sm-845">
         <name>_USBDCDInit</name>
         <value>0x3f5adb</value>
         <object_component_ref idref="oc-187"/>
      </symbol>
      <symbol id="sm-846">
         <name>_g_psDCDInst</name>
         <value>0x9b44</value>
         <object_component_ref idref="oc-fe"/>
      </symbol>
      <symbol id="sm-847">
         <name>_USBDeviceEnumResetHandler</name>
         <value>0x3f5d14</value>
         <object_component_ref idref="oc-187"/>
      </symbol>
      <symbol id="sm-848">
         <name>_USBDCDDeviceInfoInit</name>
         <value>0x3f5acb</value>
         <object_component_ref idref="oc-187"/>
      </symbol>
      <symbol id="sm-849">
         <name>_USBDCDStallEP0</name>
         <value>0x3f5bb1</value>
         <object_component_ref idref="oc-187"/>
      </symbol>
      <symbol id="sm-84a">
         <name>_USBDCDTerm</name>
         <value>0x3f5b59</value>
         <object_component_ref idref="oc-187"/>
      </symbol>
      <symbol id="sm-84b">
         <name>_USBDCDRequestDataEP0</name>
         <value>0x3f5b8c</value>
         <object_component_ref idref="oc-187"/>
      </symbol>
      <symbol id="sm-84c">
         <name>_USBDeviceIntHandlerInternal</name>
         <value>0x3f6288</value>
         <object_component_ref idref="oc-187"/>
      </symbol>
      <symbol id="sm-84d">
         <name>_USBDeviceEnumHandler</name>
         <value>0x3f5c53</value>
         <object_component_ref idref="oc-187"/>
      </symbol>
      <symbol id="sm-84e">
         <name>_g_ppsDevInfo</name>
         <value>0x9b40</value>
         <object_component_ref idref="oc-fe"/>
      </symbol>
      <symbol id="sm-84f">
         <name>_USBDCDSendDataEP0</name>
         <value>0x3f5b9a</value>
         <object_component_ref idref="oc-187"/>
      </symbol>
      <symbol id="sm-850">
         <name>_USBDeviceResumeTickHandler</name>
         <value>0x3f5be5</value>
         <object_component_ref idref="oc-187"/>
      </symbol>
      <symbol id="sm-851">
         <name>_USBDCDRemoteWakeupRequest</name>
         <value>0x3f5bcf</value>
         <object_component_ref idref="oc-187"/>
      </symbol>
      <symbol id="sm-852">
         <name>_USBDCDSetDefaultConfiguration</name>
         <value>0x3f5ba9</value>
         <object_component_ref idref="oc-187"/>
      </symbol>
      <symbol id="sm-853">
         <name>_USBDCDPowerStatusSet</name>
         <value>0x3f5bc2</value>
         <object_component_ref idref="oc-187"/>
      </symbol>
      <symbol id="sm-876">
         <name>_USBDescGetInterfaceEndpoint</name>
         <value>0x3ecd9e</value>
         <object_component_ref idref="oc-18d"/>
      </symbol>
      <symbol id="sm-877">
         <name>_USBDescGet</name>
         <value>0x3ecd07</value>
         <object_component_ref idref="oc-18d"/>
      </symbol>
      <symbol id="sm-878">
         <name>_USBDescGetNumAlternateInterfaces</name>
         <value>0x3ecd34</value>
         <object_component_ref idref="oc-18d"/>
      </symbol>
      <symbol id="sm-879">
         <name>_USBDescGetNum</name>
         <value>0x3eccdf</value>
         <object_component_ref idref="oc-18d"/>
      </symbol>
      <symbol id="sm-87a">
         <name>_USBDescGetInterface</name>
         <value>0x3ecd84</value>
         <object_component_ref idref="oc-18d"/>
      </symbol>
      <symbol id="sm-887">
         <name>_USB0DeviceIntHandler</name>
         <value>0x3ed30c</value>
         <object_component_ref idref="oc-170"/>
      </symbol>
      <symbol id="sm-8aa">
         <name>_USBLibDMAInit</name>
         <value>0x3ecc84</value>
         <object_component_ref idref="oc-18c"/>
      </symbol>
      <symbol id="sm-903">
         <name>_USBHHubInit</name>
         <value>0x3f79ce</value>
         <object_component_ref idref="oc-175"/>
      </symbol>
      <symbol id="sm-904">
         <name>_USBHHubOpen</name>
         <value>0x3f79b7</value>
         <object_component_ref idref="oc-175"/>
      </symbol>
      <symbol id="sm-905">
         <name>_g_sUSBHubClassDriver</name>
         <value>0x3f43b0</value>
         <object_component_ref idref="oc-115"/>
      </symbol>
      <symbol id="sm-906">
         <name>_USBHHubClose</name>
         <value>0x3f79c5</value>
         <object_component_ref idref="oc-175"/>
      </symbol>
      <symbol id="sm-907">
         <name>_USBHHubMain</name>
         <value>0x3f78a8</value>
         <object_component_ref idref="oc-175"/>
      </symbol>
      <symbol id="sm-908">
         <name>_USBHHubEnumerationComplete</name>
         <value>0x3f7995</value>
         <object_component_ref idref="oc-175"/>
      </symbol>
      <symbol id="sm-909">
         <name>_USBHHubEnumerationError</name>
         <value>0x3f79a6</value>
         <object_component_ref idref="oc-175"/>
      </symbol>
      <symbol id="sm-931">
         <name>_USBDCDConfigGetInterface</name>
         <value>0x3eca6b</value>
         <object_component_ref idref="oc-192"/>
      </symbol>
      <symbol id="sm-932">
         <name>_USBDCDConfigDescGetNum</name>
         <value>0x3ec9da</value>
         <object_component_ref idref="oc-192"/>
      </symbol>
      <symbol id="sm-933">
         <name>_USBDCDConfigDescGetSize</name>
         <value>0x3ec9c0</value>
         <object_component_ref idref="oc-192"/>
      </symbol>
      <symbol id="sm-934">
         <name>_USBDCDConfigGetInterfaceEndpoint</name>
         <value>0x3eca84</value>
         <object_component_ref idref="oc-192"/>
      </symbol>
      <symbol id="sm-935">
         <name>_USBDCDConfigDescGet</name>
         <value>0x3eca00</value>
         <object_component_ref idref="oc-192"/>
      </symbol>
      <symbol id="sm-936">
         <name>_USBDCDConfigGetNumAlternateInterfaces</name>
         <value>0x3eca46</value>
         <object_component_ref idref="oc-192"/>
      </symbol>
      <symbol id="sm-96f">
         <name>_USBDeviceConfigAlternate</name>
         <value>0x3ec8f2</value>
         <object_component_ref idref="oc-193"/>
      </symbol>
      <symbol id="sm-970">
         <name>_USBDeviceConfig</name>
         <value>0x3ec7a9</value>
         <object_component_ref idref="oc-193"/>
      </symbol>
      <symbol id="sm-989">
         <name>_c_int00</name>
         <value>0x3ed256</value>
         <object_component_ref idref="oc-53"/>
      </symbol>
      <symbol id="sm-98a">
         <name>__stack</name>
         <value>0x50</value>
         <object_component_ref idref="oc-124"/>
      </symbol>
      <symbol id="sm-99e">
         <name>C$$EXIT</name>
         <value>0x3ed2dd</value>
         <object_component_ref idref="oc-16a"/>
      </symbol>
      <symbol id="sm-99f">
         <name>_exit</name>
         <value>0x3ed2df</value>
         <object_component_ref idref="oc-16a"/>
      </symbol>
      <symbol id="sm-9a0">
         <name>___TI_cleanup_ptr</name>
         <value>0x9b34</value>
         <object_component_ref idref="oc-12c"/>
      </symbol>
      <symbol id="sm-9a1">
         <name>_abort</name>
         <value>0x3ed2dd</value>
         <object_component_ref idref="oc-16a"/>
      </symbol>
      <symbol id="sm-9a2">
         <name>___TI_dtors_ptr</name>
         <value>0x9b36</value>
         <object_component_ref idref="oc-12c"/>
      </symbol>
      <symbol id="sm-9b9">
         <name>FD$$DIV</name>
         <value>0x3ed0c0</value>
         <object_component_ref idref="oc-131"/>
      </symbol>
      <symbol id="sm-9cb">
         <name>FD$$MPY</name>
         <value>0x3ed1d3</value>
         <object_component_ref idref="oc-136"/>
      </symbol>
      <symbol id="sm-9d7">
         <name>FD$$SUB</name>
         <value>0x3ed32f</value>
         <object_component_ref idref="oc-13b"/>
      </symbol>
      <symbol id="sm-9e6">
         <name>FD$$TOUL</name>
         <value>0x3f7f63</value>
         <object_component_ref idref="oc-140"/>
      </symbol>
      <symbol id="sm-9f5">
         <name>_strcmp</name>
         <value>0x3ed34a</value>
         <object_component_ref idref="oc-17e"/>
      </symbol>
      <symbol id="sm-a18">
         <name>_strtoul</name>
         <value>0x3ecdb1</value>
         <object_component_ref idref="oc-17f"/>
      </symbol>
      <symbol id="sm-a29">
         <name>UL$$TOFD</name>
         <value>0x3ed2f6</value>
         <object_component_ref idref="oc-14f"/>
      </symbol>
      <symbol id="sm-a3e">
         <name>__unlock</name>
         <value>0x9b3a</value>
         <object_component_ref idref="oc-194"/>
      </symbol>
      <symbol id="sm-a3f">
         <name>__lock</name>
         <value>0x9b38</value>
         <object_component_ref idref="oc-176"/>
      </symbol>
      <symbol id="sm-a40">
         <name>__register_lock</name>
         <value>0x3ed358</value>
         <object_component_ref idref="oc-18e"/>
      </symbol>
      <symbol id="sm-a41">
         <name>__nop</name>
         <value>0x3ed35c</value>
         <object_component_ref idref="oc-18e"/>
      </symbol>
      <symbol id="sm-a42">
         <name>__register_unlock</name>
         <value>0x3ed354</value>
         <object_component_ref idref="oc-18e"/>
      </symbol>
      <symbol id="sm-a52">
         <name>__args_main</name>
         <value>0x3ed2c4</value>
         <object_component_ref idref="oc-169"/>
      </symbol>
      <symbol id="sm-a5b">
         <name>__ctypes_</name>
         <value>0x3f4000</value>
         <object_component_ref idref="oc-190"/>
      </symbol>
      <symbol id="sm-a66">
         <name>_errno</name>
         <value>0x97ff</value>
         <object_component_ref idref="oc-162"/>
      </symbol>
      <symbol id="sm-a81">
         <name>FD$$ADD</name>
         <value>0x3ece69</value>
         <object_component_ref idref="oc-164"/>
      </symbol>
   </symbol_table>
   <title>Link successful</title>
</link_info>
