******************************************************************************
             TMS320C2000 Linker PC v6.4.6                      
******************************************************************************
>> Linked Sat Apr 30 21:32:36 2016

OUTPUT FILE NAME:   <PicoCommander.out>
ENTRY POINT SYMBOL: "_c_int00"  address: 003ed2a8


MEMORY CONFIGURATION

         name            origin    length      used     unused   attr    fill
----------------------  --------  ---------  --------  --------  ----  --------
PAGE 0:
  RAML0                 00008000   00000800  00000004  000007fc  RWIX
  RAML1                 00008800   00000400  00000000  00000400  RWIX
  OTP                   003d7800   00000400  00000000  00000400  RWIX
  FLASHH                003d8000   00004000  00000000  00004000  RWIX
  FLASHG                003dc000   00004000  00000000  00004000  RWIX
  FLASHF                003e0000   00004000  00000000  00004000  RWIX
  FLASHE                003e4000   00004000  00000000  00004000  RWIX
  FLASHD                003e8000   00004000  00000004  00003ffc  RWIX
  FLASHC                003ec000   00004000  000013a2  00002c5e  RWIX
  FLASHA                003f4000   00003f80  00003f80  00000000  RWIX
  CSM_RSVD              003f7f80   00000076  00000000  00000076  RWIX
  BEGIN                 003f7ff6   00000002  00000002  00000000  RWIX
  CSM_PWL_P0            003f7ff8   00000008  00000000  00000008  RWIX
  FPUTABLES             003fd860   000006a0  00000000  000006a0  RWIX
  IQTABLES              003fdf00   00000b50  00000000  00000b50  RWIX
  IQTABLES2             003fea50   0000008c  00000000  0000008c  RWIX
  IQTABLES3             003feadc   000000aa  00000000  000000aa  RWIX
  ROM                   003ff3b0   00000c10  00000000  00000c10  RWIX
  RESET                 003fffc0   00000002  00000000  00000002  RWIX
  VECTORS               003fffc2   0000003e  00000000  0000003e  RWIX

PAGE 1:
  BOOT_RSVD             00000000   00000050  00000000  00000050  RWIX
  RAMM0                 00000050   000003b0  00000300  000000b0  RWIX
  RAMM1                 00000400   00000400  00000000  00000400  RWIX
  DEV_EMU               00000880   00000105  00000004  00000101  RWIX
  SYS_PWR_CTL           00000985   00000003  00000003  00000000  RWIX
  FLASH_REGS            00000a80   00000060  00000008  00000058  RWIX
  CSM                   00000ae0   00000020  00000010  00000010  RWIX
  ADC_RESULT            00000b00   00000020  00000010  00000010  RWIX
  CPU_TIMER0            00000c00   00000008  00000008  00000000  RWIX
  CPU_TIMER1            00000c08   00000008  00000008  00000000  RWIX
  CPU_TIMER2            00000c10   00000008  00000008  00000000  RWIX
  PIE_CTRL              00000ce0   00000020  0000001a  00000006  RWIX
  PIE_VECT              00000d00   00000100  00000100  00000000  RWIX
  DMA                   00001000   00000200  000000e0  00000120  RWIX
  CLA1                  00001400   00000080  00000040  00000040  RWIX
  USB0                  00004000   00001000  00000454  00000bac  RWIX
  McBSPA                00005000   00000040  00000024  0000001c  RWIX
  ECANA                 00006000   00000040  00000034  0000000c  RWIX
  ECANA_LAM             00006040   00000040  00000040  00000000  RWIX
  ECANA_MOTS            00006080   00000040  00000040  00000000  RWIX
  ECANA_MOTO            000060c0   00000040  00000040  00000000  RWIX
  ECANA_MBOX            00006100   00000100  00000100  00000000  RWIX
  COMP1                 00006400   00000020  00000014  0000000c  RWIX
  COMP2                 00006420   00000020  00000014  0000000c  RWIX
  COMP3                 00006440   00000020  00000014  0000000c  RWIX
  EPWM1                 00006800   00000040  00000040  00000000  RWIX
  EPWM2                 00006840   00000040  00000040  00000000  RWIX
  EPWM3                 00006880   00000040  00000040  00000000  RWIX
  EPWM4                 000068c0   00000040  00000040  00000000  RWIX
  EPWM5                 00006900   00000040  00000040  00000000  RWIX
  EPWM6                 00006940   00000040  00000040  00000000  RWIX
  EPWM7                 00006980   00000040  00000040  00000000  RWIX
  EPWM8                 000069c0   00000040  00000040  00000000  RWIX
  ECAP1                 00006a00   00000020  00000020  00000000  RWIX
  ECAP2                 00006a20   00000020  00000020  00000000  RWIX
  ECAP3                 00006a40   00000020  00000020  00000000  RWIX
  HRCAP1                00006ac0   00000020  00000020  00000000  RWIX
  HRCAP2                00006ae0   00000020  00000020  00000000  RWIX
  EQEP1                 00006b00   00000040  00000022  0000001e  RWIX
  EQEP2                 00006b40   00000040  00000022  0000001e  RWIX
  HRCAP3                00006c80   00000020  00000020  00000000  RWIX
  HRCAP4                00006ca0   00000020  00000020  00000000  RWIX
  GPIOCTRL              00006f80   00000040  00000040  00000000  RWIX
  GPIODAT               00006fc0   00000020  00000020  00000000  RWIX
  GPIOINT               00006fe0   00000020  00000020  00000000  RWIX
  SYSTEM                00007010   00000030  00000030  00000000  RWIX
  SPIA                  00007040   00000010  00000010  00000000  RWIX
  SCIA                  00007050   00000010  00000010  00000000  RWIX
  NMIINTRUPT            00007060   00000010  00000010  00000000  RWIX
  XINTRUPT              00007070   00000010  00000010  00000000  RWIX
  ADC                   00007100   00000080  00000050  00000030  RWIX
  SPIB                  00007740   00000010  00000010  00000000  RWIX
  SCIB                  00007750   00000010  00000010  00000000  RWIX
  I2CA                  00007900   00000040  00000022  0000001e  RWIX
  RAML2                 00008c00   00000400  00000000  00000400  RWIX
  RAML3                 00009000   00001000  00000bfe  00000402  RWIX
  RAML4                 0000a000   00002000  00000000  00002000  RWIX
  RAML5                 0000c000   00002000  00000000  00002000  RWIX
  RAML6                 0000e000   00002000  00000000  00002000  RWIX
  RAML7                 00010000   00002000  00000000  00002000  RWIX
  RAML8                 00012000   00002000  00000000  00002000  RWIX
  USB_RAM               00040000   00000800  00000000  00000800  RWIX
  PARTID                003d7e80   00000001  00000001  00000000  RWIX
  FLASHB                003f0000   00004000  00000000  00004000  RWIX
  CSM_PWL               003f7ff8   00000008  00000008  00000000  RWIX


SECTION ALLOCATION MAP

 output                                  attributes/
section   page    origin      length       input sections
--------  ----  ----------  ----------   ----------------
.cinit     0    003f43c8    000000ec     
                  003f43c8    00000046     usblib.lib : usbhostenum.obj (.cinit)
                  003f440e    00000040                : usbdcdc.obj (.cinit)
                  003f444e    00000017     usb_serial_structs.obj (.cinit)
                  003f4465    00000015     main.obj (.cinit)
                  003f447a    0000000e     usblib.lib : usbtick.obj (.cinit)
                  003f4488    0000000d                : usbmode.obj (.cinit)
                  003f4495    0000000a     rts2800_fpu32.lib : exit.obj (.cinit)
                  003f449f    00000005                       : _lock.obj (.cinit:__lock)
                  003f44a4    00000005                       : _lock.obj (.cinit:__unlock)
                  003f44a9    00000005     usblib.lib : usbdenum.obj (.cinit)
                  003f44ae    00000004     rts2800_fpu32.lib : errno.obj (.cinit)
                  003f44b2    00000002     --HOLE-- [fill = 0]

.pinit     0    003f4000    00000000     UNINITIALIZED

ramfuncs   0    003e8000    00000004     RUN ADDR = 00008000
                  003e8000    00000004     F2806x_usDelay.obj (ramfuncs)

.text.1    0    003ec000    000013a2     
                  003ec000    0000028f     driverlib.lib : uart.obj (.text)
                  003ec28f    00000265     usblib.lib : usbbuffer.obj (.text)
                  003ec4f4    0000025b                : usbmode.obj (.text)
                  003ec74f    00000210                : usbdconfig.obj (.text)
                  003ec95f    00000157                : usbdcdesc.obj (.text)
                  003ecab6    00000153                : usbringbuf.obj (.text)
                  003ecc09    000000d6                : usbdma.obj (.text)
                  003eccdf    000000d2                : usbdesc.obj (.text)
                  003ecdb1    000000b8     rts2800_fpu32.lib : strtoul.obj (.text)
                  003ece69    0000009c                       : fd_add.obj (.text)
                  003ecf05    0000009b     sysctl.obj (.text)
                  003ecfa0    00000090     driverlib.lib : usb_hal.obj (.text:retain)
                  003ed030    00000090     main.obj (.text:retain)
                  003ed0c0    0000008b     rts2800_fpu32.lib : fd_div.obj (.text)
                  003ed14b    00000088     usblib.lib : usbtick.obj (.text)
                  003ed1d3    00000083     rts2800_fpu32.lib : fd_mpy.obj (.text)
                  003ed256    00000052     driverlib.lib : usb_hal.obj (.text)
                  003ed2a8    00000046     rts2800_fpu32.lib : boot.obj (.text)
                  003ed2ee    0000001b                       : fd_toul.obj (.text)
                  003ed309    00000019                       : args_main.obj (.text)
                  003ed322    00000019                       : exit.obj (.text)
                  003ed33b    00000016                       : ul_tofd.obj (.text)
                  003ed351    00000012     usblib.lib : usbdhandler.obj (.text)
                  003ed363    00000011     F2806x_PieVect.obj (.text)
                  003ed374    0000000e     rts2800_fpu32.lib : fd_sub.obj (.text)
                  003ed382    0000000d     driverlib.lib : interrupt.obj (.text:retain)
                  003ed38f    0000000a     rts2800_fpu32.lib : strcmp.obj (.text)
                  003ed399    00000009                       : _lock.obj (.text)

.econst    0    003f4000    000003c8     
                  003f4000    00000101     rts2800_fpu32.lib : ctype.obj (.econst:.string:__ctypes_)
                  003f4101    00000001     --HOLE-- [fill = 0]
                  003f4102    00000100     F2806x_PieVect.obj (.econst)
                  003f4202    00000036     usb_serial_structs.obj (.econst:_g_pui8ConfigString)
                  003f4238    00000035     main.obj (.econst:.string)
                  003f426d    00000001     --HOLE-- [fill = 0]
                  003f426e    00000030     usblib.lib : usbdcdc.obj (.econst)
                  003f429e    0000002c     usb_serial_structs.obj (.econst:_g_pui8ControlInterfaceString)
                  003f42ca    00000024     usb_serial_structs.obj (.econst:_g_pui8ManufacturerString)
                  003f42ee    00000024     usb_serial_structs.obj (.econst)
                  003f4312    00000023     usblib.lib : usbdcdc.obj (.econst:_g_pui8CDCSerCommInterface)
                  003f4335    00000022     usb_serial_structs.obj (.econst:_g_pui8ProdectString)
                  003f4357    00000001     --HOLE-- [fill = 0]
                  003f4358    0000001a     usblib.lib : usbdenum.obj (.econst:_g_psUSBDStdRequests)
                  003f4372    00000017                : usbdcdc.obj (.econst:_g_pui8CDCSerDataInterface)
                  003f4389    00000012     usb_serial_structs.obj (.econst:_g_pui8SerialNumberString)
                  003f439b    00000001     --HOLE-- [fill = 0]
                  003f439c    00000010     driverlib.lib : usb_hal.obj (.econst)
                  003f43ac    0000000c     usb_serial_structs.obj (.econst:_g_pui8StringDescriptors)
                  003f43b8    00000008     usblib.lib : usbhhub.obj (.econst)
                  003f43c0    00000004     usb_serial_structs.obj (.econst:_g_pui8LangDescriptor)
                  003f43c4    00000002     usblib.lib : usbdcdc.obj (.econst:_g_pCDCCompSerConfigDescriptors)
                  003f43c6    00000002                : usbdcdc.obj (.econst:_g_ppCDCSerConfigDescriptors)

.switch    0    003f44b4    0000002a     
                  003f44b4    0000002a     usblib.lib : usbdcdc.obj (.switch:_HandleRequests)

.text.2    0    003f44de    00003aa2     
                  003f44de    000015f5     usblib.lib : usbhostenum.obj (.text)
                  003f5ad3    00000855                : usbdenum.obj (.text)
                  003f6328    00000730                : usbdcdc.obj (.text)
                  003f6a58    000006ce     usb.obj (.text)
                  003f7126    000004ee     main.obj (.text)
                  003f7614    00000404     usblib.lib : usbhhub.obj (.text)
                  003f7a18    0000039b     F2806x_DefaultIsr.obj (.text:retain)
                  003f7db3    0000019d     driverlib.lib : interrupt.obj (.text)
                  003f7f50    00000028     F2806x_PieCtrl.obj (.text)
                  003f7f78    00000008     F2806x_CodeStartBranch.obj (.text)

codestart 
*          0    003f7ff6    00000002     
                  003f7ff6    00000002     F2806x_CodeStartBranch.obj (codestart)

.stack     1    00000050    00000300     UNINITIALIZED
                  00000050    00000300     --HOLE--

DevEmuRegsFile 
*          1    00000880    00000004     UNINITIALIZED
                  00000880    00000004     F2806x_GlobalVariableDefs.obj (DevEmuRegsFile)

SysPwrCtrlRegsFile 
*          1    00000985    00000003     UNINITIALIZED
                  00000985    00000003     F2806x_GlobalVariableDefs.obj (SysPwrCtrlRegsFile)

FlashRegsFile 
*          1    00000a80    00000008     UNINITIALIZED
                  00000a80    00000008     F2806x_GlobalVariableDefs.obj (FlashRegsFile)

CsmRegsFile 
*          1    00000ae0    00000010     UNINITIALIZED
                  00000ae0    00000010     F2806x_GlobalVariableDefs.obj (CsmRegsFile)

AdcResultFile 
*          1    00000b00    00000010     UNINITIALIZED
                  00000b00    00000010     F2806x_GlobalVariableDefs.obj (AdcResultFile)

CpuTimer0RegsFile 
*          1    00000c00    00000008     UNINITIALIZED
                  00000c00    00000008     F2806x_GlobalVariableDefs.obj (CpuTimer0RegsFile)

CpuTimer1RegsFile 
*          1    00000c08    00000008     UNINITIALIZED
                  00000c08    00000008     F2806x_GlobalVariableDefs.obj (CpuTimer1RegsFile)

CpuTimer2RegsFile 
*          1    00000c10    00000008     UNINITIALIZED
                  00000c10    00000008     F2806x_GlobalVariableDefs.obj (CpuTimer2RegsFile)

PieCtrlRegsFile 
*          1    00000ce0    0000001a     UNINITIALIZED
                  00000ce0    0000001a     F2806x_GlobalVariableDefs.obj (PieCtrlRegsFile)

PieVectTableFile 
*          1    00000d00    00000100     UNINITIALIZED
                  00000d00    00000100     F2806x_GlobalVariableDefs.obj (PieVectTableFile)

EmuKeyVar 
*          1    00000d00    00000001     UNINITIALIZED
                  00000d00    00000001     F2806x_GlobalVariableDefs.obj (EmuKeyVar)

EmuBModeVar 
*          1    00000d01    00000001     UNINITIALIZED
                  00000d01    00000001     F2806x_GlobalVariableDefs.obj (EmuBModeVar)

FlashCallbackVar 
*          1    00000d02    00000002     UNINITIALIZED
                  00000d02    00000002     F2806x_GlobalVariableDefs.obj (FlashCallbackVar)

FlashScalingVar 
*          1    00000d04    00000002     UNINITIALIZED
                  00000d04    00000002     F2806x_GlobalVariableDefs.obj (FlashScalingVar)

DmaRegsFile 
*          1    00001000    000000e0     UNINITIALIZED
                  00001000    000000e0     F2806x_GlobalVariableDefs.obj (DmaRegsFile)

Cla1RegsFile 
*          1    00001400    00000040     UNINITIALIZED
                  00001400    00000040     F2806x_GlobalVariableDefs.obj (Cla1RegsFile)

Usb0RegsFile 
*          1    00004000    00000454     UNINITIALIZED
                  00004000    00000454     F2806x_GlobalVariableDefs.obj (Usb0RegsFile)

McbspaRegsFile 
*          1    00005000    00000024     UNINITIALIZED
                  00005000    00000024     F2806x_GlobalVariableDefs.obj (McbspaRegsFile)

ECanaRegsFile 
*          1    00006000    00000034     UNINITIALIZED
                  00006000    00000034     F2806x_GlobalVariableDefs.obj (ECanaRegsFile)

ECanaLAMRegsFile 
*          1    00006040    00000040     UNINITIALIZED
                  00006040    00000040     F2806x_GlobalVariableDefs.obj (ECanaLAMRegsFile)

ECanaMOTSRegsFile 
*          1    00006080    00000040     UNINITIALIZED
                  00006080    00000040     F2806x_GlobalVariableDefs.obj (ECanaMOTSRegsFile)

ECanaMOTORegsFile 
*          1    000060c0    00000040     UNINITIALIZED
                  000060c0    00000040     F2806x_GlobalVariableDefs.obj (ECanaMOTORegsFile)

ECanaMboxesFile 
*          1    00006100    00000100     UNINITIALIZED
                  00006100    00000100     F2806x_GlobalVariableDefs.obj (ECanaMboxesFile)

Comp1RegsFile 
*          1    00006400    00000014     UNINITIALIZED
                  00006400    00000014     F2806x_GlobalVariableDefs.obj (Comp1RegsFile)

Comp2RegsFile 
*          1    00006420    00000014     UNINITIALIZED
                  00006420    00000014     F2806x_GlobalVariableDefs.obj (Comp2RegsFile)

Comp3RegsFile 
*          1    00006440    00000014     UNINITIALIZED
                  00006440    00000014     F2806x_GlobalVariableDefs.obj (Comp3RegsFile)

EPwm1RegsFile 
*          1    00006800    00000040     UNINITIALIZED
                  00006800    00000040     F2806x_GlobalVariableDefs.obj (EPwm1RegsFile)

EPwm2RegsFile 
*          1    00006840    00000040     UNINITIALIZED
                  00006840    00000040     F2806x_GlobalVariableDefs.obj (EPwm2RegsFile)

EPwm3RegsFile 
*          1    00006880    00000040     UNINITIALIZED
                  00006880    00000040     F2806x_GlobalVariableDefs.obj (EPwm3RegsFile)

EPwm4RegsFile 
*          1    000068c0    00000040     UNINITIALIZED
                  000068c0    00000040     F2806x_GlobalVariableDefs.obj (EPwm4RegsFile)

EPwm5RegsFile 
*          1    00006900    00000040     UNINITIALIZED
                  00006900    00000040     F2806x_GlobalVariableDefs.obj (EPwm5RegsFile)

EPwm6RegsFile 
*          1    00006940    00000040     UNINITIALIZED
                  00006940    00000040     F2806x_GlobalVariableDefs.obj (EPwm6RegsFile)

EPwm7RegsFile 
*          1    00006980    00000040     UNINITIALIZED
                  00006980    00000040     F2806x_GlobalVariableDefs.obj (EPwm7RegsFile)

EPwm8RegsFile 
*          1    000069c0    00000040     UNINITIALIZED
                  000069c0    00000040     F2806x_GlobalVariableDefs.obj (EPwm8RegsFile)

ECap1RegsFile 
*          1    00006a00    00000020     UNINITIALIZED
                  00006a00    00000020     F2806x_GlobalVariableDefs.obj (ECap1RegsFile)

ECap2RegsFile 
*          1    00006a20    00000020     UNINITIALIZED
                  00006a20    00000020     F2806x_GlobalVariableDefs.obj (ECap2RegsFile)

ECap3RegsFile 
*          1    00006a40    00000020     UNINITIALIZED
                  00006a40    00000020     F2806x_GlobalVariableDefs.obj (ECap3RegsFile)

HRCap1RegsFile 
*          1    00006ac0    00000020     UNINITIALIZED
                  00006ac0    00000020     F2806x_GlobalVariableDefs.obj (HRCap1RegsFile)

HRCap2RegsFile 
*          1    00006ae0    00000020     UNINITIALIZED
                  00006ae0    00000020     F2806x_GlobalVariableDefs.obj (HRCap2RegsFile)

EQep1RegsFile 
*          1    00006b00    00000022     UNINITIALIZED
                  00006b00    00000022     F2806x_GlobalVariableDefs.obj (EQep1RegsFile)

EQep2RegsFile 
*          1    00006b40    00000022     UNINITIALIZED
                  00006b40    00000022     F2806x_GlobalVariableDefs.obj (EQep2RegsFile)

HRCap3RegsFile 
*          1    00006c80    00000020     UNINITIALIZED
                  00006c80    00000020     F2806x_GlobalVariableDefs.obj (HRCap3RegsFile)

HRCap4RegsFile 
*          1    00006ca0    00000020     UNINITIALIZED
                  00006ca0    00000020     F2806x_GlobalVariableDefs.obj (HRCap4RegsFile)

GpioCtrlRegsFile 
*          1    00006f80    00000040     UNINITIALIZED
                  00006f80    00000040     F2806x_GlobalVariableDefs.obj (GpioCtrlRegsFile)

GpioDataRegsFile 
*          1    00006fc0    00000020     UNINITIALIZED
                  00006fc0    00000020     F2806x_GlobalVariableDefs.obj (GpioDataRegsFile)

GpioIntRegsFile 
*          1    00006fe0    00000020     UNINITIALIZED
                  00006fe0    00000020     F2806x_GlobalVariableDefs.obj (GpioIntRegsFile)

SysCtrlRegsFile 
*          1    00007010    00000030     UNINITIALIZED
                  00007010    00000030     F2806x_GlobalVariableDefs.obj (SysCtrlRegsFile)

SpiaRegsFile 
*          1    00007040    00000010     UNINITIALIZED
                  00007040    00000010     F2806x_GlobalVariableDefs.obj (SpiaRegsFile)

SciaRegsFile 
*          1    00007050    00000010     UNINITIALIZED
                  00007050    00000010     F2806x_GlobalVariableDefs.obj (SciaRegsFile)

NmiIntruptRegsFile 
*          1    00007060    00000010     UNINITIALIZED
                  00007060    00000010     F2806x_GlobalVariableDefs.obj (NmiIntruptRegsFile)

XIntruptRegsFile 
*          1    00007070    00000010     UNINITIALIZED
                  00007070    00000010     F2806x_GlobalVariableDefs.obj (XIntruptRegsFile)

AdcRegsFile 
*          1    00007100    00000050     UNINITIALIZED
                  00007100    00000050     F2806x_GlobalVariableDefs.obj (AdcRegsFile)

SpibRegsFile 
*          1    00007740    00000010     UNINITIALIZED
                  00007740    00000010     F2806x_GlobalVariableDefs.obj (SpibRegsFile)

ScibRegsFile 
*          1    00007750    00000010     UNINITIALIZED
                  00007750    00000010     F2806x_GlobalVariableDefs.obj (ScibRegsFile)

I2caRegsFile 
*          1    00007900    00000022     UNINITIALIZED
                  00007900    00000022     F2806x_GlobalVariableDefs.obj (I2caRegsFile)

.ebss      1    00009000    00000bfe     UNINITIALIZED
                  00009000    00000440     main.obj (.ebss)
                  00009440    0000038e     usblib.lib : usbhostenum.obj (.ebss)
                  000097ce    00000031                : usbdcdc.obj (.ebss)
                  000097ff    00000001     rts2800_fpu32.lib : errno.obj (.ebss)
                  00009800    00000280     usb_serial_structs.obj (.ebss)
                  00009a80    0000008c     usblib.lib : usbdma.obj (.ebss)
                  00009b0c    0000001e                : usbtick.obj (.ebss)
                  00009b2a    0000000a                : usbmode.obj (.ebss)
                  00009b34    00000004     rts2800_fpu32.lib : exit.obj (.ebss)
                  00009b38    00000002                       : _lock.obj (.ebss:__lock)
                  00009b3a    00000002                       : _lock.obj (.ebss:__unlock)
                  00009b3c    00000004     --HOLE--
                  00009b40    00000080     usblib.lib : usbdenum.obj (.ebss)
                  00009bc0    0000003e                : usbhhub.obj (.ebss)

.reset     0    003fffc0    00000002     DSECT
                  003fffc0    00000002     rts2800_fpu32.lib : boot.obj (.reset)

vectors    0    003fffc2    00000000     DSECT

PartIdRegsFile 
*          1    003d7e80    00000001     UNINITIALIZED
                  003d7e80    00000001     F2806x_GlobalVariableDefs.obj (PartIdRegsFile)

CsmPwlFile 
*          1    003f7ff8    00000008     UNINITIALIZED
                  003f7ff8    00000008     F2806x_GlobalVariableDefs.obj (CsmPwlFile)


GLOBAL DATA SYMBOLS: SORTED BY DATA PAGE

address     data page           name
--------    ----------------    ----
00000050       1 (00000040)     __stack

00000880      22 (00000880)     _DevEmuRegs

00000985      26 (00000980)     _SysPwrCtrlRegs

00000a80      2a (00000a80)     _FlashRegs

00000ae0      2b (00000ac0)     _CsmRegs

00000b00      2c (00000b00)     _AdcResult

00000c00      30 (00000c00)     _CpuTimer0Regs
00000c08      30 (00000c00)     _CpuTimer1Regs
00000c10      30 (00000c00)     _CpuTimer2Regs

00000ce0      33 (00000cc0)     _PieCtrlRegs

00000d00      34 (00000d00)     _EmuKey
00000d00      34 (00000d00)     _PieVectTable
00000d01      34 (00000d00)     _EmuBMode
00000d02      34 (00000d00)     _Flash_CallbackPtr
00000d04      34 (00000d00)     _Flash_CPUScaleFactor

00001000      40 (00001000)     _DmaRegs

00001400      50 (00001400)     _Cla1Regs

00004000     100 (00004000)     _Usb0Regs

00005000     140 (00005000)     _McbspaRegs

00006000     180 (00006000)     _ECanaRegs

00006040     181 (00006040)     _ECanaLAMRegs

00006080     182 (00006080)     _ECanaMOTSRegs

000060c0     183 (000060c0)     _ECanaMOTORegs

00006100     184 (00006100)     _ECanaMboxes

00006400     190 (00006400)     _Comp1Regs
00006420     190 (00006400)     _Comp2Regs

00006440     191 (00006440)     _Comp3Regs

00006800     1a0 (00006800)     _EPwm1Regs

00006840     1a1 (00006840)     _EPwm2Regs

00006880     1a2 (00006880)     _EPwm3Regs

000068c0     1a3 (000068c0)     _EPwm4Regs

00006900     1a4 (00006900)     _EPwm5Regs

00006940     1a5 (00006940)     _EPwm6Regs

00006980     1a6 (00006980)     _EPwm7Regs

000069c0     1a7 (000069c0)     _EPwm8Regs

00006a00     1a8 (00006a00)     _ECap1Regs
00006a20     1a8 (00006a00)     _ECap2Regs

00006a40     1a9 (00006a40)     _ECap3Regs

00006ac0     1ab (00006ac0)     _HRCap1Regs
00006ae0     1ab (00006ac0)     _HRCap2Regs

00006b00     1ac (00006b00)     _EQep1Regs

00006b40     1ad (00006b40)     _EQep2Regs

00006c80     1b2 (00006c80)     _HRCap3Regs
00006ca0     1b2 (00006c80)     _HRCap4Regs

00006f80     1be (00006f80)     _GpioCtrlRegs

00006fc0     1bf (00006fc0)     _GpioDataRegs
00006fe0     1bf (00006fc0)     _GpioIntRegs

00007010     1c0 (00007000)     _SysCtrlRegs

00007040     1c1 (00007040)     _SpiaRegs
00007050     1c1 (00007040)     _SciaRegs
00007060     1c1 (00007040)     _NmiIntruptRegs
00007070     1c1 (00007040)     _XIntruptRegs

00007100     1c4 (00007100)     _AdcRegs

00007740     1dd (00007740)     _SpibRegs
00007750     1dd (00007740)     _ScibRegs

00007900     1e4 (00007900)     _I2caRegs

00009000     240 (00009000)     _program_recieved
00009001     240 (00009000)     _program_compiled

000097ce     25f (000097c0)     _g_psCDCSerSections
000097d4     25f (000097c0)     _g_psCDCCompSerSections
000097dc     25f (000097c0)     _g_pui8IADSerDescriptor
000097e4     25f (000097c0)     _g_pui8CDCSerDescriptor
000097ed     25f (000097c0)     _g_pui8CDCSerDeviceDescriptor
000097ff     25f (000097c0)     _errno

00009800     260 (00009800)     _g_pui8TxBufferWorkspace
00009818     260 (00009800)     _g_pui8RxBufferWorkspace

00009840     261 (00009840)     _g_sCDCDevice

00009880     262 (00009880)     _g_pi8USBRxBuffer

00009980     266 (00009980)     _g_pi8USBTxBuffer

00009b0c     26c (00009b00)     _g_bUSBTimerInitialized
00009b0e     26c (00009b00)     _g_ui32CurrentUSBTick
00009b10     26c (00009b00)     _g_ui32USBSOFCount
00009b12     26c (00009b00)     _g_pfnTickHandlers
00009b1e     26c (00009b00)     _g_pvTickInstance
00009b2b     26c (00009b00)     _g_iUSBMode
00009b2c     26c (00009b00)     _g_eOTGModeState
00009b30     26c (00009b00)     _g_ui32PollRate
00009b32     26c (00009b00)     _g_ui32WaitTicks
00009b34     26c (00009b00)     ___TI_cleanup_ptr
00009b36     26c (00009b00)     ___TI_dtors_ptr
00009b38     26c (00009b00)     __lock
00009b3a     26c (00009b00)     __unlock

00009b40     26d (00009b40)     _g_ppsDevInfo
00009b44     26d (00009b40)     _g_psDCDInst

003d7e80    f5fa (003d7e80)     _PartIdRegs

003f4000    fd00 (003f4000)     __ctypes_

003f4102    fd04 (003f4100)     _PieVectTableInit

003f4202    fd08 (003f4200)     _g_pui8ConfigString

003f426e    fd09 (003f4240)     _g_sCDCSerDataInterfaceSection
003f4272    fd09 (003f4240)     _g_sCDCSerCommInterfaceSection
003f4276    fd09 (003f4240)     _g_sCDCCompSerConfigHeader
003f427a    fd09 (003f4240)     _g_sCDCSerConfigHeader
003f427e    fd09 (003f4240)     _g_sIADSerConfigSection

003f4282    fd0a (003f4280)     _g_sCDCSerConfigSection
003f4286    fd0a (003f4280)     _g_sCDCHandlers
003f429e    fd0a (003f4280)     _g_pui8ControlInterfaceString

003f42ca    fd0b (003f42c0)     _g_pui8ManufacturerString
003f42ee    fd0b (003f42c0)     _g_sTxBuffer

003f4300    fd0c (003f4300)     _g_sRxBuffer
003f4312    fd0c (003f4300)     _g_pui8CDCSerCommInterface
003f4335    fd0c (003f4300)     _g_pui8ProdectString

003f4372    fd0d (003f4340)     _g_pui8CDCSerDataInterface

003f4389    fd0e (003f4380)     _g_pui8SerialNumberString
003f43ac    fd0e (003f4380)     _g_pui8StringDescriptors
003f43b8    fd0e (003f4380)     _g_sUSBHubClassDriver

003f43c0    fd0f (003f43c0)     _g_pui8LangDescriptor
003f43c4    fd0f (003f43c0)     _g_pCDCCompSerConfigDescriptors
003f43c6    fd0f (003f43c0)     _g_ppCDCSerConfigDescriptors

003f7ff8    fdff (003f7fc0)     _CsmPwl


GLOBAL SYMBOLS: SORTED ALPHABETICALLY BY Name 

page  address   name                                  
----  -------   ----                                  
abs   ffffffff  .text                                 
0     003ed322  C$$EXIT                               
0     003ece69  FD$$ADD                               
0     003ed0c0  FD$$DIV                               
0     003ed1d3  FD$$MPY                               
0     003ed374  FD$$SUB                               
0     003ed2ee  FD$$TOUL                              
0     003ed33b  UL$$TOFD                              
0     003f7da9  _ADCINT1_ISR                          
0     003f7d9f  _ADCINT2_ISR                          
0     003f7d95  _ADCINT3_ISR                          
0     003f7d8b  _ADCINT4_ISR                          
0     003f7d81  _ADCINT5_ISR                          
0     003f7d77  _ADCINT6_ISR                          
0     003f7d6d  _ADCINT7_ISR                          
0     003f7d63  _ADCINT8_ISR                          
0     003f7d59  _ADCINT9_ISR                          
1     00007100  _AdcRegs                              
1     00000b00  _AdcResult                            
0     003f7d4f  _CLA1_INT1_ISR                        
0     003f7d45  _CLA1_INT2_ISR                        
0     003f7d3b  _CLA1_INT3_ISR                        
0     003f7d31  _CLA1_INT4_ISR                        
0     003f7d27  _CLA1_INT5_ISR                        
0     003f7d1d  _CLA1_INT6_ISR                        
0     003f7d13  _CLA1_INT7_ISR                        
0     003f7d09  _CLA1_INT8_ISR                        
1     00001400  _Cla1Regs                             
1     00006400  _Comp1Regs                            
1     00006420  _Comp2Regs                            
1     00006440  _Comp3Regs                            
0     003f44de  _ConfigDescAlloc                      
0     003f452c  _ConfigDescFree                       
0     003f75f6  _ControlHandler                       
1     00000c00  _CpuTimer0Regs                        
1     00000c08  _CpuTimer1Regs                        
1     00000c10  _CpuTimer2Regs                        
1     003f7ff8  _CsmPwl                               
1     00000ae0  _CsmRegs                              
0     003f7cff  _DATALOG_ISR                          
0     003f7cf5  _DINTCH1_ISR                          
0     003f7ceb  _DINTCH2_ISR                          
0     003f7ce1  _DINTCH3_ISR                          
0     003f7cd7  _DINTCH4_ISR                          
0     003f7ccd  _DINTCH5_ISR                          
0     003f7cc3  _DINTCH6_ISR                          
0     00008000  _DSP28x_usDelay                       
1     00000880  _DevEmuRegs                           
1     00001000  _DmaRegs                              
0     003f7cb9  _ECAN0INTA_ISR                        
0     003f7caf  _ECAN1INTA_ISR                        
0     003f7ca5  _ECAP1_INT_ISR                        
0     003f7c9b  _ECAP2_INT_ISR                        
0     003f7c91  _ECAP3_INT_ISR                        
1     00006040  _ECanaLAMRegs                         
1     000060c0  _ECanaMOTORegs                        
1     00006080  _ECanaMOTSRegs                        
1     00006100  _ECanaMboxes                          
1     00006000  _ECanaRegs                            
1     00006a00  _ECap1Regs                            
1     00006a20  _ECap2Regs                            
1     00006a40  _ECap3Regs                            
0     003f7c84  _EMPTY_ISR                            
0     003f7c7a  _EMUINT_ISR                           
0     003f7c70  _EPWM1_INT_ISR                        
0     003f7c66  _EPWM1_TZINT_ISR                      
0     003f7c5c  _EPWM2_INT_ISR                        
0     003f7c52  _EPWM2_TZINT_ISR                      
0     003f7c48  _EPWM3_INT_ISR                        
0     003f7c3e  _EPWM3_TZINT_ISR                      
0     003f7c34  _EPWM4_INT_ISR                        
0     003f7c2a  _EPWM4_TZINT_ISR                      
0     003f7c20  _EPWM5_INT_ISR                        
0     003f7c16  _EPWM5_TZINT_ISR                      
0     003f7c0c  _EPWM6_INT_ISR                        
0     003f7c02  _EPWM6_TZINT_ISR                      
0     003f7bf8  _EPWM7_INT_ISR                        
0     003f7bee  _EPWM7_TZINT_ISR                      
0     003f7be4  _EPWM8_INT_ISR                        
0     003f7bda  _EPWM8_TZINT_ISR                      
1     00006800  _EPwm1Regs                            
1     00006840  _EPwm2Regs                            
1     00006880  _EPwm3Regs                            
1     000068c0  _EPwm4Regs                            
1     00006900  _EPwm5Regs                            
1     00006940  _EPwm6Regs                            
1     00006980  _EPwm7Regs                            
1     000069c0  _EPwm8Regs                            
0     003f7bd0  _EQEP1_INT_ISR                        
0     003f7bc6  _EQEP2_INT_ISR                        
1     00006b00  _EQep1Regs                            
1     00006b40  _EQep2Regs                            
1     00000d01  _EmuBMode                             
1     00000d00  _EmuKey                               
0     003f7f6f  _EnableInterrupts                     
1     00000a80  _FlashRegs                            
1     00000d04  _Flash_CPUScaleFactor                 
1     00000d02  _Flash_CallbackPtr                    
1     00006f80  _GpioCtrlRegs                         
1     00006fc0  _GpioDataRegs                         
1     00006fe0  _GpioIntRegs                          
0     003f7bbc  _HRCAP1_INT_ISR                       
0     003f7bb2  _HRCAP2_INT_ISR                       
0     003f7ba8  _HRCAP3_INT_ISR                       
0     003f7b9e  _HRCAP4_INT_ISR                       
1     00006ac0  _HRCap1Regs                           
1     00006ae0  _HRCap2Regs                           
1     00006c80  _HRCap3Regs                           
1     00006ca0  _HRCap4Regs                           
0     003f7163  _HexConstant                          
0     003f7b94  _I2CINT1A_ISR                         
0     003f7b8a  _I2CINT2A_ISR                         
1     00007900  _I2caRegs                             
0     003f7b80  _ILLEGAL_ISR                          
0     003f7b76  _INT13_ISR                            
0     003f7b6c  _INT14_ISR                            
0     003f7f50  _InitPieCtrl                          
0     003ed363  _InitPieVectTable                     
0     003ed382  _IntDefaultHandler                    
0     003f7e20  _IntDisable                           
0     003f7df9  _IntEnable                            
0     003f7db7  _IntMasterDisable                     
0     003f7db3  _IntMasterEnable                      
0     003f7dbb  _IntRegister                          
0     003f7dd9  _IntUnregister                        
0     003f55e0  _InternalUSBHCDSendEvent              
0     003ed176  _InternalUSBRegisterTickHandler       
0     003ed1a6  _InternalUSBStartOfFrameTick          
0     003ed14b  _InternalUSBTickInit                  
0     003ed172  _InternalUSBTickReset                 
0     003f7f05  _Interrupt_disable                    
0     003f7ebb  _Interrupt_enable                     
0     003f7b62  _LUF_ISR                              
0     003f7b58  _LVF_ISR                              
0     003f7b4e  _MRINTA_ISR                           
0     003f7b44  _MXINTA_ISR                           
1     00005000  _McbspaRegs                           
0     003f7b3a  _NMI_ISR                              
1     00007060  _NmiIntruptRegs                       
0     003ec6f1  _OTGDeviceDisconnect                  
0     003f7164  _OctalAND                             
0     003f716b  _OctalShiftLeft                       
0     003f7169  _OctalShiftRight                      
0     003f7b30  _PIE_RESERVED                         
1     003d7e80  _PartIdRegs                           
1     00000ce0  _PieCtrlRegs                          
1     00000d00  _PieVectTable                         
0     003f4102  _PieVectTableInit                     
0     003f644a  _ProcessDataFromHost                  
0     003f64d7  _ProcessDataToHost                    
0     003f64a8  _ProcessNotificationToHost            
0     003f7b26  _RTOSINT_ISR                          
0     003e8004  _RamfuncsLoadEnd                      
abs   00000004  _RamfuncsLoadSize                     
0     003e8000  _RamfuncsLoadStart                    
0     00008000  _RamfuncsRunStart                     
0     003f716e  _ReadInput                            
0     003f74dd  _RxHandler                            
0     003f7b1c  _SCIRXINTA_ISR                        
0     003f7b12  _SCIRXINTB_ISR                        
0     003f7b08  _SCITXINTA_ISR                        
0     003f7afe  _SCITXINTB_ISR                        
0     003f7af4  _SPIRXINTA_ISR                        
0     003f7aea  _SPIRXINTB_ISR                        
0     003f7ae0  _SPITXINTA_ISR                        
0     003f7ad6  _SPITXINTB_ISR                        
1     00007050  _SciaRegs                             
1     00007750  _ScibRegs                             
0     003f7198  _SetOutput                            
1     00007040  _SpiaRegs                             
1     00007740  _SpibRegs                             
0     003ecf9b  _SysCtlClockGet                       
0     003ecf8f  _SysCtlDelay                          
0     003ecf57  _SysCtlPeripheralDisable              
0     003ecf1f  _SysCtlPeripheralEnable               
0     003ecf1d  _SysCtlPeripheralPresent              
0     003ecf1c  _SysCtlPeripheralReset                
0     003ecf17  _SysCtlUSBPLLDisable                  
0     003ecf05  _SysCtlUSBPLLEnable                   
0     003f7126  _SysCtrlInit                          
1     00007010  _SysCtrlRegs                          
1     00000985  _SysPwrCtrlRegs                       
0     003f7acc  _TINT0_ISR                            
0     003f74db  _TxHandler                            
0     003ec14e  _UARTBusy                             
0     003ec115  _UARTCharGet                          
0     003ec104  _UARTCharGetNonBlocking               
0     003ec13e  _UARTCharPut                          
0     003ec12b  _UARTCharPutNonBlocking               
0     003ec0ea  _UARTCharsAvail                       
0     003ec07a  _UARTConfigGetExpClk                  
0     003ec043  _UARTConfigSetExpClk                  
0     003ec0a8  _UARTDisable                          
0     003ec09e  _UARTEnable                           
0     003ec0c7  _UARTFIFODisable                      
0     003ec0be  _UARTFIFOEnable                       
0     003ec02d  _UARTFIFOLevelGet                     
0     003ec013  _UARTFIFOLevelSet                     
0     003ec246  _UARTIntClear                         
0     003ec1e0  _UARTIntDisable                       
0     003ec1af  _UARTIntEnable                        
0     003ec216  _UARTIntStatus                        
0     003ec00a  _UARTParityModeGet                    
0     003ec000  _UARTParityModeSet                    
0     003ec15b  _UARTRXIntRegister                    
0     003ec187  _UARTRXIntUnregister                  
0     003ec279  _UARTRxErrorClear                     
0     003ec273  _UARTRxErrorGet                       
0     003ec0f7  _UARTSpaceAvail                       
0     003ec171  _UARTTXIntRegister                    
0     003ec19b  _UARTTXIntUnregister                  
0     003ec0e0  _UARTTxIntModeGet                     
0     003ec0d0  _UARTTxIntModeSet                     
0     003ed351  _USB0DeviceIntHandler                 
0     003ec544  _USB0DualModeIntHandler               
0     003f5565  _USB0HostIntHandler                   
0     003ec672  _USB0OTGModeIntHandler                
0     003f7ac2  _USB0_INT_ISR                         
0     003ec456  _USBBufferCallbackDataSet             
0     003ec4a8  _USBBufferDataAvailable               
0     003ec446  _USBBufferDataRemoved                 
0     003ec433  _USBBufferDataWritten                 
0     003ec4c0  _USBBufferEventCallback               
0     003ec47f  _USBBufferFlush                       
0     003ec425  _USBBufferInfoGet                     
0     003ec3f4  _USBBufferInit                        
0     003ec48b  _USBBufferRead                        
0     003ec4b4  _USBBufferSpaceAvailable              
0     003ec460  _USBBufferWrite                       
0     003ec40e  _USBBufferZeroLengthPacketInsert      
0     003f6809  _USBDCDCCompositeInit                 
0     003f68a1  _USBDCDCInit                          
0     003f6977  _USBDCDCPacketRead                    
0     003f6931  _USBDCDCPacketWrite                   
0     003f6a48  _USBDCDCPowerStatusSet                
0     003f6a51  _USBDCDCRemoteWakeupRequest           
0     003f69ef  _USBDCDCRxPacketAvailable             
0     003f6a1a  _USBDCDCSerialStateChange             
0     003f6901  _USBDCDCSetControlCBData              
0     003f690d  _USBDCDCSetRxCBData                   
0     003f691f  _USBDCDCSetTxCBData                   
0     003f68f4  _USBDCDCTerm                          
0     003f69df  _USBDCDCTxPacketAvailable             
0     003eca00  _USBDCDConfigDescGet                  
0     003ec9da  _USBDCDConfigDescGetNum               
0     003ec9c0  _USBDCDConfigDescGetSize              
0     003eca6b  _USBDCDConfigGetInterface             
0     003eca84  _USBDCDConfigGetInterfaceEndpoint     
0     003eca46  _USBDCDConfigGetNumAlternateInterfaces
0     003f5ad3  _USBDCDDeviceInfoInit                 
0     003f5ae3  _USBDCDInit                           
0     003f5bca  _USBDCDPowerStatusSet                 
0     003f5bd7  _USBDCDRemoteWakeupRequest            
0     003f5b94  _USBDCDRequestDataEP0                 
0     003f5ba2  _USBDCDSendDataEP0                    
0     003f5bb1  _USBDCDSetDefaultConfiguration        
0     003f5bb9  _USBDCDStallEP0                       
0     003f5b61  _USBDCDTerm                           
0     003ed266  _USBDelay                             
0     003ecd07  _USBDescGet                           
0     003ecd84  _USBDescGetInterface                  
0     003ecd9e  _USBDescGetInterfaceEndpoint          
0     003eccdf  _USBDescGetNum                        
0     003ecd34  _USBDescGetNumAlternateInterfaces     
0     003f7121  _USBDevAddrGet                        
0     003f711d  _USBDevAddrSet                        
0     003f7117  _USBDevConnect                        
0     003f7110  _USBDevDisconnect                     
0     003f70ca  _USBDevEndpointConfigGet              
0     003f7064  _USBDevEndpointConfigSet              
0     003f704a  _USBDevEndpointDataAck                
0     003f7028  _USBDevEndpointStall                  
0     003f7001  _USBDevEndpointStallClear             
0     003f6fc2  _USBDevEndpointStatusClear            
0     003f6fbc  _USBDevMode                           
0     003ec7a9  _USBDeviceConfig                      
0     003ec8f2  _USBDeviceConfigAlternate             
0     003f5c5b  _USBDeviceEnumHandler                 
0     003f5d1c  _USBDeviceEnumResetHandler            
0     003f6290  _USBDeviceIntHandlerInternal          
0     003f5bed  _USBDeviceResumeTickHandler           
0     003ec57f  _USBDualModeInit                      
0     003ec5c3  _USBDualModeTerm                      
0     003f6f97  _USBEndpointDMAChannel                
0     003f6f7f  _USBEndpointDMADisable                
0     003f6f69  _USBEndpointDMAEnable                 
0     003f6f51  _USBEndpointDataAvail                 
0     003f6f1e  _USBEndpointDataGet                   
0     003f6ef8  _USBEndpointDataPut                   
0     003f6ecb  _USBEndpointDataSend                  
0     003f6eb5  _USBEndpointDataToggleClear           
0     003f6ea9  _USBEndpointPacketCountSet            
0     003f6e91  _USBEndpointStatus                    
0     003f6e8a  _USBFIFOAddrGet                       
0     003f6e57  _USBFIFOConfigGet                     
0     003f6e01  _USBFIFOConfigSet                     
0     003f6db6  _USBFIFOFlush                         
0     003f6db2  _USBFrameNumberGet                    
0     003ed25e  _USBGPIODisable                       
0     003ed256  _USBGPIOEnable                        
0     003f5852  _USBHCDControlTransfer                
0     003f5a50  _USBHCDDevAddress                     
0     003f5a64  _USBHCDDevClass                       
0     003f5a3c  _USBHCDDevHubPort                     
0     003f5aae  _USBHCDDevProtocol                    
0     003f5a89  _USBHCDDevSubClass                    
0     003f45b2  _USBHCDEventDisable                   
0     003f459d  _USBHCDEventEnable                    
0     003f58e4  _USBHCDHubDeviceConnected             
0     003f593c  _USBHCDHubDeviceDisconnected          
0     003f4eb9  _USBHCDInit                           
0     003f568d  _USBHCDMain                           
0     003f487b  _USBHCDPipeAlloc                      
0     003f4687  _USBHCDPipeAllocSize                  
0     003f488a  _USBHCDPipeConfig                     
0     003f4b33  _USBHCDPipeDataAck                    
0     003f4c68  _USBHCDPipeFree                       
0     003f4b50  _USBHCDPipeRead                       
0     003f4b08  _USBHCDPipeReadNonBlocking            
0     003f4a61  _USBHCDPipeSchedule                   
0     003f495a  _USBHCDPipeStatus                     
0     003f495f  _USBHCDPipeWrite                      
0     003f4eae  _USBHCDPowerAutomatic                 
0     003f4e7d  _USBHCDPowerConfigGet                 
0     003f4e75  _USBHCDPowerConfigInit                
0     003f4e84  _USBHCDPowerConfigSet                 
0     003f4f0b  _USBHCDRegisterDrivers                
0     003f4f78  _USBHCDReset                          
0     003f4fa7  _USBHCDResume                         
0     003f5067  _USBHCDSetAddress                     
0     003f5110  _USBHCDSetConfig                      
0     003f5134  _USBHCDSetInterface                   
0     003f4f9e  _USBHCDSuspend                        
0     003f4f16  _USBHCDTerm                           
0     003f7a04  _USBHHubClose                         
0     003f79d4  _USBHHubEnumerationComplete           
0     003f79e5  _USBHHubEnumerationError              
0     003f7a0d  _USBHHubInit                          
0     003f78e7  _USBHHubMain                          
0     003f79f6  _USBHHubOpen                          
0     003f6d9d  _USBHostAddrGet                       
0     003f6d86  _USBHostAddrSet                       
0     003f5160  _USBHostCheckPipes                    
0     003f6cec  _USBHostEndpointConfig                
0     003f6cda  _USBHostEndpointDataAck               
0     003f6ca8  _USBHostEndpointDataToggle            
0     003f6c84  _USBHostEndpointStatusClear           
0     003f6c6f  _USBHostHubAddrGet                    
0     003f6c4b  _USBHostHubAddrSet                    
0     003f51ec  _USBHostIntHandlerInternal            
0     003f6c45  _USBHostMode                          
0     003f6c2e  _USBHostPwrConfig                     
0     003f6c28  _USBHostPwrDisable                    
0     003f6c22  _USBHostPwrEnable                     
0     003f6c1c  _USBHostPwrFaultDisable               
0     003f6c16  _USBHostPwrFaultEnable                
0     003f6c07  _USBHostRequestIN                     
0     003f6bf6  _USBHostRequestINClear                
0     003f6bf0  _USBHostRequestStatus                 
0     003f6be2  _USBHostReset                         
0     003f6bd4  _USBHostResume                        
0     003f6bc5  _USBHostSpeedGet                      
0     003f6bbf  _USBHostSuspend                       
0     003f6b85  _USBIntDisable                        
0     003f6b64  _USBIntDisableControl                 
0     003f6b59  _USBIntDisableEndpoint                
0     003f6b26  _USBIntEnable                         
0     003f6b08  _USBIntEnableControl                  
0     003f6aff  _USBIntEnableEndpoint                 
0     003f6af8  _USBIntRegister                       
0     003f6aba  _USBIntStatus                         
0     003f6a98  _USBIntStatusControl                  
0     003f6a89  _USBIntStatusEndpoint                 
0     003f6a82  _USBIntUnregister                     
0     003ecc84  _USBLibDMAInit                        
0     003f6a7b  _USBModeGet                           
0     003f6a79  _USBNumEndpointsGet                   
0     003ec6ff  _USBOTGMain                           
0     003f6a73  _USBOTGMode                           
0     003ec5fa  _USBOTGModeInit                       
0     003ec5dd  _USBOTGModeTerm                       
0     003ec66a  _USBOTGPollRate                       
0     003f6a65  _USBOTGSessionRequest                 
0     003f6a5f  _USBPHYPowerOff                       
0     003f6a58  _USBPHYPowerOn                        
0     003ecb8e  _USBRingBufAdvanceRead                
0     003ecba5  _USBRingBufAdvanceWrite               
0     003ecb40  _USBRingBufContigFree                 
0     003ecb30  _USBRingBufContigUsed                 
0     003ecaef  _USBRingBufEmpty                      
0     003ecb01  _USBRingBufFlush                      
0     003ecb25  _USBRingBufFree                       
0     003ecad6  _USBRingBufFull                       
0     003ecbfa  _USBRingBufInit                       
0     003ecb73  _USBRingBufRead                       
0     003ecb60  _USBRingBufReadOne                    
0     003ecb5b  _USBRingBufSize                       
0     003ecb14  _USBRingBufUsed                       
0     003ecbe0  _USBRingBufWrite                      
0     003ecbcc  _USBRingBufWriteOne                   
0     003ec52e  _USBStackModeSet                      
0     003ed077  _USBUARTRXIntHandler                  
0     003ed030  _USBUARTTXIntHandler                  
0     003f7ab8  _USER10_ISR                           
0     003f7aae  _USER11_ISR                           
0     003f7aa4  _USER12_ISR                           
0     003f7a9a  _USER1_ISR                            
0     003f7a90  _USER2_ISR                            
0     003f7a86  _USER3_ISR                            
0     003f7a7c  _USER4_ISR                            
0     003f7a72  _USER5_ISR                            
0     003f7a68  _USER6_ISR                            
0     003f7a5e  _USER7_ISR                            
0     003f7a54  _USER8_ISR                            
0     003f7a4a  _USER9_ISR                            
1     00004000  _Usb0Regs                             
0     003f7a40  _WAKEINT_ISR                          
0     003f7a36  _XINT1_ISR                            
0     003f7a2c  _XINT2_ISR                            
0     003f7a22  _XINT3_ISR                            
1     00007070  _XIntruptRegs                         
1     00000350  __STACK_END                           
abs   00000300  __STACK_SIZE                          
1     00009b34  ___TI_cleanup_ptr                     
1     00009b36  ___TI_dtors_ptr                       
abs   ffffffff  ___binit__                            
abs   ffffffff  ___c_args__                           
0     003f43c8  ___cinit__                            
abs   ffffffff  ___etext__                            
abs   ffffffff  ___pinit__                            
abs   ffffffff  ___text__                             
0     003ed309  __args_main                           
0     003f4000  __ctypes_                             
1     00009b38  __lock                                
0     003ed3a1  __nop                                 
0     003ed39d  __register_lock                       
0     003ed399  __register_unlock                     
1     00000050  __stack                               
1     00009b3a  __unlock                              
0     003ed322  _abort                                
0     003ed2a8  _c_int00                              
1     000097ff  _errno                                
0     003ed324  _exit                                 
0     003ecfa0  _f28x_USB0DeviceIntHandler            
0     003ed000  _f28x_USB0DualModeIntHandler          
0     003ecfd0  _f28x_USB0HostIntHandler              
1     00009b0c  _g_bUSBTimerInitialized               
1     00009b2c  _g_eOTGModeState                      
1     00009b2b  _g_iUSBMode                           
0     003f43c4  _g_pCDCCompSerConfigDescriptors       
1     00009b12  _g_pfnTickHandlers                    
1     00009880  _g_pi8USBRxBuffer                     
1     00009980  _g_pi8USBTxBuffer                     
0     003f43c6  _g_ppCDCSerConfigDescriptors          
1     00009b40  _g_ppsDevInfo                         
1     000097d4  _g_psCDCCompSerSections               
1     000097ce  _g_psCDCSerSections                   
1     00009b44  _g_psDCDInst                          
0     003f4312  _g_pui8CDCSerCommInterface            
0     003f4372  _g_pui8CDCSerDataInterface            
1     000097e4  _g_pui8CDCSerDescriptor               
1     000097ed  _g_pui8CDCSerDeviceDescriptor         
0     003f4202  _g_pui8ConfigString                   
0     003f429e  _g_pui8ControlInterfaceString         
1     000097dc  _g_pui8IADSerDescriptor               
0     003f43c0  _g_pui8LangDescriptor                 
0     003f42ca  _g_pui8ManufacturerString             
0     003f4335  _g_pui8ProdectString                  
1     00009818  _g_pui8RxBufferWorkspace              
0     003f4389  _g_pui8SerialNumberString             
0     003f43ac  _g_pui8StringDescriptors              
1     00009800  _g_pui8TxBufferWorkspace              
1     00009b1e  _g_pvTickInstance                     
0     003f4276  _g_sCDCCompSerConfigHeader            
1     00009840  _g_sCDCDevice                         
0     003f4286  _g_sCDCHandlers                       
0     003f4272  _g_sCDCSerCommInterfaceSection        
0     003f427a  _g_sCDCSerConfigHeader                
0     003f4282  _g_sCDCSerConfigSection               
0     003f426e  _g_sCDCSerDataInterfaceSection        
0     003f427e  _g_sIADSerConfigSection               
0     003f4300  _g_sRxBuffer                          
0     003f42ee  _g_sTxBuffer                          
0     003f43b8  _g_sUSBHubClassDriver                 
1     00009b0e  _g_ui32CurrentUSBTick                 
1     00009b30  _g_ui32PollRate                       
1     00009b10  _g_ui32USBSOFCount                    
1     00009b32  _g_ui32WaitTicks                      
0     003f71ee  _main                                 
1     00009001  _program_compiled                     
1     00009000  _program_recieved                     
0     003f7a18  _rsvd_ISR                             
0     003ed38f  _strcmp                               
0     003ecdb1  _strtoul                              
abs   ffffffff  binit                                 
0     003f43c8  cinit                                 
0     003f7ff6  code_start                            
abs   ffffffff  etext                                 
abs   ffffffff  pinit                                 


GLOBAL SYMBOLS: SORTED BY Symbol Address 

page  address   name                                  
----  -------   ----                                  
0     00008000  _DSP28x_usDelay                       
0     00008000  _RamfuncsRunStart                     
0     003e8000  _RamfuncsLoadStart                    
0     003e8004  _RamfuncsLoadEnd                      
0     003ec000  _UARTParityModeSet                    
0     003ec00a  _UARTParityModeGet                    
0     003ec013  _UARTFIFOLevelSet                     
0     003ec02d  _UARTFIFOLevelGet                     
0     003ec043  _UARTConfigSetExpClk                  
0     003ec07a  _UARTConfigGetExpClk                  
0     003ec09e  _UARTEnable                           
0     003ec0a8  _UARTDisable                          
0     003ec0be  _UARTFIFOEnable                       
0     003ec0c7  _UARTFIFODisable                      
0     003ec0d0  _UARTTxIntModeSet                     
0     003ec0e0  _UARTTxIntModeGet                     
0     003ec0ea  _UARTCharsAvail                       
0     003ec0f7  _UARTSpaceAvail                       
0     003ec104  _UARTCharGetNonBlocking               
0     003ec115  _UARTCharGet                          
0     003ec12b  _UARTCharPutNonBlocking               
0     003ec13e  _UARTCharPut                          
0     003ec14e  _UARTBusy                             
0     003ec15b  _UARTRXIntRegister                    
0     003ec171  _UARTTXIntRegister                    
0     003ec187  _UARTRXIntUnregister                  
0     003ec19b  _UARTTXIntUnregister                  
0     003ec1af  _UARTIntEnable                        
0     003ec1e0  _UARTIntDisable                       
0     003ec216  _UARTIntStatus                        
0     003ec246  _UARTIntClear                         
0     003ec273  _UARTRxErrorGet                       
0     003ec279  _UARTRxErrorClear                     
0     003ec3f4  _USBBufferInit                        
0     003ec40e  _USBBufferZeroLengthPacketInsert      
0     003ec425  _USBBufferInfoGet                     
0     003ec433  _USBBufferDataWritten                 
0     003ec446  _USBBufferDataRemoved                 
0     003ec456  _USBBufferCallbackDataSet             
0     003ec460  _USBBufferWrite                       
0     003ec47f  _USBBufferFlush                       
0     003ec48b  _USBBufferRead                        
0     003ec4a8  _USBBufferDataAvailable               
0     003ec4b4  _USBBufferSpaceAvailable              
0     003ec4c0  _USBBufferEventCallback               
0     003ec52e  _USBStackModeSet                      
0     003ec544  _USB0DualModeIntHandler               
0     003ec57f  _USBDualModeInit                      
0     003ec5c3  _USBDualModeTerm                      
0     003ec5dd  _USBOTGModeTerm                       
0     003ec5fa  _USBOTGModeInit                       
0     003ec66a  _USBOTGPollRate                       
0     003ec672  _USB0OTGModeIntHandler                
0     003ec6f1  _OTGDeviceDisconnect                  
0     003ec6ff  _USBOTGMain                           
0     003ec7a9  _USBDeviceConfig                      
0     003ec8f2  _USBDeviceConfigAlternate             
0     003ec9c0  _USBDCDConfigDescGetSize              
0     003ec9da  _USBDCDConfigDescGetNum               
0     003eca00  _USBDCDConfigDescGet                  
0     003eca46  _USBDCDConfigGetNumAlternateInterfaces
0     003eca6b  _USBDCDConfigGetInterface             
0     003eca84  _USBDCDConfigGetInterfaceEndpoint     
0     003ecad6  _USBRingBufFull                       
0     003ecaef  _USBRingBufEmpty                      
0     003ecb01  _USBRingBufFlush                      
0     003ecb14  _USBRingBufUsed                       
0     003ecb25  _USBRingBufFree                       
0     003ecb30  _USBRingBufContigUsed                 
0     003ecb40  _USBRingBufContigFree                 
0     003ecb5b  _USBRingBufSize                       
0     003ecb60  _USBRingBufReadOne                    
0     003ecb73  _USBRingBufRead                       
0     003ecb8e  _USBRingBufAdvanceRead                
0     003ecba5  _USBRingBufAdvanceWrite               
0     003ecbcc  _USBRingBufWriteOne                   
0     003ecbe0  _USBRingBufWrite                      
0     003ecbfa  _USBRingBufInit                       
0     003ecc84  _USBLibDMAInit                        
0     003eccdf  _USBDescGetNum                        
0     003ecd07  _USBDescGet                           
0     003ecd34  _USBDescGetNumAlternateInterfaces     
0     003ecd84  _USBDescGetInterface                  
0     003ecd9e  _USBDescGetInterfaceEndpoint          
0     003ecdb1  _strtoul                              
0     003ece69  FD$$ADD                               
0     003ecf05  _SysCtlUSBPLLEnable                   
0     003ecf17  _SysCtlUSBPLLDisable                  
0     003ecf1c  _SysCtlPeripheralReset                
0     003ecf1d  _SysCtlPeripheralPresent              
0     003ecf1f  _SysCtlPeripheralEnable               
0     003ecf57  _SysCtlPeripheralDisable              
0     003ecf8f  _SysCtlDelay                          
0     003ecf9b  _SysCtlClockGet                       
0     003ecfa0  _f28x_USB0DeviceIntHandler            
0     003ecfd0  _f28x_USB0HostIntHandler              
0     003ed000  _f28x_USB0DualModeIntHandler          
0     003ed030  _USBUARTTXIntHandler                  
0     003ed077  _USBUARTRXIntHandler                  
0     003ed0c0  FD$$DIV                               
0     003ed14b  _InternalUSBTickInit                  
0     003ed172  _InternalUSBTickReset                 
0     003ed176  _InternalUSBRegisterTickHandler       
0     003ed1a6  _InternalUSBStartOfFrameTick          
0     003ed1d3  FD$$MPY                               
0     003ed256  _USBGPIOEnable                        
0     003ed25e  _USBGPIODisable                       
0     003ed266  _USBDelay                             
0     003ed2a8  _c_int00                              
0     003ed2ee  FD$$TOUL                              
0     003ed309  __args_main                           
0     003ed322  C$$EXIT                               
0     003ed322  _abort                                
0     003ed324  _exit                                 
0     003ed33b  UL$$TOFD                              
0     003ed351  _USB0DeviceIntHandler                 
0     003ed363  _InitPieVectTable                     
0     003ed374  FD$$SUB                               
0     003ed382  _IntDefaultHandler                    
0     003ed38f  _strcmp                               
0     003ed399  __register_unlock                     
0     003ed39d  __register_lock                       
0     003ed3a1  __nop                                 
0     003f4000  __ctypes_                             
0     003f4102  _PieVectTableInit                     
0     003f4202  _g_pui8ConfigString                   
0     003f426e  _g_sCDCSerDataInterfaceSection        
0     003f4272  _g_sCDCSerCommInterfaceSection        
0     003f4276  _g_sCDCCompSerConfigHeader            
0     003f427a  _g_sCDCSerConfigHeader                
0     003f427e  _g_sIADSerConfigSection               
0     003f4282  _g_sCDCSerConfigSection               
0     003f4286  _g_sCDCHandlers                       
0     003f429e  _g_pui8ControlInterfaceString         
0     003f42ca  _g_pui8ManufacturerString             
0     003f42ee  _g_sTxBuffer                          
0     003f4300  _g_sRxBuffer                          
0     003f4312  _g_pui8CDCSerCommInterface            
0     003f4335  _g_pui8ProdectString                  
0     003f4372  _g_pui8CDCSerDataInterface            
0     003f4389  _g_pui8SerialNumberString             
0     003f43ac  _g_pui8StringDescriptors              
0     003f43b8  _g_sUSBHubClassDriver                 
0     003f43c0  _g_pui8LangDescriptor                 
0     003f43c4  _g_pCDCCompSerConfigDescriptors       
0     003f43c6  _g_ppCDCSerConfigDescriptors          
0     003f43c8  ___cinit__                            
0     003f43c8  cinit                                 
0     003f44de  _ConfigDescAlloc                      
0     003f452c  _ConfigDescFree                       
0     003f459d  _USBHCDEventEnable                    
0     003f45b2  _USBHCDEventDisable                   
0     003f4687  _USBHCDPipeAllocSize                  
0     003f487b  _USBHCDPipeAlloc                      
0     003f488a  _USBHCDPipeConfig                     
0     003f495a  _USBHCDPipeStatus                     
0     003f495f  _USBHCDPipeWrite                      
0     003f4a61  _USBHCDPipeSchedule                   
0     003f4b08  _USBHCDPipeReadNonBlocking            
0     003f4b33  _USBHCDPipeDataAck                    
0     003f4b50  _USBHCDPipeRead                       
0     003f4c68  _USBHCDPipeFree                       
0     003f4e75  _USBHCDPowerConfigInit                
0     003f4e7d  _USBHCDPowerConfigGet                 
0     003f4e84  _USBHCDPowerConfigSet                 
0     003f4eae  _USBHCDPowerAutomatic                 
0     003f4eb9  _USBHCDInit                           
0     003f4f0b  _USBHCDRegisterDrivers                
0     003f4f16  _USBHCDTerm                           
0     003f4f78  _USBHCDReset                          
0     003f4f9e  _USBHCDSuspend                        
0     003f4fa7  _USBHCDResume                         
0     003f5067  _USBHCDSetAddress                     
0     003f5110  _USBHCDSetConfig                      
0     003f5134  _USBHCDSetInterface                   
0     003f5160  _USBHostCheckPipes                    
0     003f51ec  _USBHostIntHandlerInternal            
0     003f5565  _USB0HostIntHandler                   
0     003f55e0  _InternalUSBHCDSendEvent              
0     003f568d  _USBHCDMain                           
0     003f5852  _USBHCDControlTransfer                
0     003f58e4  _USBHCDHubDeviceConnected             
0     003f593c  _USBHCDHubDeviceDisconnected          
0     003f5a3c  _USBHCDDevHubPort                     
0     003f5a50  _USBHCDDevAddress                     
0     003f5a64  _USBHCDDevClass                       
0     003f5a89  _USBHCDDevSubClass                    
0     003f5aae  _USBHCDDevProtocol                    
0     003f5ad3  _USBDCDDeviceInfoInit                 
0     003f5ae3  _USBDCDInit                           
0     003f5b61  _USBDCDTerm                           
0     003f5b94  _USBDCDRequestDataEP0                 
0     003f5ba2  _USBDCDSendDataEP0                    
0     003f5bb1  _USBDCDSetDefaultConfiguration        
0     003f5bb9  _USBDCDStallEP0                       
0     003f5bca  _USBDCDPowerStatusSet                 
0     003f5bd7  _USBDCDRemoteWakeupRequest            
0     003f5bed  _USBDeviceResumeTickHandler           
0     003f5c5b  _USBDeviceEnumHandler                 
0     003f5d1c  _USBDeviceEnumResetHandler            
0     003f6290  _USBDeviceIntHandlerInternal          
0     003f644a  _ProcessDataFromHost                  
0     003f64a8  _ProcessNotificationToHost            
0     003f64d7  _ProcessDataToHost                    
0     003f6809  _USBDCDCCompositeInit                 
0     003f68a1  _USBDCDCInit                          
0     003f68f4  _USBDCDCTerm                          
0     003f6901  _USBDCDCSetControlCBData              
0     003f690d  _USBDCDCSetRxCBData                   
0     003f691f  _USBDCDCSetTxCBData                   
0     003f6931  _USBDCDCPacketWrite                   
0     003f6977  _USBDCDCPacketRead                    
0     003f69df  _USBDCDCTxPacketAvailable             
0     003f69ef  _USBDCDCRxPacketAvailable             
0     003f6a1a  _USBDCDCSerialStateChange             
0     003f6a48  _USBDCDCPowerStatusSet                
0     003f6a51  _USBDCDCRemoteWakeupRequest           
0     003f6a58  _USBPHYPowerOn                        
0     003f6a5f  _USBPHYPowerOff                       
0     003f6a65  _USBOTGSessionRequest                 
0     003f6a73  _USBOTGMode                           
0     003f6a79  _USBNumEndpointsGet                   
0     003f6a7b  _USBModeGet                           
0     003f6a82  _USBIntUnregister                     
0     003f6a89  _USBIntStatusEndpoint                 
0     003f6a98  _USBIntStatusControl                  
0     003f6aba  _USBIntStatus                         
0     003f6af8  _USBIntRegister                       
0     003f6aff  _USBIntEnableEndpoint                 
0     003f6b08  _USBIntEnableControl                  
0     003f6b26  _USBIntEnable                         
0     003f6b59  _USBIntDisableEndpoint                
0     003f6b64  _USBIntDisableControl                 
0     003f6b85  _USBIntDisable                        
0     003f6bbf  _USBHostSuspend                       
0     003f6bc5  _USBHostSpeedGet                      
0     003f6bd4  _USBHostResume                        
0     003f6be2  _USBHostReset                         
0     003f6bf0  _USBHostRequestStatus                 
0     003f6bf6  _USBHostRequestINClear                
0     003f6c07  _USBHostRequestIN                     
0     003f6c16  _USBHostPwrFaultEnable                
0     003f6c1c  _USBHostPwrFaultDisable               
0     003f6c22  _USBHostPwrEnable                     
0     003f6c28  _USBHostPwrDisable                    
0     003f6c2e  _USBHostPwrConfig                     
0     003f6c45  _USBHostMode                          
0     003f6c4b  _USBHostHubAddrSet                    
0     003f6c6f  _USBHostHubAddrGet                    
0     003f6c84  _USBHostEndpointStatusClear           
0     003f6ca8  _USBHostEndpointDataToggle            
0     003f6cda  _USBHostEndpointDataAck               
0     003f6cec  _USBHostEndpointConfig                
0     003f6d86  _USBHostAddrSet                       
0     003f6d9d  _USBHostAddrGet                       
0     003f6db2  _USBFrameNumberGet                    
0     003f6db6  _USBFIFOFlush                         
0     003f6e01  _USBFIFOConfigSet                     
0     003f6e57  _USBFIFOConfigGet                     
0     003f6e8a  _USBFIFOAddrGet                       
0     003f6e91  _USBEndpointStatus                    
0     003f6ea9  _USBEndpointPacketCountSet            
0     003f6eb5  _USBEndpointDataToggleClear           
0     003f6ecb  _USBEndpointDataSend                  
0     003f6ef8  _USBEndpointDataPut                   
0     003f6f1e  _USBEndpointDataGet                   
0     003f6f51  _USBEndpointDataAvail                 
0     003f6f69  _USBEndpointDMAEnable                 
0     003f6f7f  _USBEndpointDMADisable                
0     003f6f97  _USBEndpointDMAChannel                
0     003f6fbc  _USBDevMode                           
0     003f6fc2  _USBDevEndpointStatusClear            
0     003f7001  _USBDevEndpointStallClear             
0     003f7028  _USBDevEndpointStall                  
0     003f704a  _USBDevEndpointDataAck                
0     003f7064  _USBDevEndpointConfigSet              
0     003f70ca  _USBDevEndpointConfigGet              
0     003f7110  _USBDevDisconnect                     
0     003f7117  _USBDevConnect                        
0     003f711d  _USBDevAddrSet                        
0     003f7121  _USBDevAddrGet                        
0     003f7126  _SysCtrlInit                          
0     003f7163  _HexConstant                          
0     003f7164  _OctalAND                             
0     003f7169  _OctalShiftRight                      
0     003f716b  _OctalShiftLeft                       
0     003f716e  _ReadInput                            
0     003f7198  _SetOutput                            
0     003f71ee  _main                                 
0     003f74db  _TxHandler                            
0     003f74dd  _RxHandler                            
0     003f75f6  _ControlHandler                       
0     003f78e7  _USBHHubMain                          
0     003f79d4  _USBHHubEnumerationComplete           
0     003f79e5  _USBHHubEnumerationError              
0     003f79f6  _USBHHubOpen                          
0     003f7a04  _USBHHubClose                         
0     003f7a0d  _USBHHubInit                          
0     003f7a18  _rsvd_ISR                             
0     003f7a22  _XINT3_ISR                            
0     003f7a2c  _XINT2_ISR                            
0     003f7a36  _XINT1_ISR                            
0     003f7a40  _WAKEINT_ISR                          
0     003f7a4a  _USER9_ISR                            
0     003f7a54  _USER8_ISR                            
0     003f7a5e  _USER7_ISR                            
0     003f7a68  _USER6_ISR                            
0     003f7a72  _USER5_ISR                            
0     003f7a7c  _USER4_ISR                            
0     003f7a86  _USER3_ISR                            
0     003f7a90  _USER2_ISR                            
0     003f7a9a  _USER1_ISR                            
0     003f7aa4  _USER12_ISR                           
0     003f7aae  _USER11_ISR                           
0     003f7ab8  _USER10_ISR                           
0     003f7ac2  _USB0_INT_ISR                         
0     003f7acc  _TINT0_ISR                            
0     003f7ad6  _SPITXINTB_ISR                        
0     003f7ae0  _SPITXINTA_ISR                        
0     003f7aea  _SPIRXINTB_ISR                        
0     003f7af4  _SPIRXINTA_ISR                        
0     003f7afe  _SCITXINTB_ISR                        
0     003f7b08  _SCITXINTA_ISR                        
0     003f7b12  _SCIRXINTB_ISR                        
0     003f7b1c  _SCIRXINTA_ISR                        
0     003f7b26  _RTOSINT_ISR                          
0     003f7b30  _PIE_RESERVED                         
0     003f7b3a  _NMI_ISR                              
0     003f7b44  _MXINTA_ISR                           
0     003f7b4e  _MRINTA_ISR                           
0     003f7b58  _LVF_ISR                              
0     003f7b62  _LUF_ISR                              
0     003f7b6c  _INT14_ISR                            
0     003f7b76  _INT13_ISR                            
0     003f7b80  _ILLEGAL_ISR                          
0     003f7b8a  _I2CINT2A_ISR                         
0     003f7b94  _I2CINT1A_ISR                         
0     003f7b9e  _HRCAP4_INT_ISR                       
0     003f7ba8  _HRCAP3_INT_ISR                       
0     003f7bb2  _HRCAP2_INT_ISR                       
0     003f7bbc  _HRCAP1_INT_ISR                       
0     003f7bc6  _EQEP2_INT_ISR                        
0     003f7bd0  _EQEP1_INT_ISR                        
0     003f7bda  _EPWM8_TZINT_ISR                      
0     003f7be4  _EPWM8_INT_ISR                        
0     003f7bee  _EPWM7_TZINT_ISR                      
0     003f7bf8  _EPWM7_INT_ISR                        
0     003f7c02  _EPWM6_TZINT_ISR                      
0     003f7c0c  _EPWM6_INT_ISR                        
0     003f7c16  _EPWM5_TZINT_ISR                      
0     003f7c20  _EPWM5_INT_ISR                        
0     003f7c2a  _EPWM4_TZINT_ISR                      
0     003f7c34  _EPWM4_INT_ISR                        
0     003f7c3e  _EPWM3_TZINT_ISR                      
0     003f7c48  _EPWM3_INT_ISR                        
0     003f7c52  _EPWM2_TZINT_ISR                      
0     003f7c5c  _EPWM2_INT_ISR                        
0     003f7c66  _EPWM1_TZINT_ISR                      
0     003f7c70  _EPWM1_INT_ISR                        
0     003f7c7a  _EMUINT_ISR                           
0     003f7c84  _EMPTY_ISR                            
0     003f7c91  _ECAP3_INT_ISR                        
0     003f7c9b  _ECAP2_INT_ISR                        
0     003f7ca5  _ECAP1_INT_ISR                        
0     003f7caf  _ECAN1INTA_ISR                        
0     003f7cb9  _ECAN0INTA_ISR                        
0     003f7cc3  _DINTCH6_ISR                          
0     003f7ccd  _DINTCH5_ISR                          
0     003f7cd7  _DINTCH4_ISR                          
0     003f7ce1  _DINTCH3_ISR                          
0     003f7ceb  _DINTCH2_ISR                          
0     003f7cf5  _DINTCH1_ISR                          
0     003f7cff  _DATALOG_ISR                          
0     003f7d09  _CLA1_INT8_ISR                        
0     003f7d13  _CLA1_INT7_ISR                        
0     003f7d1d  _CLA1_INT6_ISR                        
0     003f7d27  _CLA1_INT5_ISR                        
0     003f7d31  _CLA1_INT4_ISR                        
0     003f7d3b  _CLA1_INT3_ISR                        
0     003f7d45  _CLA1_INT2_ISR                        
0     003f7d4f  _CLA1_INT1_ISR                        
0     003f7d59  _ADCINT9_ISR                          
0     003f7d63  _ADCINT8_ISR                          
0     003f7d6d  _ADCINT7_ISR                          
0     003f7d77  _ADCINT6_ISR                          
0     003f7d81  _ADCINT5_ISR                          
0     003f7d8b  _ADCINT4_ISR                          
0     003f7d95  _ADCINT3_ISR                          
0     003f7d9f  _ADCINT2_ISR                          
0     003f7da9  _ADCINT1_ISR                          
0     003f7db3  _IntMasterEnable                      
0     003f7db7  _IntMasterDisable                     
0     003f7dbb  _IntRegister                          
0     003f7dd9  _IntUnregister                        
0     003f7df9  _IntEnable                            
0     003f7e20  _IntDisable                           
0     003f7ebb  _Interrupt_enable                     
0     003f7f05  _Interrupt_disable                    
0     003f7f50  _InitPieCtrl                          
0     003f7f6f  _EnableInterrupts                     
0     003f7ff6  code_start                            
1     00000050  __stack                               
1     00000350  __STACK_END                           
1     00000880  _DevEmuRegs                           
1     00000985  _SysPwrCtrlRegs                       
1     00000a80  _FlashRegs                            
1     00000ae0  _CsmRegs                              
1     00000b00  _AdcResult                            
1     00000c00  _CpuTimer0Regs                        
1     00000c08  _CpuTimer1Regs                        
1     00000c10  _CpuTimer2Regs                        
1     00000ce0  _PieCtrlRegs                          
1     00000d00  _EmuKey                               
1     00000d00  _PieVectTable                         
1     00000d01  _EmuBMode                             
1     00000d02  _Flash_CallbackPtr                    
1     00000d04  _Flash_CPUScaleFactor                 
1     00001000  _DmaRegs                              
1     00001400  _Cla1Regs                             
1     00004000  _Usb0Regs                             
1     00005000  _McbspaRegs                           
1     00006000  _ECanaRegs                            
1     00006040  _ECanaLAMRegs                         
1     00006080  _ECanaMOTSRegs                        
1     000060c0  _ECanaMOTORegs                        
1     00006100  _ECanaMboxes                          
1     00006400  _Comp1Regs                            
1     00006420  _Comp2Regs                            
1     00006440  _Comp3Regs                            
1     00006800  _EPwm1Regs                            
1     00006840  _EPwm2Regs                            
1     00006880  _EPwm3Regs                            
1     000068c0  _EPwm4Regs                            
1     00006900  _EPwm5Regs                            
1     00006940  _EPwm6Regs                            
1     00006980  _EPwm7Regs                            
1     000069c0  _EPwm8Regs                            
1     00006a00  _ECap1Regs                            
1     00006a20  _ECap2Regs                            
1     00006a40  _ECap3Regs                            
1     00006ac0  _HRCap1Regs                           
1     00006ae0  _HRCap2Regs                           
1     00006b00  _EQep1Regs                            
1     00006b40  _EQep2Regs                            
1     00006c80  _HRCap3Regs                           
1     00006ca0  _HRCap4Regs                           
1     00006f80  _GpioCtrlRegs                         
1     00006fc0  _GpioDataRegs                         
1     00006fe0  _GpioIntRegs                          
1     00007010  _SysCtrlRegs                          
1     00007040  _SpiaRegs                             
1     00007050  _SciaRegs                             
1     00007060  _NmiIntruptRegs                       
1     00007070  _XIntruptRegs                         
1     00007100  _AdcRegs                              
1     00007740  _SpibRegs                             
1     00007750  _ScibRegs                             
1     00007900  _I2caRegs                             
1     00009000  _program_recieved                     
1     00009001  _program_compiled                     
1     000097ce  _g_psCDCSerSections                   
1     000097d4  _g_psCDCCompSerSections               
1     000097dc  _g_pui8IADSerDescriptor               
1     000097e4  _g_pui8CDCSerDescriptor               
1     000097ed  _g_pui8CDCSerDeviceDescriptor         
1     000097ff  _errno                                
1     00009800  _g_pui8TxBufferWorkspace              
1     00009818  _g_pui8RxBufferWorkspace              
1     00009840  _g_sCDCDevice                         
1     00009880  _g_pi8USBRxBuffer                     
1     00009980  _g_pi8USBTxBuffer                     
1     00009b0c  _g_bUSBTimerInitialized               
1     00009b0e  _g_ui32CurrentUSBTick                 
1     00009b10  _g_ui32USBSOFCount                    
1     00009b12  _g_pfnTickHandlers                    
1     00009b1e  _g_pvTickInstance                     
1     00009b2b  _g_iUSBMode                           
1     00009b2c  _g_eOTGModeState                      
1     00009b30  _g_ui32PollRate                       
1     00009b32  _g_ui32WaitTicks                      
1     00009b34  ___TI_cleanup_ptr                     
1     00009b36  ___TI_dtors_ptr                       
1     00009b38  __lock                                
1     00009b3a  __unlock                              
1     00009b40  _g_ppsDevInfo                         
1     00009b44  _g_psDCDInst                          
1     003d7e80  _PartIdRegs                           
1     003f7ff8  _CsmPwl                               
abs   00000004  _RamfuncsLoadSize                     
abs   00000300  __STACK_SIZE                          
abs   ffffffff  .text                                 
abs   ffffffff  ___binit__                            
abs   ffffffff  ___c_args__                           
abs   ffffffff  ___etext__                            
abs   ffffffff  ___pinit__                            
abs   ffffffff  ___text__                             
abs   ffffffff  binit                                 
abs   ffffffff  etext                                 
abs   ffffffff  pinit                                 

[499 symbols]
