******************************************************************************
             TMS320C2000 Linker PC v6.4.6                      
******************************************************************************
>> Linked Sun Apr 10 12:49:08 2016

OUTPUT FILE NAME:   <PicoCommander.out>
ENTRY POINT SYMBOL: "_c_int00"  address: 003ece47


MEMORY CONFIGURATION

         name            origin    length      used     unused   attr    fill
----------------------  --------  ---------  --------  --------  ----  --------
PAGE 0:
  RAML0                 00008000   00000800  00000004  000007fc  RWIX
  RAML1                 00008800   00000400  00000000  00000400  RWIX
  OTP                   003d7800   00000400  00000000  00000400  RWIX
  FLASHH                003d8000   00004000  00000000  00004000  RWIX
  FLASHG                003dc000   00004000  00000000  00004000  RWIX
  FLASHF                003e0000   00004000  00000000  00004000  RWIX
  FLASHE                003e4000   00004000  00000000  00004000  RWIX
  FLASHD                003e8000   00004000  00000004  00003ffc  RWIX
  FLASHC                003ec000   00004000  00000f5f  000030a1  RWIX
  FLASHA                003f4000   00003f80  00003f7a  00000006  RWIX
  CSM_RSVD              003f7f80   00000076  00000000  00000076  RWIX
  BEGIN                 003f7ff6   00000002  00000000  00000002  RWIX
  CSM_PWL_P0            003f7ff8   00000008  00000000  00000008  RWIX
  FPUTABLES             003fd860   000006a0  00000000  000006a0  RWIX
  IQTABLES              003fdf00   00000b50  00000000  00000b50  RWIX
  IQTABLES2             003fea50   0000008c  00000000  0000008c  RWIX
  IQTABLES3             003feadc   000000aa  00000000  000000aa  RWIX
  ROM                   003ff3b0   00000c10  00000000  00000c10  RWIX
  RESET                 003fffc0   00000002  00000000  00000002  RWIX
  VECTORS               003fffc2   0000003e  00000000  0000003e  RWIX

PAGE 1:
  BOOT_RSVD             00000000   00000050  00000000  00000050  RWIX
  RAMM0                 00000050   000003b0  00000300  000000b0  RWIX
  RAMM1                 00000400   00000400  00000000  00000400  RWIX
  DEV_EMU               00000880   00000105  00000004  00000101  RWIX
  SYS_PWR_CTL           00000985   00000003  00000003  00000000  RWIX
  FLASH_REGS            00000a80   00000060  00000008  00000058  RWIX
  CSM                   00000ae0   00000020  00000010  00000010  RWIX
  ADC_RESULT            00000b00   00000020  00000010  00000010  RWIX
  CPU_TIMER0            00000c00   00000008  00000008  00000000  RWIX
  CPU_TIMER1            00000c08   00000008  00000008  00000000  RWIX
  CPU_TIMER2            00000c10   00000008  00000008  00000000  RWIX
  PIE_CTRL              00000ce0   00000020  0000001a  00000006  RWIX
  PIE_VECT              00000d00   00000100  00000100  00000000  RWIX
  DMA                   00001000   00000200  000000e0  00000120  RWIX
  CLA1                  00001400   00000080  00000040  00000040  RWIX
  USB0                  00004000   00001000  00000454  00000bac  RWIX
  McBSPA                00005000   00000040  00000024  0000001c  RWIX
  ECANA                 00006000   00000040  00000034  0000000c  RWIX
  ECANA_LAM             00006040   00000040  00000040  00000000  RWIX
  ECANA_MOTS            00006080   00000040  00000040  00000000  RWIX
  ECANA_MOTO            000060c0   00000040  00000040  00000000  RWIX
  ECANA_MBOX            00006100   00000100  00000100  00000000  RWIX
  COMP1                 00006400   00000020  00000014  0000000c  RWIX
  COMP2                 00006420   00000020  00000014  0000000c  RWIX
  COMP3                 00006440   00000020  00000014  0000000c  RWIX
  EPWM1                 00006800   00000040  00000040  00000000  RWIX
  EPWM2                 00006840   00000040  00000040  00000000  RWIX
  EPWM3                 00006880   00000040  00000040  00000000  RWIX
  EPWM4                 000068c0   00000040  00000040  00000000  RWIX
  EPWM5                 00006900   00000040  00000040  00000000  RWIX
  EPWM6                 00006940   00000040  00000040  00000000  RWIX
  EPWM7                 00006980   00000040  00000040  00000000  RWIX
  EPWM8                 000069c0   00000040  00000040  00000000  RWIX
  ECAP1                 00006a00   00000020  00000020  00000000  RWIX
  ECAP2                 00006a20   00000020  00000020  00000000  RWIX
  ECAP3                 00006a40   00000020  00000020  00000000  RWIX
  HRCAP1                00006ac0   00000020  00000020  00000000  RWIX
  HRCAP2                00006ae0   00000020  00000020  00000000  RWIX
  EQEP1                 00006b00   00000040  00000022  0000001e  RWIX
  EQEP2                 00006b40   00000040  00000022  0000001e  RWIX
  HRCAP3                00006c80   00000020  00000020  00000000  RWIX
  HRCAP4                00006ca0   00000020  00000020  00000000  RWIX
  GPIOCTRL              00006f80   00000040  00000040  00000000  RWIX
  GPIODAT               00006fc0   00000020  00000020  00000000  RWIX
  GPIOINT               00006fe0   00000020  00000020  00000000  RWIX
  SYSTEM                00007010   00000030  00000030  00000000  RWIX
  SPIA                  00007040   00000010  00000010  00000000  RWIX
  SCIA                  00007050   00000010  00000010  00000000  RWIX
  NMIINTRUPT            00007060   00000010  00000010  00000000  RWIX
  XINTRUPT              00007070   00000010  00000010  00000000  RWIX
  ADC                   00007100   00000080  00000050  00000030  RWIX
  SPIB                  00007740   00000010  00000010  00000000  RWIX
  SCIB                  00007750   00000010  00000010  00000000  RWIX
  I2CA                  00007900   00000040  00000022  0000001e  RWIX
  RAML2                 00008c00   00000400  00000000  00000400  RWIX
  RAML3                 00009000   00001000  0000087e  00000782  RWIX
  RAML4                 0000a000   00002000  00000000  00002000  RWIX
  RAML5                 0000c000   00002000  00000000  00002000  RWIX
  RAML6                 0000e000   00002000  00000000  00002000  RWIX
  RAML7                 00010000   00002000  00000000  00002000  RWIX
  RAML8                 00012000   00002000  00000000  00002000  RWIX
  USB_RAM               00040000   00000800  00000000  00000800  RWIX
  PARTID                003d7e80   00000001  00000001  00000000  RWIX
  FLASHB                003f0000   00004000  00000000  00004000  RWIX
  CSM_PWL               003f7ff8   00000008  00000008  00000000  RWIX


SECTION ALLOCATION MAP

 output                                  attributes/
section   page    origin      length       input sections
--------  ----  ----------  ----------   ----------------
.cinit     0    003f42be    000000e6     
                  003f42be    00000046     usblib.lib : usbhostenum.obj (.cinit)
                  003f4304    00000040                : usbdcdc.obj (.cinit)
                  003f4344    00000017     usb_serial_structs.obj (.cinit)
                  003f435b    00000013     main.obj (.cinit)
                  003f436e    0000000e     usblib.lib : usbtick.obj (.cinit)
                  003f437c    0000000d                : usbmode.obj (.cinit)
                  003f4389    0000000a     rts2800_fpu32.lib : exit.obj (.cinit)
                  003f4393    00000005                       : _lock.obj (.cinit:__lock)
                  003f4398    00000005                       : _lock.obj (.cinit:__unlock)
                  003f439d    00000005     usblib.lib : usbdenum.obj (.cinit)
                  003f43a2    00000002     --HOLE-- [fill = 0]

.pinit     0    003f4000    00000000     UNINITIALIZED

ramfuncs   0    003e8000    00000004     RUN ADDR = 00008000
                  003e8000    00000004     F2806x_usDelay.obj (ramfuncs)

.text.1    0    003ec000    00000f5f     
                  003ec000    0000025b     usblib.lib : usbmode.obj (.text)
                  003ec25b    00000210                : usbdconfig.obj (.text)
                  003ec46b    0000019d     driverlib.lib : interrupt.obj (.text)
                  003ec608    00000157     usblib.lib : usbdcdesc.obj (.text)
                  003ec75f    00000153                : usbringbuf.obj (.text)
                  003ec8b2    000000d6                : usbdma.obj (.text)
                  003ec988    000000d2                : usbdesc.obj (.text)
                  003eca5a    0000009c     rts2800_fpu32.lib : fd_add.obj (.text)
                  003ecaf6    0000009b     sysctl.obj (.text)
                  003ecb91    00000090     driverlib.lib : usb_hal.obj (.text:retain)
                  003ecc21    00000090     main.obj (.text:retain)
                  003eccb1    0000008b     rts2800_fpu32.lib : fd_div.obj (.text)
                  003ecd3c    00000088     usblib.lib : usbtick.obj (.text)
                  003ecdc4    00000083     rts2800_fpu32.lib : fd_mpy.obj (.text)
                  003ece47    00000046                       : boot.obj (.text)
                  003ece8d    00000028     F2806x_PieCtrl.obj (.text)
                  003eceb5    0000001b     rts2800_fpu32.lib : fd_toul.obj (.text)
                  003eced0    00000019                       : args_main.obj (.text)
                  003ecee9    00000019                       : exit.obj (.text)
                  003ecf02    00000016                       : ul_tofd.obj (.text)
                  003ecf18    00000012     usblib.lib : usbdhandler.obj (.text)
                  003ecf2a    00000011     F2806x_PieVect.obj (.text)
                  003ecf3b    0000000e     rts2800_fpu32.lib : fd_sub.obj (.text)
                  003ecf49    0000000d     driverlib.lib : interrupt.obj (.text:retain)
                  003ecf56    00000009     rts2800_fpu32.lib : _lock.obj (.text)

.econst    0    003f4000    000002be     
                  003f4000    00000100     F2806x_PieVect.obj (.econst)
                  003f4100    00000036     usb_serial_structs.obj (.econst:_g_pui8ConfigString)
                  003f4136    00000030     usblib.lib : usbdcdc.obj (.econst)
                  003f4166    0000002e     main.obj (.econst:.string)
                  003f4194    0000002c     usb_serial_structs.obj (.econst:_g_pui8ControlInterfaceString)
                  003f41c0    00000024     usb_serial_structs.obj (.econst:_g_pui8ManufacturerString)
                  003f41e4    00000024     usb_serial_structs.obj (.econst)
                  003f4208    00000023     usblib.lib : usbdcdc.obj (.econst:_g_pui8CDCSerCommInterface)
                  003f422b    00000022     usb_serial_structs.obj (.econst:_g_pui8ProdectString)
                  003f424d    00000001     --HOLE-- [fill = 0]
                  003f424e    0000001a     usblib.lib : usbdenum.obj (.econst:_g_psUSBDStdRequests)
                  003f4268    00000017                : usbdcdc.obj (.econst:_g_pui8CDCSerDataInterface)
                  003f427f    00000012     usb_serial_structs.obj (.econst:_g_pui8SerialNumberString)
                  003f4291    00000001     --HOLE-- [fill = 0]
                  003f4292    00000010     driverlib.lib : usb_hal.obj (.econst)
                  003f42a2    0000000c     usb_serial_structs.obj (.econst:_g_pui8StringDescriptors)
                  003f42ae    00000008     usblib.lib : usbhhub.obj (.econst)
                  003f42b6    00000004     usb_serial_structs.obj (.econst:_g_pui8LangDescriptor)
                  003f42ba    00000002     usblib.lib : usbdcdc.obj (.econst:_g_pCDCCompSerConfigDescriptors)
                  003f42bc    00000002                : usbdcdc.obj (.econst:_g_ppCDCSerConfigDescriptors)

.switch    0    003f43a4    0000002a     
                  003f43a4    0000002a     usblib.lib : usbdcdc.obj (.switch:_HandleRequests)

.text.2    0    003f43ce    00003bac     
                  003f43ce    000015f5     usblib.lib : usbhostenum.obj (.text)
                  003f59c3    00000855                : usbdenum.obj (.text)
                  003f6218    00000730                : usbdcdc.obj (.text)
                  003f6948    000006ce     usb.obj (.text)
                  003f7016    00000404     usblib.lib : usbhhub.obj (.text)
                  003f741a    0000039b     F2806x_DefaultIsr.obj (.text:retain)
                  003f77b5    0000028f     driverlib.lib : uart.obj (.text)
                  003f7a44    0000027f     main.obj (.text)
                  003f7cc3    00000265     usblib.lib : usbbuffer.obj (.text)
                  003f7f28    00000052     driverlib.lib : usb_hal.obj (.text)

.stack     1    00000050    00000300     UNINITIALIZED
                  00000050    00000300     --HOLE--

DevEmuRegsFile 
*          1    00000880    00000004     UNINITIALIZED
                  00000880    00000004     F2806x_GlobalVariableDefs.obj (DevEmuRegsFile)

SysPwrCtrlRegsFile 
*          1    00000985    00000003     UNINITIALIZED
                  00000985    00000003     F2806x_GlobalVariableDefs.obj (SysPwrCtrlRegsFile)

FlashRegsFile 
*          1    00000a80    00000008     UNINITIALIZED
                  00000a80    00000008     F2806x_GlobalVariableDefs.obj (FlashRegsFile)

CsmRegsFile 
*          1    00000ae0    00000010     UNINITIALIZED
                  00000ae0    00000010     F2806x_GlobalVariableDefs.obj (CsmRegsFile)

AdcResultFile 
*          1    00000b00    00000010     UNINITIALIZED
                  00000b00    00000010     F2806x_GlobalVariableDefs.obj (AdcResultFile)

CpuTimer0RegsFile 
*          1    00000c00    00000008     UNINITIALIZED
                  00000c00    00000008     F2806x_GlobalVariableDefs.obj (CpuTimer0RegsFile)

CpuTimer1RegsFile 
*          1    00000c08    00000008     UNINITIALIZED
                  00000c08    00000008     F2806x_GlobalVariableDefs.obj (CpuTimer1RegsFile)

CpuTimer2RegsFile 
*          1    00000c10    00000008     UNINITIALIZED
                  00000c10    00000008     F2806x_GlobalVariableDefs.obj (CpuTimer2RegsFile)

PieCtrlRegsFile 
*          1    00000ce0    0000001a     UNINITIALIZED
                  00000ce0    0000001a     F2806x_GlobalVariableDefs.obj (PieCtrlRegsFile)

PieVectTableFile 
*          1    00000d00    00000100     UNINITIALIZED
                  00000d00    00000100     F2806x_GlobalVariableDefs.obj (PieVectTableFile)

EmuKeyVar 
*          1    00000d00    00000001     UNINITIALIZED
                  00000d00    00000001     F2806x_GlobalVariableDefs.obj (EmuKeyVar)

EmuBModeVar 
*          1    00000d01    00000001     UNINITIALIZED
                  00000d01    00000001     F2806x_GlobalVariableDefs.obj (EmuBModeVar)

FlashCallbackVar 
*          1    00000d02    00000002     UNINITIALIZED
                  00000d02    00000002     F2806x_GlobalVariableDefs.obj (FlashCallbackVar)

FlashScalingVar 
*          1    00000d04    00000002     UNINITIALIZED
                  00000d04    00000002     F2806x_GlobalVariableDefs.obj (FlashScalingVar)

DmaRegsFile 
*          1    00001000    000000e0     UNINITIALIZED
                  00001000    000000e0     F2806x_GlobalVariableDefs.obj (DmaRegsFile)

Cla1RegsFile 
*          1    00001400    00000040     UNINITIALIZED
                  00001400    00000040     F2806x_GlobalVariableDefs.obj (Cla1RegsFile)

Usb0RegsFile 
*          1    00004000    00000454     UNINITIALIZED
                  00004000    00000454     F2806x_GlobalVariableDefs.obj (Usb0RegsFile)

McbspaRegsFile 
*          1    00005000    00000024     UNINITIALIZED
                  00005000    00000024     F2806x_GlobalVariableDefs.obj (McbspaRegsFile)

ECanaRegsFile 
*          1    00006000    00000034     UNINITIALIZED
                  00006000    00000034     F2806x_GlobalVariableDefs.obj (ECanaRegsFile)

ECanaLAMRegsFile 
*          1    00006040    00000040     UNINITIALIZED
                  00006040    00000040     F2806x_GlobalVariableDefs.obj (ECanaLAMRegsFile)

ECanaMOTSRegsFile 
*          1    00006080    00000040     UNINITIALIZED
                  00006080    00000040     F2806x_GlobalVariableDefs.obj (ECanaMOTSRegsFile)

ECanaMOTORegsFile 
*          1    000060c0    00000040     UNINITIALIZED
                  000060c0    00000040     F2806x_GlobalVariableDefs.obj (ECanaMOTORegsFile)

ECanaMboxesFile 
*          1    00006100    00000100     UNINITIALIZED
                  00006100    00000100     F2806x_GlobalVariableDefs.obj (ECanaMboxesFile)

Comp1RegsFile 
*          1    00006400    00000014     UNINITIALIZED
                  00006400    00000014     F2806x_GlobalVariableDefs.obj (Comp1RegsFile)

Comp2RegsFile 
*          1    00006420    00000014     UNINITIALIZED
                  00006420    00000014     F2806x_GlobalVariableDefs.obj (Comp2RegsFile)

Comp3RegsFile 
*          1    00006440    00000014     UNINITIALIZED
                  00006440    00000014     F2806x_GlobalVariableDefs.obj (Comp3RegsFile)

EPwm1RegsFile 
*          1    00006800    00000040     UNINITIALIZED
                  00006800    00000040     F2806x_GlobalVariableDefs.obj (EPwm1RegsFile)

EPwm2RegsFile 
*          1    00006840    00000040     UNINITIALIZED
                  00006840    00000040     F2806x_GlobalVariableDefs.obj (EPwm2RegsFile)

EPwm3RegsFile 
*          1    00006880    00000040     UNINITIALIZED
                  00006880    00000040     F2806x_GlobalVariableDefs.obj (EPwm3RegsFile)

EPwm4RegsFile 
*          1    000068c0    00000040     UNINITIALIZED
                  000068c0    00000040     F2806x_GlobalVariableDefs.obj (EPwm4RegsFile)

EPwm5RegsFile 
*          1    00006900    00000040     UNINITIALIZED
                  00006900    00000040     F2806x_GlobalVariableDefs.obj (EPwm5RegsFile)

EPwm6RegsFile 
*          1    00006940    00000040     UNINITIALIZED
                  00006940    00000040     F2806x_GlobalVariableDefs.obj (EPwm6RegsFile)

EPwm7RegsFile 
*          1    00006980    00000040     UNINITIALIZED
                  00006980    00000040     F2806x_GlobalVariableDefs.obj (EPwm7RegsFile)

EPwm8RegsFile 
*          1    000069c0    00000040     UNINITIALIZED
                  000069c0    00000040     F2806x_GlobalVariableDefs.obj (EPwm8RegsFile)

ECap1RegsFile 
*          1    00006a00    00000020     UNINITIALIZED
                  00006a00    00000020     F2806x_GlobalVariableDefs.obj (ECap1RegsFile)

ECap2RegsFile 
*          1    00006a20    00000020     UNINITIALIZED
                  00006a20    00000020     F2806x_GlobalVariableDefs.obj (ECap2RegsFile)

ECap3RegsFile 
*          1    00006a40    00000020     UNINITIALIZED
                  00006a40    00000020     F2806x_GlobalVariableDefs.obj (ECap3RegsFile)

HRCap1RegsFile 
*          1    00006ac0    00000020     UNINITIALIZED
                  00006ac0    00000020     F2806x_GlobalVariableDefs.obj (HRCap1RegsFile)

HRCap2RegsFile 
*          1    00006ae0    00000020     UNINITIALIZED
                  00006ae0    00000020     F2806x_GlobalVariableDefs.obj (HRCap2RegsFile)

EQep1RegsFile 
*          1    00006b00    00000022     UNINITIALIZED
                  00006b00    00000022     F2806x_GlobalVariableDefs.obj (EQep1RegsFile)

EQep2RegsFile 
*          1    00006b40    00000022     UNINITIALIZED
                  00006b40    00000022     F2806x_GlobalVariableDefs.obj (EQep2RegsFile)

HRCap3RegsFile 
*          1    00006c80    00000020     UNINITIALIZED
                  00006c80    00000020     F2806x_GlobalVariableDefs.obj (HRCap3RegsFile)

HRCap4RegsFile 
*          1    00006ca0    00000020     UNINITIALIZED
                  00006ca0    00000020     F2806x_GlobalVariableDefs.obj (HRCap4RegsFile)

GpioCtrlRegsFile 
*          1    00006f80    00000040     UNINITIALIZED
                  00006f80    00000040     F2806x_GlobalVariableDefs.obj (GpioCtrlRegsFile)

GpioDataRegsFile 
*          1    00006fc0    00000020     UNINITIALIZED
                  00006fc0    00000020     F2806x_GlobalVariableDefs.obj (GpioDataRegsFile)

GpioIntRegsFile 
*          1    00006fe0    00000020     UNINITIALIZED
                  00006fe0    00000020     F2806x_GlobalVariableDefs.obj (GpioIntRegsFile)

SysCtrlRegsFile 
*          1    00007010    00000030     UNINITIALIZED
                  00007010    00000030     F2806x_GlobalVariableDefs.obj (SysCtrlRegsFile)

SpiaRegsFile 
*          1    00007040    00000010     UNINITIALIZED
                  00007040    00000010     F2806x_GlobalVariableDefs.obj (SpiaRegsFile)

SciaRegsFile 
*          1    00007050    00000010     UNINITIALIZED
                  00007050    00000010     F2806x_GlobalVariableDefs.obj (SciaRegsFile)

NmiIntruptRegsFile 
*          1    00007060    00000010     UNINITIALIZED
                  00007060    00000010     F2806x_GlobalVariableDefs.obj (NmiIntruptRegsFile)

XIntruptRegsFile 
*          1    00007070    00000010     UNINITIALIZED
                  00007070    00000010     F2806x_GlobalVariableDefs.obj (XIntruptRegsFile)

AdcRegsFile 
*          1    00007100    00000050     UNINITIALIZED
                  00007100    00000050     F2806x_GlobalVariableDefs.obj (AdcRegsFile)

SpibRegsFile 
*          1    00007740    00000010     UNINITIALIZED
                  00007740    00000010     F2806x_GlobalVariableDefs.obj (SpibRegsFile)

ScibRegsFile 
*          1    00007750    00000010     UNINITIALIZED
                  00007750    00000010     F2806x_GlobalVariableDefs.obj (ScibRegsFile)

I2caRegsFile 
*          1    00007900    00000022     UNINITIALIZED
                  00007900    00000022     F2806x_GlobalVariableDefs.obj (I2caRegsFile)

.ebss      1    00009000    0000087e     UNINITIALIZED
                  00009000    0000038e     usblib.lib : usbhostenum.obj (.ebss)
                  0000938e    00000031                : usbdcdc.obj (.ebss)
                  000093bf    00000001     --HOLE--
                  000093c0    00000280     usb_serial_structs.obj (.ebss)
                  00009640    000000c0     main.obj (.ebss)
                  00009700    0000008c     usblib.lib : usbdma.obj (.ebss)
                  0000978c    0000001e                : usbtick.obj (.ebss)
                  000097aa    0000000a                : usbmode.obj (.ebss)
                  000097b4    00000004     rts2800_fpu32.lib : exit.obj (.ebss)
                  000097b8    00000002                       : _lock.obj (.ebss:__lock)
                  000097ba    00000002                       : _lock.obj (.ebss:__unlock)
                  000097bc    00000004     --HOLE--
                  000097c0    00000080     usblib.lib : usbdenum.obj (.ebss)
                  00009840    0000003e                : usbhhub.obj (.ebss)

.reset     0    003fffc0    00000002     DSECT
                  003fffc0    00000002     rts2800_fpu32.lib : boot.obj (.reset)

vectors    0    003fffc2    00000000     DSECT

PartIdRegsFile 
*          1    003d7e80    00000001     UNINITIALIZED
                  003d7e80    00000001     F2806x_GlobalVariableDefs.obj (PartIdRegsFile)

CsmPwlFile 
*          1    003f7ff8    00000008     UNINITIALIZED
                  003f7ff8    00000008     F2806x_GlobalVariableDefs.obj (CsmPwlFile)


GLOBAL DATA SYMBOLS: SORTED BY DATA PAGE

address     data page           name
--------    ----------------    ----
00000050       1 (00000040)     __stack

00000880      22 (00000880)     _DevEmuRegs

00000985      26 (00000980)     _SysPwrCtrlRegs

00000a80      2a (00000a80)     _FlashRegs

00000ae0      2b (00000ac0)     _CsmRegs

00000b00      2c (00000b00)     _AdcResult

00000c00      30 (00000c00)     _CpuTimer0Regs
00000c08      30 (00000c00)     _CpuTimer1Regs
00000c10      30 (00000c00)     _CpuTimer2Regs

00000ce0      33 (00000cc0)     _PieCtrlRegs

00000d00      34 (00000d00)     _EmuKey
00000d00      34 (00000d00)     _PieVectTable
00000d01      34 (00000d00)     _EmuBMode
00000d02      34 (00000d00)     _Flash_CallbackPtr
00000d04      34 (00000d00)     _Flash_CPUScaleFactor

00001000      40 (00001000)     _DmaRegs

00001400      50 (00001400)     _Cla1Regs

00004000     100 (00004000)     _Usb0Regs

00005000     140 (00005000)     _McbspaRegs

00006000     180 (00006000)     _ECanaRegs

00006040     181 (00006040)     _ECanaLAMRegs

00006080     182 (00006080)     _ECanaMOTSRegs

000060c0     183 (000060c0)     _ECanaMOTORegs

00006100     184 (00006100)     _ECanaMboxes

00006400     190 (00006400)     _Comp1Regs
00006420     190 (00006400)     _Comp2Regs

00006440     191 (00006440)     _Comp3Regs

00006800     1a0 (00006800)     _EPwm1Regs

00006840     1a1 (00006840)     _EPwm2Regs

00006880     1a2 (00006880)     _EPwm3Regs

000068c0     1a3 (000068c0)     _EPwm4Regs

00006900     1a4 (00006900)     _EPwm5Regs

00006940     1a5 (00006940)     _EPwm6Regs

00006980     1a6 (00006980)     _EPwm7Regs

000069c0     1a7 (000069c0)     _EPwm8Regs

00006a00     1a8 (00006a00)     _ECap1Regs
00006a20     1a8 (00006a00)     _ECap2Regs

00006a40     1a9 (00006a40)     _ECap3Regs

00006ac0     1ab (00006ac0)     _HRCap1Regs
00006ae0     1ab (00006ac0)     _HRCap2Regs

00006b00     1ac (00006b00)     _EQep1Regs

00006b40     1ad (00006b40)     _EQep2Regs

00006c80     1b2 (00006c80)     _HRCap3Regs
00006ca0     1b2 (00006c80)     _HRCap4Regs

00006f80     1be (00006f80)     _GpioCtrlRegs

00006fc0     1bf (00006fc0)     _GpioDataRegs
00006fe0     1bf (00006fc0)     _GpioIntRegs

00007010     1c0 (00007000)     _SysCtrlRegs

00007040     1c1 (00007040)     _SpiaRegs
00007050     1c1 (00007040)     _SciaRegs
00007060     1c1 (00007040)     _NmiIntruptRegs
00007070     1c1 (00007040)     _XIntruptRegs

00007100     1c4 (00007100)     _AdcRegs

00007740     1dd (00007740)     _SpibRegs
00007750     1dd (00007740)     _ScibRegs

00007900     1e4 (00007900)     _I2caRegs

0000938e     24e (00009380)     _g_psCDCSerSections
00009394     24e (00009380)     _g_psCDCCompSerSections
0000939c     24e (00009380)     _g_pui8IADSerDescriptor
000093a4     24e (00009380)     _g_pui8CDCSerDescriptor
000093ad     24e (00009380)     _g_pui8CDCSerDeviceDescriptor

000093c0     24f (000093c0)     _g_pui8TxBufferWorkspace
000093d8     24f (000093c0)     _g_pui8RxBufferWorkspace

00009400     250 (00009400)     _g_sCDCDevice

00009440     251 (00009440)     _g_pi8USBRxBuffer

00009540     255 (00009540)     _g_pi8USBTxBuffer

00009642     259 (00009640)     _pcStr1
00009644     259 (00009640)     _pcStr2

0000978c     25e (00009780)     _g_bUSBTimerInitialized
0000978e     25e (00009780)     _g_ui32CurrentUSBTick
00009790     25e (00009780)     _g_ui32USBSOFCount
00009792     25e (00009780)     _g_pfnTickHandlers
0000979e     25e (00009780)     _g_pvTickInstance
000097ab     25e (00009780)     _g_iUSBMode
000097ac     25e (00009780)     _g_eOTGModeState
000097b0     25e (00009780)     _g_ui32PollRate
000097b2     25e (00009780)     _g_ui32WaitTicks
000097b4     25e (00009780)     ___TI_cleanup_ptr
000097b6     25e (00009780)     ___TI_dtors_ptr
000097b8     25e (00009780)     __lock
000097ba     25e (00009780)     __unlock

000097c0     25f (000097c0)     _g_ppsDevInfo
000097c4     25f (000097c0)     _g_psDCDInst

003d7e80    f5fa (003d7e80)     _PartIdRegs

003f4000    fd00 (003f4000)     _PieVectTableInit

003f4100    fd04 (003f4100)     _g_pui8ConfigString
003f4136    fd04 (003f4100)     _g_sCDCSerDataInterfaceSection
003f413a    fd04 (003f4100)     _g_sCDCSerCommInterfaceSection
003f413e    fd04 (003f4100)     _g_sCDCCompSerConfigHeader

003f4142    fd05 (003f4140)     _g_sCDCSerConfigHeader
003f4146    fd05 (003f4140)     _g_sIADSerConfigSection
003f414a    fd05 (003f4140)     _g_sCDCSerConfigSection
003f414e    fd05 (003f4140)     _g_sCDCHandlers

003f4194    fd06 (003f4180)     _g_pui8ControlInterfaceString

003f41c0    fd07 (003f41c0)     _g_pui8ManufacturerString
003f41e4    fd07 (003f41c0)     _g_sTxBuffer
003f41f6    fd07 (003f41c0)     _g_sRxBuffer

003f4208    fd08 (003f4200)     _g_pui8CDCSerCommInterface
003f422b    fd08 (003f4200)     _g_pui8ProdectString

003f4268    fd09 (003f4240)     _g_pui8CDCSerDataInterface
003f427f    fd09 (003f4240)     _g_pui8SerialNumberString

003f42a2    fd0a (003f4280)     _g_pui8StringDescriptors
003f42ae    fd0a (003f4280)     _g_sUSBHubClassDriver
003f42b6    fd0a (003f4280)     _g_pui8LangDescriptor
003f42ba    fd0a (003f4280)     _g_pCDCCompSerConfigDescriptors
003f42bc    fd0a (003f4280)     _g_ppCDCSerConfigDescriptors

003f7ff8    fdff (003f7fc0)     _CsmPwl


GLOBAL SYMBOLS: SORTED ALPHABETICALLY BY Name 

page  address   name                                  
----  -------   ----                                  
abs   ffffffff  .text                                 
0     003ecee9  C$$EXIT                               
0     003eca5a  FD$$ADD                               
0     003eccb1  FD$$DIV                               
0     003ecdc4  FD$$MPY                               
0     003ecf3b  FD$$SUB                               
0     003eceb5  FD$$TOUL                              
0     003ecf02  UL$$TOFD                              
0     003f77ab  _ADCINT1_ISR                          
0     003f77a1  _ADCINT2_ISR                          
0     003f7797  _ADCINT3_ISR                          
0     003f778d  _ADCINT4_ISR                          
0     003f7783  _ADCINT5_ISR                          
0     003f7779  _ADCINT6_ISR                          
0     003f776f  _ADCINT7_ISR                          
0     003f7765  _ADCINT8_ISR                          
0     003f775b  _ADCINT9_ISR                          
1     00007100  _AdcRegs                              
1     00000b00  _AdcResult                            
0     003f7751  _CLA1_INT1_ISR                        
0     003f7747  _CLA1_INT2_ISR                        
0     003f773d  _CLA1_INT3_ISR                        
0     003f7733  _CLA1_INT4_ISR                        
0     003f7729  _CLA1_INT5_ISR                        
0     003f771f  _CLA1_INT6_ISR                        
0     003f7715  _CLA1_INT7_ISR                        
0     003f770b  _CLA1_INT8_ISR                        
1     00001400  _Cla1Regs                             
1     00006400  _Comp1Regs                            
1     00006420  _Comp2Regs                            
1     00006440  _Comp3Regs                            
0     003f43ce  _ConfigDescAlloc                      
0     003f441c  _ConfigDescFree                       
0     003f7ca5  _ControlHandler                       
1     00000c00  _CpuTimer0Regs                        
1     00000c08  _CpuTimer1Regs                        
1     00000c10  _CpuTimer2Regs                        
1     003f7ff8  _CsmPwl                               
1     00000ae0  _CsmRegs                              
0     003f7701  _DATALOG_ISR                          
0     003f76f7  _DINTCH1_ISR                          
0     003f76ed  _DINTCH2_ISR                          
0     003f76e3  _DINTCH3_ISR                          
0     003f76d9  _DINTCH4_ISR                          
0     003f76cf  _DINTCH5_ISR                          
0     003f76c5  _DINTCH6_ISR                          
0     00008000  _DSP28x_usDelay                       
1     00000880  _DevEmuRegs                           
1     00001000  _DmaRegs                              
0     003f76bb  _ECAN0INTA_ISR                        
0     003f76b1  _ECAN1INTA_ISR                        
0     003f76a7  _ECAP1_INT_ISR                        
0     003f769d  _ECAP2_INT_ISR                        
0     003f7693  _ECAP3_INT_ISR                        
1     00006040  _ECanaLAMRegs                         
1     000060c0  _ECanaMOTORegs                        
1     00006080  _ECanaMOTSRegs                        
1     00006100  _ECanaMboxes                          
1     00006000  _ECanaRegs                            
1     00006a00  _ECap1Regs                            
1     00006a20  _ECap2Regs                            
1     00006a40  _ECap3Regs                            
0     003f7686  _EMPTY_ISR                            
0     003f767c  _EMUINT_ISR                           
0     003f7672  _EPWM1_INT_ISR                        
0     003f7668  _EPWM1_TZINT_ISR                      
0     003f765e  _EPWM2_INT_ISR                        
0     003f7654  _EPWM2_TZINT_ISR                      
0     003f764a  _EPWM3_INT_ISR                        
0     003f7640  _EPWM3_TZINT_ISR                      
0     003f7636  _EPWM4_INT_ISR                        
0     003f762c  _EPWM4_TZINT_ISR                      
0     003f7622  _EPWM5_INT_ISR                        
0     003f7618  _EPWM5_TZINT_ISR                      
0     003f760e  _EPWM6_INT_ISR                        
0     003f7604  _EPWM6_TZINT_ISR                      
0     003f75fa  _EPWM7_INT_ISR                        
0     003f75f0  _EPWM7_TZINT_ISR                      
0     003f75e6  _EPWM8_INT_ISR                        
0     003f75dc  _EPWM8_TZINT_ISR                      
1     00006800  _EPwm1Regs                            
1     00006840  _EPwm2Regs                            
1     00006880  _EPwm3Regs                            
1     000068c0  _EPwm4Regs                            
1     00006900  _EPwm5Regs                            
1     00006940  _EPwm6Regs                            
1     00006980  _EPwm7Regs                            
1     000069c0  _EPwm8Regs                            
0     003f75d2  _EQEP1_INT_ISR                        
0     003f75c8  _EQEP2_INT_ISR                        
1     00006b00  _EQep1Regs                            
1     00006b40  _EQep2Regs                            
1     00000d01  _EmuBMode                             
1     00000d00  _EmuKey                               
0     003eceac  _EnableInterrupts                     
1     00000a80  _FlashRegs                            
1     00000d04  _Flash_CPUScaleFactor                 
1     00000d02  _Flash_CallbackPtr                    
1     00006f80  _GpioCtrlRegs                         
1     00006fc0  _GpioDataRegs                         
1     00006fe0  _GpioIntRegs                          
0     003f75be  _HRCAP1_INT_ISR                       
0     003f75b4  _HRCAP2_INT_ISR                       
0     003f75aa  _HRCAP3_INT_ISR                       
0     003f75a0  _HRCAP4_INT_ISR                       
1     00006ac0  _HRCap1Regs                           
1     00006ae0  _HRCap2Regs                           
1     00006c80  _HRCap3Regs                           
1     00006ca0  _HRCap4Regs                           
0     003f7596  _I2CINT1A_ISR                         
0     003f758c  _I2CINT2A_ISR                         
1     00007900  _I2caRegs                             
0     003f7582  _ILLEGAL_ISR                          
0     003f7578  _INT13_ISR                            
0     003f756e  _INT14_ISR                            
0     003ece8d  _InitPieCtrl                          
0     003ecf2a  _InitPieVectTable                     
0     003ecf49  _IntDefaultHandler                    
0     003ec4d8  _IntDisable                           
0     003ec4b1  _IntEnable                            
0     003ec46f  _IntMasterDisable                     
0     003ec46b  _IntMasterEnable                      
0     003ec473  _IntRegister                          
0     003ec491  _IntUnregister                        
0     003f54d0  _InternalUSBHCDSendEvent              
0     003ecd67  _InternalUSBRegisterTickHandler       
0     003ecd97  _InternalUSBStartOfFrameTick          
0     003ecd3c  _InternalUSBTickInit                  
0     003ecd63  _InternalUSBTickReset                 
0     003ec5bd  _Interrupt_disable                    
0     003ec573  _Interrupt_enable                     
0     003f7564  _LUF_ISR                              
0     003f755a  _LVF_ISR                              
0     003f7550  _MRINTA_ISR                           
0     003f7546  _MXINTA_ISR                           
1     00005000  _McbspaRegs                           
0     003f753c  _NMI_ISR                              
1     00007060  _NmiIntruptRegs                       
0     003ec1fd  _OTGDeviceDisconnect                  
0     003f7532  _PIE_RESERVED                         
1     003d7e80  _PartIdRegs                           
1     00000ce0  _PieCtrlRegs                          
1     00000d00  _PieVectTable                         
0     003f4000  _PieVectTableInit                     
0     003f633a  _ProcessDataFromHost                  
0     003f63c7  _ProcessDataToHost                    
0     003f6398  _ProcessNotificationToHost            
0     003f7528  _RTOSINT_ISR                          
0     003e8004  _RamfuncsLoadEnd                      
abs   00000004  _RamfuncsLoadSize                     
0     003e8000  _RamfuncsLoadStart                    
0     00008000  _RamfuncsRunStart                     
0     003f7b77  _RxHandler                            
0     003f751e  _SCIRXINTA_ISR                        
0     003f7514  _SCIRXINTB_ISR                        
0     003f750a  _SCITXINTA_ISR                        
0     003f7500  _SCITXINTB_ISR                        
0     003f74f6  _SPIRXINTA_ISR                        
0     003f74ec  _SPIRXINTB_ISR                        
0     003f74e2  _SPITXINTA_ISR                        
0     003f74d8  _SPITXINTB_ISR                        
1     00007050  _SciaRegs                             
1     00007750  _ScibRegs                             
1     00007040  _SpiaRegs                             
1     00007740  _SpibRegs                             
0     003ecb8c  _SysCtlClockGet                       
0     003ecb80  _SysCtlDelay                          
0     003ecb48  _SysCtlPeripheralDisable              
0     003ecb10  _SysCtlPeripheralEnable               
0     003ecb0e  _SysCtlPeripheralPresent              
0     003ecb0d  _SysCtlPeripheralReset                
0     003ecb08  _SysCtlUSBPLLDisable                  
0     003ecaf6  _SysCtlUSBPLLEnable                   
0     003f7a44  _SysCtrlInit                          
1     00007010  _SysCtrlRegs                          
1     00000985  _SysPwrCtrlRegs                       
0     003f74ce  _TINT0_ISR                            
0     003f7b75  _TxHandler                            
0     003f7903  _UARTBusy                             
0     003f78ca  _UARTCharGet                          
0     003f78b9  _UARTCharGetNonBlocking               
0     003f78f3  _UARTCharPut                          
0     003f78e0  _UARTCharPutNonBlocking               
0     003f789f  _UARTCharsAvail                       
0     003f782f  _UARTConfigGetExpClk                  
0     003f77f8  _UARTConfigSetExpClk                  
0     003f785d  _UARTDisable                          
0     003f7853  _UARTEnable                           
0     003f787c  _UARTFIFODisable                      
0     003f7873  _UARTFIFOEnable                       
0     003f77e2  _UARTFIFOLevelGet                     
0     003f77c8  _UARTFIFOLevelSet                     
0     003f79fb  _UARTIntClear                         
0     003f7995  _UARTIntDisable                       
0     003f7964  _UARTIntEnable                        
0     003f79cb  _UARTIntStatus                        
0     003f77bf  _UARTParityModeGet                    
0     003f77b5  _UARTParityModeSet                    
0     003f7910  _UARTRXIntRegister                    
0     003f793c  _UARTRXIntUnregister                  
0     003f7a2e  _UARTRxErrorClear                     
0     003f7a28  _UARTRxErrorGet                       
0     003f78ac  _UARTSpaceAvail                       
0     003f7926  _UARTTXIntRegister                    
0     003f7950  _UARTTXIntUnregister                  
0     003f7895  _UARTTxIntModeGet                     
0     003f7885  _UARTTxIntModeSet                     
0     003ecf18  _USB0DeviceIntHandler                 
0     003ec050  _USB0DualModeIntHandler               
0     003f5455  _USB0HostIntHandler                   
0     003ec17e  _USB0OTGModeIntHandler                
0     003f74c4  _USB0_INT_ISR                         
0     003f7e8a  _USBBufferCallbackDataSet             
0     003f7edc  _USBBufferDataAvailable               
0     003f7e7a  _USBBufferDataRemoved                 
0     003f7e67  _USBBufferDataWritten                 
0     003f7ef4  _USBBufferEventCallback               
0     003f7eb3  _USBBufferFlush                       
0     003f7e59  _USBBufferInfoGet                     
0     003f7e28  _USBBufferInit                        
0     003f7ebf  _USBBufferRead                        
0     003f7ee8  _USBBufferSpaceAvailable              
0     003f7e94  _USBBufferWrite                       
0     003f7e42  _USBBufferZeroLengthPacketInsert      
0     003f66f9  _USBDCDCCompositeInit                 
0     003f6791  _USBDCDCInit                          
0     003f6867  _USBDCDCPacketRead                    
0     003f6821  _USBDCDCPacketWrite                   
0     003f6938  _USBDCDCPowerStatusSet                
0     003f6941  _USBDCDCRemoteWakeupRequest           
0     003f68df  _USBDCDCRxPacketAvailable             
0     003f690a  _USBDCDCSerialStateChange             
0     003f67f1  _USBDCDCSetControlCBData              
0     003f67fd  _USBDCDCSetRxCBData                   
0     003f680f  _USBDCDCSetTxCBData                   
0     003f67e4  _USBDCDCTerm                          
0     003f68cf  _USBDCDCTxPacketAvailable             
0     003ec6a9  _USBDCDConfigDescGet                  
0     003ec683  _USBDCDConfigDescGetNum               
0     003ec669  _USBDCDConfigDescGetSize              
0     003ec714  _USBDCDConfigGetInterface             
0     003ec72d  _USBDCDConfigGetInterfaceEndpoint     
0     003ec6ef  _USBDCDConfigGetNumAlternateInterfaces
0     003f59c3  _USBDCDDeviceInfoInit                 
0     003f59d3  _USBDCDInit                           
0     003f5aba  _USBDCDPowerStatusSet                 
0     003f5ac7  _USBDCDRemoteWakeupRequest            
0     003f5a84  _USBDCDRequestDataEP0                 
0     003f5a92  _USBDCDSendDataEP0                    
0     003f5aa1  _USBDCDSetDefaultConfiguration        
0     003f5aa9  _USBDCDStallEP0                       
0     003f5a51  _USBDCDTerm                           
0     003f7f38  _USBDelay                             
0     003ec9b0  _USBDescGet                           
0     003eca2d  _USBDescGetInterface                  
0     003eca47  _USBDescGetInterfaceEndpoint          
0     003ec988  _USBDescGetNum                        
0     003ec9dd  _USBDescGetNumAlternateInterfaces     
0     003f7011  _USBDevAddrGet                        
0     003f700d  _USBDevAddrSet                        
0     003f7007  _USBDevConnect                        
0     003f7000  _USBDevDisconnect                     
0     003f6fba  _USBDevEndpointConfigGet              
0     003f6f54  _USBDevEndpointConfigSet              
0     003f6f3a  _USBDevEndpointDataAck                
0     003f6f18  _USBDevEndpointStall                  
0     003f6ef1  _USBDevEndpointStallClear             
0     003f6eb2  _USBDevEndpointStatusClear            
0     003f6eac  _USBDevMode                           
0     003ec2b5  _USBDeviceConfig                      
0     003ec3fe  _USBDeviceConfigAlternate             
0     003f5b4b  _USBDeviceEnumHandler                 
0     003f5c0c  _USBDeviceEnumResetHandler            
0     003f6180  _USBDeviceIntHandlerInternal          
0     003f5add  _USBDeviceResumeTickHandler           
0     003ec08b  _USBDualModeInit                      
0     003ec0cf  _USBDualModeTerm                      
0     003f6e87  _USBEndpointDMAChannel                
0     003f6e6f  _USBEndpointDMADisable                
0     003f6e59  _USBEndpointDMAEnable                 
0     003f6e41  _USBEndpointDataAvail                 
0     003f6e0e  _USBEndpointDataGet                   
0     003f6de8  _USBEndpointDataPut                   
0     003f6dbb  _USBEndpointDataSend                  
0     003f6da5  _USBEndpointDataToggleClear           
0     003f6d99  _USBEndpointPacketCountSet            
0     003f6d81  _USBEndpointStatus                    
0     003f6d7a  _USBFIFOAddrGet                       
0     003f6d47  _USBFIFOConfigGet                     
0     003f6cf1  _USBFIFOConfigSet                     
0     003f6ca6  _USBFIFOFlush                         
0     003f6ca2  _USBFrameNumberGet                    
0     003f7f30  _USBGPIODisable                       
0     003f7f28  _USBGPIOEnable                        
0     003f5742  _USBHCDControlTransfer                
0     003f5940  _USBHCDDevAddress                     
0     003f5954  _USBHCDDevClass                       
0     003f592c  _USBHCDDevHubPort                     
0     003f599e  _USBHCDDevProtocol                    
0     003f5979  _USBHCDDevSubClass                    
0     003f44a2  _USBHCDEventDisable                   
0     003f448d  _USBHCDEventEnable                    
0     003f57d4  _USBHCDHubDeviceConnected             
0     003f582c  _USBHCDHubDeviceDisconnected          
0     003f4da9  _USBHCDInit                           
0     003f557d  _USBHCDMain                           
0     003f476b  _USBHCDPipeAlloc                      
0     003f4577  _USBHCDPipeAllocSize                  
0     003f477a  _USBHCDPipeConfig                     
0     003f4a23  _USBHCDPipeDataAck                    
0     003f4b58  _USBHCDPipeFree                       
0     003f4a40  _USBHCDPipeRead                       
0     003f49f8  _USBHCDPipeReadNonBlocking            
0     003f4951  _USBHCDPipeSchedule                   
0     003f484a  _USBHCDPipeStatus                     
0     003f484f  _USBHCDPipeWrite                      
0     003f4d9e  _USBHCDPowerAutomatic                 
0     003f4d6d  _USBHCDPowerConfigGet                 
0     003f4d65  _USBHCDPowerConfigInit                
0     003f4d74  _USBHCDPowerConfigSet                 
0     003f4dfb  _USBHCDRegisterDrivers                
0     003f4e68  _USBHCDReset                          
0     003f4e97  _USBHCDResume                         
0     003f4f57  _USBHCDSetAddress                     
0     003f5000  _USBHCDSetConfig                      
0     003f5024  _USBHCDSetInterface                   
0     003f4e8e  _USBHCDSuspend                        
0     003f4e06  _USBHCDTerm                           
0     003f7406  _USBHHubClose                         
0     003f73d6  _USBHHubEnumerationComplete           
0     003f73e7  _USBHHubEnumerationError              
0     003f740f  _USBHHubInit                          
0     003f72e9  _USBHHubMain                          
0     003f73f8  _USBHHubOpen                          
0     003f6c8d  _USBHostAddrGet                       
0     003f6c76  _USBHostAddrSet                       
0     003f5050  _USBHostCheckPipes                    
0     003f6bdc  _USBHostEndpointConfig                
0     003f6bca  _USBHostEndpointDataAck               
0     003f6b98  _USBHostEndpointDataToggle            
0     003f6b74  _USBHostEndpointStatusClear           
0     003f6b5f  _USBHostHubAddrGet                    
0     003f6b3b  _USBHostHubAddrSet                    
0     003f50dc  _USBHostIntHandlerInternal            
0     003f6b35  _USBHostMode                          
0     003f6b1e  _USBHostPwrConfig                     
0     003f6b18  _USBHostPwrDisable                    
0     003f6b12  _USBHostPwrEnable                     
0     003f6b0c  _USBHostPwrFaultDisable               
0     003f6b06  _USBHostPwrFaultEnable                
0     003f6af7  _USBHostRequestIN                     
0     003f6ae6  _USBHostRequestINClear                
0     003f6ae0  _USBHostRequestStatus                 
0     003f6ad2  _USBHostReset                         
0     003f6ac4  _USBHostResume                        
0     003f6ab5  _USBHostSpeedGet                      
0     003f6aaf  _USBHostSuspend                       
0     003f6a75  _USBIntDisable                        
0     003f6a54  _USBIntDisableControl                 
0     003f6a49  _USBIntDisableEndpoint                
0     003f6a16  _USBIntEnable                         
0     003f69f8  _USBIntEnableControl                  
0     003f69ef  _USBIntEnableEndpoint                 
0     003f69e8  _USBIntRegister                       
0     003f69aa  _USBIntStatus                         
0     003f6988  _USBIntStatusControl                  
0     003f6979  _USBIntStatusEndpoint                 
0     003f6972  _USBIntUnregister                     
0     003ec92d  _USBLibDMAInit                        
0     003f696b  _USBModeGet                           
0     003f6969  _USBNumEndpointsGet                   
0     003ec20b  _USBOTGMain                           
0     003f6963  _USBOTGMode                           
0     003ec106  _USBOTGModeInit                       
0     003ec0e9  _USBOTGModeTerm                       
0     003ec176  _USBOTGPollRate                       
0     003f6955  _USBOTGSessionRequest                 
0     003f694f  _USBPHYPowerOff                       
0     003f6948  _USBPHYPowerOn                        
0     003ec837  _USBRingBufAdvanceRead                
0     003ec84e  _USBRingBufAdvanceWrite               
0     003ec7e9  _USBRingBufContigFree                 
0     003ec7d9  _USBRingBufContigUsed                 
0     003ec798  _USBRingBufEmpty                      
0     003ec7aa  _USBRingBufFlush                      
0     003ec7ce  _USBRingBufFree                       
0     003ec77f  _USBRingBufFull                       
0     003ec8a3  _USBRingBufInit                       
0     003ec81c  _USBRingBufRead                       
0     003ec809  _USBRingBufReadOne                    
0     003ec804  _USBRingBufSize                       
0     003ec7bd  _USBRingBufUsed                       
0     003ec889  _USBRingBufWrite                      
0     003ec875  _USBRingBufWriteOne                   
0     003ec03a  _USBStackModeSet                      
0     003ecc68  _USBUARTRXIntHandler                  
0     003ecc21  _USBUARTTXIntHandler                  
0     003f74ba  _USER10_ISR                           
0     003f74b0  _USER11_ISR                           
0     003f74a6  _USER12_ISR                           
0     003f749c  _USER1_ISR                            
0     003f7492  _USER2_ISR                            
0     003f7488  _USER3_ISR                            
0     003f747e  _USER4_ISR                            
0     003f7474  _USER5_ISR                            
0     003f746a  _USER6_ISR                            
0     003f7460  _USER7_ISR                            
0     003f7456  _USER8_ISR                            
0     003f744c  _USER9_ISR                            
1     00004000  _Usb0Regs                             
0     003f7442  _WAKEINT_ISR                          
0     003f7438  _XINT1_ISR                            
0     003f742e  _XINT2_ISR                            
0     003f7424  _XINT3_ISR                            
1     00007070  _XIntruptRegs                         
1     00000350  __STACK_END                           
abs   00000300  __STACK_SIZE                          
1     000097b4  ___TI_cleanup_ptr                     
1     000097b6  ___TI_dtors_ptr                       
abs   ffffffff  ___binit__                            
abs   ffffffff  ___c_args__                           
0     003f42be  ___cinit__                            
abs   ffffffff  ___etext__                            
abs   ffffffff  ___pinit__                            
abs   ffffffff  ___text__                             
0     003eced0  __args_main                           
1     000097b8  __lock                                
0     003ecf5e  __nop                                 
0     003ecf5a  __register_lock                       
0     003ecf56  __register_unlock                     
1     00000050  __stack                               
1     000097ba  __unlock                              
0     003ecee9  _abort                                
0     003ece47  _c_int00                              
0     003eceeb  _exit                                 
0     003ecb91  _f28x_USB0DeviceIntHandler            
0     003ecbf1  _f28x_USB0DualModeIntHandler          
0     003ecbc1  _f28x_USB0HostIntHandler              
1     0000978c  _g_bUSBTimerInitialized               
1     000097ac  _g_eOTGModeState                      
1     000097ab  _g_iUSBMode                           
0     003f42ba  _g_pCDCCompSerConfigDescriptors       
1     00009792  _g_pfnTickHandlers                    
1     00009440  _g_pi8USBRxBuffer                     
1     00009540  _g_pi8USBTxBuffer                     
0     003f42bc  _g_ppCDCSerConfigDescriptors          
1     000097c0  _g_ppsDevInfo                         
1     00009394  _g_psCDCCompSerSections               
1     0000938e  _g_psCDCSerSections                   
1     000097c4  _g_psDCDInst                          
0     003f4208  _g_pui8CDCSerCommInterface            
0     003f4268  _g_pui8CDCSerDataInterface            
1     000093a4  _g_pui8CDCSerDescriptor               
1     000093ad  _g_pui8CDCSerDeviceDescriptor         
0     003f4100  _g_pui8ConfigString                   
0     003f4194  _g_pui8ControlInterfaceString         
1     0000939c  _g_pui8IADSerDescriptor               
0     003f42b6  _g_pui8LangDescriptor                 
0     003f41c0  _g_pui8ManufacturerString             
0     003f422b  _g_pui8ProdectString                  
1     000093d8  _g_pui8RxBufferWorkspace              
0     003f427f  _g_pui8SerialNumberString             
0     003f42a2  _g_pui8StringDescriptors              
1     000093c0  _g_pui8TxBufferWorkspace              
1     0000979e  _g_pvTickInstance                     
0     003f413e  _g_sCDCCompSerConfigHeader            
1     00009400  _g_sCDCDevice                         
0     003f414e  _g_sCDCHandlers                       
0     003f413a  _g_sCDCSerCommInterfaceSection        
0     003f4142  _g_sCDCSerConfigHeader                
0     003f414a  _g_sCDCSerConfigSection               
0     003f4136  _g_sCDCSerDataInterfaceSection        
0     003f4146  _g_sIADSerConfigSection               
0     003f41f6  _g_sRxBuffer                          
0     003f41e4  _g_sTxBuffer                          
0     003f42ae  _g_sUSBHubClassDriver                 
1     0000978e  _g_ui32CurrentUSBTick                 
1     000097b0  _g_ui32PollRate                       
1     00009790  _g_ui32USBSOFCount                    
1     000097b2  _g_ui32WaitTicks                      
0     003f7a81  _main                                 
1     00009642  _pcStr1                               
1     00009644  _pcStr2                               
0     003f741a  _rsvd_ISR                             
abs   ffffffff  binit                                 
0     003f42be  cinit                                 
abs   ffffffff  etext                                 
abs   ffffffff  pinit                                 


GLOBAL SYMBOLS: SORTED BY Symbol Address 

page  address   name                                  
----  -------   ----                                  
0     00008000  _DSP28x_usDelay                       
0     00008000  _RamfuncsRunStart                     
0     003e8000  _RamfuncsLoadStart                    
0     003e8004  _RamfuncsLoadEnd                      
0     003ec03a  _USBStackModeSet                      
0     003ec050  _USB0DualModeIntHandler               
0     003ec08b  _USBDualModeInit                      
0     003ec0cf  _USBDualModeTerm                      
0     003ec0e9  _USBOTGModeTerm                       
0     003ec106  _USBOTGModeInit                       
0     003ec176  _USBOTGPollRate                       
0     003ec17e  _USB0OTGModeIntHandler                
0     003ec1fd  _OTGDeviceDisconnect                  
0     003ec20b  _USBOTGMain                           
0     003ec2b5  _USBDeviceConfig                      
0     003ec3fe  _USBDeviceConfigAlternate             
0     003ec46b  _IntMasterEnable                      
0     003ec46f  _IntMasterDisable                     
0     003ec473  _IntRegister                          
0     003ec491  _IntUnregister                        
0     003ec4b1  _IntEnable                            
0     003ec4d8  _IntDisable                           
0     003ec573  _Interrupt_enable                     
0     003ec5bd  _Interrupt_disable                    
0     003ec669  _USBDCDConfigDescGetSize              
0     003ec683  _USBDCDConfigDescGetNum               
0     003ec6a9  _USBDCDConfigDescGet                  
0     003ec6ef  _USBDCDConfigGetNumAlternateInterfaces
0     003ec714  _USBDCDConfigGetInterface             
0     003ec72d  _USBDCDConfigGetInterfaceEndpoint     
0     003ec77f  _USBRingBufFull                       
0     003ec798  _USBRingBufEmpty                      
0     003ec7aa  _USBRingBufFlush                      
0     003ec7bd  _USBRingBufUsed                       
0     003ec7ce  _USBRingBufFree                       
0     003ec7d9  _USBRingBufContigUsed                 
0     003ec7e9  _USBRingBufContigFree                 
0     003ec804  _USBRingBufSize                       
0     003ec809  _USBRingBufReadOne                    
0     003ec81c  _USBRingBufRead                       
0     003ec837  _USBRingBufAdvanceRead                
0     003ec84e  _USBRingBufAdvanceWrite               
0     003ec875  _USBRingBufWriteOne                   
0     003ec889  _USBRingBufWrite                      
0     003ec8a3  _USBRingBufInit                       
0     003ec92d  _USBLibDMAInit                        
0     003ec988  _USBDescGetNum                        
0     003ec9b0  _USBDescGet                           
0     003ec9dd  _USBDescGetNumAlternateInterfaces     
0     003eca2d  _USBDescGetInterface                  
0     003eca47  _USBDescGetInterfaceEndpoint          
0     003eca5a  FD$$ADD                               
0     003ecaf6  _SysCtlUSBPLLEnable                   
0     003ecb08  _SysCtlUSBPLLDisable                  
0     003ecb0d  _SysCtlPeripheralReset                
0     003ecb0e  _SysCtlPeripheralPresent              
0     003ecb10  _SysCtlPeripheralEnable               
0     003ecb48  _SysCtlPeripheralDisable              
0     003ecb80  _SysCtlDelay                          
0     003ecb8c  _SysCtlClockGet                       
0     003ecb91  _f28x_USB0DeviceIntHandler            
0     003ecbc1  _f28x_USB0HostIntHandler              
0     003ecbf1  _f28x_USB0DualModeIntHandler          
0     003ecc21  _USBUARTTXIntHandler                  
0     003ecc68  _USBUARTRXIntHandler                  
0     003eccb1  FD$$DIV                               
0     003ecd3c  _InternalUSBTickInit                  
0     003ecd63  _InternalUSBTickReset                 
0     003ecd67  _InternalUSBRegisterTickHandler       
0     003ecd97  _InternalUSBStartOfFrameTick          
0     003ecdc4  FD$$MPY                               
0     003ece47  _c_int00                              
0     003ece8d  _InitPieCtrl                          
0     003eceac  _EnableInterrupts                     
0     003eceb5  FD$$TOUL                              
0     003eced0  __args_main                           
0     003ecee9  C$$EXIT                               
0     003ecee9  _abort                                
0     003eceeb  _exit                                 
0     003ecf02  UL$$TOFD                              
0     003ecf18  _USB0DeviceIntHandler                 
0     003ecf2a  _InitPieVectTable                     
0     003ecf3b  FD$$SUB                               
0     003ecf49  _IntDefaultHandler                    
0     003ecf56  __register_unlock                     
0     003ecf5a  __register_lock                       
0     003ecf5e  __nop                                 
0     003f4000  _PieVectTableInit                     
0     003f4100  _g_pui8ConfigString                   
0     003f4136  _g_sCDCSerDataInterfaceSection        
0     003f413a  _g_sCDCSerCommInterfaceSection        
0     003f413e  _g_sCDCCompSerConfigHeader            
0     003f4142  _g_sCDCSerConfigHeader                
0     003f4146  _g_sIADSerConfigSection               
0     003f414a  _g_sCDCSerConfigSection               
0     003f414e  _g_sCDCHandlers                       
0     003f4194  _g_pui8ControlInterfaceString         
0     003f41c0  _g_pui8ManufacturerString             
0     003f41e4  _g_sTxBuffer                          
0     003f41f6  _g_sRxBuffer                          
0     003f4208  _g_pui8CDCSerCommInterface            
0     003f422b  _g_pui8ProdectString                  
0     003f4268  _g_pui8CDCSerDataInterface            
0     003f427f  _g_pui8SerialNumberString             
0     003f42a2  _g_pui8StringDescriptors              
0     003f42ae  _g_sUSBHubClassDriver                 
0     003f42b6  _g_pui8LangDescriptor                 
0     003f42ba  _g_pCDCCompSerConfigDescriptors       
0     003f42bc  _g_ppCDCSerConfigDescriptors          
0     003f42be  ___cinit__                            
0     003f42be  cinit                                 
0     003f43ce  _ConfigDescAlloc                      
0     003f441c  _ConfigDescFree                       
0     003f448d  _USBHCDEventEnable                    
0     003f44a2  _USBHCDEventDisable                   
0     003f4577  _USBHCDPipeAllocSize                  
0     003f476b  _USBHCDPipeAlloc                      
0     003f477a  _USBHCDPipeConfig                     
0     003f484a  _USBHCDPipeStatus                     
0     003f484f  _USBHCDPipeWrite                      
0     003f4951  _USBHCDPipeSchedule                   
0     003f49f8  _USBHCDPipeReadNonBlocking            
0     003f4a23  _USBHCDPipeDataAck                    
0     003f4a40  _USBHCDPipeRead                       
0     003f4b58  _USBHCDPipeFree                       
0     003f4d65  _USBHCDPowerConfigInit                
0     003f4d6d  _USBHCDPowerConfigGet                 
0     003f4d74  _USBHCDPowerConfigSet                 
0     003f4d9e  _USBHCDPowerAutomatic                 
0     003f4da9  _USBHCDInit                           
0     003f4dfb  _USBHCDRegisterDrivers                
0     003f4e06  _USBHCDTerm                           
0     003f4e68  _USBHCDReset                          
0     003f4e8e  _USBHCDSuspend                        
0     003f4e97  _USBHCDResume                         
0     003f4f57  _USBHCDSetAddress                     
0     003f5000  _USBHCDSetConfig                      
0     003f5024  _USBHCDSetInterface                   
0     003f5050  _USBHostCheckPipes                    
0     003f50dc  _USBHostIntHandlerInternal            
0     003f5455  _USB0HostIntHandler                   
0     003f54d0  _InternalUSBHCDSendEvent              
0     003f557d  _USBHCDMain                           
0     003f5742  _USBHCDControlTransfer                
0     003f57d4  _USBHCDHubDeviceConnected             
0     003f582c  _USBHCDHubDeviceDisconnected          
0     003f592c  _USBHCDDevHubPort                     
0     003f5940  _USBHCDDevAddress                     
0     003f5954  _USBHCDDevClass                       
0     003f5979  _USBHCDDevSubClass                    
0     003f599e  _USBHCDDevProtocol                    
0     003f59c3  _USBDCDDeviceInfoInit                 
0     003f59d3  _USBDCDInit                           
0     003f5a51  _USBDCDTerm                           
0     003f5a84  _USBDCDRequestDataEP0                 
0     003f5a92  _USBDCDSendDataEP0                    
0     003f5aa1  _USBDCDSetDefaultConfiguration        
0     003f5aa9  _USBDCDStallEP0                       
0     003f5aba  _USBDCDPowerStatusSet                 
0     003f5ac7  _USBDCDRemoteWakeupRequest            
0     003f5add  _USBDeviceResumeTickHandler           
0     003f5b4b  _USBDeviceEnumHandler                 
0     003f5c0c  _USBDeviceEnumResetHandler            
0     003f6180  _USBDeviceIntHandlerInternal          
0     003f633a  _ProcessDataFromHost                  
0     003f6398  _ProcessNotificationToHost            
0     003f63c7  _ProcessDataToHost                    
0     003f66f9  _USBDCDCCompositeInit                 
0     003f6791  _USBDCDCInit                          
0     003f67e4  _USBDCDCTerm                          
0     003f67f1  _USBDCDCSetControlCBData              
0     003f67fd  _USBDCDCSetRxCBData                   
0     003f680f  _USBDCDCSetTxCBData                   
0     003f6821  _USBDCDCPacketWrite                   
0     003f6867  _USBDCDCPacketRead                    
0     003f68cf  _USBDCDCTxPacketAvailable             
0     003f68df  _USBDCDCRxPacketAvailable             
0     003f690a  _USBDCDCSerialStateChange             
0     003f6938  _USBDCDCPowerStatusSet                
0     003f6941  _USBDCDCRemoteWakeupRequest           
0     003f6948  _USBPHYPowerOn                        
0     003f694f  _USBPHYPowerOff                       
0     003f6955  _USBOTGSessionRequest                 
0     003f6963  _USBOTGMode                           
0     003f6969  _USBNumEndpointsGet                   
0     003f696b  _USBModeGet                           
0     003f6972  _USBIntUnregister                     
0     003f6979  _USBIntStatusEndpoint                 
0     003f6988  _USBIntStatusControl                  
0     003f69aa  _USBIntStatus                         
0     003f69e8  _USBIntRegister                       
0     003f69ef  _USBIntEnableEndpoint                 
0     003f69f8  _USBIntEnableControl                  
0     003f6a16  _USBIntEnable                         
0     003f6a49  _USBIntDisableEndpoint                
0     003f6a54  _USBIntDisableControl                 
0     003f6a75  _USBIntDisable                        
0     003f6aaf  _USBHostSuspend                       
0     003f6ab5  _USBHostSpeedGet                      
0     003f6ac4  _USBHostResume                        
0     003f6ad2  _USBHostReset                         
0     003f6ae0  _USBHostRequestStatus                 
0     003f6ae6  _USBHostRequestINClear                
0     003f6af7  _USBHostRequestIN                     
0     003f6b06  _USBHostPwrFaultEnable                
0     003f6b0c  _USBHostPwrFaultDisable               
0     003f6b12  _USBHostPwrEnable                     
0     003f6b18  _USBHostPwrDisable                    
0     003f6b1e  _USBHostPwrConfig                     
0     003f6b35  _USBHostMode                          
0     003f6b3b  _USBHostHubAddrSet                    
0     003f6b5f  _USBHostHubAddrGet                    
0     003f6b74  _USBHostEndpointStatusClear           
0     003f6b98  _USBHostEndpointDataToggle            
0     003f6bca  _USBHostEndpointDataAck               
0     003f6bdc  _USBHostEndpointConfig                
0     003f6c76  _USBHostAddrSet                       
0     003f6c8d  _USBHostAddrGet                       
0     003f6ca2  _USBFrameNumberGet                    
0     003f6ca6  _USBFIFOFlush                         
0     003f6cf1  _USBFIFOConfigSet                     
0     003f6d47  _USBFIFOConfigGet                     
0     003f6d7a  _USBFIFOAddrGet                       
0     003f6d81  _USBEndpointStatus                    
0     003f6d99  _USBEndpointPacketCountSet            
0     003f6da5  _USBEndpointDataToggleClear           
0     003f6dbb  _USBEndpointDataSend                  
0     003f6de8  _USBEndpointDataPut                   
0     003f6e0e  _USBEndpointDataGet                   
0     003f6e41  _USBEndpointDataAvail                 
0     003f6e59  _USBEndpointDMAEnable                 
0     003f6e6f  _USBEndpointDMADisable                
0     003f6e87  _USBEndpointDMAChannel                
0     003f6eac  _USBDevMode                           
0     003f6eb2  _USBDevEndpointStatusClear            
0     003f6ef1  _USBDevEndpointStallClear             
0     003f6f18  _USBDevEndpointStall                  
0     003f6f3a  _USBDevEndpointDataAck                
0     003f6f54  _USBDevEndpointConfigSet              
0     003f6fba  _USBDevEndpointConfigGet              
0     003f7000  _USBDevDisconnect                     
0     003f7007  _USBDevConnect                        
0     003f700d  _USBDevAddrSet                        
0     003f7011  _USBDevAddrGet                        
0     003f72e9  _USBHHubMain                          
0     003f73d6  _USBHHubEnumerationComplete           
0     003f73e7  _USBHHubEnumerationError              
0     003f73f8  _USBHHubOpen                          
0     003f7406  _USBHHubClose                         
0     003f740f  _USBHHubInit                          
0     003f741a  _rsvd_ISR                             
0     003f7424  _XINT3_ISR                            
0     003f742e  _XINT2_ISR                            
0     003f7438  _XINT1_ISR                            
0     003f7442  _WAKEINT_ISR                          
0     003f744c  _USER9_ISR                            
0     003f7456  _USER8_ISR                            
0     003f7460  _USER7_ISR                            
0     003f746a  _USER6_ISR                            
0     003f7474  _USER5_ISR                            
0     003f747e  _USER4_ISR                            
0     003f7488  _USER3_ISR                            
0     003f7492  _USER2_ISR                            
0     003f749c  _USER1_ISR                            
0     003f74a6  _USER12_ISR                           
0     003f74b0  _USER11_ISR                           
0     003f74ba  _USER10_ISR                           
0     003f74c4  _USB0_INT_ISR                         
0     003f74ce  _TINT0_ISR                            
0     003f74d8  _SPITXINTB_ISR                        
0     003f74e2  _SPITXINTA_ISR                        
0     003f74ec  _SPIRXINTB_ISR                        
0     003f74f6  _SPIRXINTA_ISR                        
0     003f7500  _SCITXINTB_ISR                        
0     003f750a  _SCITXINTA_ISR                        
0     003f7514  _SCIRXINTB_ISR                        
0     003f751e  _SCIRXINTA_ISR                        
0     003f7528  _RTOSINT_ISR                          
0     003f7532  _PIE_RESERVED                         
0     003f753c  _NMI_ISR                              
0     003f7546  _MXINTA_ISR                           
0     003f7550  _MRINTA_ISR                           
0     003f755a  _LVF_ISR                              
0     003f7564  _LUF_ISR                              
0     003f756e  _INT14_ISR                            
0     003f7578  _INT13_ISR                            
0     003f7582  _ILLEGAL_ISR                          
0     003f758c  _I2CINT2A_ISR                         
0     003f7596  _I2CINT1A_ISR                         
0     003f75a0  _HRCAP4_INT_ISR                       
0     003f75aa  _HRCAP3_INT_ISR                       
0     003f75b4  _HRCAP2_INT_ISR                       
0     003f75be  _HRCAP1_INT_ISR                       
0     003f75c8  _EQEP2_INT_ISR                        
0     003f75d2  _EQEP1_INT_ISR                        
0     003f75dc  _EPWM8_TZINT_ISR                      
0     003f75e6  _EPWM8_INT_ISR                        
0     003f75f0  _EPWM7_TZINT_ISR                      
0     003f75fa  _EPWM7_INT_ISR                        
0     003f7604  _EPWM6_TZINT_ISR                      
0     003f760e  _EPWM6_INT_ISR                        
0     003f7618  _EPWM5_TZINT_ISR                      
0     003f7622  _EPWM5_INT_ISR                        
0     003f762c  _EPWM4_TZINT_ISR                      
0     003f7636  _EPWM4_INT_ISR                        
0     003f7640  _EPWM3_TZINT_ISR                      
0     003f764a  _EPWM3_INT_ISR                        
0     003f7654  _EPWM2_TZINT_ISR                      
0     003f765e  _EPWM2_INT_ISR                        
0     003f7668  _EPWM1_TZINT_ISR                      
0     003f7672  _EPWM1_INT_ISR                        
0     003f767c  _EMUINT_ISR                           
0     003f7686  _EMPTY_ISR                            
0     003f7693  _ECAP3_INT_ISR                        
0     003f769d  _ECAP2_INT_ISR                        
0     003f76a7  _ECAP1_INT_ISR                        
0     003f76b1  _ECAN1INTA_ISR                        
0     003f76bb  _ECAN0INTA_ISR                        
0     003f76c5  _DINTCH6_ISR                          
0     003f76cf  _DINTCH5_ISR                          
0     003f76d9  _DINTCH4_ISR                          
0     003f76e3  _DINTCH3_ISR                          
0     003f76ed  _DINTCH2_ISR                          
0     003f76f7  _DINTCH1_ISR                          
0     003f7701  _DATALOG_ISR                          
0     003f770b  _CLA1_INT8_ISR                        
0     003f7715  _CLA1_INT7_ISR                        
0     003f771f  _CLA1_INT6_ISR                        
0     003f7729  _CLA1_INT5_ISR                        
0     003f7733  _CLA1_INT4_ISR                        
0     003f773d  _CLA1_INT3_ISR                        
0     003f7747  _CLA1_INT2_ISR                        
0     003f7751  _CLA1_INT1_ISR                        
0     003f775b  _ADCINT9_ISR                          
0     003f7765  _ADCINT8_ISR                          
0     003f776f  _ADCINT7_ISR                          
0     003f7779  _ADCINT6_ISR                          
0     003f7783  _ADCINT5_ISR                          
0     003f778d  _ADCINT4_ISR                          
0     003f7797  _ADCINT3_ISR                          
0     003f77a1  _ADCINT2_ISR                          
0     003f77ab  _ADCINT1_ISR                          
0     003f77b5  _UARTParityModeSet                    
0     003f77bf  _UARTParityModeGet                    
0     003f77c8  _UARTFIFOLevelSet                     
0     003f77e2  _UARTFIFOLevelGet                     
0     003f77f8  _UARTConfigSetExpClk                  
0     003f782f  _UARTConfigGetExpClk                  
0     003f7853  _UARTEnable                           
0     003f785d  _UARTDisable                          
0     003f7873  _UARTFIFOEnable                       
0     003f787c  _UARTFIFODisable                      
0     003f7885  _UARTTxIntModeSet                     
0     003f7895  _UARTTxIntModeGet                     
0     003f789f  _UARTCharsAvail                       
0     003f78ac  _UARTSpaceAvail                       
0     003f78b9  _UARTCharGetNonBlocking               
0     003f78ca  _UARTCharGet                          
0     003f78e0  _UARTCharPutNonBlocking               
0     003f78f3  _UARTCharPut                          
0     003f7903  _UARTBusy                             
0     003f7910  _UARTRXIntRegister                    
0     003f7926  _UARTTXIntRegister                    
0     003f793c  _UARTRXIntUnregister                  
0     003f7950  _UARTTXIntUnregister                  
0     003f7964  _UARTIntEnable                        
0     003f7995  _UARTIntDisable                       
0     003f79cb  _UARTIntStatus                        
0     003f79fb  _UARTIntClear                         
0     003f7a28  _UARTRxErrorGet                       
0     003f7a2e  _UARTRxErrorClear                     
0     003f7a44  _SysCtrlInit                          
0     003f7a81  _main                                 
0     003f7b75  _TxHandler                            
0     003f7b77  _RxHandler                            
0     003f7ca5  _ControlHandler                       
0     003f7e28  _USBBufferInit                        
0     003f7e42  _USBBufferZeroLengthPacketInsert      
0     003f7e59  _USBBufferInfoGet                     
0     003f7e67  _USBBufferDataWritten                 
0     003f7e7a  _USBBufferDataRemoved                 
0     003f7e8a  _USBBufferCallbackDataSet             
0     003f7e94  _USBBufferWrite                       
0     003f7eb3  _USBBufferFlush                       
0     003f7ebf  _USBBufferRead                        
0     003f7edc  _USBBufferDataAvailable               
0     003f7ee8  _USBBufferSpaceAvailable              
0     003f7ef4  _USBBufferEventCallback               
0     003f7f28  _USBGPIOEnable                        
0     003f7f30  _USBGPIODisable                       
0     003f7f38  _USBDelay                             
1     00000050  __stack                               
1     00000350  __STACK_END                           
1     00000880  _DevEmuRegs                           
1     00000985  _SysPwrCtrlRegs                       
1     00000a80  _FlashRegs                            
1     00000ae0  _CsmRegs                              
1     00000b00  _AdcResult                            
1     00000c00  _CpuTimer0Regs                        
1     00000c08  _CpuTimer1Regs                        
1     00000c10  _CpuTimer2Regs                        
1     00000ce0  _PieCtrlRegs                          
1     00000d00  _EmuKey                               
1     00000d00  _PieVectTable                         
1     00000d01  _EmuBMode                             
1     00000d02  _Flash_CallbackPtr                    
1     00000d04  _Flash_CPUScaleFactor                 
1     00001000  _DmaRegs                              
1     00001400  _Cla1Regs                             
1     00004000  _Usb0Regs                             
1     00005000  _McbspaRegs                           
1     00006000  _ECanaRegs                            
1     00006040  _ECanaLAMRegs                         
1     00006080  _ECanaMOTSRegs                        
1     000060c0  _ECanaMOTORegs                        
1     00006100  _ECanaMboxes                          
1     00006400  _Comp1Regs                            
1     00006420  _Comp2Regs                            
1     00006440  _Comp3Regs                            
1     00006800  _EPwm1Regs                            
1     00006840  _EPwm2Regs                            
1     00006880  _EPwm3Regs                            
1     000068c0  _EPwm4Regs                            
1     00006900  _EPwm5Regs                            
1     00006940  _EPwm6Regs                            
1     00006980  _EPwm7Regs                            
1     000069c0  _EPwm8Regs                            
1     00006a00  _ECap1Regs                            
1     00006a20  _ECap2Regs                            
1     00006a40  _ECap3Regs                            
1     00006ac0  _HRCap1Regs                           
1     00006ae0  _HRCap2Regs                           
1     00006b00  _EQep1Regs                            
1     00006b40  _EQep2Regs                            
1     00006c80  _HRCap3Regs                           
1     00006ca0  _HRCap4Regs                           
1     00006f80  _GpioCtrlRegs                         
1     00006fc0  _GpioDataRegs                         
1     00006fe0  _GpioIntRegs                          
1     00007010  _SysCtrlRegs                          
1     00007040  _SpiaRegs                             
1     00007050  _SciaRegs                             
1     00007060  _NmiIntruptRegs                       
1     00007070  _XIntruptRegs                         
1     00007100  _AdcRegs                              
1     00007740  _SpibRegs                             
1     00007750  _ScibRegs                             
1     00007900  _I2caRegs                             
1     0000938e  _g_psCDCSerSections                   
1     00009394  _g_psCDCCompSerSections               
1     0000939c  _g_pui8IADSerDescriptor               
1     000093a4  _g_pui8CDCSerDescriptor               
1     000093ad  _g_pui8CDCSerDeviceDescriptor         
1     000093c0  _g_pui8TxBufferWorkspace              
1     000093d8  _g_pui8RxBufferWorkspace              
1     00009400  _g_sCDCDevice                         
1     00009440  _g_pi8USBRxBuffer                     
1     00009540  _g_pi8USBTxBuffer                     
1     00009642  _pcStr1                               
1     00009644  _pcStr2                               
1     0000978c  _g_bUSBTimerInitialized               
1     0000978e  _g_ui32CurrentUSBTick                 
1     00009790  _g_ui32USBSOFCount                    
1     00009792  _g_pfnTickHandlers                    
1     0000979e  _g_pvTickInstance                     
1     000097ab  _g_iUSBMode                           
1     000097ac  _g_eOTGModeState                      
1     000097b0  _g_ui32PollRate                       
1     000097b2  _g_ui32WaitTicks                      
1     000097b4  ___TI_cleanup_ptr                     
1     000097b6  ___TI_dtors_ptr                       
1     000097b8  __lock                                
1     000097ba  __unlock                              
1     000097c0  _g_ppsDevInfo                         
1     000097c4  _g_psDCDInst                          
1     003d7e80  _PartIdRegs                           
1     003f7ff8  _CsmPwl                               
abs   00000004  _RamfuncsLoadSize                     
abs   00000300  __STACK_SIZE                          
abs   ffffffff  .text                                 
abs   ffffffff  ___binit__                            
abs   ffffffff  ___c_args__                           
abs   ffffffff  ___etext__                            
abs   ffffffff  ___pinit__                            
abs   ffffffff  ___text__                             
abs   ffffffff  binit                                 
abs   ffffffff  etext                                 
abs   ffffffff  pinit                                 

[488 symbols]
