******************************************************************************
             TMS320C2000 Linker PC v6.4.6                      
******************************************************************************
>> Linked Sat Apr 30 15:48:43 2016

OUTPUT FILE NAME:   <PicoCommander.out>
ENTRY POINT SYMBOL: "_c_int00"  address: 003ed164


MEMORY CONFIGURATION

         name            origin    length      used     unused   attr    fill
----------------------  --------  ---------  --------  --------  ----  --------
PAGE 0:
  RAML0                 00008000   00000800  00000004  000007fc  RWIX
  RAML1                 00008800   00000400  00000000  00000400  RWIX
  OTP                   003d7800   00000400  00000000  00000400  RWIX
  FLASHH                003d8000   00004000  00000000  00004000  RWIX
  FLASHG                003dc000   00004000  00000000  00004000  RWIX
  FLASHF                003e0000   00004000  00000000  00004000  RWIX
  FLASHE                003e4000   00004000  00000000  00004000  RWIX
  FLASHD                003e8000   00004000  00000004  00003ffc  RWIX
  FLASHC                003ec000   00004000  00001269  00002d97  RWIX
  FLASHA                003f4000   00003f80  00003f7e  00000002  RWIX
  CSM_RSVD              003f7f80   00000076  00000000  00000076  RWIX
  BEGIN                 003f7ff6   00000002  00000002  00000000  RWIX
  CSM_PWL_P0            003f7ff8   00000008  00000000  00000008  RWIX
  FPUTABLES             003fd860   000006a0  00000000  000006a0  RWIX
  IQTABLES              003fdf00   00000b50  00000000  00000b50  RWIX
  IQTABLES2             003fea50   0000008c  00000000  0000008c  RWIX
  IQTABLES3             003feadc   000000aa  00000000  000000aa  RWIX
  ROM                   003ff3b0   00000c10  00000000  00000c10  RWIX
  RESET                 003fffc0   00000002  00000000  00000002  RWIX
  VECTORS               003fffc2   0000003e  00000000  0000003e  RWIX

PAGE 1:
  BOOT_RSVD             00000000   00000050  00000000  00000050  RWIX
  RAMM0                 00000050   000003b0  00000300  000000b0  RWIX
  RAMM1                 00000400   00000400  00000000  00000400  RWIX
  DEV_EMU               00000880   00000105  00000004  00000101  RWIX
  SYS_PWR_CTL           00000985   00000003  00000003  00000000  RWIX
  FLASH_REGS            00000a80   00000060  00000008  00000058  RWIX
  CSM                   00000ae0   00000020  00000010  00000010  RWIX
  ADC_RESULT            00000b00   00000020  00000010  00000010  RWIX
  CPU_TIMER0            00000c00   00000008  00000008  00000000  RWIX
  CPU_TIMER1            00000c08   00000008  00000008  00000000  RWIX
  CPU_TIMER2            00000c10   00000008  00000008  00000000  RWIX
  PIE_CTRL              00000ce0   00000020  0000001a  00000006  RWIX
  PIE_VECT              00000d00   00000100  00000100  00000000  RWIX
  DMA                   00001000   00000200  000000e0  00000120  RWIX
  CLA1                  00001400   00000080  00000040  00000040  RWIX
  USB0                  00004000   00001000  00000454  00000bac  RWIX
  McBSPA                00005000   00000040  00000024  0000001c  RWIX
  ECANA                 00006000   00000040  00000034  0000000c  RWIX
  ECANA_LAM             00006040   00000040  00000040  00000000  RWIX
  ECANA_MOTS            00006080   00000040  00000040  00000000  RWIX
  ECANA_MOTO            000060c0   00000040  00000040  00000000  RWIX
  ECANA_MBOX            00006100   00000100  00000100  00000000  RWIX
  COMP1                 00006400   00000020  00000014  0000000c  RWIX
  COMP2                 00006420   00000020  00000014  0000000c  RWIX
  COMP3                 00006440   00000020  00000014  0000000c  RWIX
  EPWM1                 00006800   00000040  00000040  00000000  RWIX
  EPWM2                 00006840   00000040  00000040  00000000  RWIX
  EPWM3                 00006880   00000040  00000040  00000000  RWIX
  EPWM4                 000068c0   00000040  00000040  00000000  RWIX
  EPWM5                 00006900   00000040  00000040  00000000  RWIX
  EPWM6                 00006940   00000040  00000040  00000000  RWIX
  EPWM7                 00006980   00000040  00000040  00000000  RWIX
  EPWM8                 000069c0   00000040  00000040  00000000  RWIX
  ECAP1                 00006a00   00000020  00000020  00000000  RWIX
  ECAP2                 00006a20   00000020  00000020  00000000  RWIX
  ECAP3                 00006a40   00000020  00000020  00000000  RWIX
  HRCAP1                00006ac0   00000020  00000020  00000000  RWIX
  HRCAP2                00006ae0   00000020  00000020  00000000  RWIX
  EQEP1                 00006b00   00000040  00000022  0000001e  RWIX
  EQEP2                 00006b40   00000040  00000022  0000001e  RWIX
  HRCAP3                00006c80   00000020  00000020  00000000  RWIX
  HRCAP4                00006ca0   00000020  00000020  00000000  RWIX
  GPIOCTRL              00006f80   00000040  00000040  00000000  RWIX
  GPIODAT               00006fc0   00000020  00000020  00000000  RWIX
  GPIOINT               00006fe0   00000020  00000020  00000000  RWIX
  SYSTEM                00007010   00000030  00000030  00000000  RWIX
  SPIA                  00007040   00000010  00000010  00000000  RWIX
  SCIA                  00007050   00000010  00000010  00000000  RWIX
  NMIINTRUPT            00007060   00000010  00000010  00000000  RWIX
  XINTRUPT              00007070   00000010  00000010  00000000  RWIX
  ADC                   00007100   00000080  00000050  00000030  RWIX
  SPIB                  00007740   00000010  00000010  00000000  RWIX
  SCIB                  00007750   00000010  00000010  00000000  RWIX
  I2CA                  00007900   00000040  00000022  0000001e  RWIX
  RAML2                 00008c00   00000400  00000000  00000400  RWIX
  RAML3                 00009000   00001000  00000bfe  00000402  RWIX
  RAML4                 0000a000   00002000  00000000  00002000  RWIX
  RAML5                 0000c000   00002000  00000000  00002000  RWIX
  RAML6                 0000e000   00002000  00000000  00002000  RWIX
  RAML7                 00010000   00002000  00000000  00002000  RWIX
  RAML8                 00012000   00002000  00000000  00002000  RWIX
  USB_RAM               00040000   00000800  00000000  00000800  RWIX
  PARTID                003d7e80   00000001  00000001  00000000  RWIX
  FLASHB                003f0000   00004000  00000000  00004000  RWIX
  CSM_PWL               003f7ff8   00000008  00000008  00000000  RWIX


SECTION ALLOCATION MAP

 output                                  attributes/
section   page    origin      length       input sections
--------  ----  ----------  ----------   ----------------
.cinit     0    003f43b8    000000ec     
                  003f43b8    00000046     usblib.lib : usbhostenum.obj (.cinit)
                  003f43fe    00000040                : usbdcdc.obj (.cinit)
                  003f443e    00000017     usb_serial_structs.obj (.cinit)
                  003f4455    00000015     main.obj (.cinit)
                  003f446a    0000000e     usblib.lib : usbtick.obj (.cinit)
                  003f4478    0000000d                : usbmode.obj (.cinit)
                  003f4485    0000000a     rts2800_fpu32.lib : exit.obj (.cinit)
                  003f448f    00000005                       : _lock.obj (.cinit:__lock)
                  003f4494    00000005                       : _lock.obj (.cinit:__unlock)
                  003f4499    00000005     usblib.lib : usbdenum.obj (.cinit)
                  003f449e    00000004     rts2800_fpu32.lib : errno.obj (.cinit)
                  003f44a2    00000002     --HOLE-- [fill = 0]

.pinit     0    003f4000    00000000     UNINITIALIZED

ramfuncs   0    003e8000    00000004     RUN ADDR = 00008000
                  003e8000    00000004     F2806x_usDelay.obj (ramfuncs)

.text.1    0    003ec000    00001269     
                  003ec000    00000265     usblib.lib : usbbuffer.obj (.text)
                  003ec265    0000025b                : usbmode.obj (.text)
                  003ec4c0    00000210                : usbdconfig.obj (.text)
                  003ec6d0    0000019d     driverlib.lib : interrupt.obj (.text)
                  003ec86d    00000157     usblib.lib : usbdcdesc.obj (.text)
                  003ec9c4    00000153                : usbringbuf.obj (.text)
                  003ecb17    000000d6                : usbdma.obj (.text)
                  003ecbed    000000d2                : usbdesc.obj (.text)
                  003eccbf    000000b8     rts2800_fpu32.lib : strtoul.obj (.text)
                  003ecd77    0000009c                       : fd_add.obj (.text)
                  003ece13    0000009b     sysctl.obj (.text)
                  003eceae    00000090     driverlib.lib : usb_hal.obj (.text:retain)
                  003ecf3e    00000090     main.obj (.text:retain)
                  003ecfce    0000008b     rts2800_fpu32.lib : fd_div.obj (.text)
                  003ed059    00000088     usblib.lib : usbtick.obj (.text)
                  003ed0e1    00000083     rts2800_fpu32.lib : fd_mpy.obj (.text)
                  003ed164    00000046                       : boot.obj (.text)
                  003ed1aa    00000028     F2806x_PieCtrl.obj (.text)
                  003ed1d2    00000019     rts2800_fpu32.lib : args_main.obj (.text)
                  003ed1eb    00000019                       : exit.obj (.text)
                  003ed204    00000016                       : ul_tofd.obj (.text)
                  003ed21a    00000012     usblib.lib : usbdhandler.obj (.text)
                  003ed22c    00000011     F2806x_PieVect.obj (.text)
                  003ed23d    0000000e     rts2800_fpu32.lib : fd_sub.obj (.text)
                  003ed24b    0000000d     driverlib.lib : interrupt.obj (.text:retain)
                  003ed258    00000009     rts2800_fpu32.lib : _lock.obj (.text)
                  003ed261    00000008     F2806x_CodeStartBranch.obj (.text)

.econst    0    003f4000    000003b8     
                  003f4000    00000101     rts2800_fpu32.lib : ctype.obj (.econst:.string:__ctypes_)
                  003f4101    00000001     --HOLE-- [fill = 0]
                  003f4102    00000100     F2806x_PieVect.obj (.econst)
                  003f4202    00000036     usb_serial_structs.obj (.econst:_g_pui8ConfigString)
                  003f4238    00000030     usblib.lib : usbdcdc.obj (.econst)
                  003f4268    0000002c     usb_serial_structs.obj (.econst:_g_pui8ControlInterfaceString)
                  003f4294    00000025     main.obj (.econst:.string)
                  003f42b9    00000024     usb_serial_structs.obj (.econst:_g_pui8ManufacturerString)
                  003f42dd    00000001     --HOLE-- [fill = 0]
                  003f42de    00000024     usb_serial_structs.obj (.econst)
                  003f4302    00000023     usblib.lib : usbdcdc.obj (.econst:_g_pui8CDCSerCommInterface)
                  003f4325    00000022     usb_serial_structs.obj (.econst:_g_pui8ProdectString)
                  003f4347    00000001     --HOLE-- [fill = 0]
                  003f4348    0000001a     usblib.lib : usbdenum.obj (.econst:_g_psUSBDStdRequests)
                  003f4362    00000017                : usbdcdc.obj (.econst:_g_pui8CDCSerDataInterface)
                  003f4379    00000012     usb_serial_structs.obj (.econst:_g_pui8SerialNumberString)
                  003f438b    00000001     --HOLE-- [fill = 0]
                  003f438c    00000010     driverlib.lib : usb_hal.obj (.econst)
                  003f439c    0000000c     usb_serial_structs.obj (.econst:_g_pui8StringDescriptors)
                  003f43a8    00000008     usblib.lib : usbhhub.obj (.econst)
                  003f43b0    00000004     usb_serial_structs.obj (.econst:_g_pui8LangDescriptor)
                  003f43b4    00000002     usblib.lib : usbdcdc.obj (.econst:_g_pCDCCompSerConfigDescriptors)
                  003f43b6    00000002                : usbdcdc.obj (.econst:_g_ppCDCSerConfigDescriptors)

.switch    0    003f44a4    0000002a     
                  003f44a4    0000002a     usblib.lib : usbdcdc.obj (.switch:_HandleRequests)

.text.2    0    003f44ce    00003ab0     
                  003f44ce    000015f5     usblib.lib : usbhostenum.obj (.text)
                  003f5ac3    00000855                : usbdenum.obj (.text)
                  003f6318    00000730                : usbdcdc.obj (.text)
                  003f6a48    000006ce     usb.obj (.text)
                  003f7116    00000404     usblib.lib : usbhhub.obj (.text)
                  003f751a    000003c3     main.obj (.text)
                  003f78dd    0000039b     F2806x_DefaultIsr.obj (.text:retain)
                  003f7c78    0000028f     driverlib.lib : uart.obj (.text)
                  003f7f07    00000052                   : usb_hal.obj (.text)
                  003f7f59    0000001b     rts2800_fpu32.lib : fd_toul.obj (.text)
                  003f7f74    0000000a                       : strcmp.obj (.text)

codestart 
*          0    003f7ff6    00000002     
                  003f7ff6    00000002     F2806x_CodeStartBranch.obj (codestart)

.stack     1    00000050    00000300     UNINITIALIZED
                  00000050    00000300     --HOLE--

DevEmuRegsFile 
*          1    00000880    00000004     UNINITIALIZED
                  00000880    00000004     F2806x_GlobalVariableDefs.obj (DevEmuRegsFile)

SysPwrCtrlRegsFile 
*          1    00000985    00000003     UNINITIALIZED
                  00000985    00000003     F2806x_GlobalVariableDefs.obj (SysPwrCtrlRegsFile)

FlashRegsFile 
*          1    00000a80    00000008     UNINITIALIZED
                  00000a80    00000008     F2806x_GlobalVariableDefs.obj (FlashRegsFile)

CsmRegsFile 
*          1    00000ae0    00000010     UNINITIALIZED
                  00000ae0    00000010     F2806x_GlobalVariableDefs.obj (CsmRegsFile)

AdcResultFile 
*          1    00000b00    00000010     UNINITIALIZED
                  00000b00    00000010     F2806x_GlobalVariableDefs.obj (AdcResultFile)

CpuTimer0RegsFile 
*          1    00000c00    00000008     UNINITIALIZED
                  00000c00    00000008     F2806x_GlobalVariableDefs.obj (CpuTimer0RegsFile)

CpuTimer1RegsFile 
*          1    00000c08    00000008     UNINITIALIZED
                  00000c08    00000008     F2806x_GlobalVariableDefs.obj (CpuTimer1RegsFile)

CpuTimer2RegsFile 
*          1    00000c10    00000008     UNINITIALIZED
                  00000c10    00000008     F2806x_GlobalVariableDefs.obj (CpuTimer2RegsFile)

PieCtrlRegsFile 
*          1    00000ce0    0000001a     UNINITIALIZED
                  00000ce0    0000001a     F2806x_GlobalVariableDefs.obj (PieCtrlRegsFile)

PieVectTableFile 
*          1    00000d00    00000100     UNINITIALIZED
                  00000d00    00000100     F2806x_GlobalVariableDefs.obj (PieVectTableFile)

EmuKeyVar 
*          1    00000d00    00000001     UNINITIALIZED
                  00000d00    00000001     F2806x_GlobalVariableDefs.obj (EmuKeyVar)

EmuBModeVar 
*          1    00000d01    00000001     UNINITIALIZED
                  00000d01    00000001     F2806x_GlobalVariableDefs.obj (EmuBModeVar)

FlashCallbackVar 
*          1    00000d02    00000002     UNINITIALIZED
                  00000d02    00000002     F2806x_GlobalVariableDefs.obj (FlashCallbackVar)

FlashScalingVar 
*          1    00000d04    00000002     UNINITIALIZED
                  00000d04    00000002     F2806x_GlobalVariableDefs.obj (FlashScalingVar)

DmaRegsFile 
*          1    00001000    000000e0     UNINITIALIZED
                  00001000    000000e0     F2806x_GlobalVariableDefs.obj (DmaRegsFile)

Cla1RegsFile 
*          1    00001400    00000040     UNINITIALIZED
                  00001400    00000040     F2806x_GlobalVariableDefs.obj (Cla1RegsFile)

Usb0RegsFile 
*          1    00004000    00000454     UNINITIALIZED
                  00004000    00000454     F2806x_GlobalVariableDefs.obj (Usb0RegsFile)

McbspaRegsFile 
*          1    00005000    00000024     UNINITIALIZED
                  00005000    00000024     F2806x_GlobalVariableDefs.obj (McbspaRegsFile)

ECanaRegsFile 
*          1    00006000    00000034     UNINITIALIZED
                  00006000    00000034     F2806x_GlobalVariableDefs.obj (ECanaRegsFile)

ECanaLAMRegsFile 
*          1    00006040    00000040     UNINITIALIZED
                  00006040    00000040     F2806x_GlobalVariableDefs.obj (ECanaLAMRegsFile)

ECanaMOTSRegsFile 
*          1    00006080    00000040     UNINITIALIZED
                  00006080    00000040     F2806x_GlobalVariableDefs.obj (ECanaMOTSRegsFile)

ECanaMOTORegsFile 
*          1    000060c0    00000040     UNINITIALIZED
                  000060c0    00000040     F2806x_GlobalVariableDefs.obj (ECanaMOTORegsFile)

ECanaMboxesFile 
*          1    00006100    00000100     UNINITIALIZED
                  00006100    00000100     F2806x_GlobalVariableDefs.obj (ECanaMboxesFile)

Comp1RegsFile 
*          1    00006400    00000014     UNINITIALIZED
                  00006400    00000014     F2806x_GlobalVariableDefs.obj (Comp1RegsFile)

Comp2RegsFile 
*          1    00006420    00000014     UNINITIALIZED
                  00006420    00000014     F2806x_GlobalVariableDefs.obj (Comp2RegsFile)

Comp3RegsFile 
*          1    00006440    00000014     UNINITIALIZED
                  00006440    00000014     F2806x_GlobalVariableDefs.obj (Comp3RegsFile)

EPwm1RegsFile 
*          1    00006800    00000040     UNINITIALIZED
                  00006800    00000040     F2806x_GlobalVariableDefs.obj (EPwm1RegsFile)

EPwm2RegsFile 
*          1    00006840    00000040     UNINITIALIZED
                  00006840    00000040     F2806x_GlobalVariableDefs.obj (EPwm2RegsFile)

EPwm3RegsFile 
*          1    00006880    00000040     UNINITIALIZED
                  00006880    00000040     F2806x_GlobalVariableDefs.obj (EPwm3RegsFile)

EPwm4RegsFile 
*          1    000068c0    00000040     UNINITIALIZED
                  000068c0    00000040     F2806x_GlobalVariableDefs.obj (EPwm4RegsFile)

EPwm5RegsFile 
*          1    00006900    00000040     UNINITIALIZED
                  00006900    00000040     F2806x_GlobalVariableDefs.obj (EPwm5RegsFile)

EPwm6RegsFile 
*          1    00006940    00000040     UNINITIALIZED
                  00006940    00000040     F2806x_GlobalVariableDefs.obj (EPwm6RegsFile)

EPwm7RegsFile 
*          1    00006980    00000040     UNINITIALIZED
                  00006980    00000040     F2806x_GlobalVariableDefs.obj (EPwm7RegsFile)

EPwm8RegsFile 
*          1    000069c0    00000040     UNINITIALIZED
                  000069c0    00000040     F2806x_GlobalVariableDefs.obj (EPwm8RegsFile)

ECap1RegsFile 
*          1    00006a00    00000020     UNINITIALIZED
                  00006a00    00000020     F2806x_GlobalVariableDefs.obj (ECap1RegsFile)

ECap2RegsFile 
*          1    00006a20    00000020     UNINITIALIZED
                  00006a20    00000020     F2806x_GlobalVariableDefs.obj (ECap2RegsFile)

ECap3RegsFile 
*          1    00006a40    00000020     UNINITIALIZED
                  00006a40    00000020     F2806x_GlobalVariableDefs.obj (ECap3RegsFile)

HRCap1RegsFile 
*          1    00006ac0    00000020     UNINITIALIZED
                  00006ac0    00000020     F2806x_GlobalVariableDefs.obj (HRCap1RegsFile)

HRCap2RegsFile 
*          1    00006ae0    00000020     UNINITIALIZED
                  00006ae0    00000020     F2806x_GlobalVariableDefs.obj (HRCap2RegsFile)

EQep1RegsFile 
*          1    00006b00    00000022     UNINITIALIZED
                  00006b00    00000022     F2806x_GlobalVariableDefs.obj (EQep1RegsFile)

EQep2RegsFile 
*          1    00006b40    00000022     UNINITIALIZED
                  00006b40    00000022     F2806x_GlobalVariableDefs.obj (EQep2RegsFile)

HRCap3RegsFile 
*          1    00006c80    00000020     UNINITIALIZED
                  00006c80    00000020     F2806x_GlobalVariableDefs.obj (HRCap3RegsFile)

HRCap4RegsFile 
*          1    00006ca0    00000020     UNINITIALIZED
                  00006ca0    00000020     F2806x_GlobalVariableDefs.obj (HRCap4RegsFile)

GpioCtrlRegsFile 
*          1    00006f80    00000040     UNINITIALIZED
                  00006f80    00000040     F2806x_GlobalVariableDefs.obj (GpioCtrlRegsFile)

GpioDataRegsFile 
*          1    00006fc0    00000020     UNINITIALIZED
                  00006fc0    00000020     F2806x_GlobalVariableDefs.obj (GpioDataRegsFile)

GpioIntRegsFile 
*          1    00006fe0    00000020     UNINITIALIZED
                  00006fe0    00000020     F2806x_GlobalVariableDefs.obj (GpioIntRegsFile)

SysCtrlRegsFile 
*          1    00007010    00000030     UNINITIALIZED
                  00007010    00000030     F2806x_GlobalVariableDefs.obj (SysCtrlRegsFile)

SpiaRegsFile 
*          1    00007040    00000010     UNINITIALIZED
                  00007040    00000010     F2806x_GlobalVariableDefs.obj (SpiaRegsFile)

SciaRegsFile 
*          1    00007050    00000010     UNINITIALIZED
                  00007050    00000010     F2806x_GlobalVariableDefs.obj (SciaRegsFile)

NmiIntruptRegsFile 
*          1    00007060    00000010     UNINITIALIZED
                  00007060    00000010     F2806x_GlobalVariableDefs.obj (NmiIntruptRegsFile)

XIntruptRegsFile 
*          1    00007070    00000010     UNINITIALIZED
                  00007070    00000010     F2806x_GlobalVariableDefs.obj (XIntruptRegsFile)

AdcRegsFile 
*          1    00007100    00000050     UNINITIALIZED
                  00007100    00000050     F2806x_GlobalVariableDefs.obj (AdcRegsFile)

SpibRegsFile 
*          1    00007740    00000010     UNINITIALIZED
                  00007740    00000010     F2806x_GlobalVariableDefs.obj (SpibRegsFile)

ScibRegsFile 
*          1    00007750    00000010     UNINITIALIZED
                  00007750    00000010     F2806x_GlobalVariableDefs.obj (ScibRegsFile)

I2caRegsFile 
*          1    00007900    00000022     UNINITIALIZED
                  00007900    00000022     F2806x_GlobalVariableDefs.obj (I2caRegsFile)

.ebss      1    00009000    00000bfe     UNINITIALIZED
                  00009000    00000440     main.obj (.ebss)
                  00009440    0000038e     usblib.lib : usbhostenum.obj (.ebss)
                  000097ce    00000031                : usbdcdc.obj (.ebss)
                  000097ff    00000001     rts2800_fpu32.lib : errno.obj (.ebss)
                  00009800    00000280     usb_serial_structs.obj (.ebss)
                  00009a80    0000008c     usblib.lib : usbdma.obj (.ebss)
                  00009b0c    0000001e                : usbtick.obj (.ebss)
                  00009b2a    0000000a                : usbmode.obj (.ebss)
                  00009b34    00000004     rts2800_fpu32.lib : exit.obj (.ebss)
                  00009b38    00000002                       : _lock.obj (.ebss:__lock)
                  00009b3a    00000002                       : _lock.obj (.ebss:__unlock)
                  00009b3c    00000004     --HOLE--
                  00009b40    00000080     usblib.lib : usbdenum.obj (.ebss)
                  00009bc0    0000003e                : usbhhub.obj (.ebss)

.reset     0    003fffc0    00000002     DSECT
                  003fffc0    00000002     rts2800_fpu32.lib : boot.obj (.reset)

vectors    0    003fffc2    00000000     DSECT

PartIdRegsFile 
*          1    003d7e80    00000001     UNINITIALIZED
                  003d7e80    00000001     F2806x_GlobalVariableDefs.obj (PartIdRegsFile)

CsmPwlFile 
*          1    003f7ff8    00000008     UNINITIALIZED
                  003f7ff8    00000008     F2806x_GlobalVariableDefs.obj (CsmPwlFile)


GLOBAL DATA SYMBOLS: SORTED BY DATA PAGE

address     data page           name
--------    ----------------    ----
00000050       1 (00000040)     __stack

00000880      22 (00000880)     _DevEmuRegs

00000985      26 (00000980)     _SysPwrCtrlRegs

00000a80      2a (00000a80)     _FlashRegs

00000ae0      2b (00000ac0)     _CsmRegs

00000b00      2c (00000b00)     _AdcResult

00000c00      30 (00000c00)     _CpuTimer0Regs
00000c08      30 (00000c00)     _CpuTimer1Regs
00000c10      30 (00000c00)     _CpuTimer2Regs

00000ce0      33 (00000cc0)     _PieCtrlRegs

00000d00      34 (00000d00)     _EmuKey
00000d00      34 (00000d00)     _PieVectTable
00000d01      34 (00000d00)     _EmuBMode
00000d02      34 (00000d00)     _Flash_CallbackPtr
00000d04      34 (00000d00)     _Flash_CPUScaleFactor

00001000      40 (00001000)     _DmaRegs

00001400      50 (00001400)     _Cla1Regs

00004000     100 (00004000)     _Usb0Regs

00005000     140 (00005000)     _McbspaRegs

00006000     180 (00006000)     _ECanaRegs

00006040     181 (00006040)     _ECanaLAMRegs

00006080     182 (00006080)     _ECanaMOTSRegs

000060c0     183 (000060c0)     _ECanaMOTORegs

00006100     184 (00006100)     _ECanaMboxes

00006400     190 (00006400)     _Comp1Regs
00006420     190 (00006400)     _Comp2Regs

00006440     191 (00006440)     _Comp3Regs

00006800     1a0 (00006800)     _EPwm1Regs

00006840     1a1 (00006840)     _EPwm2Regs

00006880     1a2 (00006880)     _EPwm3Regs

000068c0     1a3 (000068c0)     _EPwm4Regs

00006900     1a4 (00006900)     _EPwm5Regs

00006940     1a5 (00006940)     _EPwm6Regs

00006980     1a6 (00006980)     _EPwm7Regs

000069c0     1a7 (000069c0)     _EPwm8Regs

00006a00     1a8 (00006a00)     _ECap1Regs
00006a20     1a8 (00006a00)     _ECap2Regs

00006a40     1a9 (00006a40)     _ECap3Regs

00006ac0     1ab (00006ac0)     _HRCap1Regs
00006ae0     1ab (00006ac0)     _HRCap2Regs

00006b00     1ac (00006b00)     _EQep1Regs

00006b40     1ad (00006b40)     _EQep2Regs

00006c80     1b2 (00006c80)     _HRCap3Regs
00006ca0     1b2 (00006c80)     _HRCap4Regs

00006f80     1be (00006f80)     _GpioCtrlRegs

00006fc0     1bf (00006fc0)     _GpioDataRegs
00006fe0     1bf (00006fc0)     _GpioIntRegs

00007010     1c0 (00007000)     _SysCtrlRegs

00007040     1c1 (00007040)     _SpiaRegs
00007050     1c1 (00007040)     _SciaRegs
00007060     1c1 (00007040)     _NmiIntruptRegs
00007070     1c1 (00007040)     _XIntruptRegs

00007100     1c4 (00007100)     _AdcRegs

00007740     1dd (00007740)     _SpibRegs
00007750     1dd (00007740)     _ScibRegs

00007900     1e4 (00007900)     _I2caRegs

00009000     240 (00009000)     _program_recieved
00009001     240 (00009000)     _program_compiled

000097ce     25f (000097c0)     _g_psCDCSerSections
000097d4     25f (000097c0)     _g_psCDCCompSerSections
000097dc     25f (000097c0)     _g_pui8IADSerDescriptor
000097e4     25f (000097c0)     _g_pui8CDCSerDescriptor
000097ed     25f (000097c0)     _g_pui8CDCSerDeviceDescriptor
000097ff     25f (000097c0)     _errno

00009800     260 (00009800)     _g_pui8TxBufferWorkspace
00009818     260 (00009800)     _g_pui8RxBufferWorkspace

00009840     261 (00009840)     _g_sCDCDevice

00009880     262 (00009880)     _g_pi8USBRxBuffer

00009980     266 (00009980)     _g_pi8USBTxBuffer

00009b0c     26c (00009b00)     _g_bUSBTimerInitialized
00009b0e     26c (00009b00)     _g_ui32CurrentUSBTick
00009b10     26c (00009b00)     _g_ui32USBSOFCount
00009b12     26c (00009b00)     _g_pfnTickHandlers
00009b1e     26c (00009b00)     _g_pvTickInstance
00009b2b     26c (00009b00)     _g_iUSBMode
00009b2c     26c (00009b00)     _g_eOTGModeState
00009b30     26c (00009b00)     _g_ui32PollRate
00009b32     26c (00009b00)     _g_ui32WaitTicks
00009b34     26c (00009b00)     ___TI_cleanup_ptr
00009b36     26c (00009b00)     ___TI_dtors_ptr
00009b38     26c (00009b00)     __lock
00009b3a     26c (00009b00)     __unlock

00009b40     26d (00009b40)     _g_ppsDevInfo
00009b44     26d (00009b40)     _g_psDCDInst

003d7e80    f5fa (003d7e80)     _PartIdRegs

003f4000    fd00 (003f4000)     __ctypes_

003f4102    fd04 (003f4100)     _PieVectTableInit

003f4202    fd08 (003f4200)     _g_pui8ConfigString
003f4238    fd08 (003f4200)     _g_sCDCSerDataInterfaceSection
003f423c    fd08 (003f4200)     _g_sCDCSerCommInterfaceSection

003f4240    fd09 (003f4240)     _g_sCDCCompSerConfigHeader
003f4244    fd09 (003f4240)     _g_sCDCSerConfigHeader
003f4248    fd09 (003f4240)     _g_sIADSerConfigSection
003f424c    fd09 (003f4240)     _g_sCDCSerConfigSection
003f4250    fd09 (003f4240)     _g_sCDCHandlers
003f4268    fd09 (003f4240)     _g_pui8ControlInterfaceString

003f42b9    fd0a (003f4280)     _g_pui8ManufacturerString

003f42de    fd0b (003f42c0)     _g_sTxBuffer
003f42f0    fd0b (003f42c0)     _g_sRxBuffer

003f4302    fd0c (003f4300)     _g_pui8CDCSerCommInterface
003f4325    fd0c (003f4300)     _g_pui8ProdectString

003f4362    fd0d (003f4340)     _g_pui8CDCSerDataInterface
003f4379    fd0d (003f4340)     _g_pui8SerialNumberString

003f439c    fd0e (003f4380)     _g_pui8StringDescriptors
003f43a8    fd0e (003f4380)     _g_sUSBHubClassDriver
003f43b0    fd0e (003f4380)     _g_pui8LangDescriptor
003f43b4    fd0e (003f4380)     _g_pCDCCompSerConfigDescriptors
003f43b6    fd0e (003f4380)     _g_ppCDCSerConfigDescriptors

003f7ff8    fdff (003f7fc0)     _CsmPwl


GLOBAL SYMBOLS: SORTED ALPHABETICALLY BY Name 

page  address   name                                  
----  -------   ----                                  
abs   ffffffff  .text                                 
0     003ed1eb  C$$EXIT                               
0     003ecd77  FD$$ADD                               
0     003ecfce  FD$$DIV                               
0     003ed0e1  FD$$MPY                               
0     003ed23d  FD$$SUB                               
0     003f7f59  FD$$TOUL                              
0     003ed204  UL$$TOFD                              
0     003f7c6e  _ADCINT1_ISR                          
0     003f7c64  _ADCINT2_ISR                          
0     003f7c5a  _ADCINT3_ISR                          
0     003f7c50  _ADCINT4_ISR                          
0     003f7c46  _ADCINT5_ISR                          
0     003f7c3c  _ADCINT6_ISR                          
0     003f7c32  _ADCINT7_ISR                          
0     003f7c28  _ADCINT8_ISR                          
0     003f7c1e  _ADCINT9_ISR                          
1     00007100  _AdcRegs                              
1     00000b00  _AdcResult                            
0     003f7c14  _CLA1_INT1_ISR                        
0     003f7c0a  _CLA1_INT2_ISR                        
0     003f7c00  _CLA1_INT3_ISR                        
0     003f7bf6  _CLA1_INT4_ISR                        
0     003f7bec  _CLA1_INT5_ISR                        
0     003f7be2  _CLA1_INT6_ISR                        
0     003f7bd8  _CLA1_INT7_ISR                        
0     003f7bce  _CLA1_INT8_ISR                        
1     00001400  _Cla1Regs                             
1     00006400  _Comp1Regs                            
1     00006420  _Comp2Regs                            
1     00006440  _Comp3Regs                            
0     003f44ce  _ConfigDescAlloc                      
0     003f451c  _ConfigDescFree                       
0     003f78bf  _ControlHandler                       
1     00000c00  _CpuTimer0Regs                        
1     00000c08  _CpuTimer1Regs                        
1     00000c10  _CpuTimer2Regs                        
1     003f7ff8  _CsmPwl                               
1     00000ae0  _CsmRegs                              
0     003f7bc4  _DATALOG_ISR                          
0     003f7bba  _DINTCH1_ISR                          
0     003f7bb0  _DINTCH2_ISR                          
0     003f7ba6  _DINTCH3_ISR                          
0     003f7b9c  _DINTCH4_ISR                          
0     003f7b92  _DINTCH5_ISR                          
0     003f7b88  _DINTCH6_ISR                          
0     00008000  _DSP28x_usDelay                       
1     00000880  _DevEmuRegs                           
1     00001000  _DmaRegs                              
0     003f7b7e  _ECAN0INTA_ISR                        
0     003f7b74  _ECAN1INTA_ISR                        
0     003f7b6a  _ECAP1_INT_ISR                        
0     003f7b60  _ECAP2_INT_ISR                        
0     003f7b56  _ECAP3_INT_ISR                        
1     00006040  _ECanaLAMRegs                         
1     000060c0  _ECanaMOTORegs                        
1     00006080  _ECanaMOTSRegs                        
1     00006100  _ECanaMboxes                          
1     00006000  _ECanaRegs                            
1     00006a00  _ECap1Regs                            
1     00006a20  _ECap2Regs                            
1     00006a40  _ECap3Regs                            
0     003f7b49  _EMPTY_ISR                            
0     003f7b3f  _EMUINT_ISR                           
0     003f7b35  _EPWM1_INT_ISR                        
0     003f7b2b  _EPWM1_TZINT_ISR                      
0     003f7b21  _EPWM2_INT_ISR                        
0     003f7b17  _EPWM2_TZINT_ISR                      
0     003f7b0d  _EPWM3_INT_ISR                        
0     003f7b03  _EPWM3_TZINT_ISR                      
0     003f7af9  _EPWM4_INT_ISR                        
0     003f7aef  _EPWM4_TZINT_ISR                      
0     003f7ae5  _EPWM5_INT_ISR                        
0     003f7adb  _EPWM5_TZINT_ISR                      
0     003f7ad1  _EPWM6_INT_ISR                        
0     003f7ac7  _EPWM6_TZINT_ISR                      
0     003f7abd  _EPWM7_INT_ISR                        
0     003f7ab3  _EPWM7_TZINT_ISR                      
0     003f7aa9  _EPWM8_INT_ISR                        
0     003f7a9f  _EPWM8_TZINT_ISR                      
1     00006800  _EPwm1Regs                            
1     00006840  _EPwm2Regs                            
1     00006880  _EPwm3Regs                            
1     000068c0  _EPwm4Regs                            
1     00006900  _EPwm5Regs                            
1     00006940  _EPwm6Regs                            
1     00006980  _EPwm7Regs                            
1     000069c0  _EPwm8Regs                            
0     003f7a95  _EQEP1_INT_ISR                        
0     003f7a8b  _EQEP2_INT_ISR                        
1     00006b00  _EQep1Regs                            
1     00006b40  _EQep2Regs                            
1     00000d01  _EmuBMode                             
1     00000d00  _EmuKey                               
0     003ed1c9  _EnableInterrupts                     
1     00000a80  _FlashRegs                            
1     00000d04  _Flash_CPUScaleFactor                 
1     00000d02  _Flash_CallbackPtr                    
1     00006f80  _GpioCtrlRegs                         
1     00006fc0  _GpioDataRegs                         
1     00006fe0  _GpioIntRegs                          
0     003f7a81  _HRCAP1_INT_ISR                       
0     003f7a77  _HRCAP2_INT_ISR                       
0     003f7a6d  _HRCAP3_INT_ISR                       
0     003f7a63  _HRCAP4_INT_ISR                       
1     00006ac0  _HRCap1Regs                           
1     00006ae0  _HRCap2Regs                           
1     00006c80  _HRCap3Regs                           
1     00006ca0  _HRCap4Regs                           
0     003f7561  _HexConstant                          
0     003f7a59  _I2CINT1A_ISR                         
0     003f7a4f  _I2CINT2A_ISR                         
1     00007900  _I2caRegs                             
0     003f7a45  _ILLEGAL_ISR                          
0     003f7a3b  _INT13_ISR                            
0     003f7a31  _INT14_ISR                            
0     003ed1aa  _InitPieCtrl                          
0     003ed22c  _InitPieVectTable                     
0     003ed24b  _IntDefaultHandler                    
0     003ec73d  _IntDisable                           
0     003ec716  _IntEnable                            
0     003ec6d4  _IntMasterDisable                     
0     003ec6d0  _IntMasterEnable                      
0     003ec6d8  _IntRegister                          
0     003ec6f6  _IntUnregister                        
0     003f55d0  _InternalUSBHCDSendEvent              
0     003ed084  _InternalUSBRegisterTickHandler       
0     003ed0b4  _InternalUSBStartOfFrameTick          
0     003ed059  _InternalUSBTickInit                  
0     003ed080  _InternalUSBTickReset                 
0     003ec822  _Interrupt_disable                    
0     003ec7d8  _Interrupt_enable                     
0     003f7a27  _LUF_ISR                              
0     003f7a1d  _LVF_ISR                              
0     003f7a13  _MRINTA_ISR                           
0     003f7a09  _MXINTA_ISR                           
1     00005000  _McbspaRegs                           
0     003f79ff  _NMI_ISR                              
1     00007060  _NmiIntruptRegs                       
0     003ec462  _OTGDeviceDisconnect                  
0     003f7557  _OctalAND                             
0     003f755e  _OctalShiftLeft                       
0     003f755c  _OctalShiftRight                      
0     003f79f5  _PIE_RESERVED                         
1     003d7e80  _PartIdRegs                           
1     00000ce0  _PieCtrlRegs                          
1     00000d00  _PieVectTable                         
0     003f4102  _PieVectTableInit                     
0     003f643a  _ProcessDataFromHost                  
0     003f64c7  _ProcessDataToHost                    
0     003f6498  _ProcessNotificationToHost            
0     003f79eb  _RTOSINT_ISR                          
0     003e8004  _RamfuncsLoadEnd                      
abs   00000004  _RamfuncsLoadSize                     
0     003e8000  _RamfuncsLoadStart                    
0     00008000  _RamfuncsRunStart                     
0     003f77c2  _RxHandler                            
0     003f79e1  _SCIRXINTA_ISR                        
0     003f79d7  _SCIRXINTB_ISR                        
0     003f79cd  _SCITXINTA_ISR                        
0     003f79c3  _SCITXINTB_ISR                        
0     003f79b9  _SPIRXINTA_ISR                        
0     003f79af  _SPIRXINTB_ISR                        
0     003f79a5  _SPITXINTA_ISR                        
0     003f799b  _SPITXINTB_ISR                        
1     00007050  _SciaRegs                             
1     00007750  _ScibRegs                             
1     00007040  _SpiaRegs                             
1     00007740  _SpibRegs                             
0     003ecea9  _SysCtlClockGet                       
0     003ece9d  _SysCtlDelay                          
0     003ece65  _SysCtlPeripheralDisable              
0     003ece2d  _SysCtlPeripheralEnable               
0     003ece2b  _SysCtlPeripheralPresent              
0     003ece2a  _SysCtlPeripheralReset                
0     003ece25  _SysCtlUSBPLLDisable                  
0     003ece13  _SysCtlUSBPLLEnable                   
0     003f751a  _SysCtrlInit                          
1     00007010  _SysCtrlRegs                          
1     00000985  _SysPwrCtrlRegs                       
0     003f7991  _TINT0_ISR                            
0     003f77c0  _TxHandler                            
0     003f7dc6  _UARTBusy                             
0     003f7d8d  _UARTCharGet                          
0     003f7d7c  _UARTCharGetNonBlocking               
0     003f7db6  _UARTCharPut                          
0     003f7da3  _UARTCharPutNonBlocking               
0     003f7d62  _UARTCharsAvail                       
0     003f7cf2  _UARTConfigGetExpClk                  
0     003f7cbb  _UARTConfigSetExpClk                  
0     003f7d20  _UARTDisable                          
0     003f7d16  _UARTEnable                           
0     003f7d3f  _UARTFIFODisable                      
0     003f7d36  _UARTFIFOEnable                       
0     003f7ca5  _UARTFIFOLevelGet                     
0     003f7c8b  _UARTFIFOLevelSet                     
0     003f7ebe  _UARTIntClear                         
0     003f7e58  _UARTIntDisable                       
0     003f7e27  _UARTIntEnable                        
0     003f7e8e  _UARTIntStatus                        
0     003f7c82  _UARTParityModeGet                    
0     003f7c78  _UARTParityModeSet                    
0     003f7dd3  _UARTRXIntRegister                    
0     003f7dff  _UARTRXIntUnregister                  
0     003f7ef1  _UARTRxErrorClear                     
0     003f7eeb  _UARTRxErrorGet                       
0     003f7d6f  _UARTSpaceAvail                       
0     003f7de9  _UARTTXIntRegister                    
0     003f7e13  _UARTTXIntUnregister                  
0     003f7d58  _UARTTxIntModeGet                     
0     003f7d48  _UARTTxIntModeSet                     
0     003ed21a  _USB0DeviceIntHandler                 
0     003ec2b5  _USB0DualModeIntHandler               
0     003f5555  _USB0HostIntHandler                   
0     003ec3e3  _USB0OTGModeIntHandler                
0     003f7987  _USB0_INT_ISR                         
0     003ec1c7  _USBBufferCallbackDataSet             
0     003ec219  _USBBufferDataAvailable               
0     003ec1b7  _USBBufferDataRemoved                 
0     003ec1a4  _USBBufferDataWritten                 
0     003ec231  _USBBufferEventCallback               
0     003ec1f0  _USBBufferFlush                       
0     003ec196  _USBBufferInfoGet                     
0     003ec165  _USBBufferInit                        
0     003ec1fc  _USBBufferRead                        
0     003ec225  _USBBufferSpaceAvailable              
0     003ec1d1  _USBBufferWrite                       
0     003ec17f  _USBBufferZeroLengthPacketInsert      
0     003f67f9  _USBDCDCCompositeInit                 
0     003f6891  _USBDCDCInit                          
0     003f6967  _USBDCDCPacketRead                    
0     003f6921  _USBDCDCPacketWrite                   
0     003f6a38  _USBDCDCPowerStatusSet                
0     003f6a41  _USBDCDCRemoteWakeupRequest           
0     003f69df  _USBDCDCRxPacketAvailable             
0     003f6a0a  _USBDCDCSerialStateChange             
0     003f68f1  _USBDCDCSetControlCBData              
0     003f68fd  _USBDCDCSetRxCBData                   
0     003f690f  _USBDCDCSetTxCBData                   
0     003f68e4  _USBDCDCTerm                          
0     003f69cf  _USBDCDCTxPacketAvailable             
0     003ec90e  _USBDCDConfigDescGet                  
0     003ec8e8  _USBDCDConfigDescGetNum               
0     003ec8ce  _USBDCDConfigDescGetSize              
0     003ec979  _USBDCDConfigGetInterface             
0     003ec992  _USBDCDConfigGetInterfaceEndpoint     
0     003ec954  _USBDCDConfigGetNumAlternateInterfaces
0     003f5ac3  _USBDCDDeviceInfoInit                 
0     003f5ad3  _USBDCDInit                           
0     003f5bba  _USBDCDPowerStatusSet                 
0     003f5bc7  _USBDCDRemoteWakeupRequest            
0     003f5b84  _USBDCDRequestDataEP0                 
0     003f5b92  _USBDCDSendDataEP0                    
0     003f5ba1  _USBDCDSetDefaultConfiguration        
0     003f5ba9  _USBDCDStallEP0                       
0     003f5b51  _USBDCDTerm                           
0     003f7f17  _USBDelay                             
0     003ecc15  _USBDescGet                           
0     003ecc92  _USBDescGetInterface                  
0     003eccac  _USBDescGetInterfaceEndpoint          
0     003ecbed  _USBDescGetNum                        
0     003ecc42  _USBDescGetNumAlternateInterfaces     
0     003f7111  _USBDevAddrGet                        
0     003f710d  _USBDevAddrSet                        
0     003f7107  _USBDevConnect                        
0     003f7100  _USBDevDisconnect                     
0     003f70ba  _USBDevEndpointConfigGet              
0     003f7054  _USBDevEndpointConfigSet              
0     003f703a  _USBDevEndpointDataAck                
0     003f7018  _USBDevEndpointStall                  
0     003f6ff1  _USBDevEndpointStallClear             
0     003f6fb2  _USBDevEndpointStatusClear            
0     003f6fac  _USBDevMode                           
0     003ec51a  _USBDeviceConfig                      
0     003ec663  _USBDeviceConfigAlternate             
0     003f5c4b  _USBDeviceEnumHandler                 
0     003f5d0c  _USBDeviceEnumResetHandler            
0     003f6280  _USBDeviceIntHandlerInternal          
0     003f5bdd  _USBDeviceResumeTickHandler           
0     003ec2f0  _USBDualModeInit                      
0     003ec334  _USBDualModeTerm                      
0     003f6f87  _USBEndpointDMAChannel                
0     003f6f6f  _USBEndpointDMADisable                
0     003f6f59  _USBEndpointDMAEnable                 
0     003f6f41  _USBEndpointDataAvail                 
0     003f6f0e  _USBEndpointDataGet                   
0     003f6ee8  _USBEndpointDataPut                   
0     003f6ebb  _USBEndpointDataSend                  
0     003f6ea5  _USBEndpointDataToggleClear           
0     003f6e99  _USBEndpointPacketCountSet            
0     003f6e81  _USBEndpointStatus                    
0     003f6e7a  _USBFIFOAddrGet                       
0     003f6e47  _USBFIFOConfigGet                     
0     003f6df1  _USBFIFOConfigSet                     
0     003f6da6  _USBFIFOFlush                         
0     003f6da2  _USBFrameNumberGet                    
0     003f7f0f  _USBGPIODisable                       
0     003f7f07  _USBGPIOEnable                        
0     003f5842  _USBHCDControlTransfer                
0     003f5a40  _USBHCDDevAddress                     
0     003f5a54  _USBHCDDevClass                       
0     003f5a2c  _USBHCDDevHubPort                     
0     003f5a9e  _USBHCDDevProtocol                    
0     003f5a79  _USBHCDDevSubClass                    
0     003f45a2  _USBHCDEventDisable                   
0     003f458d  _USBHCDEventEnable                    
0     003f58d4  _USBHCDHubDeviceConnected             
0     003f592c  _USBHCDHubDeviceDisconnected          
0     003f4ea9  _USBHCDInit                           
0     003f567d  _USBHCDMain                           
0     003f486b  _USBHCDPipeAlloc                      
0     003f4677  _USBHCDPipeAllocSize                  
0     003f487a  _USBHCDPipeConfig                     
0     003f4b23  _USBHCDPipeDataAck                    
0     003f4c58  _USBHCDPipeFree                       
0     003f4b40  _USBHCDPipeRead                       
0     003f4af8  _USBHCDPipeReadNonBlocking            
0     003f4a51  _USBHCDPipeSchedule                   
0     003f494a  _USBHCDPipeStatus                     
0     003f494f  _USBHCDPipeWrite                      
0     003f4e9e  _USBHCDPowerAutomatic                 
0     003f4e6d  _USBHCDPowerConfigGet                 
0     003f4e65  _USBHCDPowerConfigInit                
0     003f4e74  _USBHCDPowerConfigSet                 
0     003f4efb  _USBHCDRegisterDrivers                
0     003f4f68  _USBHCDReset                          
0     003f4f97  _USBHCDResume                         
0     003f5057  _USBHCDSetAddress                     
0     003f5100  _USBHCDSetConfig                      
0     003f5124  _USBHCDSetInterface                   
0     003f4f8e  _USBHCDSuspend                        
0     003f4f06  _USBHCDTerm                           
0     003f7506  _USBHHubClose                         
0     003f74d6  _USBHHubEnumerationComplete           
0     003f74e7  _USBHHubEnumerationError              
0     003f750f  _USBHHubInit                          
0     003f73e9  _USBHHubMain                          
0     003f74f8  _USBHHubOpen                          
0     003f6d8d  _USBHostAddrGet                       
0     003f6d76  _USBHostAddrSet                       
0     003f5150  _USBHostCheckPipes                    
0     003f6cdc  _USBHostEndpointConfig                
0     003f6cca  _USBHostEndpointDataAck               
0     003f6c98  _USBHostEndpointDataToggle            
0     003f6c74  _USBHostEndpointStatusClear           
0     003f6c5f  _USBHostHubAddrGet                    
0     003f6c3b  _USBHostHubAddrSet                    
0     003f51dc  _USBHostIntHandlerInternal            
0     003f6c35  _USBHostMode                          
0     003f6c1e  _USBHostPwrConfig                     
0     003f6c18  _USBHostPwrDisable                    
0     003f6c12  _USBHostPwrEnable                     
0     003f6c0c  _USBHostPwrFaultDisable               
0     003f6c06  _USBHostPwrFaultEnable                
0     003f6bf7  _USBHostRequestIN                     
0     003f6be6  _USBHostRequestINClear                
0     003f6be0  _USBHostRequestStatus                 
0     003f6bd2  _USBHostReset                         
0     003f6bc4  _USBHostResume                        
0     003f6bb5  _USBHostSpeedGet                      
0     003f6baf  _USBHostSuspend                       
0     003f6b75  _USBIntDisable                        
0     003f6b54  _USBIntDisableControl                 
0     003f6b49  _USBIntDisableEndpoint                
0     003f6b16  _USBIntEnable                         
0     003f6af8  _USBIntEnableControl                  
0     003f6aef  _USBIntEnableEndpoint                 
0     003f6ae8  _USBIntRegister                       
0     003f6aaa  _USBIntStatus                         
0     003f6a88  _USBIntStatusControl                  
0     003f6a79  _USBIntStatusEndpoint                 
0     003f6a72  _USBIntUnregister                     
0     003ecb92  _USBLibDMAInit                        
0     003f6a6b  _USBModeGet                           
0     003f6a69  _USBNumEndpointsGet                   
0     003ec470  _USBOTGMain                           
0     003f6a63  _USBOTGMode                           
0     003ec36b  _USBOTGModeInit                       
0     003ec34e  _USBOTGModeTerm                       
0     003ec3db  _USBOTGPollRate                       
0     003f6a55  _USBOTGSessionRequest                 
0     003f6a4f  _USBPHYPowerOff                       
0     003f6a48  _USBPHYPowerOn                        
0     003eca9c  _USBRingBufAdvanceRead                
0     003ecab3  _USBRingBufAdvanceWrite               
0     003eca4e  _USBRingBufContigFree                 
0     003eca3e  _USBRingBufContigUsed                 
0     003ec9fd  _USBRingBufEmpty                      
0     003eca0f  _USBRingBufFlush                      
0     003eca33  _USBRingBufFree                       
0     003ec9e4  _USBRingBufFull                       
0     003ecb08  _USBRingBufInit                       
0     003eca81  _USBRingBufRead                       
0     003eca6e  _USBRingBufReadOne                    
0     003eca69  _USBRingBufSize                       
0     003eca22  _USBRingBufUsed                       
0     003ecaee  _USBRingBufWrite                      
0     003ecada  _USBRingBufWriteOne                   
0     003ec29f  _USBStackModeSet                      
0     003ecf85  _USBUARTRXIntHandler                  
0     003ecf3e  _USBUARTTXIntHandler                  
0     003f797d  _USER10_ISR                           
0     003f7973  _USER11_ISR                           
0     003f7969  _USER12_ISR                           
0     003f795f  _USER1_ISR                            
0     003f7955  _USER2_ISR                            
0     003f794b  _USER3_ISR                            
0     003f7941  _USER4_ISR                            
0     003f7937  _USER5_ISR                            
0     003f792d  _USER6_ISR                            
0     003f7923  _USER7_ISR                            
0     003f7919  _USER8_ISR                            
0     003f790f  _USER9_ISR                            
1     00004000  _Usb0Regs                             
0     003f7905  _WAKEINT_ISR                          
0     003f78fb  _XINT1_ISR                            
0     003f78f1  _XINT2_ISR                            
0     003f78e7  _XINT3_ISR                            
1     00007070  _XIntruptRegs                         
1     00000350  __STACK_END                           
abs   00000300  __STACK_SIZE                          
1     00009b34  ___TI_cleanup_ptr                     
1     00009b36  ___TI_dtors_ptr                       
abs   ffffffff  ___binit__                            
abs   ffffffff  ___c_args__                           
0     003f43b8  ___cinit__                            
abs   ffffffff  ___etext__                            
abs   ffffffff  ___pinit__                            
abs   ffffffff  ___text__                             
0     003ed1d2  __args_main                           
0     003f4000  __ctypes_                             
1     00009b38  __lock                                
0     003ed260  __nop                                 
0     003ed25c  __register_lock                       
0     003ed258  __register_unlock                     
1     00000050  __stack                               
1     00009b3a  __unlock                              
0     003ed1eb  _abort                                
0     003ed164  _c_int00                              
0     003f775c  _compile_program                      
1     000097ff  _errno                                
0     003ed1ed  _exit                                 
0     003eceae  _f28x_USB0DeviceIntHandler            
0     003ecf0e  _f28x_USB0DualModeIntHandler          
0     003ecede  _f28x_USB0HostIntHandler              
1     00009b0c  _g_bUSBTimerInitialized               
1     00009b2c  _g_eOTGModeState                      
1     00009b2b  _g_iUSBMode                           
0     003f43b4  _g_pCDCCompSerConfigDescriptors       
1     00009b12  _g_pfnTickHandlers                    
1     00009880  _g_pi8USBRxBuffer                     
1     00009980  _g_pi8USBTxBuffer                     
0     003f43b6  _g_ppCDCSerConfigDescriptors          
1     00009b40  _g_ppsDevInfo                         
1     000097d4  _g_psCDCCompSerSections               
1     000097ce  _g_psCDCSerSections                   
1     00009b44  _g_psDCDInst                          
0     003f4302  _g_pui8CDCSerCommInterface            
0     003f4362  _g_pui8CDCSerDataInterface            
1     000097e4  _g_pui8CDCSerDescriptor               
1     000097ed  _g_pui8CDCSerDeviceDescriptor         
0     003f4202  _g_pui8ConfigString                   
0     003f4268  _g_pui8ControlInterfaceString         
1     000097dc  _g_pui8IADSerDescriptor               
0     003f43b0  _g_pui8LangDescriptor                 
0     003f42b9  _g_pui8ManufacturerString             
0     003f4325  _g_pui8ProdectString                  
1     00009818  _g_pui8RxBufferWorkspace              
0     003f4379  _g_pui8SerialNumberString             
0     003f439c  _g_pui8StringDescriptors              
1     00009800  _g_pui8TxBufferWorkspace              
1     00009b1e  _g_pvTickInstance                     
0     003f4240  _g_sCDCCompSerConfigHeader            
1     00009840  _g_sCDCDevice                         
0     003f4250  _g_sCDCHandlers                       
0     003f423c  _g_sCDCSerCommInterfaceSection        
0     003f4244  _g_sCDCSerConfigHeader                
0     003f424c  _g_sCDCSerConfigSection               
0     003f4238  _g_sCDCSerDataInterfaceSection        
0     003f4248  _g_sIADSerConfigSection               
0     003f42f0  _g_sRxBuffer                          
0     003f42de  _g_sTxBuffer                          
0     003f43a8  _g_sUSBHubClassDriver                 
1     00009b0e  _g_ui32CurrentUSBTick                 
1     00009b30  _g_ui32PollRate                       
1     00009b10  _g_ui32USBSOFCount                    
1     00009b32  _g_ui32WaitTicks                      
0     003f7562  _main                                 
1     00009001  _program_compiled                     
1     00009000  _program_recieved                     
0     003f78dd  _rsvd_ISR                             
0     003f7f74  _strcmp                               
0     003eccbf  _strtoul                              
abs   ffffffff  binit                                 
0     003f43b8  cinit                                 
0     003f7ff6  code_start                            
abs   ffffffff  etext                                 
abs   ffffffff  pinit                                 


GLOBAL SYMBOLS: SORTED BY Symbol Address 

page  address   name                                  
----  -------   ----                                  
0     00008000  _DSP28x_usDelay                       
0     00008000  _RamfuncsRunStart                     
0     003e8000  _RamfuncsLoadStart                    
0     003e8004  _RamfuncsLoadEnd                      
0     003ec165  _USBBufferInit                        
0     003ec17f  _USBBufferZeroLengthPacketInsert      
0     003ec196  _USBBufferInfoGet                     
0     003ec1a4  _USBBufferDataWritten                 
0     003ec1b7  _USBBufferDataRemoved                 
0     003ec1c7  _USBBufferCallbackDataSet             
0     003ec1d1  _USBBufferWrite                       
0     003ec1f0  _USBBufferFlush                       
0     003ec1fc  _USBBufferRead                        
0     003ec219  _USBBufferDataAvailable               
0     003ec225  _USBBufferSpaceAvailable              
0     003ec231  _USBBufferEventCallback               
0     003ec29f  _USBStackModeSet                      
0     003ec2b5  _USB0DualModeIntHandler               
0     003ec2f0  _USBDualModeInit                      
0     003ec334  _USBDualModeTerm                      
0     003ec34e  _USBOTGModeTerm                       
0     003ec36b  _USBOTGModeInit                       
0     003ec3db  _USBOTGPollRate                       
0     003ec3e3  _USB0OTGModeIntHandler                
0     003ec462  _OTGDeviceDisconnect                  
0     003ec470  _USBOTGMain                           
0     003ec51a  _USBDeviceConfig                      
0     003ec663  _USBDeviceConfigAlternate             
0     003ec6d0  _IntMasterEnable                      
0     003ec6d4  _IntMasterDisable                     
0     003ec6d8  _IntRegister                          
0     003ec6f6  _IntUnregister                        
0     003ec716  _IntEnable                            
0     003ec73d  _IntDisable                           
0     003ec7d8  _Interrupt_enable                     
0     003ec822  _Interrupt_disable                    
0     003ec8ce  _USBDCDConfigDescGetSize              
0     003ec8e8  _USBDCDConfigDescGetNum               
0     003ec90e  _USBDCDConfigDescGet                  
0     003ec954  _USBDCDConfigGetNumAlternateInterfaces
0     003ec979  _USBDCDConfigGetInterface             
0     003ec992  _USBDCDConfigGetInterfaceEndpoint     
0     003ec9e4  _USBRingBufFull                       
0     003ec9fd  _USBRingBufEmpty                      
0     003eca0f  _USBRingBufFlush                      
0     003eca22  _USBRingBufUsed                       
0     003eca33  _USBRingBufFree                       
0     003eca3e  _USBRingBufContigUsed                 
0     003eca4e  _USBRingBufContigFree                 
0     003eca69  _USBRingBufSize                       
0     003eca6e  _USBRingBufReadOne                    
0     003eca81  _USBRingBufRead                       
0     003eca9c  _USBRingBufAdvanceRead                
0     003ecab3  _USBRingBufAdvanceWrite               
0     003ecada  _USBRingBufWriteOne                   
0     003ecaee  _USBRingBufWrite                      
0     003ecb08  _USBRingBufInit                       
0     003ecb92  _USBLibDMAInit                        
0     003ecbed  _USBDescGetNum                        
0     003ecc15  _USBDescGet                           
0     003ecc42  _USBDescGetNumAlternateInterfaces     
0     003ecc92  _USBDescGetInterface                  
0     003eccac  _USBDescGetInterfaceEndpoint          
0     003eccbf  _strtoul                              
0     003ecd77  FD$$ADD                               
0     003ece13  _SysCtlUSBPLLEnable                   
0     003ece25  _SysCtlUSBPLLDisable                  
0     003ece2a  _SysCtlPeripheralReset                
0     003ece2b  _SysCtlPeripheralPresent              
0     003ece2d  _SysCtlPeripheralEnable               
0     003ece65  _SysCtlPeripheralDisable              
0     003ece9d  _SysCtlDelay                          
0     003ecea9  _SysCtlClockGet                       
0     003eceae  _f28x_USB0DeviceIntHandler            
0     003ecede  _f28x_USB0HostIntHandler              
0     003ecf0e  _f28x_USB0DualModeIntHandler          
0     003ecf3e  _USBUARTTXIntHandler                  
0     003ecf85  _USBUARTRXIntHandler                  
0     003ecfce  FD$$DIV                               
0     003ed059  _InternalUSBTickInit                  
0     003ed080  _InternalUSBTickReset                 
0     003ed084  _InternalUSBRegisterTickHandler       
0     003ed0b4  _InternalUSBStartOfFrameTick          
0     003ed0e1  FD$$MPY                               
0     003ed164  _c_int00                              
0     003ed1aa  _InitPieCtrl                          
0     003ed1c9  _EnableInterrupts                     
0     003ed1d2  __args_main                           
0     003ed1eb  C$$EXIT                               
0     003ed1eb  _abort                                
0     003ed1ed  _exit                                 
0     003ed204  UL$$TOFD                              
0     003ed21a  _USB0DeviceIntHandler                 
0     003ed22c  _InitPieVectTable                     
0     003ed23d  FD$$SUB                               
0     003ed24b  _IntDefaultHandler                    
0     003ed258  __register_unlock                     
0     003ed25c  __register_lock                       
0     003ed260  __nop                                 
0     003f4000  __ctypes_                             
0     003f4102  _PieVectTableInit                     
0     003f4202  _g_pui8ConfigString                   
0     003f4238  _g_sCDCSerDataInterfaceSection        
0     003f423c  _g_sCDCSerCommInterfaceSection        
0     003f4240  _g_sCDCCompSerConfigHeader            
0     003f4244  _g_sCDCSerConfigHeader                
0     003f4248  _g_sIADSerConfigSection               
0     003f424c  _g_sCDCSerConfigSection               
0     003f4250  _g_sCDCHandlers                       
0     003f4268  _g_pui8ControlInterfaceString         
0     003f42b9  _g_pui8ManufacturerString             
0     003f42de  _g_sTxBuffer                          
0     003f42f0  _g_sRxBuffer                          
0     003f4302  _g_pui8CDCSerCommInterface            
0     003f4325  _g_pui8ProdectString                  
0     003f4362  _g_pui8CDCSerDataInterface            
0     003f4379  _g_pui8SerialNumberString             
0     003f439c  _g_pui8StringDescriptors              
0     003f43a8  _g_sUSBHubClassDriver                 
0     003f43b0  _g_pui8LangDescriptor                 
0     003f43b4  _g_pCDCCompSerConfigDescriptors       
0     003f43b6  _g_ppCDCSerConfigDescriptors          
0     003f43b8  ___cinit__                            
0     003f43b8  cinit                                 
0     003f44ce  _ConfigDescAlloc                      
0     003f451c  _ConfigDescFree                       
0     003f458d  _USBHCDEventEnable                    
0     003f45a2  _USBHCDEventDisable                   
0     003f4677  _USBHCDPipeAllocSize                  
0     003f486b  _USBHCDPipeAlloc                      
0     003f487a  _USBHCDPipeConfig                     
0     003f494a  _USBHCDPipeStatus                     
0     003f494f  _USBHCDPipeWrite                      
0     003f4a51  _USBHCDPipeSchedule                   
0     003f4af8  _USBHCDPipeReadNonBlocking            
0     003f4b23  _USBHCDPipeDataAck                    
0     003f4b40  _USBHCDPipeRead                       
0     003f4c58  _USBHCDPipeFree                       
0     003f4e65  _USBHCDPowerConfigInit                
0     003f4e6d  _USBHCDPowerConfigGet                 
0     003f4e74  _USBHCDPowerConfigSet                 
0     003f4e9e  _USBHCDPowerAutomatic                 
0     003f4ea9  _USBHCDInit                           
0     003f4efb  _USBHCDRegisterDrivers                
0     003f4f06  _USBHCDTerm                           
0     003f4f68  _USBHCDReset                          
0     003f4f8e  _USBHCDSuspend                        
0     003f4f97  _USBHCDResume                         
0     003f5057  _USBHCDSetAddress                     
0     003f5100  _USBHCDSetConfig                      
0     003f5124  _USBHCDSetInterface                   
0     003f5150  _USBHostCheckPipes                    
0     003f51dc  _USBHostIntHandlerInternal            
0     003f5555  _USB0HostIntHandler                   
0     003f55d0  _InternalUSBHCDSendEvent              
0     003f567d  _USBHCDMain                           
0     003f5842  _USBHCDControlTransfer                
0     003f58d4  _USBHCDHubDeviceConnected             
0     003f592c  _USBHCDHubDeviceDisconnected          
0     003f5a2c  _USBHCDDevHubPort                     
0     003f5a40  _USBHCDDevAddress                     
0     003f5a54  _USBHCDDevClass                       
0     003f5a79  _USBHCDDevSubClass                    
0     003f5a9e  _USBHCDDevProtocol                    
0     003f5ac3  _USBDCDDeviceInfoInit                 
0     003f5ad3  _USBDCDInit                           
0     003f5b51  _USBDCDTerm                           
0     003f5b84  _USBDCDRequestDataEP0                 
0     003f5b92  _USBDCDSendDataEP0                    
0     003f5ba1  _USBDCDSetDefaultConfiguration        
0     003f5ba9  _USBDCDStallEP0                       
0     003f5bba  _USBDCDPowerStatusSet                 
0     003f5bc7  _USBDCDRemoteWakeupRequest            
0     003f5bdd  _USBDeviceResumeTickHandler           
0     003f5c4b  _USBDeviceEnumHandler                 
0     003f5d0c  _USBDeviceEnumResetHandler            
0     003f6280  _USBDeviceIntHandlerInternal          
0     003f643a  _ProcessDataFromHost                  
0     003f6498  _ProcessNotificationToHost            
0     003f64c7  _ProcessDataToHost                    
0     003f67f9  _USBDCDCCompositeInit                 
0     003f6891  _USBDCDCInit                          
0     003f68e4  _USBDCDCTerm                          
0     003f68f1  _USBDCDCSetControlCBData              
0     003f68fd  _USBDCDCSetRxCBData                   
0     003f690f  _USBDCDCSetTxCBData                   
0     003f6921  _USBDCDCPacketWrite                   
0     003f6967  _USBDCDCPacketRead                    
0     003f69cf  _USBDCDCTxPacketAvailable             
0     003f69df  _USBDCDCRxPacketAvailable             
0     003f6a0a  _USBDCDCSerialStateChange             
0     003f6a38  _USBDCDCPowerStatusSet                
0     003f6a41  _USBDCDCRemoteWakeupRequest           
0     003f6a48  _USBPHYPowerOn                        
0     003f6a4f  _USBPHYPowerOff                       
0     003f6a55  _USBOTGSessionRequest                 
0     003f6a63  _USBOTGMode                           
0     003f6a69  _USBNumEndpointsGet                   
0     003f6a6b  _USBModeGet                           
0     003f6a72  _USBIntUnregister                     
0     003f6a79  _USBIntStatusEndpoint                 
0     003f6a88  _USBIntStatusControl                  
0     003f6aaa  _USBIntStatus                         
0     003f6ae8  _USBIntRegister                       
0     003f6aef  _USBIntEnableEndpoint                 
0     003f6af8  _USBIntEnableControl                  
0     003f6b16  _USBIntEnable                         
0     003f6b49  _USBIntDisableEndpoint                
0     003f6b54  _USBIntDisableControl                 
0     003f6b75  _USBIntDisable                        
0     003f6baf  _USBHostSuspend                       
0     003f6bb5  _USBHostSpeedGet                      
0     003f6bc4  _USBHostResume                        
0     003f6bd2  _USBHostReset                         
0     003f6be0  _USBHostRequestStatus                 
0     003f6be6  _USBHostRequestINClear                
0     003f6bf7  _USBHostRequestIN                     
0     003f6c06  _USBHostPwrFaultEnable                
0     003f6c0c  _USBHostPwrFaultDisable               
0     003f6c12  _USBHostPwrEnable                     
0     003f6c18  _USBHostPwrDisable                    
0     003f6c1e  _USBHostPwrConfig                     
0     003f6c35  _USBHostMode                          
0     003f6c3b  _USBHostHubAddrSet                    
0     003f6c5f  _USBHostHubAddrGet                    
0     003f6c74  _USBHostEndpointStatusClear           
0     003f6c98  _USBHostEndpointDataToggle            
0     003f6cca  _USBHostEndpointDataAck               
0     003f6cdc  _USBHostEndpointConfig                
0     003f6d76  _USBHostAddrSet                       
0     003f6d8d  _USBHostAddrGet                       
0     003f6da2  _USBFrameNumberGet                    
0     003f6da6  _USBFIFOFlush                         
0     003f6df1  _USBFIFOConfigSet                     
0     003f6e47  _USBFIFOConfigGet                     
0     003f6e7a  _USBFIFOAddrGet                       
0     003f6e81  _USBEndpointStatus                    
0     003f6e99  _USBEndpointPacketCountSet            
0     003f6ea5  _USBEndpointDataToggleClear           
0     003f6ebb  _USBEndpointDataSend                  
0     003f6ee8  _USBEndpointDataPut                   
0     003f6f0e  _USBEndpointDataGet                   
0     003f6f41  _USBEndpointDataAvail                 
0     003f6f59  _USBEndpointDMAEnable                 
0     003f6f6f  _USBEndpointDMADisable                
0     003f6f87  _USBEndpointDMAChannel                
0     003f6fac  _USBDevMode                           
0     003f6fb2  _USBDevEndpointStatusClear            
0     003f6ff1  _USBDevEndpointStallClear             
0     003f7018  _USBDevEndpointStall                  
0     003f703a  _USBDevEndpointDataAck                
0     003f7054  _USBDevEndpointConfigSet              
0     003f70ba  _USBDevEndpointConfigGet              
0     003f7100  _USBDevDisconnect                     
0     003f7107  _USBDevConnect                        
0     003f710d  _USBDevAddrSet                        
0     003f7111  _USBDevAddrGet                        
0     003f73e9  _USBHHubMain                          
0     003f74d6  _USBHHubEnumerationComplete           
0     003f74e7  _USBHHubEnumerationError              
0     003f74f8  _USBHHubOpen                          
0     003f7506  _USBHHubClose                         
0     003f750f  _USBHHubInit                          
0     003f751a  _SysCtrlInit                          
0     003f7557  _OctalAND                             
0     003f755c  _OctalShiftRight                      
0     003f755e  _OctalShiftLeft                       
0     003f7561  _HexConstant                          
0     003f7562  _main                                 
0     003f775c  _compile_program                      
0     003f77c0  _TxHandler                            
0     003f77c2  _RxHandler                            
0     003f78bf  _ControlHandler                       
0     003f78dd  _rsvd_ISR                             
0     003f78e7  _XINT3_ISR                            
0     003f78f1  _XINT2_ISR                            
0     003f78fb  _XINT1_ISR                            
0     003f7905  _WAKEINT_ISR                          
0     003f790f  _USER9_ISR                            
0     003f7919  _USER8_ISR                            
0     003f7923  _USER7_ISR                            
0     003f792d  _USER6_ISR                            
0     003f7937  _USER5_ISR                            
0     003f7941  _USER4_ISR                            
0     003f794b  _USER3_ISR                            
0     003f7955  _USER2_ISR                            
0     003f795f  _USER1_ISR                            
0     003f7969  _USER12_ISR                           
0     003f7973  _USER11_ISR                           
0     003f797d  _USER10_ISR                           
0     003f7987  _USB0_INT_ISR                         
0     003f7991  _TINT0_ISR                            
0     003f799b  _SPITXINTB_ISR                        
0     003f79a5  _SPITXINTA_ISR                        
0     003f79af  _SPIRXINTB_ISR                        
0     003f79b9  _SPIRXINTA_ISR                        
0     003f79c3  _SCITXINTB_ISR                        
0     003f79cd  _SCITXINTA_ISR                        
0     003f79d7  _SCIRXINTB_ISR                        
0     003f79e1  _SCIRXINTA_ISR                        
0     003f79eb  _RTOSINT_ISR                          
0     003f79f5  _PIE_RESERVED                         
0     003f79ff  _NMI_ISR                              
0     003f7a09  _MXINTA_ISR                           
0     003f7a13  _MRINTA_ISR                           
0     003f7a1d  _LVF_ISR                              
0     003f7a27  _LUF_ISR                              
0     003f7a31  _INT14_ISR                            
0     003f7a3b  _INT13_ISR                            
0     003f7a45  _ILLEGAL_ISR                          
0     003f7a4f  _I2CINT2A_ISR                         
0     003f7a59  _I2CINT1A_ISR                         
0     003f7a63  _HRCAP4_INT_ISR                       
0     003f7a6d  _HRCAP3_INT_ISR                       
0     003f7a77  _HRCAP2_INT_ISR                       
0     003f7a81  _HRCAP1_INT_ISR                       
0     003f7a8b  _EQEP2_INT_ISR                        
0     003f7a95  _EQEP1_INT_ISR                        
0     003f7a9f  _EPWM8_TZINT_ISR                      
0     003f7aa9  _EPWM8_INT_ISR                        
0     003f7ab3  _EPWM7_TZINT_ISR                      
0     003f7abd  _EPWM7_INT_ISR                        
0     003f7ac7  _EPWM6_TZINT_ISR                      
0     003f7ad1  _EPWM6_INT_ISR                        
0     003f7adb  _EPWM5_TZINT_ISR                      
0     003f7ae5  _EPWM5_INT_ISR                        
0     003f7aef  _EPWM4_TZINT_ISR                      
0     003f7af9  _EPWM4_INT_ISR                        
0     003f7b03  _EPWM3_TZINT_ISR                      
0     003f7b0d  _EPWM3_INT_ISR                        
0     003f7b17  _EPWM2_TZINT_ISR                      
0     003f7b21  _EPWM2_INT_ISR                        
0     003f7b2b  _EPWM1_TZINT_ISR                      
0     003f7b35  _EPWM1_INT_ISR                        
0     003f7b3f  _EMUINT_ISR                           
0     003f7b49  _EMPTY_ISR                            
0     003f7b56  _ECAP3_INT_ISR                        
0     003f7b60  _ECAP2_INT_ISR                        
0     003f7b6a  _ECAP1_INT_ISR                        
0     003f7b74  _ECAN1INTA_ISR                        
0     003f7b7e  _ECAN0INTA_ISR                        
0     003f7b88  _DINTCH6_ISR                          
0     003f7b92  _DINTCH5_ISR                          
0     003f7b9c  _DINTCH4_ISR                          
0     003f7ba6  _DINTCH3_ISR                          
0     003f7bb0  _DINTCH2_ISR                          
0     003f7bba  _DINTCH1_ISR                          
0     003f7bc4  _DATALOG_ISR                          
0     003f7bce  _CLA1_INT8_ISR                        
0     003f7bd8  _CLA1_INT7_ISR                        
0     003f7be2  _CLA1_INT6_ISR                        
0     003f7bec  _CLA1_INT5_ISR                        
0     003f7bf6  _CLA1_INT4_ISR                        
0     003f7c00  _CLA1_INT3_ISR                        
0     003f7c0a  _CLA1_INT2_ISR                        
0     003f7c14  _CLA1_INT1_ISR                        
0     003f7c1e  _ADCINT9_ISR                          
0     003f7c28  _ADCINT8_ISR                          
0     003f7c32  _ADCINT7_ISR                          
0     003f7c3c  _ADCINT6_ISR                          
0     003f7c46  _ADCINT5_ISR                          
0     003f7c50  _ADCINT4_ISR                          
0     003f7c5a  _ADCINT3_ISR                          
0     003f7c64  _ADCINT2_ISR                          
0     003f7c6e  _ADCINT1_ISR                          
0     003f7c78  _UARTParityModeSet                    
0     003f7c82  _UARTParityModeGet                    
0     003f7c8b  _UARTFIFOLevelSet                     
0     003f7ca5  _UARTFIFOLevelGet                     
0     003f7cbb  _UARTConfigSetExpClk                  
0     003f7cf2  _UARTConfigGetExpClk                  
0     003f7d16  _UARTEnable                           
0     003f7d20  _UARTDisable                          
0     003f7d36  _UARTFIFOEnable                       
0     003f7d3f  _UARTFIFODisable                      
0     003f7d48  _UARTTxIntModeSet                     
0     003f7d58  _UARTTxIntModeGet                     
0     003f7d62  _UARTCharsAvail                       
0     003f7d6f  _UARTSpaceAvail                       
0     003f7d7c  _UARTCharGetNonBlocking               
0     003f7d8d  _UARTCharGet                          
0     003f7da3  _UARTCharPutNonBlocking               
0     003f7db6  _UARTCharPut                          
0     003f7dc6  _UARTBusy                             
0     003f7dd3  _UARTRXIntRegister                    
0     003f7de9  _UARTTXIntRegister                    
0     003f7dff  _UARTRXIntUnregister                  
0     003f7e13  _UARTTXIntUnregister                  
0     003f7e27  _UARTIntEnable                        
0     003f7e58  _UARTIntDisable                       
0     003f7e8e  _UARTIntStatus                        
0     003f7ebe  _UARTIntClear                         
0     003f7eeb  _UARTRxErrorGet                       
0     003f7ef1  _UARTRxErrorClear                     
0     003f7f07  _USBGPIOEnable                        
0     003f7f0f  _USBGPIODisable                       
0     003f7f17  _USBDelay                             
0     003f7f59  FD$$TOUL                              
0     003f7f74  _strcmp                               
0     003f7ff6  code_start                            
1     00000050  __stack                               
1     00000350  __STACK_END                           
1     00000880  _DevEmuRegs                           
1     00000985  _SysPwrCtrlRegs                       
1     00000a80  _FlashRegs                            
1     00000ae0  _CsmRegs                              
1     00000b00  _AdcResult                            
1     00000c00  _CpuTimer0Regs                        
1     00000c08  _CpuTimer1Regs                        
1     00000c10  _CpuTimer2Regs                        
1     00000ce0  _PieCtrlRegs                          
1     00000d00  _EmuKey                               
1     00000d00  _PieVectTable                         
1     00000d01  _EmuBMode                             
1     00000d02  _Flash_CallbackPtr                    
1     00000d04  _Flash_CPUScaleFactor                 
1     00001000  _DmaRegs                              
1     00001400  _Cla1Regs                             
1     00004000  _Usb0Regs                             
1     00005000  _McbspaRegs                           
1     00006000  _ECanaRegs                            
1     00006040  _ECanaLAMRegs                         
1     00006080  _ECanaMOTSRegs                        
1     000060c0  _ECanaMOTORegs                        
1     00006100  _ECanaMboxes                          
1     00006400  _Comp1Regs                            
1     00006420  _Comp2Regs                            
1     00006440  _Comp3Regs                            
1     00006800  _EPwm1Regs                            
1     00006840  _EPwm2Regs                            
1     00006880  _EPwm3Regs                            
1     000068c0  _EPwm4Regs                            
1     00006900  _EPwm5Regs                            
1     00006940  _EPwm6Regs                            
1     00006980  _EPwm7Regs                            
1     000069c0  _EPwm8Regs                            
1     00006a00  _ECap1Regs                            
1     00006a20  _ECap2Regs                            
1     00006a40  _ECap3Regs                            
1     00006ac0  _HRCap1Regs                           
1     00006ae0  _HRCap2Regs                           
1     00006b00  _EQep1Regs                            
1     00006b40  _EQep2Regs                            
1     00006c80  _HRCap3Regs                           
1     00006ca0  _HRCap4Regs                           
1     00006f80  _GpioCtrlRegs                         
1     00006fc0  _GpioDataRegs                         
1     00006fe0  _GpioIntRegs                          
1     00007010  _SysCtrlRegs                          
1     00007040  _SpiaRegs                             
1     00007050  _SciaRegs                             
1     00007060  _NmiIntruptRegs                       
1     00007070  _XIntruptRegs                         
1     00007100  _AdcRegs                              
1     00007740  _SpibRegs                             
1     00007750  _ScibRegs                             
1     00007900  _I2caRegs                             
1     00009000  _program_recieved                     
1     00009001  _program_compiled                     
1     000097ce  _g_psCDCSerSections                   
1     000097d4  _g_psCDCCompSerSections               
1     000097dc  _g_pui8IADSerDescriptor               
1     000097e4  _g_pui8CDCSerDescriptor               
1     000097ed  _g_pui8CDCSerDeviceDescriptor         
1     000097ff  _errno                                
1     00009800  _g_pui8TxBufferWorkspace              
1     00009818  _g_pui8RxBufferWorkspace              
1     00009840  _g_sCDCDevice                         
1     00009880  _g_pi8USBRxBuffer                     
1     00009980  _g_pi8USBTxBuffer                     
1     00009b0c  _g_bUSBTimerInitialized               
1     00009b0e  _g_ui32CurrentUSBTick                 
1     00009b10  _g_ui32USBSOFCount                    
1     00009b12  _g_pfnTickHandlers                    
1     00009b1e  _g_pvTickInstance                     
1     00009b2b  _g_iUSBMode                           
1     00009b2c  _g_eOTGModeState                      
1     00009b30  _g_ui32PollRate                       
1     00009b32  _g_ui32WaitTicks                      
1     00009b34  ___TI_cleanup_ptr                     
1     00009b36  ___TI_dtors_ptr                       
1     00009b38  __lock                                
1     00009b3a  __unlock                              
1     00009b40  _g_ppsDevInfo                         
1     00009b44  _g_psDCDInst                          
1     003d7e80  _PartIdRegs                           
1     003f7ff8  _CsmPwl                               
abs   00000004  _RamfuncsLoadSize                     
abs   00000300  __STACK_SIZE                          
abs   ffffffff  .text                                 
abs   ffffffff  ___binit__                            
abs   ffffffff  ___c_args__                           
abs   ffffffff  ___etext__                            
abs   ffffffff  ___pinit__                            
abs   ffffffff  ___text__                             
abs   ffffffff  binit                                 
abs   ffffffff  etext                                 
abs   ffffffff  pinit                                 

[498 symbols]
