******************************************************************************
             TMS320C2000 Linker PC v6.4.6                      
******************************************************************************
>> Linked Sat Apr 30 18:09:24 2016

OUTPUT FILE NAME:   <PicoCommander.out>
ENTRY POINT SYMBOL: "_c_int00"  address: 003ed256


MEMORY CONFIGURATION

         name            origin    length      used     unused   attr    fill
----------------------  --------  ---------  --------  --------  ----  --------
PAGE 0:
  RAML0                 00008000   00000800  00000004  000007fc  RWIX
  RAML1                 00008800   00000400  00000000  00000400  RWIX
  OTP                   003d7800   00000400  00000000  00000400  RWIX
  FLASHH                003d8000   00004000  00000000  00004000  RWIX
  FLASHG                003dc000   00004000  00000000  00004000  RWIX
  FLASHF                003e0000   00004000  00000000  00004000  RWIX
  FLASHE                003e4000   00004000  00000000  00004000  RWIX
  FLASHD                003e8000   00004000  00000004  00003ffc  RWIX
  FLASHC                003ec000   00004000  00001365  00002c9b  RWIX
  FLASHA                003f4000   00003f80  00003f7f  00000001  RWIX
  CSM_RSVD              003f7f80   00000076  00000000  00000076  RWIX
  BEGIN                 003f7ff6   00000002  00000002  00000000  RWIX
  CSM_PWL_P0            003f7ff8   00000008  00000000  00000008  RWIX
  FPUTABLES             003fd860   000006a0  00000000  000006a0  RWIX
  IQTABLES              003fdf00   00000b50  00000000  00000b50  RWIX
  IQTABLES2             003fea50   0000008c  00000000  0000008c  RWIX
  IQTABLES3             003feadc   000000aa  00000000  000000aa  RWIX
  ROM                   003ff3b0   00000c10  00000000  00000c10  RWIX
  RESET                 003fffc0   00000002  00000000  00000002  RWIX
  VECTORS               003fffc2   0000003e  00000000  0000003e  RWIX

PAGE 1:
  BOOT_RSVD             00000000   00000050  00000000  00000050  RWIX
  RAMM0                 00000050   000003b0  00000300  000000b0  RWIX
  RAMM1                 00000400   00000400  00000000  00000400  RWIX
  DEV_EMU               00000880   00000105  00000004  00000101  RWIX
  SYS_PWR_CTL           00000985   00000003  00000003  00000000  RWIX
  FLASH_REGS            00000a80   00000060  00000008  00000058  RWIX
  CSM                   00000ae0   00000020  00000010  00000010  RWIX
  ADC_RESULT            00000b00   00000020  00000010  00000010  RWIX
  CPU_TIMER0            00000c00   00000008  00000008  00000000  RWIX
  CPU_TIMER1            00000c08   00000008  00000008  00000000  RWIX
  CPU_TIMER2            00000c10   00000008  00000008  00000000  RWIX
  PIE_CTRL              00000ce0   00000020  0000001a  00000006  RWIX
  PIE_VECT              00000d00   00000100  00000100  00000000  RWIX
  DMA                   00001000   00000200  000000e0  00000120  RWIX
  CLA1                  00001400   00000080  00000040  00000040  RWIX
  USB0                  00004000   00001000  00000454  00000bac  RWIX
  McBSPA                00005000   00000040  00000024  0000001c  RWIX
  ECANA                 00006000   00000040  00000034  0000000c  RWIX
  ECANA_LAM             00006040   00000040  00000040  00000000  RWIX
  ECANA_MOTS            00006080   00000040  00000040  00000000  RWIX
  ECANA_MOTO            000060c0   00000040  00000040  00000000  RWIX
  ECANA_MBOX            00006100   00000100  00000100  00000000  RWIX
  COMP1                 00006400   00000020  00000014  0000000c  RWIX
  COMP2                 00006420   00000020  00000014  0000000c  RWIX
  COMP3                 00006440   00000020  00000014  0000000c  RWIX
  EPWM1                 00006800   00000040  00000040  00000000  RWIX
  EPWM2                 00006840   00000040  00000040  00000000  RWIX
  EPWM3                 00006880   00000040  00000040  00000000  RWIX
  EPWM4                 000068c0   00000040  00000040  00000000  RWIX
  EPWM5                 00006900   00000040  00000040  00000000  RWIX
  EPWM6                 00006940   00000040  00000040  00000000  RWIX
  EPWM7                 00006980   00000040  00000040  00000000  RWIX
  EPWM8                 000069c0   00000040  00000040  00000000  RWIX
  ECAP1                 00006a00   00000020  00000020  00000000  RWIX
  ECAP2                 00006a20   00000020  00000020  00000000  RWIX
  ECAP3                 00006a40   00000020  00000020  00000000  RWIX
  HRCAP1                00006ac0   00000020  00000020  00000000  RWIX
  HRCAP2                00006ae0   00000020  00000020  00000000  RWIX
  EQEP1                 00006b00   00000040  00000022  0000001e  RWIX
  EQEP2                 00006b40   00000040  00000022  0000001e  RWIX
  HRCAP3                00006c80   00000020  00000020  00000000  RWIX
  HRCAP4                00006ca0   00000020  00000020  00000000  RWIX
  GPIOCTRL              00006f80   00000040  00000040  00000000  RWIX
  GPIODAT               00006fc0   00000020  00000020  00000000  RWIX
  GPIOINT               00006fe0   00000020  00000020  00000000  RWIX
  SYSTEM                00007010   00000030  00000030  00000000  RWIX
  SPIA                  00007040   00000010  00000010  00000000  RWIX
  SCIA                  00007050   00000010  00000010  00000000  RWIX
  NMIINTRUPT            00007060   00000010  00000010  00000000  RWIX
  XINTRUPT              00007070   00000010  00000010  00000000  RWIX
  ADC                   00007100   00000080  00000050  00000030  RWIX
  SPIB                  00007740   00000010  00000010  00000000  RWIX
  SCIB                  00007750   00000010  00000010  00000000  RWIX
  I2CA                  00007900   00000040  00000022  0000001e  RWIX
  RAML2                 00008c00   00000400  00000000  00000400  RWIX
  RAML3                 00009000   00001000  00000bfe  00000402  RWIX
  RAML4                 0000a000   00002000  00000000  00002000  RWIX
  RAML5                 0000c000   00002000  00000000  00002000  RWIX
  RAML6                 0000e000   00002000  00000000  00002000  RWIX
  RAML7                 00010000   00002000  00000000  00002000  RWIX
  RAML8                 00012000   00002000  00000000  00002000  RWIX
  USB_RAM               00040000   00000800  00000000  00000800  RWIX
  PARTID                003d7e80   00000001  00000001  00000000  RWIX
  FLASHB                003f0000   00004000  00000000  00004000  RWIX
  CSM_PWL               003f7ff8   00000008  00000008  00000000  RWIX


SECTION ALLOCATION MAP

 output                                  attributes/
section   page    origin      length       input sections
--------  ----  ----------  ----------   ----------------
.cinit     0    003f43c0    000000ec     
                  003f43c0    00000046     usblib.lib : usbhostenum.obj (.cinit)
                  003f4406    00000040                : usbdcdc.obj (.cinit)
                  003f4446    00000017     usb_serial_structs.obj (.cinit)
                  003f445d    00000015     main.obj (.cinit)
                  003f4472    0000000e     usblib.lib : usbtick.obj (.cinit)
                  003f4480    0000000d                : usbmode.obj (.cinit)
                  003f448d    0000000a     rts2800_fpu32.lib : exit.obj (.cinit)
                  003f4497    00000005                       : _lock.obj (.cinit:__lock)
                  003f449c    00000005                       : _lock.obj (.cinit:__unlock)
                  003f44a1    00000005     usblib.lib : usbdenum.obj (.cinit)
                  003f44a6    00000004     rts2800_fpu32.lib : errno.obj (.cinit)
                  003f44aa    00000002     --HOLE-- [fill = 0]

.pinit     0    003f4000    00000000     UNINITIALIZED

ramfuncs   0    003e8000    00000004     RUN ADDR = 00008000
                  003e8000    00000004     F2806x_usDelay.obj (ramfuncs)

.text.1    0    003ec000    00001365     
                  003ec000    0000028f     driverlib.lib : uart.obj (.text)
                  003ec28f    00000265     usblib.lib : usbbuffer.obj (.text)
                  003ec4f4    0000025b                : usbmode.obj (.text)
                  003ec74f    00000210                : usbdconfig.obj (.text)
                  003ec95f    00000157                : usbdcdesc.obj (.text)
                  003ecab6    00000153                : usbringbuf.obj (.text)
                  003ecc09    000000d6                : usbdma.obj (.text)
                  003eccdf    000000d2                : usbdesc.obj (.text)
                  003ecdb1    000000b8     rts2800_fpu32.lib : strtoul.obj (.text)
                  003ece69    0000009c                       : fd_add.obj (.text)
                  003ecf05    0000009b     sysctl.obj (.text)
                  003ecfa0    00000090     driverlib.lib : usb_hal.obj (.text:retain)
                  003ed030    00000090     main.obj (.text:retain)
                  003ed0c0    0000008b     rts2800_fpu32.lib : fd_div.obj (.text)
                  003ed14b    00000088     usblib.lib : usbtick.obj (.text)
                  003ed1d3    00000083     rts2800_fpu32.lib : fd_mpy.obj (.text)
                  003ed256    00000046                       : boot.obj (.text)
                  003ed29c    00000028     F2806x_PieCtrl.obj (.text)
                  003ed2c4    00000019     rts2800_fpu32.lib : args_main.obj (.text)
                  003ed2dd    00000019                       : exit.obj (.text)
                  003ed2f6    00000016                       : ul_tofd.obj (.text)
                  003ed30c    00000012     usblib.lib : usbdhandler.obj (.text)
                  003ed31e    00000011     F2806x_PieVect.obj (.text)
                  003ed32f    0000000e     rts2800_fpu32.lib : fd_sub.obj (.text)
                  003ed33d    0000000d     driverlib.lib : interrupt.obj (.text:retain)
                  003ed34a    0000000a     rts2800_fpu32.lib : strcmp.obj (.text)
                  003ed354    00000009                       : _lock.obj (.text)
                  003ed35d    00000008     F2806x_CodeStartBranch.obj (.text)

.econst    0    003f4000    000003c0     
                  003f4000    00000101     rts2800_fpu32.lib : ctype.obj (.econst:.string:__ctypes_)
                  003f4101    00000001     --HOLE-- [fill = 0]
                  003f4102    00000100     F2806x_PieVect.obj (.econst)
                  003f4202    00000036     usb_serial_structs.obj (.econst:_g_pui8ConfigString)
                  003f4238    00000030     usblib.lib : usbdcdc.obj (.econst)
                  003f4268    0000002d     main.obj (.econst:.string)
                  003f4295    0000002c     usb_serial_structs.obj (.econst:_g_pui8ControlInterfaceString)
                  003f42c1    00000024     usb_serial_structs.obj (.econst:_g_pui8ManufacturerString)
                  003f42e5    00000001     --HOLE-- [fill = 0]
                  003f42e6    00000024     usb_serial_structs.obj (.econst)
                  003f430a    00000023     usblib.lib : usbdcdc.obj (.econst:_g_pui8CDCSerCommInterface)
                  003f432d    00000022     usb_serial_structs.obj (.econst:_g_pui8ProdectString)
                  003f434f    00000001     --HOLE-- [fill = 0]
                  003f4350    0000001a     usblib.lib : usbdenum.obj (.econst:_g_psUSBDStdRequests)
                  003f436a    00000017                : usbdcdc.obj (.econst:_g_pui8CDCSerDataInterface)
                  003f4381    00000012     usb_serial_structs.obj (.econst:_g_pui8SerialNumberString)
                  003f4393    00000001     --HOLE-- [fill = 0]
                  003f4394    00000010     driverlib.lib : usb_hal.obj (.econst)
                  003f43a4    0000000c     usb_serial_structs.obj (.econst:_g_pui8StringDescriptors)
                  003f43b0    00000008     usblib.lib : usbhhub.obj (.econst)
                  003f43b8    00000004     usb_serial_structs.obj (.econst:_g_pui8LangDescriptor)
                  003f43bc    00000002     usblib.lib : usbdcdc.obj (.econst:_g_pCDCCompSerConfigDescriptors)
                  003f43be    00000002                : usbdcdc.obj (.econst:_g_ppCDCSerConfigDescriptors)

.switch    0    003f44ac    0000002a     
                  003f44ac    0000002a     usblib.lib : usbdcdc.obj (.switch:_HandleRequests)

.text.2    0    003f44d6    00003aa9     
                  003f44d6    000015f5     usblib.lib : usbhostenum.obj (.text)
                  003f5acb    00000855                : usbdenum.obj (.text)
                  003f6320    00000730                : usbdcdc.obj (.text)
                  003f6a50    000006ce     usb.obj (.text)
                  003f711e    000004b8     main.obj (.text)
                  003f75d6    00000404     usblib.lib : usbhhub.obj (.text)
                  003f79da    0000039b     F2806x_DefaultIsr.obj (.text:retain)
                  003f7d75    0000019d     driverlib.lib : interrupt.obj (.text)
                  003f7f12    00000052                   : usb_hal.obj (.text)
                  003f7f64    0000001b     rts2800_fpu32.lib : fd_toul.obj (.text)

codestart 
*          0    003f7ff6    00000002     
                  003f7ff6    00000002     F2806x_CodeStartBranch.obj (codestart)

.stack     1    00000050    00000300     UNINITIALIZED
                  00000050    00000300     --HOLE--

DevEmuRegsFile 
*          1    00000880    00000004     UNINITIALIZED
                  00000880    00000004     F2806x_GlobalVariableDefs.obj (DevEmuRegsFile)

SysPwrCtrlRegsFile 
*          1    00000985    00000003     UNINITIALIZED
                  00000985    00000003     F2806x_GlobalVariableDefs.obj (SysPwrCtrlRegsFile)

FlashRegsFile 
*          1    00000a80    00000008     UNINITIALIZED
                  00000a80    00000008     F2806x_GlobalVariableDefs.obj (FlashRegsFile)

CsmRegsFile 
*          1    00000ae0    00000010     UNINITIALIZED
                  00000ae0    00000010     F2806x_GlobalVariableDefs.obj (CsmRegsFile)

AdcResultFile 
*          1    00000b00    00000010     UNINITIALIZED
                  00000b00    00000010     F2806x_GlobalVariableDefs.obj (AdcResultFile)

CpuTimer0RegsFile 
*          1    00000c00    00000008     UNINITIALIZED
                  00000c00    00000008     F2806x_GlobalVariableDefs.obj (CpuTimer0RegsFile)

CpuTimer1RegsFile 
*          1    00000c08    00000008     UNINITIALIZED
                  00000c08    00000008     F2806x_GlobalVariableDefs.obj (CpuTimer1RegsFile)

CpuTimer2RegsFile 
*          1    00000c10    00000008     UNINITIALIZED
                  00000c10    00000008     F2806x_GlobalVariableDefs.obj (CpuTimer2RegsFile)

PieCtrlRegsFile 
*          1    00000ce0    0000001a     UNINITIALIZED
                  00000ce0    0000001a     F2806x_GlobalVariableDefs.obj (PieCtrlRegsFile)

PieVectTableFile 
*          1    00000d00    00000100     UNINITIALIZED
                  00000d00    00000100     F2806x_GlobalVariableDefs.obj (PieVectTableFile)

EmuKeyVar 
*          1    00000d00    00000001     UNINITIALIZED
                  00000d00    00000001     F2806x_GlobalVariableDefs.obj (EmuKeyVar)

EmuBModeVar 
*          1    00000d01    00000001     UNINITIALIZED
                  00000d01    00000001     F2806x_GlobalVariableDefs.obj (EmuBModeVar)

FlashCallbackVar 
*          1    00000d02    00000002     UNINITIALIZED
                  00000d02    00000002     F2806x_GlobalVariableDefs.obj (FlashCallbackVar)

FlashScalingVar 
*          1    00000d04    00000002     UNINITIALIZED
                  00000d04    00000002     F2806x_GlobalVariableDefs.obj (FlashScalingVar)

DmaRegsFile 
*          1    00001000    000000e0     UNINITIALIZED
                  00001000    000000e0     F2806x_GlobalVariableDefs.obj (DmaRegsFile)

Cla1RegsFile 
*          1    00001400    00000040     UNINITIALIZED
                  00001400    00000040     F2806x_GlobalVariableDefs.obj (Cla1RegsFile)

Usb0RegsFile 
*          1    00004000    00000454     UNINITIALIZED
                  00004000    00000454     F2806x_GlobalVariableDefs.obj (Usb0RegsFile)

McbspaRegsFile 
*          1    00005000    00000024     UNINITIALIZED
                  00005000    00000024     F2806x_GlobalVariableDefs.obj (McbspaRegsFile)

ECanaRegsFile 
*          1    00006000    00000034     UNINITIALIZED
                  00006000    00000034     F2806x_GlobalVariableDefs.obj (ECanaRegsFile)

ECanaLAMRegsFile 
*          1    00006040    00000040     UNINITIALIZED
                  00006040    00000040     F2806x_GlobalVariableDefs.obj (ECanaLAMRegsFile)

ECanaMOTSRegsFile 
*          1    00006080    00000040     UNINITIALIZED
                  00006080    00000040     F2806x_GlobalVariableDefs.obj (ECanaMOTSRegsFile)

ECanaMOTORegsFile 
*          1    000060c0    00000040     UNINITIALIZED
                  000060c0    00000040     F2806x_GlobalVariableDefs.obj (ECanaMOTORegsFile)

ECanaMboxesFile 
*          1    00006100    00000100     UNINITIALIZED
                  00006100    00000100     F2806x_GlobalVariableDefs.obj (ECanaMboxesFile)

Comp1RegsFile 
*          1    00006400    00000014     UNINITIALIZED
                  00006400    00000014     F2806x_GlobalVariableDefs.obj (Comp1RegsFile)

Comp2RegsFile 
*          1    00006420    00000014     UNINITIALIZED
                  00006420    00000014     F2806x_GlobalVariableDefs.obj (Comp2RegsFile)

Comp3RegsFile 
*          1    00006440    00000014     UNINITIALIZED
                  00006440    00000014     F2806x_GlobalVariableDefs.obj (Comp3RegsFile)

EPwm1RegsFile 
*          1    00006800    00000040     UNINITIALIZED
                  00006800    00000040     F2806x_GlobalVariableDefs.obj (EPwm1RegsFile)

EPwm2RegsFile 
*          1    00006840    00000040     UNINITIALIZED
                  00006840    00000040     F2806x_GlobalVariableDefs.obj (EPwm2RegsFile)

EPwm3RegsFile 
*          1    00006880    00000040     UNINITIALIZED
                  00006880    00000040     F2806x_GlobalVariableDefs.obj (EPwm3RegsFile)

EPwm4RegsFile 
*          1    000068c0    00000040     UNINITIALIZED
                  000068c0    00000040     F2806x_GlobalVariableDefs.obj (EPwm4RegsFile)

EPwm5RegsFile 
*          1    00006900    00000040     UNINITIALIZED
                  00006900    00000040     F2806x_GlobalVariableDefs.obj (EPwm5RegsFile)

EPwm6RegsFile 
*          1    00006940    00000040     UNINITIALIZED
                  00006940    00000040     F2806x_GlobalVariableDefs.obj (EPwm6RegsFile)

EPwm7RegsFile 
*          1    00006980    00000040     UNINITIALIZED
                  00006980    00000040     F2806x_GlobalVariableDefs.obj (EPwm7RegsFile)

EPwm8RegsFile 
*          1    000069c0    00000040     UNINITIALIZED
                  000069c0    00000040     F2806x_GlobalVariableDefs.obj (EPwm8RegsFile)

ECap1RegsFile 
*          1    00006a00    00000020     UNINITIALIZED
                  00006a00    00000020     F2806x_GlobalVariableDefs.obj (ECap1RegsFile)

ECap2RegsFile 
*          1    00006a20    00000020     UNINITIALIZED
                  00006a20    00000020     F2806x_GlobalVariableDefs.obj (ECap2RegsFile)

ECap3RegsFile 
*          1    00006a40    00000020     UNINITIALIZED
                  00006a40    00000020     F2806x_GlobalVariableDefs.obj (ECap3RegsFile)

HRCap1RegsFile 
*          1    00006ac0    00000020     UNINITIALIZED
                  00006ac0    00000020     F2806x_GlobalVariableDefs.obj (HRCap1RegsFile)

HRCap2RegsFile 
*          1    00006ae0    00000020     UNINITIALIZED
                  00006ae0    00000020     F2806x_GlobalVariableDefs.obj (HRCap2RegsFile)

EQep1RegsFile 
*          1    00006b00    00000022     UNINITIALIZED
                  00006b00    00000022     F2806x_GlobalVariableDefs.obj (EQep1RegsFile)

EQep2RegsFile 
*          1    00006b40    00000022     UNINITIALIZED
                  00006b40    00000022     F2806x_GlobalVariableDefs.obj (EQep2RegsFile)

HRCap3RegsFile 
*          1    00006c80    00000020     UNINITIALIZED
                  00006c80    00000020     F2806x_GlobalVariableDefs.obj (HRCap3RegsFile)

HRCap4RegsFile 
*          1    00006ca0    00000020     UNINITIALIZED
                  00006ca0    00000020     F2806x_GlobalVariableDefs.obj (HRCap4RegsFile)

GpioCtrlRegsFile 
*          1    00006f80    00000040     UNINITIALIZED
                  00006f80    00000040     F2806x_GlobalVariableDefs.obj (GpioCtrlRegsFile)

GpioDataRegsFile 
*          1    00006fc0    00000020     UNINITIALIZED
                  00006fc0    00000020     F2806x_GlobalVariableDefs.obj (GpioDataRegsFile)

GpioIntRegsFile 
*          1    00006fe0    00000020     UNINITIALIZED
                  00006fe0    00000020     F2806x_GlobalVariableDefs.obj (GpioIntRegsFile)

SysCtrlRegsFile 
*          1    00007010    00000030     UNINITIALIZED
                  00007010    00000030     F2806x_GlobalVariableDefs.obj (SysCtrlRegsFile)

SpiaRegsFile 
*          1    00007040    00000010     UNINITIALIZED
                  00007040    00000010     F2806x_GlobalVariableDefs.obj (SpiaRegsFile)

SciaRegsFile 
*          1    00007050    00000010     UNINITIALIZED
                  00007050    00000010     F2806x_GlobalVariableDefs.obj (SciaRegsFile)

NmiIntruptRegsFile 
*          1    00007060    00000010     UNINITIALIZED
                  00007060    00000010     F2806x_GlobalVariableDefs.obj (NmiIntruptRegsFile)

XIntruptRegsFile 
*          1    00007070    00000010     UNINITIALIZED
                  00007070    00000010     F2806x_GlobalVariableDefs.obj (XIntruptRegsFile)

AdcRegsFile 
*          1    00007100    00000050     UNINITIALIZED
                  00007100    00000050     F2806x_GlobalVariableDefs.obj (AdcRegsFile)

SpibRegsFile 
*          1    00007740    00000010     UNINITIALIZED
                  00007740    00000010     F2806x_GlobalVariableDefs.obj (SpibRegsFile)

ScibRegsFile 
*          1    00007750    00000010     UNINITIALIZED
                  00007750    00000010     F2806x_GlobalVariableDefs.obj (ScibRegsFile)

I2caRegsFile 
*          1    00007900    00000022     UNINITIALIZED
                  00007900    00000022     F2806x_GlobalVariableDefs.obj (I2caRegsFile)

.ebss      1    00009000    00000bfe     UNINITIALIZED
                  00009000    00000440     main.obj (.ebss)
                  00009440    0000038e     usblib.lib : usbhostenum.obj (.ebss)
                  000097ce    00000031                : usbdcdc.obj (.ebss)
                  000097ff    00000001     rts2800_fpu32.lib : errno.obj (.ebss)
                  00009800    00000280     usb_serial_structs.obj (.ebss)
                  00009a80    0000008c     usblib.lib : usbdma.obj (.ebss)
                  00009b0c    0000001e                : usbtick.obj (.ebss)
                  00009b2a    0000000a                : usbmode.obj (.ebss)
                  00009b34    00000004     rts2800_fpu32.lib : exit.obj (.ebss)
                  00009b38    00000002                       : _lock.obj (.ebss:__lock)
                  00009b3a    00000002                       : _lock.obj (.ebss:__unlock)
                  00009b3c    00000004     --HOLE--
                  00009b40    00000080     usblib.lib : usbdenum.obj (.ebss)
                  00009bc0    0000003e                : usbhhub.obj (.ebss)

.reset     0    003fffc0    00000002     DSECT
                  003fffc0    00000002     rts2800_fpu32.lib : boot.obj (.reset)

vectors    0    003fffc2    00000000     DSECT

PartIdRegsFile 
*          1    003d7e80    00000001     UNINITIALIZED
                  003d7e80    00000001     F2806x_GlobalVariableDefs.obj (PartIdRegsFile)

CsmPwlFile 
*          1    003f7ff8    00000008     UNINITIALIZED
                  003f7ff8    00000008     F2806x_GlobalVariableDefs.obj (CsmPwlFile)


GLOBAL DATA SYMBOLS: SORTED BY DATA PAGE

address     data page           name
--------    ----------------    ----
00000050       1 (00000040)     __stack

00000880      22 (00000880)     _DevEmuRegs

00000985      26 (00000980)     _SysPwrCtrlRegs

00000a80      2a (00000a80)     _FlashRegs

00000ae0      2b (00000ac0)     _CsmRegs

00000b00      2c (00000b00)     _AdcResult

00000c00      30 (00000c00)     _CpuTimer0Regs
00000c08      30 (00000c00)     _CpuTimer1Regs
00000c10      30 (00000c00)     _CpuTimer2Regs

00000ce0      33 (00000cc0)     _PieCtrlRegs

00000d00      34 (00000d00)     _EmuKey
00000d00      34 (00000d00)     _PieVectTable
00000d01      34 (00000d00)     _EmuBMode
00000d02      34 (00000d00)     _Flash_CallbackPtr
00000d04      34 (00000d00)     _Flash_CPUScaleFactor

00001000      40 (00001000)     _DmaRegs

00001400      50 (00001400)     _Cla1Regs

00004000     100 (00004000)     _Usb0Regs

00005000     140 (00005000)     _McbspaRegs

00006000     180 (00006000)     _ECanaRegs

00006040     181 (00006040)     _ECanaLAMRegs

00006080     182 (00006080)     _ECanaMOTSRegs

000060c0     183 (000060c0)     _ECanaMOTORegs

00006100     184 (00006100)     _ECanaMboxes

00006400     190 (00006400)     _Comp1Regs
00006420     190 (00006400)     _Comp2Regs

00006440     191 (00006440)     _Comp3Regs

00006800     1a0 (00006800)     _EPwm1Regs

00006840     1a1 (00006840)     _EPwm2Regs

00006880     1a2 (00006880)     _EPwm3Regs

000068c0     1a3 (000068c0)     _EPwm4Regs

00006900     1a4 (00006900)     _EPwm5Regs

00006940     1a5 (00006940)     _EPwm6Regs

00006980     1a6 (00006980)     _EPwm7Regs

000069c0     1a7 (000069c0)     _EPwm8Regs

00006a00     1a8 (00006a00)     _ECap1Regs
00006a20     1a8 (00006a00)     _ECap2Regs

00006a40     1a9 (00006a40)     _ECap3Regs

00006ac0     1ab (00006ac0)     _HRCap1Regs
00006ae0     1ab (00006ac0)     _HRCap2Regs

00006b00     1ac (00006b00)     _EQep1Regs

00006b40     1ad (00006b40)     _EQep2Regs

00006c80     1b2 (00006c80)     _HRCap3Regs
00006ca0     1b2 (00006c80)     _HRCap4Regs

00006f80     1be (00006f80)     _GpioCtrlRegs

00006fc0     1bf (00006fc0)     _GpioDataRegs
00006fe0     1bf (00006fc0)     _GpioIntRegs

00007010     1c0 (00007000)     _SysCtrlRegs

00007040     1c1 (00007040)     _SpiaRegs
00007050     1c1 (00007040)     _SciaRegs
00007060     1c1 (00007040)     _NmiIntruptRegs
00007070     1c1 (00007040)     _XIntruptRegs

00007100     1c4 (00007100)     _AdcRegs

00007740     1dd (00007740)     _SpibRegs
00007750     1dd (00007740)     _ScibRegs

00007900     1e4 (00007900)     _I2caRegs

00009000     240 (00009000)     _program_recieved
00009001     240 (00009000)     _program_compiled

000097ce     25f (000097c0)     _g_psCDCSerSections
000097d4     25f (000097c0)     _g_psCDCCompSerSections
000097dc     25f (000097c0)     _g_pui8IADSerDescriptor
000097e4     25f (000097c0)     _g_pui8CDCSerDescriptor
000097ed     25f (000097c0)     _g_pui8CDCSerDeviceDescriptor
000097ff     25f (000097c0)     _errno

00009800     260 (00009800)     _g_pui8TxBufferWorkspace
00009818     260 (00009800)     _g_pui8RxBufferWorkspace

00009840     261 (00009840)     _g_sCDCDevice

00009880     262 (00009880)     _g_pi8USBRxBuffer

00009980     266 (00009980)     _g_pi8USBTxBuffer

00009b0c     26c (00009b00)     _g_bUSBTimerInitialized
00009b0e     26c (00009b00)     _g_ui32CurrentUSBTick
00009b10     26c (00009b00)     _g_ui32USBSOFCount
00009b12     26c (00009b00)     _g_pfnTickHandlers
00009b1e     26c (00009b00)     _g_pvTickInstance
00009b2b     26c (00009b00)     _g_iUSBMode
00009b2c     26c (00009b00)     _g_eOTGModeState
00009b30     26c (00009b00)     _g_ui32PollRate
00009b32     26c (00009b00)     _g_ui32WaitTicks
00009b34     26c (00009b00)     ___TI_cleanup_ptr
00009b36     26c (00009b00)     ___TI_dtors_ptr
00009b38     26c (00009b00)     __lock
00009b3a     26c (00009b00)     __unlock

00009b40     26d (00009b40)     _g_ppsDevInfo
00009b44     26d (00009b40)     _g_psDCDInst

003d7e80    f5fa (003d7e80)     _PartIdRegs

003f4000    fd00 (003f4000)     __ctypes_

003f4102    fd04 (003f4100)     _PieVectTableInit

003f4202    fd08 (003f4200)     _g_pui8ConfigString
003f4238    fd08 (003f4200)     _g_sCDCSerDataInterfaceSection
003f423c    fd08 (003f4200)     _g_sCDCSerCommInterfaceSection

003f4240    fd09 (003f4240)     _g_sCDCCompSerConfigHeader
003f4244    fd09 (003f4240)     _g_sCDCSerConfigHeader
003f4248    fd09 (003f4240)     _g_sIADSerConfigSection
003f424c    fd09 (003f4240)     _g_sCDCSerConfigSection
003f4250    fd09 (003f4240)     _g_sCDCHandlers

003f4295    fd0a (003f4280)     _g_pui8ControlInterfaceString

003f42c1    fd0b (003f42c0)     _g_pui8ManufacturerString
003f42e6    fd0b (003f42c0)     _g_sTxBuffer
003f42f8    fd0b (003f42c0)     _g_sRxBuffer

003f430a    fd0c (003f4300)     _g_pui8CDCSerCommInterface
003f432d    fd0c (003f4300)     _g_pui8ProdectString

003f436a    fd0d (003f4340)     _g_pui8CDCSerDataInterface

003f4381    fd0e (003f4380)     _g_pui8SerialNumberString
003f43a4    fd0e (003f4380)     _g_pui8StringDescriptors
003f43b0    fd0e (003f4380)     _g_sUSBHubClassDriver
003f43b8    fd0e (003f4380)     _g_pui8LangDescriptor
003f43bc    fd0e (003f4380)     _g_pCDCCompSerConfigDescriptors
003f43be    fd0e (003f4380)     _g_ppCDCSerConfigDescriptors

003f7ff8    fdff (003f7fc0)     _CsmPwl


GLOBAL SYMBOLS: SORTED ALPHABETICALLY BY Name 

page  address   name                                  
----  -------   ----                                  
abs   ffffffff  .text                                 
0     003ed2dd  C$$EXIT                               
0     003ece69  FD$$ADD                               
0     003ed0c0  FD$$DIV                               
0     003ed1d3  FD$$MPY                               
0     003ed32f  FD$$SUB                               
0     003f7f64  FD$$TOUL                              
0     003ed2f6  UL$$TOFD                              
0     003f7d6b  _ADCINT1_ISR                          
0     003f7d61  _ADCINT2_ISR                          
0     003f7d57  _ADCINT3_ISR                          
0     003f7d4d  _ADCINT4_ISR                          
0     003f7d43  _ADCINT5_ISR                          
0     003f7d39  _ADCINT6_ISR                          
0     003f7d2f  _ADCINT7_ISR                          
0     003f7d25  _ADCINT8_ISR                          
0     003f7d1b  _ADCINT9_ISR                          
1     00007100  _AdcRegs                              
1     00000b00  _AdcResult                            
0     003f7d11  _CLA1_INT1_ISR                        
0     003f7d07  _CLA1_INT2_ISR                        
0     003f7cfd  _CLA1_INT3_ISR                        
0     003f7cf3  _CLA1_INT4_ISR                        
0     003f7ce9  _CLA1_INT5_ISR                        
0     003f7cdf  _CLA1_INT6_ISR                        
0     003f7cd5  _CLA1_INT7_ISR                        
0     003f7ccb  _CLA1_INT8_ISR                        
1     00001400  _Cla1Regs                             
1     00006400  _Comp1Regs                            
1     00006420  _Comp2Regs                            
1     00006440  _Comp3Regs                            
0     003f44d6  _ConfigDescAlloc                      
0     003f4524  _ConfigDescFree                       
0     003f75b8  _ControlHandler                       
1     00000c00  _CpuTimer0Regs                        
1     00000c08  _CpuTimer1Regs                        
1     00000c10  _CpuTimer2Regs                        
1     003f7ff8  _CsmPwl                               
1     00000ae0  _CsmRegs                              
0     003f7cc1  _DATALOG_ISR                          
0     003f7cb7  _DINTCH1_ISR                          
0     003f7cad  _DINTCH2_ISR                          
0     003f7ca3  _DINTCH3_ISR                          
0     003f7c99  _DINTCH4_ISR                          
0     003f7c8f  _DINTCH5_ISR                          
0     003f7c85  _DINTCH6_ISR                          
0     00008000  _DSP28x_usDelay                       
1     00000880  _DevEmuRegs                           
1     00001000  _DmaRegs                              
0     003f7c7b  _ECAN0INTA_ISR                        
0     003f7c71  _ECAN1INTA_ISR                        
0     003f7c67  _ECAP1_INT_ISR                        
0     003f7c5d  _ECAP2_INT_ISR                        
0     003f7c53  _ECAP3_INT_ISR                        
1     00006040  _ECanaLAMRegs                         
1     000060c0  _ECanaMOTORegs                        
1     00006080  _ECanaMOTSRegs                        
1     00006100  _ECanaMboxes                          
1     00006000  _ECanaRegs                            
1     00006a00  _ECap1Regs                            
1     00006a20  _ECap2Regs                            
1     00006a40  _ECap3Regs                            
0     003f7c46  _EMPTY_ISR                            
0     003f7c3c  _EMUINT_ISR                           
0     003f7c32  _EPWM1_INT_ISR                        
0     003f7c28  _EPWM1_TZINT_ISR                      
0     003f7c1e  _EPWM2_INT_ISR                        
0     003f7c14  _EPWM2_TZINT_ISR                      
0     003f7c0a  _EPWM3_INT_ISR                        
0     003f7c00  _EPWM3_TZINT_ISR                      
0     003f7bf6  _EPWM4_INT_ISR                        
0     003f7bec  _EPWM4_TZINT_ISR                      
0     003f7be2  _EPWM5_INT_ISR                        
0     003f7bd8  _EPWM5_TZINT_ISR                      
0     003f7bce  _EPWM6_INT_ISR                        
0     003f7bc4  _EPWM6_TZINT_ISR                      
0     003f7bba  _EPWM7_INT_ISR                        
0     003f7bb0  _EPWM7_TZINT_ISR                      
0     003f7ba6  _EPWM8_INT_ISR                        
0     003f7b9c  _EPWM8_TZINT_ISR                      
1     00006800  _EPwm1Regs                            
1     00006840  _EPwm2Regs                            
1     00006880  _EPwm3Regs                            
1     000068c0  _EPwm4Regs                            
1     00006900  _EPwm5Regs                            
1     00006940  _EPwm6Regs                            
1     00006980  _EPwm7Regs                            
1     000069c0  _EPwm8Regs                            
0     003f7b92  _EQEP1_INT_ISR                        
0     003f7b88  _EQEP2_INT_ISR                        
1     00006b00  _EQep1Regs                            
1     00006b40  _EQep2Regs                            
1     00000d01  _EmuBMode                             
1     00000d00  _EmuKey                               
0     003ed2bb  _EnableInterrupts                     
1     00000a80  _FlashRegs                            
1     00000d04  _Flash_CPUScaleFactor                 
1     00000d02  _Flash_CallbackPtr                    
1     00006f80  _GpioCtrlRegs                         
1     00006fc0  _GpioDataRegs                         
1     00006fe0  _GpioIntRegs                          
0     003f7b7e  _HRCAP1_INT_ISR                       
0     003f7b74  _HRCAP2_INT_ISR                       
0     003f7b6a  _HRCAP3_INT_ISR                       
0     003f7b60  _HRCAP4_INT_ISR                       
1     00006ac0  _HRCap1Regs                           
1     00006ae0  _HRCap2Regs                           
1     00006c80  _HRCap3Regs                           
1     00006ca0  _HRCap4Regs                           
0     003f715b  _HexConstant                          
0     003f7b56  _I2CINT1A_ISR                         
0     003f7b4c  _I2CINT2A_ISR                         
1     00007900  _I2caRegs                             
0     003f7b42  _ILLEGAL_ISR                          
0     003f7b38  _INT13_ISR                            
0     003f7b2e  _INT14_ISR                            
0     003ed29c  _InitPieCtrl                          
0     003ed31e  _InitPieVectTable                     
0     003ed33d  _IntDefaultHandler                    
0     003f7de2  _IntDisable                           
0     003f7dbb  _IntEnable                            
0     003f7d79  _IntMasterDisable                     
0     003f7d75  _IntMasterEnable                      
0     003f7d7d  _IntRegister                          
0     003f7d9b  _IntUnregister                        
0     003f55d8  _InternalUSBHCDSendEvent              
0     003ed176  _InternalUSBRegisterTickHandler       
0     003ed1a6  _InternalUSBStartOfFrameTick          
0     003ed14b  _InternalUSBTickInit                  
0     003ed172  _InternalUSBTickReset                 
0     003f7ec7  _Interrupt_disable                    
0     003f7e7d  _Interrupt_enable                     
0     003f7b24  _LUF_ISR                              
0     003f7b1a  _LVF_ISR                              
0     003f7b10  _MRINTA_ISR                           
0     003f7b06  _MXINTA_ISR                           
1     00005000  _McbspaRegs                           
0     003f7afc  _NMI_ISR                              
1     00007060  _NmiIntruptRegs                       
0     003ec6f1  _OTGDeviceDisconnect                  
0     003f715c  _OctalAND                             
0     003f7163  _OctalShiftLeft                       
0     003f7161  _OctalShiftRight                      
0     003f7af2  _PIE_RESERVED                         
1     003d7e80  _PartIdRegs                           
1     00000ce0  _PieCtrlRegs                          
1     00000d00  _PieVectTable                         
0     003f4102  _PieVectTableInit                     
0     003f6442  _ProcessDataFromHost                  
0     003f64cf  _ProcessDataToHost                    
0     003f64a0  _ProcessNotificationToHost            
0     003f7ae8  _RTOSINT_ISR                          
0     003e8004  _RamfuncsLoadEnd                      
abs   00000004  _RamfuncsLoadSize                     
0     003e8000  _RamfuncsLoadStart                    
0     00008000  _RamfuncsRunStart                     
0     003f749e  _RxHandler                            
0     003f7ade  _SCIRXINTA_ISR                        
0     003f7ad4  _SCIRXINTB_ISR                        
0     003f7aca  _SCITXINTA_ISR                        
0     003f7ac0  _SCITXINTB_ISR                        
0     003f7ab6  _SPIRXINTA_ISR                        
0     003f7aac  _SPIRXINTB_ISR                        
0     003f7aa2  _SPITXINTA_ISR                        
0     003f7a98  _SPITXINTB_ISR                        
1     00007050  _SciaRegs                             
1     00007750  _ScibRegs                             
0     003f7166  _SetOutput                            
1     00007040  _SpiaRegs                             
1     00007740  _SpibRegs                             
0     003ecf9b  _SysCtlClockGet                       
0     003ecf8f  _SysCtlDelay                          
0     003ecf57  _SysCtlPeripheralDisable              
0     003ecf1f  _SysCtlPeripheralEnable               
0     003ecf1d  _SysCtlPeripheralPresent              
0     003ecf1c  _SysCtlPeripheralReset                
0     003ecf17  _SysCtlUSBPLLDisable                  
0     003ecf05  _SysCtlUSBPLLEnable                   
0     003f711e  _SysCtrlInit                          
1     00007010  _SysCtrlRegs                          
1     00000985  _SysPwrCtrlRegs                       
0     003f7a8e  _TINT0_ISR                            
0     003f749c  _TxHandler                            
0     003ec14e  _UARTBusy                             
0     003ec115  _UARTCharGet                          
0     003ec104  _UARTCharGetNonBlocking               
0     003ec13e  _UARTCharPut                          
0     003ec12b  _UARTCharPutNonBlocking               
0     003ec0ea  _UARTCharsAvail                       
0     003ec07a  _UARTConfigGetExpClk                  
0     003ec043  _UARTConfigSetExpClk                  
0     003ec0a8  _UARTDisable                          
0     003ec09e  _UARTEnable                           
0     003ec0c7  _UARTFIFODisable                      
0     003ec0be  _UARTFIFOEnable                       
0     003ec02d  _UARTFIFOLevelGet                     
0     003ec013  _UARTFIFOLevelSet                     
0     003ec246  _UARTIntClear                         
0     003ec1e0  _UARTIntDisable                       
0     003ec1af  _UARTIntEnable                        
0     003ec216  _UARTIntStatus                        
0     003ec00a  _UARTParityModeGet                    
0     003ec000  _UARTParityModeSet                    
0     003ec15b  _UARTRXIntRegister                    
0     003ec187  _UARTRXIntUnregister                  
0     003ec279  _UARTRxErrorClear                     
0     003ec273  _UARTRxErrorGet                       
0     003ec0f7  _UARTSpaceAvail                       
0     003ec171  _UARTTXIntRegister                    
0     003ec19b  _UARTTXIntUnregister                  
0     003ec0e0  _UARTTxIntModeGet                     
0     003ec0d0  _UARTTxIntModeSet                     
0     003ed30c  _USB0DeviceIntHandler                 
0     003ec544  _USB0DualModeIntHandler               
0     003f555d  _USB0HostIntHandler                   
0     003ec672  _USB0OTGModeIntHandler                
0     003f7a84  _USB0_INT_ISR                         
0     003ec456  _USBBufferCallbackDataSet             
0     003ec4a8  _USBBufferDataAvailable               
0     003ec446  _USBBufferDataRemoved                 
0     003ec433  _USBBufferDataWritten                 
0     003ec4c0  _USBBufferEventCallback               
0     003ec47f  _USBBufferFlush                       
0     003ec425  _USBBufferInfoGet                     
0     003ec3f4  _USBBufferInit                        
0     003ec48b  _USBBufferRead                        
0     003ec4b4  _USBBufferSpaceAvailable              
0     003ec460  _USBBufferWrite                       
0     003ec40e  _USBBufferZeroLengthPacketInsert      
0     003f6801  _USBDCDCCompositeInit                 
0     003f6899  _USBDCDCInit                          
0     003f696f  _USBDCDCPacketRead                    
0     003f6929  _USBDCDCPacketWrite                   
0     003f6a40  _USBDCDCPowerStatusSet                
0     003f6a49  _USBDCDCRemoteWakeupRequest           
0     003f69e7  _USBDCDCRxPacketAvailable             
0     003f6a12  _USBDCDCSerialStateChange             
0     003f68f9  _USBDCDCSetControlCBData              
0     003f6905  _USBDCDCSetRxCBData                   
0     003f6917  _USBDCDCSetTxCBData                   
0     003f68ec  _USBDCDCTerm                          
0     003f69d7  _USBDCDCTxPacketAvailable             
0     003eca00  _USBDCDConfigDescGet                  
0     003ec9da  _USBDCDConfigDescGetNum               
0     003ec9c0  _USBDCDConfigDescGetSize              
0     003eca6b  _USBDCDConfigGetInterface             
0     003eca84  _USBDCDConfigGetInterfaceEndpoint     
0     003eca46  _USBDCDConfigGetNumAlternateInterfaces
0     003f5acb  _USBDCDDeviceInfoInit                 
0     003f5adb  _USBDCDInit                           
0     003f5bc2  _USBDCDPowerStatusSet                 
0     003f5bcf  _USBDCDRemoteWakeupRequest            
0     003f5b8c  _USBDCDRequestDataEP0                 
0     003f5b9a  _USBDCDSendDataEP0                    
0     003f5ba9  _USBDCDSetDefaultConfiguration        
0     003f5bb1  _USBDCDStallEP0                       
0     003f5b59  _USBDCDTerm                           
0     003f7f22  _USBDelay                             
0     003ecd07  _USBDescGet                           
0     003ecd84  _USBDescGetInterface                  
0     003ecd9e  _USBDescGetInterfaceEndpoint          
0     003eccdf  _USBDescGetNum                        
0     003ecd34  _USBDescGetNumAlternateInterfaces     
0     003f7119  _USBDevAddrGet                        
0     003f7115  _USBDevAddrSet                        
0     003f710f  _USBDevConnect                        
0     003f7108  _USBDevDisconnect                     
0     003f70c2  _USBDevEndpointConfigGet              
0     003f705c  _USBDevEndpointConfigSet              
0     003f7042  _USBDevEndpointDataAck                
0     003f7020  _USBDevEndpointStall                  
0     003f6ff9  _USBDevEndpointStallClear             
0     003f6fba  _USBDevEndpointStatusClear            
0     003f6fb4  _USBDevMode                           
0     003ec7a9  _USBDeviceConfig                      
0     003ec8f2  _USBDeviceConfigAlternate             
0     003f5c53  _USBDeviceEnumHandler                 
0     003f5d14  _USBDeviceEnumResetHandler            
0     003f6288  _USBDeviceIntHandlerInternal          
0     003f5be5  _USBDeviceResumeTickHandler           
0     003ec57f  _USBDualModeInit                      
0     003ec5c3  _USBDualModeTerm                      
0     003f6f8f  _USBEndpointDMAChannel                
0     003f6f77  _USBEndpointDMADisable                
0     003f6f61  _USBEndpointDMAEnable                 
0     003f6f49  _USBEndpointDataAvail                 
0     003f6f16  _USBEndpointDataGet                   
0     003f6ef0  _USBEndpointDataPut                   
0     003f6ec3  _USBEndpointDataSend                  
0     003f6ead  _USBEndpointDataToggleClear           
0     003f6ea1  _USBEndpointPacketCountSet            
0     003f6e89  _USBEndpointStatus                    
0     003f6e82  _USBFIFOAddrGet                       
0     003f6e4f  _USBFIFOConfigGet                     
0     003f6df9  _USBFIFOConfigSet                     
0     003f6dae  _USBFIFOFlush                         
0     003f6daa  _USBFrameNumberGet                    
0     003f7f1a  _USBGPIODisable                       
0     003f7f12  _USBGPIOEnable                        
0     003f584a  _USBHCDControlTransfer                
0     003f5a48  _USBHCDDevAddress                     
0     003f5a5c  _USBHCDDevClass                       
0     003f5a34  _USBHCDDevHubPort                     
0     003f5aa6  _USBHCDDevProtocol                    
0     003f5a81  _USBHCDDevSubClass                    
0     003f45aa  _USBHCDEventDisable                   
0     003f4595  _USBHCDEventEnable                    
0     003f58dc  _USBHCDHubDeviceConnected             
0     003f5934  _USBHCDHubDeviceDisconnected          
0     003f4eb1  _USBHCDInit                           
0     003f5685  _USBHCDMain                           
0     003f4873  _USBHCDPipeAlloc                      
0     003f467f  _USBHCDPipeAllocSize                  
0     003f4882  _USBHCDPipeConfig                     
0     003f4b2b  _USBHCDPipeDataAck                    
0     003f4c60  _USBHCDPipeFree                       
0     003f4b48  _USBHCDPipeRead                       
0     003f4b00  _USBHCDPipeReadNonBlocking            
0     003f4a59  _USBHCDPipeSchedule                   
0     003f4952  _USBHCDPipeStatus                     
0     003f4957  _USBHCDPipeWrite                      
0     003f4ea6  _USBHCDPowerAutomatic                 
0     003f4e75  _USBHCDPowerConfigGet                 
0     003f4e6d  _USBHCDPowerConfigInit                
0     003f4e7c  _USBHCDPowerConfigSet                 
0     003f4f03  _USBHCDRegisterDrivers                
0     003f4f70  _USBHCDReset                          
0     003f4f9f  _USBHCDResume                         
0     003f505f  _USBHCDSetAddress                     
0     003f5108  _USBHCDSetConfig                      
0     003f512c  _USBHCDSetInterface                   
0     003f4f96  _USBHCDSuspend                        
0     003f4f0e  _USBHCDTerm                           
0     003f79c6  _USBHHubClose                         
0     003f7996  _USBHHubEnumerationComplete           
0     003f79a7  _USBHHubEnumerationError              
0     003f79cf  _USBHHubInit                          
0     003f78a9  _USBHHubMain                          
0     003f79b8  _USBHHubOpen                          
0     003f6d95  _USBHostAddrGet                       
0     003f6d7e  _USBHostAddrSet                       
0     003f5158  _USBHostCheckPipes                    
0     003f6ce4  _USBHostEndpointConfig                
0     003f6cd2  _USBHostEndpointDataAck               
0     003f6ca0  _USBHostEndpointDataToggle            
0     003f6c7c  _USBHostEndpointStatusClear           
0     003f6c67  _USBHostHubAddrGet                    
0     003f6c43  _USBHostHubAddrSet                    
0     003f51e4  _USBHostIntHandlerInternal            
0     003f6c3d  _USBHostMode                          
0     003f6c26  _USBHostPwrConfig                     
0     003f6c20  _USBHostPwrDisable                    
0     003f6c1a  _USBHostPwrEnable                     
0     003f6c14  _USBHostPwrFaultDisable               
0     003f6c0e  _USBHostPwrFaultEnable                
0     003f6bff  _USBHostRequestIN                     
0     003f6bee  _USBHostRequestINClear                
0     003f6be8  _USBHostRequestStatus                 
0     003f6bda  _USBHostReset                         
0     003f6bcc  _USBHostResume                        
0     003f6bbd  _USBHostSpeedGet                      
0     003f6bb7  _USBHostSuspend                       
0     003f6b7d  _USBIntDisable                        
0     003f6b5c  _USBIntDisableControl                 
0     003f6b51  _USBIntDisableEndpoint                
0     003f6b1e  _USBIntEnable                         
0     003f6b00  _USBIntEnableControl                  
0     003f6af7  _USBIntEnableEndpoint                 
0     003f6af0  _USBIntRegister                       
0     003f6ab2  _USBIntStatus                         
0     003f6a90  _USBIntStatusControl                  
0     003f6a81  _USBIntStatusEndpoint                 
0     003f6a7a  _USBIntUnregister                     
0     003ecc84  _USBLibDMAInit                        
0     003f6a73  _USBModeGet                           
0     003f6a71  _USBNumEndpointsGet                   
0     003ec6ff  _USBOTGMain                           
0     003f6a6b  _USBOTGMode                           
0     003ec5fa  _USBOTGModeInit                       
0     003ec5dd  _USBOTGModeTerm                       
0     003ec66a  _USBOTGPollRate                       
0     003f6a5d  _USBOTGSessionRequest                 
0     003f6a57  _USBPHYPowerOff                       
0     003f6a50  _USBPHYPowerOn                        
0     003ecb8e  _USBRingBufAdvanceRead                
0     003ecba5  _USBRingBufAdvanceWrite               
0     003ecb40  _USBRingBufContigFree                 
0     003ecb30  _USBRingBufContigUsed                 
0     003ecaef  _USBRingBufEmpty                      
0     003ecb01  _USBRingBufFlush                      
0     003ecb25  _USBRingBufFree                       
0     003ecad6  _USBRingBufFull                       
0     003ecbfa  _USBRingBufInit                       
0     003ecb73  _USBRingBufRead                       
0     003ecb60  _USBRingBufReadOne                    
0     003ecb5b  _USBRingBufSize                       
0     003ecb14  _USBRingBufUsed                       
0     003ecbe0  _USBRingBufWrite                      
0     003ecbcc  _USBRingBufWriteOne                   
0     003ec52e  _USBStackModeSet                      
0     003ed077  _USBUARTRXIntHandler                  
0     003ed030  _USBUARTTXIntHandler                  
0     003f7a7a  _USER10_ISR                           
0     003f7a70  _USER11_ISR                           
0     003f7a66  _USER12_ISR                           
0     003f7a5c  _USER1_ISR                            
0     003f7a52  _USER2_ISR                            
0     003f7a48  _USER3_ISR                            
0     003f7a3e  _USER4_ISR                            
0     003f7a34  _USER5_ISR                            
0     003f7a2a  _USER6_ISR                            
0     003f7a20  _USER7_ISR                            
0     003f7a16  _USER8_ISR                            
0     003f7a0c  _USER9_ISR                            
1     00004000  _Usb0Regs                             
0     003f7a02  _WAKEINT_ISR                          
0     003f79f8  _XINT1_ISR                            
0     003f79ee  _XINT2_ISR                            
0     003f79e4  _XINT3_ISR                            
1     00007070  _XIntruptRegs                         
1     00000350  __STACK_END                           
abs   00000300  __STACK_SIZE                          
1     00009b34  ___TI_cleanup_ptr                     
1     00009b36  ___TI_dtors_ptr                       
abs   ffffffff  ___binit__                            
abs   ffffffff  ___c_args__                           
0     003f43c0  ___cinit__                            
abs   ffffffff  ___etext__                            
abs   ffffffff  ___pinit__                            
abs   ffffffff  ___text__                             
0     003ed2c4  __args_main                           
0     003f4000  __ctypes_                             
1     00009b38  __lock                                
0     003ed35c  __nop                                 
0     003ed358  __register_lock                       
0     003ed354  __register_unlock                     
1     00000050  __stack                               
1     00009b3a  __unlock                              
0     003ed2dd  _abort                                
0     003ed256  _c_int00                              
1     000097ff  _errno                                
0     003ed2df  _exit                                 
0     003ecfa0  _f28x_USB0DeviceIntHandler            
0     003ed000  _f28x_USB0DualModeIntHandler          
0     003ecfd0  _f28x_USB0HostIntHandler              
1     00009b0c  _g_bUSBTimerInitialized               
1     00009b2c  _g_eOTGModeState                      
1     00009b2b  _g_iUSBMode                           
0     003f43bc  _g_pCDCCompSerConfigDescriptors       
1     00009b12  _g_pfnTickHandlers                    
1     00009880  _g_pi8USBRxBuffer                     
1     00009980  _g_pi8USBTxBuffer                     
0     003f43be  _g_ppCDCSerConfigDescriptors          
1     00009b40  _g_ppsDevInfo                         
1     000097d4  _g_psCDCCompSerSections               
1     000097ce  _g_psCDCSerSections                   
1     00009b44  _g_psDCDInst                          
0     003f430a  _g_pui8CDCSerCommInterface            
0     003f436a  _g_pui8CDCSerDataInterface            
1     000097e4  _g_pui8CDCSerDescriptor               
1     000097ed  _g_pui8CDCSerDeviceDescriptor         
0     003f4202  _g_pui8ConfigString                   
0     003f4295  _g_pui8ControlInterfaceString         
1     000097dc  _g_pui8IADSerDescriptor               
0     003f43b8  _g_pui8LangDescriptor                 
0     003f42c1  _g_pui8ManufacturerString             
0     003f432d  _g_pui8ProdectString                  
1     00009818  _g_pui8RxBufferWorkspace              
0     003f4381  _g_pui8SerialNumberString             
0     003f43a4  _g_pui8StringDescriptors              
1     00009800  _g_pui8TxBufferWorkspace              
1     00009b1e  _g_pvTickInstance                     
0     003f4240  _g_sCDCCompSerConfigHeader            
1     00009840  _g_sCDCDevice                         
0     003f4250  _g_sCDCHandlers                       
0     003f423c  _g_sCDCSerCommInterfaceSection        
0     003f4244  _g_sCDCSerConfigHeader                
0     003f424c  _g_sCDCSerConfigSection               
0     003f4238  _g_sCDCSerDataInterfaceSection        
0     003f4248  _g_sIADSerConfigSection               
0     003f42f8  _g_sRxBuffer                          
0     003f42e6  _g_sTxBuffer                          
0     003f43b0  _g_sUSBHubClassDriver                 
1     00009b0e  _g_ui32CurrentUSBTick                 
1     00009b30  _g_ui32PollRate                       
1     00009b10  _g_ui32USBSOFCount                    
1     00009b32  _g_ui32WaitTicks                      
0     003f71bc  _main                                 
1     00009001  _program_compiled                     
1     00009000  _program_recieved                     
0     003f79da  _rsvd_ISR                             
0     003ed34a  _strcmp                               
0     003ecdb1  _strtoul                              
abs   ffffffff  binit                                 
0     003f43c0  cinit                                 
0     003f7ff6  code_start                            
abs   ffffffff  etext                                 
abs   ffffffff  pinit                                 


GLOBAL SYMBOLS: SORTED BY Symbol Address 

page  address   name                                  
----  -------   ----                                  
0     00008000  _DSP28x_usDelay                       
0     00008000  _RamfuncsRunStart                     
0     003e8000  _RamfuncsLoadStart                    
0     003e8004  _RamfuncsLoadEnd                      
0     003ec000  _UARTParityModeSet                    
0     003ec00a  _UARTParityModeGet                    
0     003ec013  _UARTFIFOLevelSet                     
0     003ec02d  _UARTFIFOLevelGet                     
0     003ec043  _UARTConfigSetExpClk                  
0     003ec07a  _UARTConfigGetExpClk                  
0     003ec09e  _UARTEnable                           
0     003ec0a8  _UARTDisable                          
0     003ec0be  _UARTFIFOEnable                       
0     003ec0c7  _UARTFIFODisable                      
0     003ec0d0  _UARTTxIntModeSet                     
0     003ec0e0  _UARTTxIntModeGet                     
0     003ec0ea  _UARTCharsAvail                       
0     003ec0f7  _UARTSpaceAvail                       
0     003ec104  _UARTCharGetNonBlocking               
0     003ec115  _UARTCharGet                          
0     003ec12b  _UARTCharPutNonBlocking               
0     003ec13e  _UARTCharPut                          
0     003ec14e  _UARTBusy                             
0     003ec15b  _UARTRXIntRegister                    
0     003ec171  _UARTTXIntRegister                    
0     003ec187  _UARTRXIntUnregister                  
0     003ec19b  _UARTTXIntUnregister                  
0     003ec1af  _UARTIntEnable                        
0     003ec1e0  _UARTIntDisable                       
0     003ec216  _UARTIntStatus                        
0     003ec246  _UARTIntClear                         
0     003ec273  _UARTRxErrorGet                       
0     003ec279  _UARTRxErrorClear                     
0     003ec3f4  _USBBufferInit                        
0     003ec40e  _USBBufferZeroLengthPacketInsert      
0     003ec425  _USBBufferInfoGet                     
0     003ec433  _USBBufferDataWritten                 
0     003ec446  _USBBufferDataRemoved                 
0     003ec456  _USBBufferCallbackDataSet             
0     003ec460  _USBBufferWrite                       
0     003ec47f  _USBBufferFlush                       
0     003ec48b  _USBBufferRead                        
0     003ec4a8  _USBBufferDataAvailable               
0     003ec4b4  _USBBufferSpaceAvailable              
0     003ec4c0  _USBBufferEventCallback               
0     003ec52e  _USBStackModeSet                      
0     003ec544  _USB0DualModeIntHandler               
0     003ec57f  _USBDualModeInit                      
0     003ec5c3  _USBDualModeTerm                      
0     003ec5dd  _USBOTGModeTerm                       
0     003ec5fa  _USBOTGModeInit                       
0     003ec66a  _USBOTGPollRate                       
0     003ec672  _USB0OTGModeIntHandler                
0     003ec6f1  _OTGDeviceDisconnect                  
0     003ec6ff  _USBOTGMain                           
0     003ec7a9  _USBDeviceConfig                      
0     003ec8f2  _USBDeviceConfigAlternate             
0     003ec9c0  _USBDCDConfigDescGetSize              
0     003ec9da  _USBDCDConfigDescGetNum               
0     003eca00  _USBDCDConfigDescGet                  
0     003eca46  _USBDCDConfigGetNumAlternateInterfaces
0     003eca6b  _USBDCDConfigGetInterface             
0     003eca84  _USBDCDConfigGetInterfaceEndpoint     
0     003ecad6  _USBRingBufFull                       
0     003ecaef  _USBRingBufEmpty                      
0     003ecb01  _USBRingBufFlush                      
0     003ecb14  _USBRingBufUsed                       
0     003ecb25  _USBRingBufFree                       
0     003ecb30  _USBRingBufContigUsed                 
0     003ecb40  _USBRingBufContigFree                 
0     003ecb5b  _USBRingBufSize                       
0     003ecb60  _USBRingBufReadOne                    
0     003ecb73  _USBRingBufRead                       
0     003ecb8e  _USBRingBufAdvanceRead                
0     003ecba5  _USBRingBufAdvanceWrite               
0     003ecbcc  _USBRingBufWriteOne                   
0     003ecbe0  _USBRingBufWrite                      
0     003ecbfa  _USBRingBufInit                       
0     003ecc84  _USBLibDMAInit                        
0     003eccdf  _USBDescGetNum                        
0     003ecd07  _USBDescGet                           
0     003ecd34  _USBDescGetNumAlternateInterfaces     
0     003ecd84  _USBDescGetInterface                  
0     003ecd9e  _USBDescGetInterfaceEndpoint          
0     003ecdb1  _strtoul                              
0     003ece69  FD$$ADD                               
0     003ecf05  _SysCtlUSBPLLEnable                   
0     003ecf17  _SysCtlUSBPLLDisable                  
0     003ecf1c  _SysCtlPeripheralReset                
0     003ecf1d  _SysCtlPeripheralPresent              
0     003ecf1f  _SysCtlPeripheralEnable               
0     003ecf57  _SysCtlPeripheralDisable              
0     003ecf8f  _SysCtlDelay                          
0     003ecf9b  _SysCtlClockGet                       
0     003ecfa0  _f28x_USB0DeviceIntHandler            
0     003ecfd0  _f28x_USB0HostIntHandler              
0     003ed000  _f28x_USB0DualModeIntHandler          
0     003ed030  _USBUARTTXIntHandler                  
0     003ed077  _USBUARTRXIntHandler                  
0     003ed0c0  FD$$DIV                               
0     003ed14b  _InternalUSBTickInit                  
0     003ed172  _InternalUSBTickReset                 
0     003ed176  _InternalUSBRegisterTickHandler       
0     003ed1a6  _InternalUSBStartOfFrameTick          
0     003ed1d3  FD$$MPY                               
0     003ed256  _c_int00                              
0     003ed29c  _InitPieCtrl                          
0     003ed2bb  _EnableInterrupts                     
0     003ed2c4  __args_main                           
0     003ed2dd  C$$EXIT                               
0     003ed2dd  _abort                                
0     003ed2df  _exit                                 
0     003ed2f6  UL$$TOFD                              
0     003ed30c  _USB0DeviceIntHandler                 
0     003ed31e  _InitPieVectTable                     
0     003ed32f  FD$$SUB                               
0     003ed33d  _IntDefaultHandler                    
0     003ed34a  _strcmp                               
0     003ed354  __register_unlock                     
0     003ed358  __register_lock                       
0     003ed35c  __nop                                 
0     003f4000  __ctypes_                             
0     003f4102  _PieVectTableInit                     
0     003f4202  _g_pui8ConfigString                   
0     003f4238  _g_sCDCSerDataInterfaceSection        
0     003f423c  _g_sCDCSerCommInterfaceSection        
0     003f4240  _g_sCDCCompSerConfigHeader            
0     003f4244  _g_sCDCSerConfigHeader                
0     003f4248  _g_sIADSerConfigSection               
0     003f424c  _g_sCDCSerConfigSection               
0     003f4250  _g_sCDCHandlers                       
0     003f4295  _g_pui8ControlInterfaceString         
0     003f42c1  _g_pui8ManufacturerString             
0     003f42e6  _g_sTxBuffer                          
0     003f42f8  _g_sRxBuffer                          
0     003f430a  _g_pui8CDCSerCommInterface            
0     003f432d  _g_pui8ProdectString                  
0     003f436a  _g_pui8CDCSerDataInterface            
0     003f4381  _g_pui8SerialNumberString             
0     003f43a4  _g_pui8StringDescriptors              
0     003f43b0  _g_sUSBHubClassDriver                 
0     003f43b8  _g_pui8LangDescriptor                 
0     003f43bc  _g_pCDCCompSerConfigDescriptors       
0     003f43be  _g_ppCDCSerConfigDescriptors          
0     003f43c0  ___cinit__                            
0     003f43c0  cinit                                 
0     003f44d6  _ConfigDescAlloc                      
0     003f4524  _ConfigDescFree                       
0     003f4595  _USBHCDEventEnable                    
0     003f45aa  _USBHCDEventDisable                   
0     003f467f  _USBHCDPipeAllocSize                  
0     003f4873  _USBHCDPipeAlloc                      
0     003f4882  _USBHCDPipeConfig                     
0     003f4952  _USBHCDPipeStatus                     
0     003f4957  _USBHCDPipeWrite                      
0     003f4a59  _USBHCDPipeSchedule                   
0     003f4b00  _USBHCDPipeReadNonBlocking            
0     003f4b2b  _USBHCDPipeDataAck                    
0     003f4b48  _USBHCDPipeRead                       
0     003f4c60  _USBHCDPipeFree                       
0     003f4e6d  _USBHCDPowerConfigInit                
0     003f4e75  _USBHCDPowerConfigGet                 
0     003f4e7c  _USBHCDPowerConfigSet                 
0     003f4ea6  _USBHCDPowerAutomatic                 
0     003f4eb1  _USBHCDInit                           
0     003f4f03  _USBHCDRegisterDrivers                
0     003f4f0e  _USBHCDTerm                           
0     003f4f70  _USBHCDReset                          
0     003f4f96  _USBHCDSuspend                        
0     003f4f9f  _USBHCDResume                         
0     003f505f  _USBHCDSetAddress                     
0     003f5108  _USBHCDSetConfig                      
0     003f512c  _USBHCDSetInterface                   
0     003f5158  _USBHostCheckPipes                    
0     003f51e4  _USBHostIntHandlerInternal            
0     003f555d  _USB0HostIntHandler                   
0     003f55d8  _InternalUSBHCDSendEvent              
0     003f5685  _USBHCDMain                           
0     003f584a  _USBHCDControlTransfer                
0     003f58dc  _USBHCDHubDeviceConnected             
0     003f5934  _USBHCDHubDeviceDisconnected          
0     003f5a34  _USBHCDDevHubPort                     
0     003f5a48  _USBHCDDevAddress                     
0     003f5a5c  _USBHCDDevClass                       
0     003f5a81  _USBHCDDevSubClass                    
0     003f5aa6  _USBHCDDevProtocol                    
0     003f5acb  _USBDCDDeviceInfoInit                 
0     003f5adb  _USBDCDInit                           
0     003f5b59  _USBDCDTerm                           
0     003f5b8c  _USBDCDRequestDataEP0                 
0     003f5b9a  _USBDCDSendDataEP0                    
0     003f5ba9  _USBDCDSetDefaultConfiguration        
0     003f5bb1  _USBDCDStallEP0                       
0     003f5bc2  _USBDCDPowerStatusSet                 
0     003f5bcf  _USBDCDRemoteWakeupRequest            
0     003f5be5  _USBDeviceResumeTickHandler           
0     003f5c53  _USBDeviceEnumHandler                 
0     003f5d14  _USBDeviceEnumResetHandler            
0     003f6288  _USBDeviceIntHandlerInternal          
0     003f6442  _ProcessDataFromHost                  
0     003f64a0  _ProcessNotificationToHost            
0     003f64cf  _ProcessDataToHost                    
0     003f6801  _USBDCDCCompositeInit                 
0     003f6899  _USBDCDCInit                          
0     003f68ec  _USBDCDCTerm                          
0     003f68f9  _USBDCDCSetControlCBData              
0     003f6905  _USBDCDCSetRxCBData                   
0     003f6917  _USBDCDCSetTxCBData                   
0     003f6929  _USBDCDCPacketWrite                   
0     003f696f  _USBDCDCPacketRead                    
0     003f69d7  _USBDCDCTxPacketAvailable             
0     003f69e7  _USBDCDCRxPacketAvailable             
0     003f6a12  _USBDCDCSerialStateChange             
0     003f6a40  _USBDCDCPowerStatusSet                
0     003f6a49  _USBDCDCRemoteWakeupRequest           
0     003f6a50  _USBPHYPowerOn                        
0     003f6a57  _USBPHYPowerOff                       
0     003f6a5d  _USBOTGSessionRequest                 
0     003f6a6b  _USBOTGMode                           
0     003f6a71  _USBNumEndpointsGet                   
0     003f6a73  _USBModeGet                           
0     003f6a7a  _USBIntUnregister                     
0     003f6a81  _USBIntStatusEndpoint                 
0     003f6a90  _USBIntStatusControl                  
0     003f6ab2  _USBIntStatus                         
0     003f6af0  _USBIntRegister                       
0     003f6af7  _USBIntEnableEndpoint                 
0     003f6b00  _USBIntEnableControl                  
0     003f6b1e  _USBIntEnable                         
0     003f6b51  _USBIntDisableEndpoint                
0     003f6b5c  _USBIntDisableControl                 
0     003f6b7d  _USBIntDisable                        
0     003f6bb7  _USBHostSuspend                       
0     003f6bbd  _USBHostSpeedGet                      
0     003f6bcc  _USBHostResume                        
0     003f6bda  _USBHostReset                         
0     003f6be8  _USBHostRequestStatus                 
0     003f6bee  _USBHostRequestINClear                
0     003f6bff  _USBHostRequestIN                     
0     003f6c0e  _USBHostPwrFaultEnable                
0     003f6c14  _USBHostPwrFaultDisable               
0     003f6c1a  _USBHostPwrEnable                     
0     003f6c20  _USBHostPwrDisable                    
0     003f6c26  _USBHostPwrConfig                     
0     003f6c3d  _USBHostMode                          
0     003f6c43  _USBHostHubAddrSet                    
0     003f6c67  _USBHostHubAddrGet                    
0     003f6c7c  _USBHostEndpointStatusClear           
0     003f6ca0  _USBHostEndpointDataToggle            
0     003f6cd2  _USBHostEndpointDataAck               
0     003f6ce4  _USBHostEndpointConfig                
0     003f6d7e  _USBHostAddrSet                       
0     003f6d95  _USBHostAddrGet                       
0     003f6daa  _USBFrameNumberGet                    
0     003f6dae  _USBFIFOFlush                         
0     003f6df9  _USBFIFOConfigSet                     
0     003f6e4f  _USBFIFOConfigGet                     
0     003f6e82  _USBFIFOAddrGet                       
0     003f6e89  _USBEndpointStatus                    
0     003f6ea1  _USBEndpointPacketCountSet            
0     003f6ead  _USBEndpointDataToggleClear           
0     003f6ec3  _USBEndpointDataSend                  
0     003f6ef0  _USBEndpointDataPut                   
0     003f6f16  _USBEndpointDataGet                   
0     003f6f49  _USBEndpointDataAvail                 
0     003f6f61  _USBEndpointDMAEnable                 
0     003f6f77  _USBEndpointDMADisable                
0     003f6f8f  _USBEndpointDMAChannel                
0     003f6fb4  _USBDevMode                           
0     003f6fba  _USBDevEndpointStatusClear            
0     003f6ff9  _USBDevEndpointStallClear             
0     003f7020  _USBDevEndpointStall                  
0     003f7042  _USBDevEndpointDataAck                
0     003f705c  _USBDevEndpointConfigSet              
0     003f70c2  _USBDevEndpointConfigGet              
0     003f7108  _USBDevDisconnect                     
0     003f710f  _USBDevConnect                        
0     003f7115  _USBDevAddrSet                        
0     003f7119  _USBDevAddrGet                        
0     003f711e  _SysCtrlInit                          
0     003f715b  _HexConstant                          
0     003f715c  _OctalAND                             
0     003f7161  _OctalShiftRight                      
0     003f7163  _OctalShiftLeft                       
0     003f7166  _SetOutput                            
0     003f71bc  _main                                 
0     003f749c  _TxHandler                            
0     003f749e  _RxHandler                            
0     003f75b8  _ControlHandler                       
0     003f78a9  _USBHHubMain                          
0     003f7996  _USBHHubEnumerationComplete           
0     003f79a7  _USBHHubEnumerationError              
0     003f79b8  _USBHHubOpen                          
0     003f79c6  _USBHHubClose                         
0     003f79cf  _USBHHubInit                          
0     003f79da  _rsvd_ISR                             
0     003f79e4  _XINT3_ISR                            
0     003f79ee  _XINT2_ISR                            
0     003f79f8  _XINT1_ISR                            
0     003f7a02  _WAKEINT_ISR                          
0     003f7a0c  _USER9_ISR                            
0     003f7a16  _USER8_ISR                            
0     003f7a20  _USER7_ISR                            
0     003f7a2a  _USER6_ISR                            
0     003f7a34  _USER5_ISR                            
0     003f7a3e  _USER4_ISR                            
0     003f7a48  _USER3_ISR                            
0     003f7a52  _USER2_ISR                            
0     003f7a5c  _USER1_ISR                            
0     003f7a66  _USER12_ISR                           
0     003f7a70  _USER11_ISR                           
0     003f7a7a  _USER10_ISR                           
0     003f7a84  _USB0_INT_ISR                         
0     003f7a8e  _TINT0_ISR                            
0     003f7a98  _SPITXINTB_ISR                        
0     003f7aa2  _SPITXINTA_ISR                        
0     003f7aac  _SPIRXINTB_ISR                        
0     003f7ab6  _SPIRXINTA_ISR                        
0     003f7ac0  _SCITXINTB_ISR                        
0     003f7aca  _SCITXINTA_ISR                        
0     003f7ad4  _SCIRXINTB_ISR                        
0     003f7ade  _SCIRXINTA_ISR                        
0     003f7ae8  _RTOSINT_ISR                          
0     003f7af2  _PIE_RESERVED                         
0     003f7afc  _NMI_ISR                              
0     003f7b06  _MXINTA_ISR                           
0     003f7b10  _MRINTA_ISR                           
0     003f7b1a  _LVF_ISR                              
0     003f7b24  _LUF_ISR                              
0     003f7b2e  _INT14_ISR                            
0     003f7b38  _INT13_ISR                            
0     003f7b42  _ILLEGAL_ISR                          
0     003f7b4c  _I2CINT2A_ISR                         
0     003f7b56  _I2CINT1A_ISR                         
0     003f7b60  _HRCAP4_INT_ISR                       
0     003f7b6a  _HRCAP3_INT_ISR                       
0     003f7b74  _HRCAP2_INT_ISR                       
0     003f7b7e  _HRCAP1_INT_ISR                       
0     003f7b88  _EQEP2_INT_ISR                        
0     003f7b92  _EQEP1_INT_ISR                        
0     003f7b9c  _EPWM8_TZINT_ISR                      
0     003f7ba6  _EPWM8_INT_ISR                        
0     003f7bb0  _EPWM7_TZINT_ISR                      
0     003f7bba  _EPWM7_INT_ISR                        
0     003f7bc4  _EPWM6_TZINT_ISR                      
0     003f7bce  _EPWM6_INT_ISR                        
0     003f7bd8  _EPWM5_TZINT_ISR                      
0     003f7be2  _EPWM5_INT_ISR                        
0     003f7bec  _EPWM4_TZINT_ISR                      
0     003f7bf6  _EPWM4_INT_ISR                        
0     003f7c00  _EPWM3_TZINT_ISR                      
0     003f7c0a  _EPWM3_INT_ISR                        
0     003f7c14  _EPWM2_TZINT_ISR                      
0     003f7c1e  _EPWM2_INT_ISR                        
0     003f7c28  _EPWM1_TZINT_ISR                      
0     003f7c32  _EPWM1_INT_ISR                        
0     003f7c3c  _EMUINT_ISR                           
0     003f7c46  _EMPTY_ISR                            
0     003f7c53  _ECAP3_INT_ISR                        
0     003f7c5d  _ECAP2_INT_ISR                        
0     003f7c67  _ECAP1_INT_ISR                        
0     003f7c71  _ECAN1INTA_ISR                        
0     003f7c7b  _ECAN0INTA_ISR                        
0     003f7c85  _DINTCH6_ISR                          
0     003f7c8f  _DINTCH5_ISR                          
0     003f7c99  _DINTCH4_ISR                          
0     003f7ca3  _DINTCH3_ISR                          
0     003f7cad  _DINTCH2_ISR                          
0     003f7cb7  _DINTCH1_ISR                          
0     003f7cc1  _DATALOG_ISR                          
0     003f7ccb  _CLA1_INT8_ISR                        
0     003f7cd5  _CLA1_INT7_ISR                        
0     003f7cdf  _CLA1_INT6_ISR                        
0     003f7ce9  _CLA1_INT5_ISR                        
0     003f7cf3  _CLA1_INT4_ISR                        
0     003f7cfd  _CLA1_INT3_ISR                        
0     003f7d07  _CLA1_INT2_ISR                        
0     003f7d11  _CLA1_INT1_ISR                        
0     003f7d1b  _ADCINT9_ISR                          
0     003f7d25  _ADCINT8_ISR                          
0     003f7d2f  _ADCINT7_ISR                          
0     003f7d39  _ADCINT6_ISR                          
0     003f7d43  _ADCINT5_ISR                          
0     003f7d4d  _ADCINT4_ISR                          
0     003f7d57  _ADCINT3_ISR                          
0     003f7d61  _ADCINT2_ISR                          
0     003f7d6b  _ADCINT1_ISR                          
0     003f7d75  _IntMasterEnable                      
0     003f7d79  _IntMasterDisable                     
0     003f7d7d  _IntRegister                          
0     003f7d9b  _IntUnregister                        
0     003f7dbb  _IntEnable                            
0     003f7de2  _IntDisable                           
0     003f7e7d  _Interrupt_enable                     
0     003f7ec7  _Interrupt_disable                    
0     003f7f12  _USBGPIOEnable                        
0     003f7f1a  _USBGPIODisable                       
0     003f7f22  _USBDelay                             
0     003f7f64  FD$$TOUL                              
0     003f7ff6  code_start                            
1     00000050  __stack                               
1     00000350  __STACK_END                           
1     00000880  _DevEmuRegs                           
1     00000985  _SysPwrCtrlRegs                       
1     00000a80  _FlashRegs                            
1     00000ae0  _CsmRegs                              
1     00000b00  _AdcResult                            
1     00000c00  _CpuTimer0Regs                        
1     00000c08  _CpuTimer1Regs                        
1     00000c10  _CpuTimer2Regs                        
1     00000ce0  _PieCtrlRegs                          
1     00000d00  _EmuKey                               
1     00000d00  _PieVectTable                         
1     00000d01  _EmuBMode                             
1     00000d02  _Flash_CallbackPtr                    
1     00000d04  _Flash_CPUScaleFactor                 
1     00001000  _DmaRegs                              
1     00001400  _Cla1Regs                             
1     00004000  _Usb0Regs                             
1     00005000  _McbspaRegs                           
1     00006000  _ECanaRegs                            
1     00006040  _ECanaLAMRegs                         
1     00006080  _ECanaMOTSRegs                        
1     000060c0  _ECanaMOTORegs                        
1     00006100  _ECanaMboxes                          
1     00006400  _Comp1Regs                            
1     00006420  _Comp2Regs                            
1     00006440  _Comp3Regs                            
1     00006800  _EPwm1Regs                            
1     00006840  _EPwm2Regs                            
1     00006880  _EPwm3Regs                            
1     000068c0  _EPwm4Regs                            
1     00006900  _EPwm5Regs                            
1     00006940  _EPwm6Regs                            
1     00006980  _EPwm7Regs                            
1     000069c0  _EPwm8Regs                            
1     00006a00  _ECap1Regs                            
1     00006a20  _ECap2Regs                            
1     00006a40  _ECap3Regs                            
1     00006ac0  _HRCap1Regs                           
1     00006ae0  _HRCap2Regs                           
1     00006b00  _EQep1Regs                            
1     00006b40  _EQep2Regs                            
1     00006c80  _HRCap3Regs                           
1     00006ca0  _HRCap4Regs                           
1     00006f80  _GpioCtrlRegs                         
1     00006fc0  _GpioDataRegs                         
1     00006fe0  _GpioIntRegs                          
1     00007010  _SysCtrlRegs                          
1     00007040  _SpiaRegs                             
1     00007050  _SciaRegs                             
1     00007060  _NmiIntruptRegs                       
1     00007070  _XIntruptRegs                         
1     00007100  _AdcRegs                              
1     00007740  _SpibRegs                             
1     00007750  _ScibRegs                             
1     00007900  _I2caRegs                             
1     00009000  _program_recieved                     
1     00009001  _program_compiled                     
1     000097ce  _g_psCDCSerSections                   
1     000097d4  _g_psCDCCompSerSections               
1     000097dc  _g_pui8IADSerDescriptor               
1     000097e4  _g_pui8CDCSerDescriptor               
1     000097ed  _g_pui8CDCSerDeviceDescriptor         
1     000097ff  _errno                                
1     00009800  _g_pui8TxBufferWorkspace              
1     00009818  _g_pui8RxBufferWorkspace              
1     00009840  _g_sCDCDevice                         
1     00009880  _g_pi8USBRxBuffer                     
1     00009980  _g_pi8USBTxBuffer                     
1     00009b0c  _g_bUSBTimerInitialized               
1     00009b0e  _g_ui32CurrentUSBTick                 
1     00009b10  _g_ui32USBSOFCount                    
1     00009b12  _g_pfnTickHandlers                    
1     00009b1e  _g_pvTickInstance                     
1     00009b2b  _g_iUSBMode                           
1     00009b2c  _g_eOTGModeState                      
1     00009b30  _g_ui32PollRate                       
1     00009b32  _g_ui32WaitTicks                      
1     00009b34  ___TI_cleanup_ptr                     
1     00009b36  ___TI_dtors_ptr                       
1     00009b38  __lock                                
1     00009b3a  __unlock                              
1     00009b40  _g_ppsDevInfo                         
1     00009b44  _g_psDCDInst                          
1     003d7e80  _PartIdRegs                           
1     003f7ff8  _CsmPwl                               
abs   00000004  _RamfuncsLoadSize                     
abs   00000300  __STACK_SIZE                          
abs   ffffffff  .text                                 
abs   ffffffff  ___binit__                            
abs   ffffffff  ___c_args__                           
abs   ffffffff  ___etext__                            
abs   ffffffff  ___pinit__                            
abs   ffffffff  ___text__                             
abs   ffffffff  binit                                 
abs   ffffffff  etext                                 
abs   ffffffff  pinit                                 

[498 symbols]
